Modules list:
-------------
shipmap.o:
    CODE              Offs=000000  Size=00004D  Align=00001  Fill=0000
    RODATA            Offs=000000  Size=0000B0  Align=00001  Fill=0000
    DATA              Offs=000000  Size=000060  Align=00001  Fill=0000
/Users/rje/git/cc65/lib/cx16.lib(addysp.o):
    CODE              Offs=00004D  Size=00000E  Align=00001  Fill=0000
/Users/rje/git/cc65/lib/cx16.lib(callmain.o):
    CODE              Offs=00005B  Size=000017  Align=00001  Fill=0000
    DATA              Offs=000060  Size=000004  Align=00001  Fill=0000
/Users/rje/git/cc65/lib/cx16.lib(condes.o):
    CODE              Offs=000072  Size=00000C  Align=00001  Fill=0000
    DATA              Offs=000064  Size=000025  Align=00001  Fill=0000
    ONCE              Offs=000000  Size=00000C  Align=00001  Fill=0000
/Users/rje/git/cc65/lib/cx16.lib(cputc.o):
    CODE              Offs=00007E  Size=00005F  Align=00001  Fill=0000
    RODATA            Offs=0000B0  Size=000008  Align=00001  Fill=0000
/Users/rje/git/cc65/lib/cx16.lib(cputs.o):
    CODE              Offs=0000DD  Size=000023  Align=00001  Fill=0000
/Users/rje/git/cc65/lib/cx16.lib(crt0.o):
    STARTUP           Offs=000000  Size=000028  Align=00001  Fill=0000
    ONCE              Offs=00000C  Size=000023  Align=00001  Fill=0000
    INIT              Offs=000000  Size=000002  Align=00001  Fill=0000
/Users/rje/git/cc65/lib/cx16.lib(decsp1.o):
    CODE              Offs=000100  Size=000009  Align=00001  Fill=0000
/Users/rje/git/cc65/lib/cx16.lib(exehdr.o):
    EXEHDR            Offs=000000  Size=00000C  Align=00001  Fill=0000
/Users/rje/git/cc65/lib/cx16.lib(gotoxy.o):
    CODE              Offs=000109  Size=00000F  Align=00001  Fill=0000
/Users/rje/git/cc65/lib/cx16.lib(incaxy.o):
    CODE              Offs=000118  Size=00000B  Align=00001  Fill=0000
/Users/rje/git/cc65/lib/cx16.lib(incsp3.o):
    CODE              Offs=000123  Size=000005  Align=00001  Fill=0000
/Users/rje/git/cc65/lib/cx16.lib(kernal.o):
/Users/rje/git/cc65/lib/cx16.lib(ldaxi.o):
    CODE              Offs=000128  Size=00000D  Align=00001  Fill=0000
/Users/rje/git/cc65/lib/cx16.lib(loadaddr.o):
    LOADADDR          Offs=000000  Size=000002  Align=00001  Fill=0000
/Users/rje/git/cc65/lib/cx16.lib(popa.o):
    CODE              Offs=000135  Size=00000A  Align=00001  Fill=0000
/Users/rje/git/cc65/lib/cx16.lib(pusha.o):
    CODE              Offs=00013F  Size=000016  Align=00001  Fill=0000
/Users/rje/git/cc65/lib/cx16.lib(pushax.o):
    CODE              Offs=000155  Size=00001A  Align=00001  Fill=0000
/Users/rje/git/cc65/lib/cx16.lib(zerobss.o):
    CODE              Offs=00016F  Size=000023  Align=00001  Fill=0000
/Users/rje/git/cc65/lib/cx16.lib(zeropage.o):
    ZEROPAGE          Offs=000000  Size=00001A  Align=00001  Fill=0000


Segment list:
-------------
Name                   Start     End    Size  Align
----------------------------------------------------
ZEROPAGE              000022  00003B  00001A  00001
LOADADDR              0007FF  000800  000002  00001
EXEHDR                000801  00080C  00000C  00001
STARTUP               00080D  000834  000028  00001
CODE                  000835  0009C6  000192  00001
RODATA                0009C7  000A7E  0000B8  00001
DATA                  000A7F  000B07  000089  00001
INIT                  000B08  000B09  000002  00001
ONCE                  000B0A  000B38  00002F  00001


Exports list by name:
---------------------
CHROUT                    00FFD2 RLA    PLOT                      00FFF0 RLA    
__BSS_RUN__               000B0A RLA    __BSS_SIZE__              000000 REA    
__CONSTRUCTOR_COUNT__     000000 REA    __CONSTRUCTOR_TABLE__     000B39 RLA    
__DESTRUCTOR_COUNT__      000000 REA    __DESTRUCTOR_TABLE__      000A7F RLA    
__EXEHDR__                000001 REA    __HEADER_LAST__           00080D RLA    
__HIMEM__                 009F00 REA    __LOADADDR__              000001 REA    
__MAIN_SIZE__             0096F3 REA    __MAIN_START__            00080D RLA    
__ONCE_RUN__              000B0A RLA    __STACKSIZE__             000800 REA    
__STARTUP__               000001 REA    _cputc                    0008B8 RLA    
_cputsxy                  000912 RLA    _main                     00087B RLA    
addysp                    000883 RLA    callmain                  000890 RLA    
decsp1                    000935 RLA    donelib                   0008A7 RLA    
gotoxy                    00093E RLA    incaxy                    00094F RLA    
incsp3                    000958 RLA    initlib                   000B0A RLA    
ldaxi                     00095D RLA    plot                      0008E4 RLA    
popa                      00096A RLA    ptr1                      00002A RLZ    
pusha                     000978 RLA    pushax                    00098E RLA    
sp                        000022 RLZ    tmp1                      000032 RLZ    
zerobss                   0009A4 RLA    


Exports list by value:
----------------------
__BSS_SIZE__              000000 REA    __CONSTRUCTOR_COUNT__     000000 REA    
__DESTRUCTOR_COUNT__      000000 REA    __EXEHDR__                000001 REA    
__STARTUP__               000001 REA    __LOADADDR__              000001 REA    
sp                        000022 RLZ    ptr1                      00002A RLZ    
tmp1                      000032 RLZ    __STACKSIZE__             000800 REA    
__HEADER_LAST__           00080D RLA    __MAIN_START__            00080D RLA    
_main                     00087B RLA    addysp                    000883 RLA    
callmain                  000890 RLA    donelib                   0008A7 RLA    
_cputc                    0008B8 RLA    plot                      0008E4 RLA    
_cputsxy                  000912 RLA    decsp1                    000935 RLA    
gotoxy                    00093E RLA    incaxy                    00094F RLA    
incsp3                    000958 RLA    ldaxi                     00095D RLA    
popa                      00096A RLA    pusha                     000978 RLA    
pushax                    00098E RLA    zerobss                   0009A4 RLA    
__DESTRUCTOR_TABLE__      000A7F RLA    __BSS_RUN__               000B0A RLA    
initlib                   000B0A RLA    __ONCE_RUN__              000B0A RLA    
__CONSTRUCTOR_TABLE__     000B39 RLA    __MAIN_SIZE__             0096F3 REA    
__HIMEM__                 009F00 REA    CHROUT                    00FFD2 RLA    
PLOT                      00FFF0 RLA    


Imports list:
-------------
CHROUT (kernal.o):
    crt0.o                    cx16/crt0.s(10)
PLOT (kernal.o):
    cputc.o                   cx16/cputc.s(11)
__BSS_RUN__ ([linker generated]):
    zerobss.o                 common/zerobss.s(8)
__BSS_SIZE__ ([linker generated]):
    zerobss.o                 common/zerobss.s(8)
__CONSTRUCTOR_COUNT__ ([linker generated]):
    condes.o                  runtime/condes.s(18)
__CONSTRUCTOR_TABLE__ ([linker generated]):
    condes.o                  runtime/condes.s(18)
__DESTRUCTOR_COUNT__ ([linker generated]):
    condes.o                  runtime/condes.s(19)
__DESTRUCTOR_TABLE__ ([linker generated]):
    condes.o                  runtime/condes.s(19)
__EXEHDR__ (exehdr.o):
    [linker generated]        /Users/rje/git/cc65/cfg/cx16.cfg(6)
__HEADER_LAST__ ([linker generated]):
    [linker generated]        /Users/rje/git/cc65/cfg/cx16.cfg(14)
    [linker generated]        /Users/rje/git/cc65/cfg/cx16.cfg(14)
__HIMEM__ ([linker generated]):
    [linker generated]        /Users/rje/git/cc65/cfg/cx16.cfg(15)
    [linker generated]        /Users/rje/git/cc65/cfg/cx16.cfg(14)
__LOADADDR__ (loadaddr.o):
    [linker generated]        /Users/rje/git/cc65/cfg/cx16.cfg(5)
__MAIN_SIZE__ ([linker generated]):
    crt0.o                    cx16/crt0.s(11)
__MAIN_START__ ([linker generated]):
    crt0.o                    cx16/crt0.s(11)
__ONCE_RUN__ ([linker generated]):
    [linker generated]        /Users/rje/git/cc65/cfg/cx16.cfg(15)
    [linker generated]        /Users/rje/git/cc65/cfg/cx16.cfg(15)
__STACKSIZE__ ([linker generated]):
    [linker generated]        /Users/rje/git/cc65/cfg/cx16.cfg(15)
__STARTUP__ (crt0.o):
    shipmap.o                 shipmap.s(13)
_cputc (cputc.o):
    cputs.o                   conio/cputs.s(9)
_cputsxy (cputs.o):
    shipmap.o                 shipmap.s(14)
_main (shipmap.o):
    callmain.o                runtime/callmain.s(11)
addysp (addysp.o):
    incsp3.o                  runtime/incsp3.s(8)
callmain (callmain.o):
    crt0.o                    cx16/crt0.s(9)
decsp1 (decsp1.o):
    shipmap.o                 shipmap.s(211)
donelib (condes.o):
    crt0.o                    cx16/crt0.s(8)
gotoxy (gotoxy.o):
    cputc.o                   cx16/cputc.s(11)
    cputs.o                   conio/cputs.s(9)
incaxy (incaxy.o):
    shipmap.o                 shipmap.s(211)
incsp3 (incsp3.o):
    shipmap.o                 shipmap.s(211)
initlib (condes.o):
    crt0.o                    cx16/crt0.s(8)
ldaxi (ldaxi.o):
    shipmap.o                 shipmap.s(211)
plot (cputc.o):
    gotoxy.o                  cx16/gotoxy.s(9)
popa (popa.o):
    gotoxy.o                  cx16/gotoxy.s(9)
ptr1 (zeropage.o):
    zerobss.o                 common/zerobss.s(9)
    ldaxi.o                   runtime/ldaxi.s(8)
    cputs.o                   conio/cputs.s(10)
pusha (pusha.o):
    shipmap.o                 shipmap.s(211)
pushax (pushax.o):
    callmain.o                runtime/callmain.s(11)
    shipmap.o                 shipmap.s(211)
sp (zeropage.o):
    addysp.o                  runtime/addysp.s(8)
    pushax.o                  runtime/pushax.s(8)
    pusha.o                   runtime/pusha.s(8)
    popa.o                    runtime/popa.s(8)
    decsp1.o                  runtime/decsp1.s(8)
    crt0.o                    /Users/rje/git/cc65/asminc/zeropage.inc(11)
    shipmap.o                 shipmap.s(10)
tmp1 (zeropage.o):
    incaxy.o                  runtime/incaxy.s(8)
    cputs.o                   conio/cputs.s(10)
zerobss (zerobss.o):
    crt0.o                    cx16/crt0.s(9)

