Modules list:
-------------
main.o:
    CODE              Offs=000000  Size=00041E  Align=00001  Fill=0000
    RODATA            Offs=000000  Size=00019C  Align=00001  Fill=0000
    BSS               Offs=000000  Size=000690  Align=00001  Fill=0000
    DATA              Offs=000000  Size=000027  Align=00001  Fill=0000
alarm.o:
    CODE              Offs=00041E  Size=0001B5  Align=00001  Fill=0000
    RODATA            Offs=00019C  Size=000183  Align=00001  Fill=0000
    BSS               Offs=000690  Size=000014  Align=00001  Fill=0000
    DATA              Offs=000027  Size=0000A5  Align=00001  Fill=0000
burtle_jsf32.o:
    CODE              Offs=0005D3  Size=0001A5  Align=00001  Fill=0000
    BSS               Offs=0006A4  Size=000011  Align=00001  Fill=0000
combat.o:
    CODE              Offs=000778  Size=000001  Align=00001  Fill=0000
    BSS               Offs=0006B5  Size=00004A  Align=00001  Fill=0000
common.o:
    CODE              Offs=000779  Size=000259  Align=00001  Fill=0000
    RODATA            Offs=00031F  Size=00001B  Align=00001  Fill=0000
    DATA              Offs=0000CC  Size=000002  Align=00001  Fill=0000
console.o:
    CODE              Offs=0009D2  Size=000001  Align=00001  Fill=0000
damage.o:
    CODE              Offs=0009D3  Size=000063  Align=00001  Fill=0000
    RODATA            Offs=00033A  Size=000274  Align=00001  Fill=0000
    BSS               Offs=0006FF  Size=000001  Align=00001  Fill=0000
    DATA              Offs=0000CE  Size=00002C  Align=00001  Fill=0000
emplacement.o:
    CODE              Offs=000A36  Size=00007D  Align=00001  Fill=0000
    RODATA            Offs=0005AE  Size=0000B9  Align=00001  Fill=0000
    DATA              Offs=0000FA  Size=000040  Align=00001  Fill=0000
hiring_hall.o:
    CODE              Offs=000AB3  Size=000532  Align=00001  Fill=0000
    RODATA            Offs=000667  Size=00022D  Align=00001  Fill=0000
    BSS               Offs=000700  Size=0000C8  Align=00001  Fill=0000
    DATA              Offs=00013A  Size=00006C  Align=00001  Fill=0000
jump.o:
    CODE              Offs=000FE5  Size=0001E4  Align=00001  Fill=0000
    RODATA            Offs=000894  Size=000303  Align=00001  Fill=0000
    DATA              Offs=0001A6  Size=000020  Align=00001  Fill=0000
jump-map.o:
    CODE              Offs=0011C9  Size=000736  Align=00001  Fill=0000
    RODATA            Offs=000B97  Size=0000DB  Align=00001  Fill=0000
    DATA              Offs=0001C6  Size=000010  Align=00001  Fill=0000
maneuver-map.o:
    CODE              Offs=0018FF  Size=000150  Align=00001  Fill=0000
    RODATA            Offs=000C72  Size=0000A1  Align=00001  Fill=0000
menu.o:
    CODE              Offs=001A4F  Size=000112  Align=00001  Fill=0000
    BSS               Offs=0007C8  Size=000003  Align=00001  Fill=0000
passengers.o:
    CODE              Offs=001B61  Size=000559  Align=00001  Fill=0000
    RODATA            Offs=000D13  Size=0001F0  Align=00001  Fill=0000
piracy.o:
    CODE              Offs=0020BA  Size=000001  Align=00001  Fill=0000
ship.o:
    CODE              Offs=0020BB  Size=000656  Align=00001  Fill=0000
    RODATA            Offs=000F03  Size=000573  Align=00001  Fill=0000
    DATA              Offs=0001D6  Size=00004C  Align=00001  Fill=0000
shipyard.o:
    CODE              Offs=002711  Size=000221  Align=00001  Fill=0000
    RODATA            Offs=001476  Size=0000BD  Align=00001  Fill=0000
    BSS               Offs=0007CB  Size=000001  Align=00001  Fill=0000
sprite.o:
    CODE              Offs=002932  Size=000330  Align=00001  Fill=0000
    BSS               Offs=0007CC  Size=000006  Align=00001  Fill=0000
starport.o:
    CODE              Offs=002C62  Size=000341  Align=00001  Fill=0000
    RODATA            Offs=001533  Size=00015F  Align=00001  Fill=0000
trade.o:
    CODE              Offs=002FA3  Size=000722  Align=00001  Fill=0000
    RODATA            Offs=001692  Size=0000B3  Align=00001  Fill=0000
    DATA              Offs=000222  Size=00000E  Align=00001  Fill=0000
wilderness.o:
    CODE              Offs=0036C5  Size=0000FC  Align=00001  Fill=0000
    RODATA            Offs=001745  Size=000136  Align=00001  Fill=0000
world.o:
    CODE              Offs=0037C1  Size=0008A5  Align=00001  Fill=0000
    RODATA            Offs=00187B  Size=000209  Align=00001  Fill=0000
    BSS               Offs=0007D2  Size=000960  Align=00001  Fill=0000
    DATA              Offs=000230  Size=000065  Align=00001  Fill=0000
/Users/rje/git/cc65/lib/cx16.lib(_cursor.o):
    BSS               Offs=001132  Size=000001  Align=00001  Fill=0000
/Users/rje/git/cc65/lib/cx16.lib(_hextab.o):
    RODATA            Offs=001A84  Size=000010  Align=00001  Fill=0000
/Users/rje/git/cc65/lib/cx16.lib(_longminstr.o):
    RODATA            Offs=001A94  Size=00000C  Align=00001  Fill=0000
/Users/rje/git/cc65/lib/cx16.lib(_oserror.o):
    BSS               Offs=001133  Size=000001  Align=00001  Fill=0000
/Users/rje/git/cc65/lib/cx16.lib(_printf.o):
    CODE              Offs=004066  Size=0003A5  Align=00001  Fill=0000
    BSS               Offs=001134  Size=00002B  Align=00001  Fill=0000
    DATA              Offs=000295  Size=000003  Align=00001  Fill=0000
/Users/rje/git/cc65/lib/cx16.lib(add.o):
    CODE              Offs=00440B  Size=000018  Align=00001  Fill=0000
/Users/rje/git/cc65/lib/cx16.lib(addeqsp.o):
    CODE              Offs=004423  Size=000011  Align=00001  Fill=0000
/Users/rje/git/cc65/lib/cx16.lib(addysp.o):
    CODE              Offs=004434  Size=00000E  Align=00001  Fill=0000
/Users/rje/git/cc65/lib/cx16.lib(aslax1.o):
    CODE              Offs=004442  Size=000008  Align=00001  Fill=0000
/Users/rje/git/cc65/lib/cx16.lib(aslax2.o):
    CODE              Offs=00444A  Size=00000B  Align=00001  Fill=0000
/Users/rje/git/cc65/lib/cx16.lib(aslax3.o):
    CODE              Offs=004455  Size=00000E  Align=00001  Fill=0000
/Users/rje/git/cc65/lib/cx16.lib(aslax4.o):
    CODE              Offs=004463  Size=000011  Align=00001  Fill=0000
/Users/rje/git/cc65/lib/cx16.lib(asleax1.o):
    CODE              Offs=004474  Size=00000C  Align=00001  Fill=0000
/Users/rje/git/cc65/lib/cx16.lib(asleax3.o):
    CODE              Offs=004480  Size=00001A  Align=00001  Fill=0000
/Users/rje/git/cc65/lib/cx16.lib(asleax4.o):
    CODE              Offs=00449A  Size=000011  Align=00001  Fill=0000
/Users/rje/git/cc65/lib/cx16.lib(asrax1.o):
    CODE              Offs=0044AB  Size=00000A  Align=00001  Fill=0000
/Users/rje/git/cc65/lib/cx16.lib(asrax4.o):
    CODE              Offs=0044B5  Size=000019  Align=00001  Fill=0000
/Users/rje/git/cc65/lib/cx16.lib(axlong.o):
    CODE              Offs=0044CE  Size=00000D  Align=00001  Fill=0000
/Users/rje/git/cc65/lib/cx16.lib(c_bsout.o):
/Users/rje/git/cc65/lib/cx16.lib(c_load.o):
    CODE              Offs=0044DB  Size=00001D  Align=00001  Fill=0000
/Users/rje/git/cc65/lib/cx16.lib(c_setlfs.o):
    CODE              Offs=0044F8  Size=00000E  Align=00001  Fill=0000
/Users/rje/git/cc65/lib/cx16.lib(c_setnam.o):
    CODE              Offs=004506  Size=000013  Align=00001  Fill=0000
/Users/rje/git/cc65/lib/cx16.lib(callmain.o):
    CODE              Offs=004519  Size=000017  Align=00001  Fill=0000
    DATA              Offs=000298  Size=000004  Align=00001  Fill=0000
/Users/rje/git/cc65/lib/cx16.lib(cclear.o):
    CODE              Offs=004530  Size=000015  Align=00001  Fill=0000
/Users/rje/git/cc65/lib/cx16.lib(cgetc.o):
    CODE              Offs=004545  Size=000064  Align=00001  Fill=0000
/Users/rje/git/cc65/lib/cx16.lib(chline.o):
    CODE              Offs=0045A9  Size=000015  Align=00001  Fill=0000
/Users/rje/git/cc65/lib/cx16.lib(clinechars.o):
/Users/rje/git/cc65/lib/cx16.lib(clock.o):
    CODE              Offs=0045BE  Size=00000F  Align=00001  Fill=0000
/Users/rje/git/cc65/lib/cx16.lib(clrscr.o):
    CODE              Offs=0045CD  Size=000011  Align=00001  Fill=0000
/Users/rje/git/cc65/lib/cx16.lib(color.o):
    CODE              Offs=0045DE  Size=00002A  Align=00001  Fill=0000
/Users/rje/git/cc65/lib/cx16.lib(condes.o):
    CODE              Offs=004608  Size=00000C  Align=00001  Fill=0000
    DATA              Offs=00029C  Size=000025  Align=00001  Fill=0000
    ONCE              Offs=000000  Size=00000C  Align=00001  Fill=0000
/Users/rje/git/cc65/lib/cx16.lib(cprintf.o):
    CODE              Offs=004614  Size=00002A  Align=00001  Fill=0000
    BSS               Offs=00115F  Size=000001  Align=00001  Fill=0000
/Users/rje/git/cc65/lib/cx16.lib(cputc.o):
    CODE              Offs=00463E  Size=00005F  Align=00001  Fill=0000
    RODATA            Offs=001AA0  Size=000008  Align=00001  Fill=0000
/Users/rje/git/cc65/lib/cx16.lib(cputs.o):
    CODE              Offs=00469D  Size=000023  Align=00001  Fill=0000
/Users/rje/git/cc65/lib/cx16.lib(crt0.o):
    STARTUP           Offs=000000  Size=000028  Align=00001  Fill=0000
    ONCE              Offs=00000C  Size=000023  Align=00001  Fill=0000
    INIT              Offs=000000  Size=000002  Align=00001  Fill=0000
/Users/rje/git/cc65/lib/cx16.lib(ctype.o):
    RODATA            Offs=001AA8  Size=00008B  Align=00001  Fill=0000
/Users/rje/git/cc65/lib/cx16.lib(ctypemask.o):
    CODE              Offs=0046C0  Size=00001E  Align=00001  Fill=0000
/Users/rje/git/cc65/lib/cx16.lib(decax1.o):
    CODE              Offs=0046DE  Size=000007  Align=00001  Fill=0000
/Users/rje/git/cc65/lib/cx16.lib(decax2.o):
    CODE              Offs=0046E5  Size=000007  Align=00001  Fill=0000
/Users/rje/git/cc65/lib/cx16.lib(decax3.o):
    CODE              Offs=0046EC  Size=000007  Align=00001  Fill=0000
/Users/rje/git/cc65/lib/cx16.lib(decaxy.o):
    CODE              Offs=0046F3  Size=000009  Align=00001  Fill=0000
/Users/rje/git/cc65/lib/cx16.lib(decsp1.o):
    CODE              Offs=0046FC  Size=000009  Align=00001  Fill=0000
/Users/rje/git/cc65/lib/cx16.lib(decsp2.o):
    CODE              Offs=004705  Size=00000D  Align=00001  Fill=0000
/Users/rje/git/cc65/lib/cx16.lib(decsp4.o):
    CODE              Offs=004712  Size=00000D  Align=00001  Fill=0000
/Users/rje/git/cc65/lib/cx16.lib(decsp5.o):
    CODE              Offs=00471F  Size=00000D  Align=00001  Fill=0000
/Users/rje/git/cc65/lib/cx16.lib(decsp6.o):
    CODE              Offs=00472C  Size=00000D  Align=00001  Fill=0000
/Users/rje/git/cc65/lib/cx16.lib(decsp8.o):
    CODE              Offs=004739  Size=00000D  Align=00001  Fill=0000
/Users/rje/git/cc65/lib/cx16.lib(div.o):
    CODE              Offs=004746  Size=000015  Align=00001  Fill=0000
/Users/rje/git/cc65/lib/cx16.lib(exehdr.o):
    EXEHDR            Offs=000000  Size=00000C  Align=00001  Fill=0000
/Users/rje/git/cc65/lib/cx16.lib(gotox.o):
    CODE              Offs=00475B  Size=000006  Align=00001  Fill=0000
/Users/rje/git/cc65/lib/cx16.lib(gotoxy.o):
    CODE              Offs=004761  Size=00000F  Align=00001  Fill=0000
/Users/rje/git/cc65/lib/cx16.lib(icmp.o):
    CODE              Offs=004770  Size=00002E  Align=00001  Fill=0000
/Users/rje/git/cc65/lib/cx16.lib(incax2.o):
    CODE              Offs=00479E  Size=000007  Align=00001  Fill=0000
/Users/rje/git/cc65/lib/cx16.lib(incax3.o):
    CODE              Offs=0047A5  Size=000005  Align=00001  Fill=0000
/Users/rje/git/cc65/lib/cx16.lib(incax5.o):
    CODE              Offs=0047AA  Size=000005  Align=00001  Fill=0000
/Users/rje/git/cc65/lib/cx16.lib(incax6.o):
    CODE              Offs=0047AF  Size=000005  Align=00001  Fill=0000
/Users/rje/git/cc65/lib/cx16.lib(incax7.o):
    CODE              Offs=0047B4  Size=000005  Align=00001  Fill=0000
/Users/rje/git/cc65/lib/cx16.lib(incax8.o):
    CODE              Offs=0047B9  Size=000005  Align=00001  Fill=0000
/Users/rje/git/cc65/lib/cx16.lib(incaxy.o):
    CODE              Offs=0047BE  Size=00000B  Align=00001  Fill=0000
/Users/rje/git/cc65/lib/cx16.lib(incsp1.o):
    CODE              Offs=0047C9  Size=000007  Align=00001  Fill=0000
/Users/rje/git/cc65/lib/cx16.lib(incsp2.o):
    CODE              Offs=0047D0  Size=000015  Align=00001  Fill=0000
/Users/rje/git/cc65/lib/cx16.lib(incsp3.o):
    CODE              Offs=0047E5  Size=000005  Align=00001  Fill=0000
/Users/rje/git/cc65/lib/cx16.lib(incsp4.o):
    CODE              Offs=0047EA  Size=000005  Align=00001  Fill=0000
/Users/rje/git/cc65/lib/cx16.lib(incsp5.o):
    CODE              Offs=0047EF  Size=000005  Align=00001  Fill=0000
/Users/rje/git/cc65/lib/cx16.lib(incsp6.o):
    CODE              Offs=0047F4  Size=000005  Align=00001  Fill=0000
/Users/rje/git/cc65/lib/cx16.lib(kbhit.o):
    CODE              Offs=0047F9  Size=00000E  Align=00001  Fill=0000
/Users/rje/git/cc65/lib/cx16.lib(kernal.o):
/Users/rje/git/cc65/lib/cx16.lib(ladd.o):
    CODE              Offs=004807  Size=000024  Align=00001  Fill=0000
/Users/rje/git/cc65/lib/cx16.lib(laddeq.o):
    CODE              Offs=00482B  Size=00002C  Align=00001  Fill=0000
/Users/rje/git/cc65/lib/cx16.lib(laddeqsp.o):
    CODE              Offs=004857  Size=000023  Align=00001  Fill=0000
/Users/rje/git/cc65/lib/cx16.lib(lcmp.o):
    CODE              Offs=00487A  Size=00003B  Align=00001  Fill=0000
/Users/rje/git/cc65/lib/cx16.lib(ldai.o):
    CODE              Offs=0048B5  Size=00000C  Align=00001  Fill=0000
/Users/rje/git/cc65/lib/cx16.lib(ldaxi.o):
    CODE              Offs=0048C1  Size=00000D  Align=00001  Fill=0000
/Users/rje/git/cc65/lib/cx16.lib(ldaxsp.o):
    CODE              Offs=0048CE  Size=000009  Align=00001  Fill=0000
/Users/rje/git/cc65/lib/cx16.lib(ldeaxi.o):
    CODE              Offs=0048D7  Size=000017  Align=00001  Fill=0000
/Users/rje/git/cc65/lib/cx16.lib(ldeaxysp.o):
    CODE              Offs=0048EE  Size=000013  Align=00001  Fill=0000
/Users/rje/git/cc65/lib/cx16.lib(ldiv.o):
    CODE              Offs=004901  Size=00001C  Align=00001  Fill=0000
/Users/rje/git/cc65/lib/cx16.lib(leaaxsp.o):
    CODE              Offs=00491D  Size=00000C  Align=00001  Fill=0000
/Users/rje/git/cc65/lib/cx16.lib(lge.o):
    CODE              Offs=004929  Size=000006  Align=00001  Fill=0000
/Users/rje/git/cc65/lib/cx16.lib(lgt.o):
    CODE              Offs=00492F  Size=000006  Align=00001  Fill=0000
/Users/rje/git/cc65/lib/cx16.lib(linc.o):
    CODE              Offs=004935  Size=000011  Align=00001  Fill=0000
/Users/rje/git/cc65/lib/cx16.lib(llt.o):
    CODE              Offs=004946  Size=000006  Align=00001  Fill=0000
/Users/rje/git/cc65/lib/cx16.lib(lmul.o):
    CODE              Offs=00494C  Size=000059  Align=00001  Fill=0000
/Users/rje/git/cc65/lib/cx16.lib(lneg.o):
    CODE              Offs=0049A5  Size=00001E  Align=00001  Fill=0000
/Users/rje/git/cc65/lib/cx16.lib(loadaddr.o):
    LOADADDR          Offs=000000  Size=000002  Align=00001  Fill=0000
/Users/rje/git/cc65/lib/cx16.lib(lor.o):
    CODE              Offs=0049C3  Size=000021  Align=00001  Fill=0000
/Users/rje/git/cc65/lib/cx16.lib(lpush.o):
    CODE              Offs=0049E4  Size=00001E  Align=00001  Fill=0000
/Users/rje/git/cc65/lib/cx16.lib(lshelp.o):
    CODE              Offs=004A02  Size=000052  Align=00001  Fill=0000
/Users/rje/git/cc65/lib/cx16.lib(lsub.o):
    CODE              Offs=004A54  Size=000024  Align=00001  Fill=0000
/Users/rje/git/cc65/lib/cx16.lib(lsubeq.o):
    CODE              Offs=004A78  Size=000030  Align=00001  Fill=0000
/Users/rje/git/cc65/lib/cx16.lib(ltoa.o):
    CODE              Offs=004AA8  Size=000093  Align=00001  Fill=0000
/Users/rje/git/cc65/lib/cx16.lib(ludiv.o):
    CODE              Offs=004B3B  Size=000077  Align=00001  Fill=0000
/Users/rje/git/cc65/lib/cx16.lib(lumod.o):
    CODE              Offs=004BB2  Size=000017  Align=00001  Fill=0000
/Users/rje/git/cc65/lib/cx16.lib(lxor.o):
    CODE              Offs=004BC9  Size=000021  Align=00001  Fill=0000
/Users/rje/git/cc65/lib/cx16.lib(makebool.o):
    CODE              Offs=004BEA  Size=00002C  Align=00001  Fill=0000
/Users/rje/git/cc65/lib/cx16.lib(memcpy.o):
    CODE              Offs=004C16  Size=00003C  Align=00001  Fill=0000
/Users/rje/git/cc65/lib/cx16.lib(mod.o):
    CODE              Offs=004C52  Size=000011  Align=00001  Fill=0000
/Users/rje/git/cc65/lib/cx16.lib(mul.o):
    CODE              Offs=004C63  Size=000045  Align=00001  Fill=0000
/Users/rje/git/cc65/lib/cx16.lib(mul8.o):
    CODE              Offs=004CA8  Size=00003A  Align=00001  Fill=0000
/Users/rje/git/cc65/lib/cx16.lib(mulax10.o):
    CODE              Offs=004CE2  Size=000019  Align=00001  Fill=0000
/Users/rje/git/cc65/lib/cx16.lib(mulax6.o):
    CODE              Offs=004CFB  Size=000016  Align=00001  Fill=0000
/Users/rje/git/cc65/lib/cx16.lib(mulax7.o):
    CODE              Offs=004D11  Size=000019  Align=00001  Fill=0000
/Users/rje/git/cc65/lib/cx16.lib(mulax9.o):
    CODE              Offs=004D2A  Size=000017  Align=00001  Fill=0000
/Users/rje/git/cc65/lib/cx16.lib(negabs.o):
    CODE              Offs=004D41  Size=000012  Align=00001  Fill=0000
/Users/rje/git/cc65/lib/cx16.lib(or.o):
    CODE              Offs=004D53  Size=000011  Align=00001  Fill=0000
/Users/rje/git/cc65/lib/cx16.lib(popa.o):
    CODE              Offs=004D64  Size=00000A  Align=00001  Fill=0000
/Users/rje/git/cc65/lib/cx16.lib(popptr1.o):
    CODE              Offs=004D6E  Size=00000E  Align=00001  Fill=0000
/Users/rje/git/cc65/lib/cx16.lib(push1.o):
    CODE              Offs=004D7C  Size=000005  Align=00001  Fill=0000
/Users/rje/git/cc65/lib/cx16.lib(pusha.o):
    CODE              Offs=004D81  Size=000016  Align=00001  Fill=0000
/Users/rje/git/cc65/lib/cx16.lib(pushax.o):
    CODE              Offs=004D97  Size=00001A  Align=00001  Fill=0000
/Users/rje/git/cc65/lib/cx16.lib(pushw.o):
    CODE              Offs=004DB1  Size=00000F  Align=00001  Fill=0000
/Users/rje/git/cc65/lib/cx16.lib(pushwsp.o):
    CODE              Offs=004DC0  Size=00001C  Align=00001  Fill=0000
/Users/rje/git/cc65/lib/cx16.lib(rand.o):
    CODE              Offs=004DDC  Size=000034  Align=00001  Fill=0000
    DATA              Offs=0002C1  Size=000004  Align=00001  Fill=0000
/Users/rje/git/cc65/lib/cx16.lib(randomize.o):
    CODE              Offs=004E10  Size=000006  Align=00001  Fill=0000
/Users/rje/git/cc65/lib/cx16.lib(revers.o):
    CODE              Offs=004E16  Size=000013  Align=00001  Fill=0000
/Users/rje/git/cc65/lib/cx16.lib(shelp.o):
    CODE              Offs=004E29  Size=000020  Align=00001  Fill=0000
/Users/rje/git/cc65/lib/cx16.lib(shrax1.o):
    CODE              Offs=004E49  Size=000008  Align=00001  Fill=0000
/Users/rje/git/cc65/lib/cx16.lib(shrax3.o):
    CODE              Offs=004E51  Size=00000E  Align=00001  Fill=0000
/Users/rje/git/cc65/lib/cx16.lib(shrax4.o):
    CODE              Offs=004E5F  Size=000011  Align=00001  Fill=0000
/Users/rje/git/cc65/lib/cx16.lib(shreax1.o):
    CODE              Offs=004E70  Size=00000C  Align=00001  Fill=0000
/Users/rje/git/cc65/lib/cx16.lib(shreax3.o):
    CODE              Offs=004E7C  Size=00001A  Align=00001  Fill=0000
/Users/rje/git/cc65/lib/cx16.lib(shreax4.o):
    CODE              Offs=004E96  Size=000011  Align=00001  Fill=0000
/Users/rje/git/cc65/lib/cx16.lib(sleep.o):
    CODE              Offs=004EA7  Size=000043  Align=00001  Fill=0000
/Users/rje/git/cc65/lib/cx16.lib(sprites_enable.o):
    CODE              Offs=004EEA  Size=00001F  Align=00001  Fill=0000
/Users/rje/git/cc65/lib/cx16.lib(staspidx.o):
    CODE              Offs=004F09  Size=000016  Align=00001  Fill=0000
/Users/rje/git/cc65/lib/cx16.lib(staxsp.o):
    CODE              Offs=004F1F  Size=00000B  Align=00001  Fill=0000
/Users/rje/git/cc65/lib/cx16.lib(staxspi.o):
    CODE              Offs=004F2A  Size=00001A  Align=00001  Fill=0000
/Users/rje/git/cc65/lib/cx16.lib(steaxsp.o):
    CODE              Offs=004F44  Size=000015  Align=00001  Fill=0000
/Users/rje/git/cc65/lib/cx16.lib(steaxspi.o):
    CODE              Offs=004F59  Size=000022  Align=00001  Fill=0000
/Users/rje/git/cc65/lib/cx16.lib(strlen.o):
    CODE              Offs=004F7B  Size=000016  Align=00001  Fill=0000
/Users/rje/git/cc65/lib/cx16.lib(strlower.o):
    CODE              Offs=004F91  Size=000027  Align=00001  Fill=0000
/Users/rje/git/cc65/lib/cx16.lib(strncpy.o):
    CODE              Offs=004FB8  Size=000042  Align=00001  Fill=0000
/Users/rje/git/cc65/lib/cx16.lib(sub.o):
    CODE              Offs=004FFA  Size=000014  Align=00001  Fill=0000
/Users/rje/git/cc65/lib/cx16.lib(subeqsp.o):
    CODE              Offs=00500E  Size=000015  Align=00001  Fill=0000
/Users/rje/git/cc65/lib/cx16.lib(subysp.o):
    CODE              Offs=005023  Size=00000D  Align=00001  Fill=0000
/Users/rje/git/cc65/lib/cx16.lib(toslong.o):
    CODE              Offs=005030  Size=000032  Align=00001  Fill=0000
/Users/rje/git/cc65/lib/cx16.lib(udiv.o):
    CODE              Offs=005062  Size=00004F  Align=00001  Fill=0000
/Users/rje/git/cc65/lib/cx16.lib(umod.o):
    CODE              Offs=0050B1  Size=000011  Align=00001  Fill=0000
/Users/rje/git/cc65/lib/cx16.lib(vcprintf.o):
    CODE              Offs=0050C2  Size=000078  Align=00001  Fill=0000
    DATA              Offs=0002C5  Size=000008  Align=00001  Fill=0000
/Users/rje/git/cc65/lib/cx16.lib(zerobss.o):
    CODE              Offs=00513A  Size=000023  Align=00001  Fill=0000
/Users/rje/git/cc65/lib/cx16.lib(zeropage.o):
    ZEROPAGE          Offs=000000  Size=00001A  Align=00001  Fill=0000


Segment list:
-------------
Name                   Start     End    Size  Align
----------------------------------------------------
ZEROPAGE              000022  00003B  00001A  00001
LOADADDR              0007FF  000800  000002  00001
EXEHDR                000801  00080C  00000C  00001
STARTUP               00080D  000834  000028  00001
CODE                  000835  005991  00515D  00001
RODATA                005992  0074C4  001B33  00001
DATA                  0074C5  007791  0002CD  00001
INIT                  007792  007793  000002  00001
BSS                   007794  0088F3  001160  00001
ONCE                  007794  0077C4  000031  00001


Exports list by name:
---------------------
BSOUT                     00FFD2 RLA    CHROUT                    00FFD2 RLA    
ENTROPY_GET               00FECF RLA    GETIN                     00FFE4 RLA    
LOAD                      00FFD5 RLA    PLOT                      00FFF0 RLA    
RDTIM                     00FFDE RLA    SETLFS                    00FFBA RLA    
SETNAM                    00FFBD RLA    SETTIM                    00FFDB RLA    
__BSS_RUN__               007794 RLA    __BSS_SIZE__              001160 REA    
__CONSTRUCTOR_COUNT__     000001 REA    __CONSTRUCTOR_TABLE__     0077C3 RLA    
__DESTRUCTOR_COUNT__      000000 REA    __DESTRUCTOR_TABLE__      0074C5 RLA    
__EXEHDR__                000001 REA    __HEADER_LAST__           00080D RLA    
__HIMEM__                 009F00 REA    __LOADADDR__              000001 REA    
__MAIN_SIZE__             0096F3 REA    __MAIN_START__            00080D RLA    
__ONCE_RUN__              007794 RLA    __STACKSIZE__             000800 REA    
__STARTUP__               000001 REA    __ctype                   00743A RLA    
__ctypeidx                007445 RLA    __hextab                  007416 RLA    
__longminstr              007426 RLA    __oserror                 0088C7 RLA    
__printf                  00498E RLA    __randomize               005645 RLA    
_abs                      005576 RLA    _admin                    0074CE RLA    
_astrogator               0074CF RLA    _bookPassengersAndPayCrew 002396 RLA    
_burtle32                 000F9B RLA    _cargo                    0077F1 RLA    
_cbm_k_bsout              00FFD2 RLA    _cbm_k_load               004D10 RLA    
_cbm_k_setlfs             004D2D RLA    _cbm_k_setnam             004D3B RLA    
_cclear                   004D6A RLA    _cclearxy                 004D65 RLA    
_cgetc                    004D7A RLA    _chline                   004DE3 RLA    
_chlinexy                 004DDE RLA    _clearComponentState      000C61 RLA    
_clock                    004DFA RLA    _clrscr                   004E02 RLA    
_componentLabel           007565 RLA    _cost                     007E24 RLA    
_cprintf                  004E49 RLA    _cputc                    004E78 RLA    
_cputcxy                  004E73 RLA    _cputs                    004EDC RLA    
_cputsxy                  004ED2 RLA    _current                  00787D RLA    
_destination              0078C3 RLA    _diceRoll                 0011D5 RLA    
_diceRoll2d               001172 RLA    _diceRoll3d               00119A RLA    
_drawWorld                004236 RLA    _engineer                 0074D0 RLA    
_findHighestSkillFor      0012F7 RLA    _getEmplacementName       00126B RLA    
_getHoldFree              0037D8 RLA    _getStatusLabel           000CE8 RLA    
_getWeaponName            0012D6 RLA    _getWorld                 00437F RLA    
_gotox                    004F90 RLA    _gotoxy                   004F99 RLA    
_gunner                   0074D1 RLA    _hcr                      0074C6 RLA    
_hire                     0012E8 RLA    _jamison                  007E15 RLA    
_jump                     00181A RLA    _jumpmapSetDestination    001AA1 RLA    
_jumpmapShow              0019FE RLA    _kbhit                    00502E RLA    
_landAtShipyard           002F46 RLA    _landAtStarport           003497 RLA    
_liaison                  0074D2 RLA    _loadFileToBank           0010FC RLA    
_ltoa                     0052F5 RLA    _main                     000B9B RLA    
_maneuver                 0021A0 RLA    _medic                    0074D3 RLA    
_memcpy                   00544B RLA    _menu_run                 002284 RLA    
_parsecDistance           000FEF RLA    _pay_period               0077F0 RLA    
_pilot                    0074D4 RLA    _piracy                   0028EF RLA    
_playerAchievementLevel   0074C5 RLA    _pressReturnAndClear      00114A RLA    
_printAlarmBar            000C77 RLA    _rand                     00561D RLA    
_readShip                 002D7E RLA    _redline                  00109B RLA    
_revers                   00564B RLA    _setBank                  000FAE RLA    
_ship                     007794 RLA    _shipDamage               0077DA RLA    
_shipState                0077C4 RLA    _ship_describe            002A18 RLA    
_ship_init                002A03 RLA    _ship_loadImageFromIndex  002CD1 RLA    
_showCurrentLocation      002134 RLA    _showShipSummary          0028F0 RLA    
_sleep                    0056DC RLA    _sprite_define            003190 RLA    
_sprite_loadToVERA        003167 RLA    _srand                    005611 RLA    
_starport                 00790A RLA    _statusLine               0010B9 RLA    
_steward                  0074D5 RLA    _streetwise               0074D6 RLA    
_strlen                   0057B0 RLA    _strlower                 0057C6 RLA    
_strncpy                  0057ED RLA    _textcolor                004E13 RLA    
_titleLine                0010A5 RLA    _toDefaultColor           0010CD RLA    
_trade_calculateMarketPrices 00382E RLA    _trade_speculate          0039E9 RLA    
_ultoa                    005334 RLA    _vcprintf                 00593F RLA    
_vera_sprites_enable      00571F RLA    _wilderness_refuel        003EFA RLA    
_world_describe           00444E RLA    _world_drawPlanetoid      004574 RLA    
_world_setGasGiantPalette 0041F6 RLA    _world_setRockballPalette 004201 RLA    
addeq0sp                  004C58 RLA    addeqysp                  004C5A RLA    
addysp                    004C6A RLA    addysp1                   004C69 RLA    
aslax1                    004C77 RLA    aslax2                    004C7F RLA    
aslax3                    004C8A RLA    aslax4                    004C98 RLA    
asrax1                    004CE0 RLA    asrax4                    004CEA RLA    
axlong                    004D03 RLA    axulong                   004D09 RLA    
booleq                    005425 RLA    boolge                    005436 RLA    
boolgt                    005434 RLA    boollt                    00542E RLA    
boolule                   00543C RLA    callmain                  004D4E RLA    
chlinechar                000040 REZ    cputdirect                004E8B RLA    
ctypemaskdirect           004EF9 RLA    cursor                    0088C6 RLA    
decax1                    004F13 RLA    decax2                    004F1A RLA    
decax3                    004F21 RLA    decaxy                    004F28 RLA    
decsp1                    004F31 RLA    decsp2                    004F3A RLA    
decsp4                    004F47 RLA    decsp5                    004F54 RLA    
decsp6                    004F61 RLA    decsp8                    004F6E RLA    
donelib                   004E3D RLA    getlop                    00537F RLA    
gotoxy                    004F96 RLA    incax2                    004FD3 RLA    
incax3                    004FDA RLA    incax4                    004FF3 RLA    
incax5                    004FDF RLA    incax6                    004FE4 RLA    
incax7                    004FE9 RLA    incax8                    004FEE RLA    
incaxy                    004FF5 RLA    inceaxy                   00516A RLA    
incsp1                    004FFE RLA    incsp2                    00500C RLA    
incsp3                    00501A RLA    incsp4                    00501F RLA    
incsp5                    005024 RLA    incsp6                    005029 RLA    
initclock                 004DF3  LAI   initlib                   007794 RLA    
laddeq                    005068 RLA    laddeq0sp                 00508C RLA    
ldaidx                    0050EA RLA    ldax0sp                   005103 RLA    
ldaxi                     0050F6 RLA    ldaxidx                   0050F8 RLA    
ldaxysp                   005105 RLA    ldeax0sp                  005123 RLA    
ldeaxi                    00510C RLA    ldeaxidx                  00510E RLA    
ldeaxysp                  005125 RLA    leaa0sp                   005152 RLA    
leaaxsp                   005154 RLA    lsubeq                    0052B5 RLA    
mul8x16                   0054DF RLA    mul8x16a                  0054E9 RLA    
mulax10                   005517 RLA    mulax6                    005530 RLA    
mulax7                    005546 RLA    mulax9                    00555F RLA    
negax                     00557A RLA    negeax                    0051DA RLA    
plot                      004EA4 RLA    popa                      005599 RLA    
popax                     005005 RLA    poplsargs                 005237 RLA    
popptr1                   0055A3 RLA    popsargsudiv16            00565E RLA    
ptr1                      00002A RLZ    ptr2                      00002C RLZ    
ptr3                      00002E RLZ    ptr4                      000030 RLZ    
push0                     0055CC RLA    push1                     0055B1 RLA    
pusha                     0055BA RLA    pusha0                    0055CE RLA    
pushax                    0055D0 RLA    pusheax                   005220 RLA    
pushw                     0055E6 RLA    pushw0sp                  0055F5 RLA    
pushwysp                  0055F7 RLA    regbank                   000036 RLZ    
shlax1                    004C77 RLA    shlax2                    004C7F RLA    
shlax4                    004C98 RLA    shleax1                   004CA9 RLA    
shleax3                   004CB5 RLA    shleax4                   004CCF RLA    
shrax1                    00567E RLA    shrax3                    005686 RLA    
shrax4                    005694 RLA    shreax1                   0056A5 RLA    
shreax3                   0056B1 RLA    shreax4                   0056CB RLA    
sp                        000022 RLZ    sreg                      000024 RLZ    
staspidx                  00573E RLA    stax0sp                   005754 RLA    
staxspidx                 00575F RLA    staxysp                   005756 RLA    
steax0sp                  005779 RLA    steaxspidx                00578E RLA    
subeq0sp                  005843 RLA    subeqysp                  005845 RLA    
subysp                    005858 RLA    tmp1                      000032 RLZ    
tmp2                      000033 RLZ    tmp3                      000034 RLZ    
tmp4                      000035 RLZ    tosadd0ax                 00503C RLA    
tosaddax                  004C42 RLA    tosaddeax                 005042 RLA    
tosdiv0ax                 005136 RLA    tosdiva0                  004F7B RLA    
tosdivax                  004F7D RLA    tosgeeax                  00515E RLA    
tosgteax                  005164 RLA    tosicmp                   004FA7 RLA    
tosicmp0                  004FA5 RLA    toslcmp                   0050AF RLA    
toslong                   005880 RLA    toslteax                  00517B RLA    
tosmoda0                  005487 RLA    tosmodax                  005489 RLA    
tosmul0ax                 005181 RLA    tosmula0                  0054DD RLA    
tosmulax                  005498 RLA    tosmuleax                 005185 RLA    
tosorax                   00558A RLA    tosoreax                  0051FC RLA    
tossuba0                  00582F RLA    tossubax                  005831 RLA    
tossubeax                 00528D RLA    tosudiva0                 005897 RLA    
tosumod0ax                0053E7 RLA    tosumoda0                 0058E6 RLA    
tosumul0ax                005181 RLA    tosumula0                 0054DD RLA    
tosumulax                 005498 RLA    tosumuleax                005185 RLA    
tosxoreax                 005402 RLA    udiv16                    0058A8 RLA    
udiv32                    0053A2 RLA    zerobss                   00596F RLA    



Exports list by value:
----------------------
__DESTRUCTOR_COUNT__      000000 REA    __LOADADDR__              000001 REA    
__EXEHDR__                000001 REA    __STARTUP__               000001 REA    
__CONSTRUCTOR_COUNT__     000001 REA    sp                        000022 RLZ    
sreg                      000024 RLZ    ptr1                      00002A RLZ    
ptr2                      00002C RLZ    ptr3                      00002E RLZ    
ptr4                      000030 RLZ    tmp1                      000032 RLZ    
tmp2                      000033 RLZ    tmp3                      000034 RLZ    
tmp4                      000035 RLZ    regbank                   000036 RLZ    
chlinechar                000040 REZ    __STACKSIZE__             000800 REA    
__MAIN_START__            00080D RLA    __HEADER_LAST__           00080D RLA    
_main                     000B9B RLA    _clearComponentState      000C61 RLA    
_printAlarmBar            000C77 RLA    _getStatusLabel           000CE8 RLA    
_burtle32                 000F9B RLA    _setBank                  000FAE RLA    
_parsecDistance           000FEF RLA    _redline                  00109B RLA    
_titleLine                0010A5 RLA    _statusLine               0010B9 RLA    
_toDefaultColor           0010CD RLA    _loadFileToBank           0010FC RLA    
_pressReturnAndClear      00114A RLA    __BSS_SIZE__              001160 REA    
_diceRoll2d               001172 RLA    _diceRoll3d               00119A RLA    
_diceRoll                 0011D5 RLA    _getEmplacementName       00126B RLA    
_getWeaponName            0012D6 RLA    _hire                     0012E8 RLA    
_findHighestSkillFor      0012F7 RLA    _jump                     00181A RLA    
_jumpmapShow              0019FE RLA    _jumpmapSetDestination    001AA1 RLA    
_showCurrentLocation      002134 RLA    _maneuver                 0021A0 RLA    
_menu_run                 002284 RLA    _bookPassengersAndPayCrew 002396 RLA    
_piracy                   0028EF RLA    _showShipSummary          0028F0 RLA    
_ship_init                002A03 RLA    _ship_describe            002A18 RLA    
_ship_loadImageFromIndex  002CD1 RLA    _readShip                 002D7E RLA    
_landAtShipyard           002F46 RLA    _sprite_loadToVERA        003167 RLA    
_sprite_define            003190 RLA    _landAtStarport           003497 RLA    
_getHoldFree              0037D8 RLA    _trade_calculateMarketPrices 00382E RLA    
_trade_speculate          0039E9 RLA    _wilderness_refuel        003EFA RLA    
_world_setGasGiantPalette 0041F6 RLA    _world_setRockballPalette 004201 RLA    
_drawWorld                004236 RLA    _getWorld                 00437F RLA    
_world_describe           00444E RLA    _world_drawPlanetoid      004574 RLA    
__printf                  00498E RLA    tosaddax                  004C42 RLA    
addeq0sp                  004C58 RLA    addeqysp                  004C5A RLA    
addysp1                   004C69 RLA    addysp                    004C6A RLA    
shlax1                    004C77 RLA    aslax1                    004C77 RLA    
shlax2                    004C7F RLA    aslax2                    004C7F RLA    
aslax3                    004C8A RLA    shlax4                    004C98 RLA    
aslax4                    004C98 RLA    shleax1                   004CA9 RLA    
shleax3                   004CB5 RLA    shleax4                   004CCF RLA    
asrax1                    004CE0 RLA    asrax4                    004CEA RLA    
axlong                    004D03 RLA    axulong                   004D09 RLA    
_cbm_k_load               004D10 RLA    _cbm_k_setlfs             004D2D RLA    
_cbm_k_setnam             004D3B RLA    callmain                  004D4E RLA    
_cclearxy                 004D65 RLA    _cclear                   004D6A RLA    
_cgetc                    004D7A RLA    _chlinexy                 004DDE RLA    
_chline                   004DE3 RLA    initclock                 004DF3  LAI   
_clock                    004DFA RLA    _clrscr                   004E02 RLA    
_textcolor                004E13 RLA    donelib                   004E3D RLA    
_cprintf                  004E49 RLA    _cputcxy                  004E73 RLA    
_cputc                    004E78 RLA    cputdirect                004E8B RLA    
plot                      004EA4 RLA    _cputsxy                  004ED2 RLA    
_cputs                    004EDC RLA    ctypemaskdirect           004EF9 RLA    
decax1                    004F13 RLA    decax2                    004F1A RLA    
decax3                    004F21 RLA    decaxy                    004F28 RLA    
decsp1                    004F31 RLA    decsp2                    004F3A RLA    
decsp4                    004F47 RLA    decsp5                    004F54 RLA    
decsp6                    004F61 RLA    decsp8                    004F6E RLA    
tosdiva0                  004F7B RLA    tosdivax                  004F7D RLA    
_gotox                    004F90 RLA    gotoxy                    004F96 RLA    
_gotoxy                   004F99 RLA    tosicmp0                  004FA5 RLA    
tosicmp                   004FA7 RLA    incax2                    004FD3 RLA    
incax3                    004FDA RLA    incax5                    004FDF RLA    
incax6                    004FE4 RLA    incax7                    004FE9 RLA    
incax8                    004FEE RLA    incax4                    004FF3 RLA    
incaxy                    004FF5 RLA    incsp1                    004FFE RLA    
popax                     005005 RLA    incsp2                    00500C RLA    
incsp3                    00501A RLA    incsp4                    00501F RLA    
incsp5                    005024 RLA    incsp6                    005029 RLA    
_kbhit                    00502E RLA    tosadd0ax                 00503C RLA    
tosaddeax                 005042 RLA    laddeq                    005068 RLA    
laddeq0sp                 00508C RLA    toslcmp                   0050AF RLA    
ldaidx                    0050EA RLA    ldaxi                     0050F6 RLA    
ldaxidx                   0050F8 RLA    ldax0sp                   005103 RLA    
ldaxysp                   005105 RLA    ldeaxi                    00510C RLA    
ldeaxidx                  00510E RLA    ldeax0sp                  005123 RLA    
ldeaxysp                  005125 RLA    tosdiv0ax                 005136 RLA    
leaa0sp                   005152 RLA    leaaxsp                   005154 RLA    
tosgeeax                  00515E RLA    tosgteax                  005164 RLA    
inceaxy                   00516A RLA    toslteax                  00517B RLA    
tosumul0ax                005181 RLA    tosmul0ax                 005181 RLA    
tosmuleax                 005185 RLA    tosumuleax                005185 RLA    
negeax                    0051DA RLA    tosoreax                  0051FC RLA    
pusheax                   005220 RLA    poplsargs                 005237 RLA    
tossubeax                 00528D RLA    lsubeq                    0052B5 RLA    
_ltoa                     0052F5 RLA    _ultoa                    005334 RLA    
getlop                    00537F RLA    udiv32                    0053A2 RLA    
tosumod0ax                0053E7 RLA    tosxoreax                 005402 RLA    
booleq                    005425 RLA    boollt                    00542E RLA    
boolgt                    005434 RLA    boolge                    005436 RLA    
boolule                   00543C RLA    _memcpy                   00544B RLA    
tosmoda0                  005487 RLA    tosmodax                  005489 RLA    
tosmulax                  005498 RLA    tosumulax                 005498 RLA    
tosumula0                 0054DD RLA    tosmula0                  0054DD RLA    
mul8x16                   0054DF RLA    mul8x16a                  0054E9 RLA    
mulax10                   005517 RLA    mulax6                    005530 RLA    
mulax7                    005546 RLA    mulax9                    00555F RLA    
_abs                      005576 RLA    negax                     00557A RLA    
tosorax                   00558A RLA    popa                      005599 RLA    
popptr1                   0055A3 RLA    push1                     0055B1 RLA    
pusha                     0055BA RLA    push0                     0055CC RLA    
pusha0                    0055CE RLA    pushax                    0055D0 RLA    
pushw                     0055E6 RLA    pushw0sp                  0055F5 RLA    
pushwysp                  0055F7 RLA    _srand                    005611 RLA    
_rand                     00561D RLA    __randomize               005645 RLA    
_revers                   00564B RLA    popsargsudiv16            00565E RLA    
shrax1                    00567E RLA    shrax3                    005686 RLA    
shrax4                    005694 RLA    shreax1                   0056A5 RLA    
shreax3                   0056B1 RLA    shreax4                   0056CB RLA    
_sleep                    0056DC RLA    _vera_sprites_enable      00571F RLA    
staspidx                  00573E RLA    stax0sp                   005754 RLA    
staxysp                   005756 RLA    staxspidx                 00575F RLA    
steax0sp                  005779 RLA    steaxspidx                00578E RLA    
_strlen                   0057B0 RLA    _strlower                 0057C6 RLA    
_strncpy                  0057ED RLA    tossuba0                  00582F RLA    
tossubax                  005831 RLA    subeq0sp                  005843 RLA    
subeqysp                  005845 RLA    subysp                    005858 RLA    
toslong                   005880 RLA    tosudiva0                 005897 RLA    
udiv16                    0058A8 RLA    tosumoda0                 0058E6 RLA    
_vcprintf                 00593F RLA    zerobss                   00596F RLA    
__hextab                  007416 RLA    __longminstr              007426 RLA    
__ctype                   00743A RLA    __ctypeidx                007445 RLA    
_playerAchievementLevel   0074C5 RLA    __DESTRUCTOR_TABLE__      0074C5 RLA    
_hcr                      0074C6 RLA    _admin                    0074CE RLA    
_astrogator               0074CF RLA    _engineer                 0074D0 RLA    
_gunner                   0074D1 RLA    _liaison                  0074D2 RLA    
_medic                    0074D3 RLA    _pilot                    0074D4 RLA    
_steward                  0074D5 RLA    _streetwise               0074D6 RLA    
_componentLabel           007565 RLA    __ONCE_RUN__              007794 RLA    
initlib                   007794 RLA    _ship                     007794 RLA    
__BSS_RUN__               007794 RLA    __CONSTRUCTOR_TABLE__     0077C3 RLA    
_shipState                0077C4 RLA    _shipDamage               0077DA RLA    
_pay_period               0077F0 RLA    _cargo                    0077F1 RLA    
_current                  00787D RLA    _destination              0078C3 RLA    
_starport                 00790A RLA    _jamison                  007E15 RLA    
_cost                     007E24 RLA    cursor                    0088C6 RLA    
__oserror                 0088C7 RLA    __MAIN_SIZE__             0096F3 REA    
__HIMEM__                 009F00 REA    ENTROPY_GET               00FECF RLA    
SETLFS                    00FFBA RLA    SETNAM                    00FFBD RLA    
BSOUT                     00FFD2 RLA    CHROUT                    00FFD2 RLA    
_cbm_k_bsout              00FFD2 RLA    LOAD                      00FFD5 RLA    
SETTIM                    00FFDB RLA    RDTIM                     00FFDE RLA    
GETIN                     00FFE4 RLA    PLOT                      00FFF0 RLA    



Imports list:
-------------
BSOUT (kernal.o):
    c_bsout.o                 cbm/cbm.inc:49
CHROUT (kernal.o):
    crt0.o                    cx16/crt0.s:10
    clrscr.o                  cx16/clrscr.s:10
    c_bsout.o                 cbm/cbm.inc:50
ENTROPY_GET (kernal.o):
    randomize.o               cx16/randomize.s:10
GETIN (kernal.o):
    cgetc.o                   cx16/cgetc.s:10
LOAD (kernal.o):
    c_load.o                  cbm/cbm.inc:37
PLOT (kernal.o):
    cputc.o                   cx16/cputc.s:11
RDTIM (kernal.o):
    clock.o                   cx16/clock.s:11
SETLFS (kernal.o):
    c_setlfs.o                cbm/cbm.inc:33
SETNAM (kernal.o):
    c_setnam.o                cbm/cbm.inc:34
SETTIM (kernal.o):
    clock.o                   cx16/clock.s:11
__BSS_RUN__ ([linker generated]):
    zerobss.o                 common/zerobss.s:8
__BSS_SIZE__ ([linker generated]):
    zerobss.o                 common/zerobss.s:8
__CONSTRUCTOR_COUNT__ ([linker generated]):
    condes.o                  runtime/condes.s:18
__CONSTRUCTOR_TABLE__ ([linker generated]):
    condes.o                  runtime/condes.s:18
__DESTRUCTOR_COUNT__ ([linker generated]):
    condes.o                  runtime/condes.s:19
__DESTRUCTOR_TABLE__ ([linker generated]):
    condes.o                  runtime/condes.s:19
__EXEHDR__ (exehdr.o):
    [linker generated]        /Users/rje/git/cc65/cfg/cx16.cfg:6
__HEADER_LAST__ ([linker generated]):
    [linker generated]        /Users/rje/git/cc65/cfg/cx16.cfg:14
    [linker generated]        /Users/rje/git/cc65/cfg/cx16.cfg:14
__HIMEM__ ([linker generated]):
    [linker generated]        /Users/rje/git/cc65/cfg/cx16.cfg:15
    [linker generated]        /Users/rje/git/cc65/cfg/cx16.cfg:14
__LOADADDR__ (loadaddr.o):
    [linker generated]        /Users/rje/git/cc65/cfg/cx16.cfg:5
__MAIN_SIZE__ ([linker generated]):
    crt0.o                    cx16/crt0.s:11
__MAIN_START__ ([linker generated]):
    crt0.o                    cx16/crt0.s:11
__ONCE_RUN__ ([linker generated]):
    [linker generated]        /Users/rje/git/cc65/cfg/cx16.cfg:15
    [linker generated]        /Users/rje/git/cc65/cfg/cx16.cfg:15
__STACKSIZE__ ([linker generated]):
    [linker generated]        /Users/rje/git/cc65/cfg/cx16.cfg:15
__STARTUP__ (crt0.o):
    main.o                    main.s:13
__ctype (ctype.o):
    ctypemask.o               common/ctypemask.s:23
__ctypeidx (ctype.o):
    ctypemask.o               common/ctypemask.s:24
__hextab (_hextab.o):
    ltoa.o                    common/ltoa.s:10
__longminstr (_longminstr.o):
    ltoa.o                    common/ltoa.s:10
__oserror (_oserror.o):
    c_load.o                  cbm/c_load.s:10
__printf (_printf.o):
    vcprintf.o                conio/vcprintf.s:9
__randomize (randomize.o):
    hiring_hall.o             hiring_hall.s:20
_abs (negabs.o):
    passengers.o              passengers.s:18
    common.o                  common.s:13
_admin (main.o):
    passengers.o              passengers.s:28
_astrogator (main.o):
    passengers.o              passengers.s:29
    jump.o                    jump.s:26
_bookPassengersAndPayCrew (passengers.o):
    jump.o                    jump.s:24
_burtle32 (burtle_jsf32.o):
    trade.o                   trade.s:28
    hiring_hall.o             hiring_hall.s:27
    common.o                  common.s:39
_cargo (main.o):
    trade.o                   trade.s:31
_cbm_k_bsout (c_bsout.o):
    jump.o                    jump.s:13
    common.o                  common.s:14
    alarm.o                   alarm.s:13
    main.o                    main.s:15
_cbm_k_load (c_load.o):
    sprite.o                  sprite.s:13
    common.o                  common.s:15
    main.o                    main.s:16
_cbm_k_setlfs (c_setlfs.o):
    sprite.o                  sprite.s:14
    common.o                  common.s:16
    main.o                    main.s:17
_cbm_k_setnam (c_setnam.o):
    sprite.o                  sprite.s:15
    common.o                  common.s:17
    main.o                    main.s:18
_cclear (cclear.o):
    trade.o                   trade.s:20
_cclearxy (cclear.o):
    starport.o                starport.s:20
    jump-map.o                jump-map.s:21
_cgetc (cgetc.o):
    wilderness.o              wilderness.s:16
    trade.o                   trade.s:17
    starport.o                starport.s:17
    shipyard.o                shipyard.s:16
    menu.o                    menu.s:15
    jump-map.o                jump-map.s:18
    hiring_hall.o             hiring_hall.s:17
    common.o                  common.s:20
_chline (chline.o):
    jump-map.o                jump-map.s:20
    common.o                  common.s:22
_chlinexy (chline.o):
    menu.o                    menu.s:16
    hiring_hall.o             hiring_hall.s:19
    common.o                  common.s:23
_clearComponentState (alarm.o):
    starport.o                starport.s:26
_clock (clock.o):
    sleep.o                   ../libwrk/cx16/sleep.s:13
    burtle_jsf32.o            burtle_jsf32.s:13
_clrscr (clrscr.o):
    wilderness.o              wilderness.s:13
    trade.o                   trade.s:13
    starport.o                starport.s:13
    shipyard.o                shipyard.s:13
    passengers.o              passengers.s:13
    maneuver-map.o            maneuver-map.s:13
    jump.o                    jump.s:14
    hiring_hall.o             hiring_hall.s:13
    common.o                  common.s:18
    main.o                    main.s:19
_componentLabel (alarm.o):
    starport.o                starport.s:35
_cost (alarm.o):
    starport.o                starport.s:36
_cprintf (cprintf.o):
    world.o                   world.s:17
    trade.o                   trade.s:16
    starport.o                starport.s:16
    ship.o                    ship.s:13
    passengers.o              passengers.s:15
    jump-map.o                jump-map.s:17
    hiring_hall.o             hiring_hall.s:16
    damage.o                  damage.s:14
    alarm.o                   alarm.s:16
_cputc (cputc.o):
    vcprintf.o                conio/vcprintf.s:9
    cputs.o                   conio/cputs.s:9
    world.o                   world.s:14
_cputcxy (cputc.o):
    world.o                   world.s:15
    menu.o                    menu.s:13
    jump-map.o                jump-map.s:14
    jump.o                    jump.s:15
_cputs (cputs.o):
    world.o                   world.s:16
    shipyard.o                shipyard.s:14
    maneuver-map.o            maneuver-map.s:15
    jump-map.o                jump-map.s:15
    hiring_hall.o             hiring_hall.s:14
    main.o                    main.s:21
_cputsxy (cputs.o):
    wilderness.o              wilderness.s:15
    trade.o                   trade.s:15
    starport.o                starport.s:15
    shipyard.o                shipyard.s:15
    menu.o                    menu.s:14
    maneuver-map.o            maneuver-map.s:16
    jump-map.o                jump-map.s:16
    jump.o                    jump.s:16
    hiring_hall.o             hiring_hall.s:15
    common.o                  common.s:19
    alarm.o                   alarm.s:15
    main.o                    main.s:22
_current (main.o):
    wilderness.o              wilderness.s:26
    trade.o                   trade.s:30
    shipyard.o                shipyard.s:25
    passengers.o              passengers.s:24
    maneuver-map.o            maneuver-map.s:23
    jump-map.o                jump-map.s:35
    jump.o                    jump.s:27
_destination (main.o):
    passengers.o              passengers.s:25
    maneuver-map.o            maneuver-map.s:24
    jump-map.o                jump-map.s:36
    jump.o                    jump.s:28
_diceRoll (common.o):
    trade.o                   trade.s:24
_diceRoll2d (common.o):
    hiring_hall.o             hiring_hall.s:23
_diceRoll3d (common.o):
    hiring_hall.o             hiring_hall.s:24
_drawWorld (world.o):
    wilderness.o              wilderness.s:21
_engineer (main.o):
    passengers.o              passengers.s:30
_findHighestSkillFor (hiring_hall.o):
    main.o                    main.s:35
_getEmplacementName (emplacement.o):
    starport.o                starport.s:29
_getHoldFree (trade.o):
    passengers.o              passengers.s:22
_getStatusLabel (alarm.o):
    starport.o                starport.s:28
_getWeaponName (emplacement.o):
    starport.o                starport.s:30
_getWorld (world.o):
    jump-map.o                jump-map.s:33
    jump.o                    jump.s:23
    main.o                    main.s:31
_gotox (gotox.o):
    trade.o                   trade.s:14
_gotoxy (gotoxy.o):
    world.o                   world.s:13
    wilderness.o              wilderness.s:14
    starport.o                starport.s:14
    passengers.o              passengers.s:14
    maneuver-map.o            maneuver-map.s:14
    jump-map.o                jump-map.s:13
    alarm.o                   alarm.s:14
    main.o                    main.s:20
_gunner (main.o):
    passengers.o              passengers.s:31
_hcr (main.o):
    trade.o                   trade.s:33
    starport.o                starport.s:32
    passengers.o              passengers.s:27
_hire (hiring_hall.o):
    main.o                    main.s:34
_jamison (main.o):
    jump-map.o                jump-map.s:37
_jump (jump.o):
    main.o                    main.s:29
_jumpmapSetDestination (jump-map.o):
    main.o                    main.s:37
_jumpmapShow (jump-map.o):
    main.o                    main.s:36
_kbhit (kbhit.o):
    cgetc.o                   cx16/cgetc.s:10
_landAtShipyard (shipyard.o):
    main.o                    main.s:32
_landAtStarport (starport.o):
    main.o                    main.s:33
_liaison (main.o):
    passengers.o              passengers.s:32
_loadFileToBank (common.o):
    main.o                    main.s:26
_ltoa (ltoa.o):
    _printf.o                 common/_printf.s:12
_main (main.o):
    callmain.o                runtime/callmain.s:11
_maneuver (maneuver-map.o):
    main.o                    main.s:41
_medic (main.o):
    passengers.o              passengers.s:33
_memcpy (memcpy.o):
    world.o                   world.s:1455
    trade.o                   trade.s:1077
    ship.o                    ship.s:1157
    hiring_hall.o             hiring_hall.s:963
_menu_run (menu.o):
    maneuver-map.o            maneuver-map.s:22
    main.o                    main.s:43
_parsecDistance (common.o):
    jump-map.o                jump-map.s:26
    jump.o                    jump.s:21
_pay_period (main.o):
    wilderness.o              wilderness.s:27
    passengers.o              passengers.s:26
    jump.o                    jump.s:31
_pilot (main.o):
    passengers.o              passengers.s:34
_piracy (piracy.o):
    jump.o                    jump.s:25
_playerAchievementLevel (main.o):
    world.o                   world.s:30
    maneuver-map.o            maneuver-map.s:25
    jump-map.o                jump-map.s:38
    jump.o                    jump.s:30
    alarm.o                   alarm.s:26
_pressReturnAndClear (common.o):
    starport.o                starport.s:24
    passengers.o              passengers.s:20
_printAlarmBar (alarm.o):
    wilderness.o              wilderness.s:23
    maneuver-map.o            maneuver-map.s:21
    jump-map.o                jump-map.s:30
_rand (rand.o):
    world.o                   world.s:20
    passengers.o              passengers.s:17
    jump.o                    jump.s:18
    damage.o                  damage.s:13
_readShip (ship.o):
    shipyard.o                shipyard.s:23
_redline (common.o):
    trade.o                   trade.s:22
    hiring_hall.o             hiring_hall.s:21
_revers (revers.o):
    world.o                   world.s:18
    trade.o                   trade.s:18
    starport.o                starport.s:18
_setBank (common.o):
    world.o                   world.s:21
    trade.o                   trade.s:21
    shipyard.o                shipyard.s:19
    ship.o                    ship.s:14
    jump-map.o                jump-map.s:25
    main.o                    main.s:24
_ship (main.o):
    wilderness.o              wilderness.s:24
    trade.o                   trade.s:29
    starport.o                starport.s:31
    shipyard.o                shipyard.s:24
    passengers.o              passengers.s:23
    jump-map.o                jump-map.s:34
    alarm.o                   alarm.s:23
_shipDamage (main.o):
    starport.o                starport.s:34
    alarm.o                   alarm.s:25
_shipState (main.o):
    wilderness.o              wilderness.s:25
    starport.o                starport.s:33
    jump.o                    jump.s:29
    alarm.o                   alarm.s:24
_ship_describe (ship.o):
    shipyard.o                shipyard.s:21
_ship_init (ship.o):
    main.o                    main.s:30
_ship_loadImageFromIndex (ship.o):
    shipyard.o                shipyard.s:22
_showCurrentLocation (maneuver-map.o):
    main.o                    main.s:40
_showShipSummary (ship.o):
    starport.o                starport.s:25
_sleep (sleep.o):
    jump.o                    jump.s:19
_sprite_define (sprite.o):
    jump-map.o                jump-map.s:32
    main.o                    main.s:39
_sprite_loadToVERA (sprite.o):
    ship.o                    ship.s:23
    jump-map.o                jump-map.s:31
    main.o                    main.s:38
_srand (rand.o):
    randomize.o               cx16/randomize.s:10
_starport (main.o):
    trade.o                   trade.s:32
_statusLine (common.o):
    starport.o                starport.s:23
_steward (main.o):
    passengers.o              passengers.s:35
_streetwise (main.o):
    passengers.o              passengers.s:36
_strlen (strlen.o):
    _printf.o                 common/_printf.s:13
    alarm.o                   alarm.s:17
_strlower (strlower.o):
    _printf.o                 common/_printf.s:13
_strncpy (strncpy.o):
    jump-map.o                jump-map.s:23
_textcolor (color.o):
    world.o                   world.s:19
    wilderness.o              wilderness.s:17
    trade.o                   trade.s:19
    starport.o                starport.s:19
    shipyard.o                shipyard.s:17
    passengers.o              passengers.s:16
    maneuver-map.o            maneuver-map.s:17
    jump-map.o                jump-map.s:19
    jump.o                    jump.s:17
    hiring_hall.o             hiring_hall.s:18
    common.o                  common.s:21
    main.o                    main.s:23
_titleLine (common.o):
    starport.o                starport.s:22
    shipyard.o                shipyard.s:20
    passengers.o              passengers.s:19
    jump-map.o                jump-map.s:27
    jump.o                    jump.s:22
    hiring_hall.o             hiring_hall.s:22
    alarm.o                   alarm.s:18
    main.o                    main.s:25
_toDefaultColor (common.o):
    trade.o                   trade.s:23
_trade_calculateMarketPrices (trade.o):
    main.o                    main.s:27
_trade_speculate (trade.o):
    main.o                    main.s:28
_ultoa (ltoa.o):
    _printf.o                 common/_printf.s:12
_vcprintf (vcprintf.o):
    cprintf.o                 conio/cprintf.s:8
_vera_sprites_enable (sprites_enable.o):
    main.o                    main.s:14
_wilderness_refuel (wilderness.o):
    main.o                    main.s:42
_world_describe (world.o):
    maneuver-map.o            maneuver-map.s:20
_world_drawPlanetoid (world.o):
    wilderness.o              wilderness.s:22
_world_setGasGiantPalette (world.o):
    wilderness.o              wilderness.s:19
_world_setRockballPalette (world.o):
    wilderness.o              wilderness.s:20
addeq0sp (addeqsp.o):
    world.o                   world.s:1455
    world.o                   world.s:1455
    trade.o                   trade.s:1077
    sprite.o                  sprite.s:503
    passengers.o              passengers.s:781
    passengers.o              passengers.s:781
    passengers.o              passengers.s:781
    jump-map.o                jump-map.s:1019
    jump-map.o                jump-map.s:1019
    hiring_hall.o             hiring_hall.s:963
    hiring_hall.o             hiring_hall.s:963
    main.o                    main.s:769
addeqysp (addeqsp.o):
    world.o                   world.s:1455
    world.o                   world.s:1455
    trade.o                   trade.s:1077
    trade.o                   trade.s:1077
    shipyard.o                shipyard.s:358
    passengers.o              passengers.s:781
    jump-map.o                jump-map.s:1019
    jump-map.o                jump-map.s:1019
    hiring_hall.o             hiring_hall.s:963
addysp (addysp.o):
    incsp6.o                  runtime/incsp6.s:8
    incsp5.o                  runtime/incsp5.s:8
    incsp4.o                  runtime/incsp4.s:8
    incsp3.o                  runtime/incsp3.s:8
    cprintf.o                 conio/cprintf.s:8
    world.o                   world.s:1455
    world.o                   world.s:1455
    passengers.o              passengers.s:781
    maneuver-map.o            maneuver-map.s:241
    jump-map.o                jump-map.s:1019
    jump-map.o                jump-map.s:1019
    jump.o                    jump.s:393
    hiring_hall.o             hiring_hall.s:963
    common.o                  common.s:523
    burtle_jsf32.o            burtle_jsf32.s:248
    alarm.o                   alarm.s:559
addysp1 (addysp.o):
    sub.o                     runtime/sub.s:8
    or.o                      runtime/or.s:9
    lxor.o                    runtime/lxor.s:9
    ludiv.o                   runtime/ludiv.s:9
    lsub.o                    runtime/lsub.s:11
    lor.o                     runtime/lor.s:9
    lmul.o                    runtime/lmul.s:9
    ladd.o                    runtime/ladd.s:8
aslax1 (aslax1.o):
    world.o                   world.s:1455
    jump-map.o                jump-map.s:1019
    hiring_hall.o             hiring_hall.s:963
    hiring_hall.o             hiring_hall.s:963
    main.o                    main.s:769
    main.o                    main.s:769
aslax2 (aslax2.o):
    world.o                   world.s:1455
    jump-map.o                jump-map.s:1019
    jump-map.o                jump-map.s:1019
aslax3 (aslax3.o):
    sprite.o                  sprite.s:503
    sprite.o                  sprite.s:503
    sprite.o                  sprite.s:503
    sprite.o                  sprite.s:503
    sprite.o                  sprite.s:503
    jump-map.o                jump-map.s:1019
aslax4 (aslax4.o):
    world.o                   world.s:1455
    jump-map.o                jump-map.s:1019
    jump-map.o                jump-map.s:1019
    main.o                    main.s:769
asrax1 (asrax1.o):
    sprite.o                  sprite.s:503
    sprite.o                  sprite.s:503
asrax4 (asrax4.o):
    sprite.o                  sprite.s:503
    sprite.o                  sprite.s:503
axlong (axlong.o):
    _printf.o                 common/_printf.s:11
axulong (axlong.o):
    _printf.o                 common/_printf.s:11
    sleep.o                   ../libwrk/cx16/sleep.s:54
    trade.o                   trade.s:1077
    trade.o                   trade.s:1077
    trade.o                   trade.s:1077
    starport.o                starport.s:506
    passengers.o              passengers.s:781
booleq (makebool.o):
    shipyard.o                shipyard.s:358
boolge (makebool.o):
    lge.o                     runtime/lge.s:8
boolgt (makebool.o):
    lgt.o                     runtime/lgt.s:8
boollt (makebool.o):
    llt.o                     runtime/llt.s:8
boolule (makebool.o):
    jump-map.o                jump-map.s:1019
callmain (callmain.o):
    crt0.o                    cx16/crt0.s:9
chlinechar (clinechars.o):
    chline.o                  cbm/chline.s:10
cputdirect (cputc.o):
    chline.o                  cbm/chline.s:9
    cclear.o                  cbm/cclear.s:9
ctypemaskdirect (ctypemask.o):
    strlower.o                common/strlower.s:14
cursor (_cursor.o):
    cgetc.o                   cx16/cgetc.s:10
decax1 (decax1.o):
    world.o                   world.s:1455
decax2 (decax2.o):
    trade.o                   trade.s:1077
decax3 (decax3.o):
    hiring_hall.o             hiring_hall.s:963
decaxy (decaxy.o):
    world.o                   world.s:1455
decsp1 (decsp1.o):
    hiring_hall.o             hiring_hall.s:963
    common.o                  common.s:523
    alarm.o                   alarm.s:559
decsp2 (decsp2.o):
    toslong.o                 runtime/toslong.s:8
    trade.o                   trade.s:1077
    trade.o                   trade.s:1077
    trade.o                   trade.s:1077
    starport.o                starport.s:506
    jump-map.o                jump-map.s:1019
    jump-map.o                jump-map.s:1019
    jump.o                    jump.s:393
    hiring_hall.o             hiring_hall.s:963
    hiring_hall.o             hiring_hall.s:963
    hiring_hall.o             hiring_hall.s:963
    main.o                    main.s:769
decsp4 (decsp4.o):
    lpush.o                   runtime/lpush.s:12
    world.o                   world.s:1455
    world.o                   world.s:1455
    trade.o                   trade.s:1077
    burtle_jsf32.o            burtle_jsf32.s:248
    main.o                    main.s:769
decsp5 (decsp5.o):
    common.o                  common.s:523
decsp6 (decsp6.o):
    _printf.o                 common/_printf.s:11
decsp8 (decsp8.o):
    world.o                   world.s:1455
donelib (condes.o):
    crt0.o                    cx16/crt0.s:8
getlop (ludiv.o):
    lumod.o                   runtime/lumod.s:9
    lshelp.o                  runtime/lshelp.s:11
gotoxy (gotoxy.o):
    cputs.o                   conio/cputs.s:9
    cputc.o                   cx16/cputc.s:11
    chline.o                  cbm/chline.s:9
    cclear.o                  cbm/cclear.s:9
incax2 (incax2.o):
    sprite.o                  sprite.s:503
    ship.o                    ship.s:1157
    passengers.o              passengers.s:781
    menu.o                    menu.s:175
    hiring_hall.o             hiring_hall.s:963
    hiring_hall.o             hiring_hall.s:963
incax3 (incax3.o):
    ship.o                    ship.s:1157
    jump-map.o                jump-map.s:1019
    hiring_hall.o             hiring_hall.s:963
incax4 (incaxy.o):
    ship.o                    ship.s:1157
    jump-map.o                jump-map.s:1019
    jump.o                    jump.s:393
    hiring_hall.o             hiring_hall.s:963
incax5 (incax5.o):
    world.o                   world.s:1455
    hiring_hall.o             hiring_hall.s:963
incax6 (incax6.o):
    sprite.o                  sprite.s:503
    sprite.o                  sprite.s:503
    ship.o                    ship.s:1157
incax7 (incax7.o):
    ship.o                    ship.s:1157
incax8 (incax8.o):
    ship.o                    ship.s:1157
incaxy (incaxy.o):
    incax8.o                  runtime/incax8.s:8
    incax7.o                  runtime/incax7.s:8
    incax6.o                  runtime/incax6.s:8
    incax5.o                  runtime/incax5.s:8
    incax3.o                  runtime/incax3.s:8
    world.o                   world.s:1455
    world.o                   world.s:1455
    world.o                   world.s:1455
    world.o                   world.s:1455
    ship.o                    ship.s:1157
    ship.o                    ship.s:1157
    passengers.o              passengers.s:781
    jump-map.o                jump-map.s:1019
    jump-map.o                jump-map.s:1019
    jump.o                    jump.s:393
    hiring_hall.o             hiring_hall.s:963
    hiring_hall.o             hiring_hall.s:963
    hiring_hall.o             hiring_hall.s:963
    damage.o                  damage.s:178
    main.o                    main.s:769
inceaxy (linc.o):
    common.o                  common.s:523
    common.o                  common.s:523
    common.o                  common.s:523
incsp1 (incsp1.o):
    world.o                   world.s:1455
    world.o                   world.s:1455
    world.o                   world.s:1455
    trade.o                   trade.s:1077
    starport.o                starport.s:506
    sprite.o                  sprite.s:503
    shipyard.o                shipyard.s:358
    ship.o                    ship.s:1157
    ship.o                    ship.s:1157
    ship.o                    ship.s:1157
    jump-map.o                jump-map.s:1019
    hiring_hall.o             hiring_hall.s:963
    emplacement.o             emplacement.s:188
    emplacement.o             emplacement.s:188
    common.o                  common.s:523
    common.o                  common.s:523
    common.o                  common.s:523
    alarm.o                   alarm.s:559
    alarm.o                   alarm.s:559
    alarm.o                   alarm.s:559
    alarm.o                   alarm.s:559
incsp2 (incsp2.o):
    staxspi.o                 runtime/staxspi.s:9
    staspidx.o                runtime/staspidx.s:8
    popptr1.o                 runtime/popptr1.s:8
    world.o                   world.s:1455
    world.o                   world.s:1455
    world.o                   world.s:1455
    world.o                   world.s:1455
    world.o                   world.s:1455
    trade.o                   trade.s:1077
    trade.o                   trade.s:1077
    trade.o                   trade.s:1077
    trade.o                   trade.s:1077
    trade.o                   trade.s:1077
    sprite.o                  sprite.s:503
    shipyard.o                shipyard.s:358
    shipyard.o                shipyard.s:358
    ship.o                    ship.s:1157
    ship.o                    ship.s:1157
    ship.o                    ship.s:1157
    passengers.o              passengers.s:781
    jump-map.o                jump-map.s:1019
    jump-map.o                jump-map.s:1019
    jump.o                    jump.s:393
    hiring_hall.o             hiring_hall.s:963
    common.o                  common.s:523
    common.o                  common.s:523
    main.o                    main.s:769
incsp3 (incsp3.o):
    trade.o                   trade.s:1077
    starport.o                starport.s:506
    starport.o                starport.s:506
    sprite.o                  sprite.s:503
    sprite.o                  sprite.s:503
    sprite.o                  sprite.s:503
    sprite.o                  sprite.s:503
    ship.o                    ship.s:1157
    hiring_hall.o             hiring_hall.s:963
incsp4 (incsp4.o):
    lcmp.o                    runtime/lcmp.s:9
    world.o                   world.s:1455
    trade.o                   trade.s:1077
    trade.o                   trade.s:1077
    sprite.o                  sprite.s:503
    shipyard.o                shipyard.s:358
    shipyard.o                shipyard.s:358
    jump-map.o                jump-map.s:1019
    hiring_hall.o             hiring_hall.s:963
    hiring_hall.o             hiring_hall.s:963
    damage.o                  damage.s:178
    common.o                  common.s:523
    burtle_jsf32.o            burtle_jsf32.s:248
    main.o                    main.s:769
incsp5 (incsp5.o):
    starport.o                starport.s:506
    ship.o                    ship.s:1157
    menu.o                    menu.s:175
    common.o                  common.s:523
incsp6 (incsp6.o):
    sleep.o                   ../libwrk/cx16/sleep.s:54
    world.o                   world.s:1455
    trade.o                   trade.s:1077
    passengers.o              passengers.s:781
    jump-map.o                jump-map.s:1019
    burtle_jsf32.o            burtle_jsf32.s:248
initlib (condes.o):
    crt0.o                    cx16/crt0.s:8
laddeq (laddeq.o):
    trade.o                   trade.s:1077
    passengers.o              passengers.s:781
laddeq0sp (laddeqsp.o):
    burtle_jsf32.o            burtle_jsf32.s:248
ldaidx (ldai.o):
    trade.o                   trade.s:1077
    sprite.o                  sprite.s:503
ldax0sp (ldaxsp.o):
    world.o                   world.s:1455
    world.o                   world.s:1455
    world.o                   world.s:1455
    world.o                   world.s:1455
    world.o                   world.s:1455
    world.o                   world.s:1455
    world.o                   world.s:1455
    trade.o                   trade.s:1077
    trade.o                   trade.s:1077
    trade.o                   trade.s:1077
    trade.o                   trade.s:1077
    trade.o                   trade.s:1077
    starport.o                starport.s:506
    sprite.o                  sprite.s:503
    sprite.o                  sprite.s:503
    sprite.o                  sprite.s:503
    sprite.o                  sprite.s:503
    sprite.o                  sprite.s:503
    shipyard.o                shipyard.s:358
    shipyard.o                shipyard.s:358
    passengers.o              passengers.s:781
    passengers.o              passengers.s:781
    passengers.o              passengers.s:781
    jump-map.o                jump-map.s:1019
    jump-map.o                jump-map.s:1019
    jump-map.o                jump-map.s:1019
    jump.o                    jump.s:393
    hiring_hall.o             hiring_hall.s:963
    hiring_hall.o             hiring_hall.s:963
    damage.o                  damage.s:178
    common.o                  common.s:523
    burtle_jsf32.o            burtle_jsf32.s:248
    alarm.o                   alarm.s:559
    main.o                    main.s:769
    main.o                    main.s:769
ldaxi (ldaxi.o):
    trade.o                   trade.s:1077
    trade.o                   trade.s:1077
    trade.o                   trade.s:1077
    trade.o                   trade.s:1077
    trade.o                   trade.s:1077
    sprite.o                  sprite.s:503
    sprite.o                  sprite.s:503
    menu.o                    menu.s:175
    jump.o                    jump.s:393
    hiring_hall.o             hiring_hall.s:963
    hiring_hall.o             hiring_hall.s:963
    main.o                    main.s:769
ldaxidx (ldaxi.o):
    trade.o                   trade.s:1077
    sprite.o                  sprite.s:503
    sprite.o                  sprite.s:503
ldaxysp (ldaxsp.o):
    sleep.o                   ../libwrk/cx16/sleep.s:54
    world.o                   world.s:1455
    world.o                   world.s:1455
    world.o                   world.s:1455
    world.o                   world.s:1455
    trade.o                   trade.s:1077
    trade.o                   trade.s:1077
    trade.o                   trade.s:1077
    trade.o                   trade.s:1077
    starport.o                starport.s:506
    sprite.o                  sprite.s:503
    shipyard.o                shipyard.s:358
    shipyard.o                shipyard.s:358
    ship.o                    ship.s:1157
    ship.o                    ship.s:1157
    ship.o                    ship.s:1157
    ship.o                    ship.s:1157
    passengers.o              passengers.s:781
    passengers.o              passengers.s:781
    maneuver-map.o            maneuver-map.s:241
    jump-map.o                jump-map.s:1019
    jump-map.o                jump-map.s:1019
    jump.o                    jump.s:393
    hiring_hall.o             hiring_hall.s:963
    hiring_hall.o             hiring_hall.s:963
    hiring_hall.o             hiring_hall.s:963
    damage.o                  damage.s:178
    common.o                  common.s:523
    common.o                  common.s:523
    burtle_jsf32.o            burtle_jsf32.s:248
    burtle_jsf32.o            burtle_jsf32.s:248
    alarm.o                   alarm.s:559
    main.o                    main.s:769
    main.o                    main.s:769
ldeax0sp (ldeaxysp.o):
    sleep.o                   ../libwrk/cx16/sleep.s:54
    trade.o                   trade.s:1077
    burtle_jsf32.o            burtle_jsf32.s:248
ldeaxi (ldeaxi.o):
    burtle_jsf32.o            burtle_jsf32.s:248
ldeaxidx (ldeaxi.o):
    trade.o                   trade.s:1077
    trade.o                   trade.s:1077
    trade.o                   trade.s:1077
    trade.o                   trade.s:1077
    burtle_jsf32.o            burtle_jsf32.s:248
ldeaxysp (ldeaxysp.o):
    burtle_jsf32.o            burtle_jsf32.s:248
    burtle_jsf32.o            burtle_jsf32.s:248
    burtle_jsf32.o            burtle_jsf32.s:248
leaa0sp (leaaxsp.o):
    maneuver-map.o            maneuver-map.s:241
    jump-map.o                jump-map.s:1019
    jump-map.o                jump-map.s:1019
    hiring_hall.o             hiring_hall.s:963
leaaxsp (leaaxsp.o):
    jump.o                    jump.s:393
lsubeq (lsubeq.o):
    trade.o                   trade.s:1077
    starport.o                starport.s:506
    passengers.o              passengers.s:781
mul8x16 (mul8.o):
    mul.o                     runtime/mul.s:8
mul8x16a (mul8.o):
    mul.o                     runtime/mul.s:8
mulax10 (mulax10.o):
    starport.o                starport.s:506
    passengers.o              passengers.s:781
mulax6 (mulax6.o):
    alarm.o                   alarm.s:559
mulax7 (mulax7.o):
    trade.o                   trade.s:1077
    trade.o                   trade.s:1077
    trade.o                   trade.s:1077
    trade.o                   trade.s:1077
    trade.o                   trade.s:1077
    trade.o                   trade.s:1077
mulax9 (mulax9.o):
    jump-map.o                jump-map.s:1019
negax (negabs.o):
    shelp.o                   runtime/shelp.s:11
    mod.o                     runtime/mod.s:11
    div.o                     runtime/div.s:11
negeax (lneg.o):
    ltoa.o                    common/ltoa.s:9
    ldiv.o                    runtime/ldiv.s:11
plot (cputc.o):
    gotoxy.o                  cx16/gotoxy.s:9
    gotox.o                   cx16/gotox.s:9
popa (popa.o):
    gotoxy.o                  cx16/gotoxy.s:9
    c_setlfs.o                cbm/c_setlfs.s:12
    c_load.o                  cbm/c_load.s:11
popax (incsp2.o):
    ltoa.o                    common/ltoa.s:9
    _printf.o                 common/_printf.s:11
    vcprintf.o                conio/vcprintf.s:8
    strncpy.o                 common/strncpy.s:8
    shelp.o                   runtime/shelp.s:11
    memcpy.o                  common/memcpy.s:14
[...]
    starport.o                starport.s:506
    starport.o                starport.s:506
    sprite.o                  sprite.s:503
    sprite.o                  sprite.s:503
    sprite.o                  sprite.s:503
    sprite.o                  sprite.s:503
    sprite.o                  sprite.s:503
    sprite.o                  sprite.s:503
    shipyard.o                shipyard.s:358
    shipyard.o                shipyard.s:358
    shipyard.o                shipyard.s:358
    shipyard.o                shipyard.s:358
    ship.o                    ship.s:1157
    ship.o                    ship.s:1157
    ship.o                    ship.s:1157
    ship.o                    ship.s:1157
    ship.o                    ship.s:1157
    passengers.o              passengers.s:781
    passengers.o              passengers.s:781
    passengers.o              passengers.s:781
    menu.o                    menu.s:175
    jump-map.o                jump-map.s:1019
    jump-map.o                jump-map.s:1019
    jump-map.o                jump-map.s:1019
    jump-map.o                jump-map.s:1019
    jump-map.o                jump-map.s:1019
    jump-map.o                jump-map.s:1019
    jump.o                    jump.s:393
    jump.o                    jump.s:393
    hiring_hall.o             hiring_hall.s:963
    hiring_hall.o             hiring_hall.s:963
    hiring_hall.o             hiring_hall.s:963
    hiring_hall.o             hiring_hall.s:963
    damage.o                  damage.s:178
    common.o                  common.s:523
    common.o                  common.s:523
    common.o                  common.s:523
    burtle_jsf32.o            burtle_jsf32.s:248
    burtle_jsf32.o            burtle_jsf32.s:248
    alarm.o                   alarm.s:559
    main.o                    main.s:769
    main.o                    main.s:769
    main.o                    main.s:769
    main.o                    main.s:769
pusheax (lpush.o):
    _printf.o                 common/_printf.s:11
    sleep.o                   ../libwrk/cx16/sleep.s:54
    trade.o                   trade.s:1077
    trade.o                   trade.s:1077
    trade.o                   trade.s:1077
    trade.o                   trade.s:1077
    passengers.o              passengers.s:781
    hiring_hall.o             hiring_hall.s:963
    common.o                  common.s:523
    common.o                  common.s:523
    common.o                  common.s:523
    burtle_jsf32.o            burtle_jsf32.s:248
    burtle_jsf32.o            burtle_jsf32.s:248
    burtle_jsf32.o            burtle_jsf32.s:248
pushw (pushw.o):
    trade.o                   trade.s:1077
    starport.o                starport.s:506
    starport.o                starport.s:506
    hiring_hall.o             hiring_hall.s:963
    damage.o                  damage.s:178
    alarm.o                   alarm.s:559
pushw0sp (pushwsp.o):
    world.o                   world.s:1455
    world.o                   world.s:1455
    shipyard.o                shipyard.s:358
    shipyard.o                shipyard.s:358
    shipyard.o                shipyard.s:358
    ship.o                    ship.s:1157
    passengers.o              passengers.s:781
    hiring_hall.o             hiring_hall.s:963
pushwysp (pushwsp.o):
    world.o                   world.s:1455
    world.o                   world.s:1455
    world.o                   world.s:1455
    starport.o                starport.s:506
    starport.o                starport.s:506
    shipyard.o                shipyard.s:358
    shipyard.o                shipyard.s:358
    ship.o                    ship.s:1157
    passengers.o              passengers.s:781
    jump-map.o                jump-map.s:1019
    jump-map.o                jump-map.s:1019
    jump-map.o                jump-map.s:1019
    hiring_hall.o             hiring_hall.s:963
    hiring_hall.o             hiring_hall.s:963
    common.o                  common.s:523
    burtle_jsf32.o            burtle_jsf32.s:248
    burtle_jsf32.o            burtle_jsf32.s:248
    main.o                    main.s:769
regbank (zeropage.o):
    _printf.o                 /Users/rje/git/cc65/asminc/zeropage.inc:14
shlax1 (aslax1.o):
    jump.o                    jump.s:393
shlax2 (aslax2.o):
    world.o                   world.s:1455
    jump-map.o                jump-map.s:1019
shlax4 (aslax4.o):
    world.o                   world.s:1455
    jump-map.o                jump-map.s:1019
shleax1 (asleax1.o):
    trade.o                   trade.s:1077
    burtle_jsf32.o            burtle_jsf32.s:248
shleax3 (asleax3.o):
    burtle_jsf32.o            burtle_jsf32.s:248
shleax4 (asleax4.o):
    trade.o                   trade.s:1077
shrax1 (shrax1.o):
    sprite.o                  sprite.s:503
    sprite.o                  sprite.s:503
shrax3 (shrax3.o):
    jump-map.o                jump-map.s:1019
shrax4 (shrax4.o):
    sprite.o                  sprite.s:503
    sprite.o                  sprite.s:503
    jump-map.o                jump-map.s:1019
shreax1 (shreax1.o):
    burtle_jsf32.o            burtle_jsf32.s:248
shreax3 (shreax3.o):
    burtle_jsf32.o            burtle_jsf32.s:248
shreax4 (shreax4.o):
    burtle_jsf32.o            burtle_jsf32.s:248
sp (zeropage.o):
    lcmp.o                    runtime/lcmp.s:10
    decsp6.o                  runtime/decsp6.s:8
    _printf.o                 /Users/rje/git/cc65/asminc/zeropage.inc:11
    vcprintf.o                conio/vcprintf.s:10
    toslong.o                 runtime/toslong.s:9
    subysp.o                  runtime/subysp.s:9
    subeqsp.o                 runtime/subeqsp.s:8
    sub.o                     runtime/sub.s:9
    steaxsp.o                 runtime/steaxsp.s:8
    staxspi.o                 runtime/staxspi.s:10
    staxsp.o                  runtime/staxsp.s:8
    staspidx.o                runtime/staspidx.s:9
    pushwsp.o                 runtime/pushwsp.s:8
    pushax.o                  runtime/pushax.s:8
    pusha.o                   runtime/pusha.s:8
    popptr1.o                 runtime/popptr1.s:9
    popa.o                    runtime/popa.s:8
    or.o                      runtime/or.s:10
    memcpy.o                  common/memcpy.s:15
    lxor.o                    runtime/lxor.s:10
    ludiv.o                   runtime/ludiv.s:10
    lsub.o                    runtime/lsub.s:12
    lpush.o                   runtime/lpush.s:13
    lor.o                     runtime/lor.s:10
    lmul.o                    runtime/lmul.s:10
    leaaxsp.o                 runtime/leaaxsp.s:8
    ldeaxysp.o                runtime/ldeaxysp.s:12
    ldaxsp.o                  runtime/ldaxsp.s:8
    laddeqsp.o                runtime/laddeqsp.s:8
    ladd.o                    runtime/ladd.s:9
    incsp2.o                  runtime/incsp2.s:8
    incsp1.o                  runtime/incsp1.s:8
    icmp.o                    runtime/icmp.s:9
    decsp8.o                  runtime/decsp8.s:8
    decsp5.o                  runtime/decsp5.s:8
    decsp4.o                  runtime/decsp4.s:8
    decsp2.o                  runtime/decsp2.s:8
    decsp1.o                  runtime/decsp1.s:8
    crt0.o                    /Users/rje/git/cc65/asminc/zeropage.inc:11
    cprintf.o                 conio/cprintf.s:9
    addysp.o                  runtime/addysp.s:8
    addeqsp.o                 runtime/addeqsp.s:8
    add.o                     runtime/add.s:12
    world.o                   world.s:10
    trade.o                   trade.s:10
    starport.o                starport.s:10
    sprite.o                  sprite.s:10
    shipyard.o                shipyard.s:10
    ship.o                    ship.s:10
    passengers.o              passengers.s:10
    menu.o                    menu.s:10
    maneuver-map.o            maneuver-map.s:10
    jump-map.o                jump-map.s:10
    jump.o                    jump.s:10
    hiring_hall.o             hiring_hall.s:10
    emplacement.o             emplacement.s:10
    common.o                  common.s:10
    alarm.o                   alarm.s:10
    main.o                    main.s:10
sreg (zeropage.o):
    ltoa.o                    common/ltoa.s:11
    lcmp.o                    runtime/lcmp.s:10
    _printf.o                 /Users/rje/git/cc65/asminc/zeropage.inc:11
    umod.o                    runtime/umod.s:9
    udiv.o                    runtime/udiv.s:10
    steaxspi.o                runtime/steaxspi.s:10
    steaxsp.o                 runtime/steaxsp.s:8
    sleep.o                   ../libwrk/cx16/sleep.s:10
    shreax4.o                 runtime/shreax4.s:8
    shreax3.o                 runtime/shreax3.s:8
    shreax1.o                 runtime/shreax1.s:8
    mod.o                     runtime/mod.s:12
    lxor.o                    runtime/lxor.s:10
    lumod.o                   runtime/lumod.s:10
    ludiv.o                   runtime/ludiv.s:10
    lsubeq.o                  runtime/lsubeq.s:12
    lsub.o                    runtime/lsub.s:12
    lshelp.o                  runtime/lshelp.s:12
    lpush.o                   runtime/lpush.s:13
    lor.o                     runtime/lor.s:10
    lneg.o                    runtime/lneg.s:11
    lmul.o                    runtime/lmul.s:10
    linc.o                    runtime/linc.s:8
    ldiv.o                    runtime/ldiv.s:12
    ldeaxysp.o                runtime/ldeaxysp.s:12
    ldeaxi.o                  runtime/ldeaxi.s:8
    laddeqsp.o                runtime/laddeqsp.s:8
    laddeq.o                  runtime/laddeq.s:12
    ladd.o                    runtime/ladd.s:9
    icmp.o                    runtime/icmp.s:9
    clock.o                   cx16/clock.s:12
    axlong.o                  runtime/axlong.s:9
    asleax4.o                 runtime/asleax4.s:8
    asleax3.o                 runtime/asleax3.s:8
    asleax1.o                 runtime/asleax1.s:8
    world.o                   world.s:10
    trade.o                   trade.s:10
    starport.o                starport.s:10
    sprite.o                  sprite.s:10
    passengers.o              passengers.s:10
    jump-map.o                jump-map.s:10
    damage.o                  damage.s:10
    burtle_jsf32.o            burtle_jsf32.s:10
staspidx (staspidx.o):
    hiring_hall.o             hiring_hall.s:963
stax0sp (staxsp.o):
    world.o                   world.s:1455
    world.o                   world.s:1455
    world.o                   world.s:1455
    trade.o                   trade.s:1077
    trade.o                   trade.s:1077
    trade.o                   trade.s:1077
    trade.o                   trade.s:1077
    shipyard.o                shipyard.s:358
    passengers.o              passengers.s:781
    jump-map.o                jump-map.s:1019
    jump-map.o                jump-map.s:1019
    jump.o                    jump.s:393
    hiring_hall.o             hiring_hall.s:963
    hiring_hall.o             hiring_hall.s:963
    common.o                  common.s:523
    main.o                    main.s:769
    main.o                    main.s:769
staxspidx (staxspi.o):
    hiring_hall.o             hiring_hall.s:963
staxysp (staxsp.o):
    world.o                   world.s:1455
    world.o                   world.s:1455
    world.o                   world.s:1455
    trade.o                   trade.s:1077
    trade.o                   trade.s:1077
    starport.o                starport.s:506
    passengers.o              passengers.s:781
    maneuver-map.o            maneuver-map.s:241
    jump-map.o                jump-map.s:1019
    jump-map.o                jump-map.s:1019
    hiring_hall.o             hiring_hall.s:963
    main.o                    main.s:769
steax0sp (steaxsp.o):
    burtle_jsf32.o            burtle_jsf32.s:248
steaxspidx (steaxspi.o):
    trade.o                   trade.s:1077
    burtle_jsf32.o            burtle_jsf32.s:248
    burtle_jsf32.o            burtle_jsf32.s:248
subeq0sp (subeqsp.o):
    trade.o                   trade.s:1077
    trade.o                   trade.s:1077
    passengers.o              passengers.s:781
    passengers.o              passengers.s:781
    jump.o                    jump.s:393
subeqysp (subeqsp.o):
    shipyard.o                shipyard.s:358
    jump-map.o                jump-map.s:1019
    jump.o                    jump.s:393
subysp (subysp.o):
    passengers.o              passengers.s:781
    maneuver-map.o            maneuver-map.s:241
    jump-map.o                jump-map.s:1019
    jump-map.o                jump-map.s:1019
    jump.o                    jump.s:393
    hiring_hall.o             hiring_hall.s:963
tmp1 (zeropage.o):
    ltoa.o                    common/ltoa.s:11
    _printf.o                 /Users/rje/git/cc65/asminc/zeropage.inc:13
    vcprintf.o                conio/vcprintf.s:10
    strncpy.o                 common/strncpy.s:9
    steaxspi.o                runtime/steaxspi.s:10
    staxspi.o                 runtime/staxspi.s:10
    staspidx.o                runtime/staspidx.s:9
    shreax4.o                 runtime/shreax4.s:8
    shreax3.o                 runtime/shreax3.s:8
    shreax1.o                 runtime/shreax1.s:8
    shrax4.o                  runtime/shrax4.s:8
    shrax3.o                  runtime/shrax3.s:8
    shrax1.o                  runtime/shrax1.s:8
    shelp.o                   runtime/shelp.s:12
    or.o                      runtime/or.s:10
    mul.o                     runtime/mul.s:10
    mod.o                     runtime/mod.s:12
    lxor.o                    runtime/lxor.s:10
    lshelp.o                  runtime/lshelp.s:12
    lor.o                     runtime/lor.s:10
    ldiv.o                    runtime/ldiv.s:12
    ladd.o                    runtime/ladd.s:9
    incaxy.o                  runtime/incaxy.s:8
    div.o                     runtime/div.s:12
    decaxy.o                  runtime/decaxy.s:8
    cputs.o                   conio/cputs.s:10
    color.o                   cx16/color.s:11
    chline.o                  cbm/chline.s:10
    cclear.o                  cbm/cclear.s:10
    c_setlfs.o                cbm/c_setlfs.s:13
    asrax4.o                  runtime/asrax4.s:9
    asrax1.o                  runtime/asrax1.s:8
    asleax4.o                 runtime/asleax4.s:8
    asleax3.o                 runtime/asleax3.s:8
    asleax1.o                 runtime/asleax1.s:8
    aslax4.o                  runtime/aslax4.s:8
    aslax3.o                  runtime/aslax3.s:8
    aslax2.o                  runtime/aslax2.s:8
    aslax1.o                  runtime/aslax1.s:8
    passengers.o              passengers.s:11
    jump-map.o                jump-map.s:11
    jump.o                    jump.s:11
tmp2 (zeropage.o):
    strncpy.o                 common/strncpy.s:9
    steaxspi.o                runtime/steaxspi.s:10
    shelp.o                   runtime/shelp.s:12
    lshelp.o                  runtime/lshelp.s:12
    lmul.o                    runtime/lmul.s:10
    ldiv.o                    runtime/ldiv.s:12
    div.o                     runtime/div.s:12
tmp3 (zeropage.o):
    strncpy.o                 common/strncpy.s:9
    steaxspi.o                runtime/steaxspi.s:10
    lumod.o                   runtime/lumod.s:10
    ludiv.o                   runtime/ludiv.s:10
    lmul.o                    runtime/lmul.s:10
tmp4 (zeropage.o):
    lumod.o                   runtime/lumod.s:10
    ludiv.o                   runtime/ludiv.s:10
    lmul.o                    runtime/lmul.s:10
tosadd0ax (ladd.o):
    trade.o                   trade.s:1077
tosaddax (add.o):
    world.o                   world.s:1455
    trade.o                   trade.s:1077
    shipyard.o                shipyard.s:358
    shipyard.o                shipyard.s:358
    ship.o                    ship.s:1157
    passengers.o              passengers.s:781
tosaddeax (ladd.o):
    sleep.o                   ../libwrk/cx16/sleep.s:54
    common.o                  common.s:523
    common.o                  common.s:523
    burtle_jsf32.o            burtle_jsf32.s:248
tosdiv0ax (ldiv.o):
    trade.o                   trade.s:1077
    trade.o                   trade.s:1077
tosdiva0 (div.o):
    world.o                   world.s:1455
    world.o                   world.s:1455
tosdivax (div.o):
    jump.o                    jump.s:393
tosgeeax (lge.o):
    sleep.o                   ../libwrk/cx16/sleep.s:54
tosgteax (lgt.o):
    trade.o                   trade.s:1077
    starport.o                starport.s:506
tosicmp (icmp.o):
    world.o                   world.s:1455
tosicmp0 (icmp.o):
    passengers.o              passengers.s:781
toslcmp (lcmp.o):
    lge.o                     runtime/lge.s:8
    llt.o                     runtime/llt.s:8
    lgt.o                     runtime/lgt.s:8
toslong (toslong.o):
    starport.o                starport.s:506
    starport.o                starport.s:506
toslteax (llt.o):
    starport.o                starport.s:506
tosmoda0 (mod.o):
    world.o                   world.s:1455
    world.o                   world.s:1455
    world.o                   world.s:1455
    passengers.o              passengers.s:781
    passengers.o              passengers.s:781
    jump-map.o                jump-map.s:1019
    jump-map.o                jump-map.s:1019
    jump.o                    jump.s:393
    damage.o                  damage.s:178
tosmodax (mod.o):
    world.o                   world.s:1455
tosmul0ax (lmul.o):
    passengers.o              passengers.s:781
tosmula0 (mul8.o):
    world.o                   world.s:1455
    world.o                   world.s:1455
    starport.o                starport.s:506
    starport.o                starport.s:506
    shipyard.o                shipyard.s:358
    shipyard.o                shipyard.s:358
    shipyard.o                shipyard.s:358
    ship.o                    ship.s:1157
    jump-map.o                jump-map.s:1019
    hiring_hall.o             hiring_hall.s:963
    hiring_hall.o             hiring_hall.s:963
    main.o                    main.s:769
tosmulax (mul.o):
    world.o                   world.s:1455
tosmuleax (lmul.o):
    trade.o                   trade.s:1077
    trade.o                   trade.s:1077
tosorax (or.o):
    jump-map.o                jump-map.s:1019
tosoreax (lor.o):
    burtle_jsf32.o            burtle_jsf32.s:248
tossuba0 (sub.o):
    starport.o                starport.s:506
tossubax (sub.o):
    jump-map.o                jump-map.s:1019
    jump-map.o                jump-map.s:1019
tossubeax (lsub.o):
    sleep.o                   ../libwrk/cx16/sleep.s:54
    burtle_jsf32.o            burtle_jsf32.s:248
tosudiva0 (udiv.o):
    passengers.o              passengers.s:781
    jump-map.o                jump-map.s:1019
tosumod0ax (lumod.o):
    trade.o                   trade.s:1077
    hiring_hall.o             hiring_hall.s:963
    common.o                  common.s:523
    common.o                  common.s:523
    common.o                  common.s:523
tosumoda0 (umod.o):
    trade.o                   trade.s:1077
    starport.o                starport.s:506
tosumul0ax (lmul.o):
    sleep.o                   ../libwrk/cx16/sleep.s:54
tosumula0 (mul8.o):
    trade.o                   trade.s:1077
    trade.o                   trade.s:1077
    starport.o                starport.s:506
    ship.o                    ship.s:1157
    ship.o                    ship.s:1157
    passengers.o              passengers.s:781
    alarm.o                   alarm.s:559
tosumulax (mul.o):
    passengers.o              passengers.s:781
tosumuleax (lmul.o):
    trade.o                   trade.s:1077
tosxoreax (lxor.o):
    burtle_jsf32.o            burtle_jsf32.s:248
udiv16 (udiv.o):
    umod.o                    runtime/umod.s:8
    shelp.o                   runtime/shelp.s:11
udiv32 (ludiv.o):
    lumod.o                   runtime/lumod.s:9
    ldiv.o                    runtime/ldiv.s:11
zerobss (zerobss.o):
    crt0.o                    cx16/crt0.s:9

