Modules list:
-------------
main.o:
    CODE              Offs=000000  Size=000364  Align=00001  Fill=0000
    RODATA            Offs=000000  Size=0000DF  Align=00001  Fill=0000
    BSS               Offs=000000  Size=0005BE  Align=00001  Fill=0000
    DATA              Offs=000000  Size=00001B  Align=00001  Fill=0000
alarm.o:
    CODE              Offs=000364  Size=0001B0  Align=00001  Fill=0000
    RODATA            Offs=0000DF  Size=0000A4  Align=00001  Fill=0000
    BSS               Offs=0005BE  Size=000014  Align=00001  Fill=0000
    DATA              Offs=00001B  Size=000079  Align=00001  Fill=0000
bankedText.o:
    CODE              Offs=000514  Size=00005E  Align=00001  Fill=0000
    RODATA            Offs=000183  Size=000005  Align=00001  Fill=0000
burtle_jsf32.o:
    CODE              Offs=000572  Size=0001A5  Align=00001  Fill=0000
    BSS               Offs=0005D2  Size=000011  Align=00001  Fill=0000
common.o:
    CODE              Offs=000717  Size=00028A  Align=00001  Fill=0000
    RODATA            Offs=000188  Size=000053  Align=00001  Fill=0000
    DATA              Offs=000094  Size=000002  Align=00001  Fill=0000
damage.o:
    CODE              Offs=0009A1  Size=000021  Align=00001  Fill=0000
    BSS               Offs=0005E3  Size=000001  Align=00001  Fill=0000
emplacement.o:
    CODE              Offs=0009C2  Size=000172  Align=00001  Fill=0000
    RODATA            Offs=0001DB  Size=0000B9  Align=00001  Fill=0000
    DATA              Offs=000096  Size=000050  Align=00001  Fill=0000
hiring_hall.o:
    CODE              Offs=000B34  Size=000758  Align=00001  Fill=0000
    RODATA            Offs=000294  Size=00012B  Align=00001  Fill=0000
    BSS               Offs=0005E4  Size=00015E  Align=00001  Fill=0000
    DATA              Offs=0000E6  Size=000024  Align=00001  Fill=0000
insystem.o:
    CODE              Offs=00128C  Size=0003CC  Align=00001  Fill=0000
    RODATA            Offs=0003BF  Size=000165  Align=00001  Fill=0000
    BSS               Offs=000742  Size=000031  Align=00001  Fill=0000
    DATA              Offs=00010A  Size=000011  Align=00001  Fill=0000
jump.o:
    CODE              Offs=001658  Size=00020F  Align=00001  Fill=0000
    RODATA            Offs=000524  Size=000044  Align=00001  Fill=0000
jump-map.o:
    CODE              Offs=001867  Size=000705  Align=00001  Fill=0000
    RODATA            Offs=000568  Size=000051  Align=00001  Fill=0000
    DATA              Offs=00011B  Size=000010  Align=00001  Fill=0000
maneuver-map.o:
    CODE              Offs=001F6C  Size=000166  Align=00001  Fill=0000
    RODATA            Offs=0005B9  Size=0000B5  Align=00001  Fill=0000
menu.o:
    CODE              Offs=0020D2  Size=00015E  Align=00001  Fill=0000
    RODATA            Offs=00066E  Size=000003  Align=00001  Fill=0000
    BSS               Offs=000773  Size=000003  Align=00001  Fill=0000
name.o:
    CODE              Offs=002230  Size=0000E8  Align=00001  Fill=0000
panel.o:
    CODE              Offs=002318  Size=000169  Align=00001  Fill=0000
passengers.o:
    CODE              Offs=002481  Size=00056F  Align=00001  Fill=0000
    RODATA            Offs=000671  Size=0001AF  Align=00001  Fill=0000
ship.o:
    CODE              Offs=0029F0  Size=000548  Align=00001  Fill=0000
    RODATA            Offs=000820  Size=0002A9  Align=00001  Fill=0000
    DATA              Offs=00012B  Size=000006  Align=00001  Fill=0000
shipyard.o:
    CODE              Offs=002F38  Size=000247  Align=00001  Fill=0000
    RODATA            Offs=000AC9  Size=0000C9  Align=00001  Fill=0000
    BSS               Offs=000776  Size=000001  Align=00001  Fill=0000
sprite.o:
    CODE              Offs=00317F  Size=000330  Align=00001  Fill=0000
    BSS               Offs=000777  Size=000006  Align=00001  Fill=0000
starport.o:
    CODE              Offs=0034AF  Size=0003AA  Align=00001  Fill=0000
    RODATA            Offs=000B92  Size=0001B7  Align=00001  Fill=0000
survey.o:
    CODE              Offs=003859  Size=000122  Align=00001  Fill=0000
    RODATA            Offs=000D49  Size=0000CC  Align=00001  Fill=0000
trade.o:
    CODE              Offs=00397B  Size=00079D  Align=00001  Fill=0000
    RODATA            Offs=000E15  Size=0000BA  Align=00001  Fill=0000
    DATA              Offs=000131  Size=00000E  Align=00001  Fill=0000
wilderness.o:
    CODE              Offs=004118  Size=000160  Align=00001  Fill=0000
    RODATA            Offs=000ECF  Size=000148  Align=00001  Fill=0000
world.o:
    CODE              Offs=004278  Size=000954  Align=00001  Fill=0000
    RODATA            Offs=001017  Size=000218  Align=00001  Fill=0000
    BSS               Offs=00077D  Size=000960  Align=00001  Fill=0000
    DATA              Offs=00013F  Size=000065  Align=00001  Fill=0000
/Users/rje/git/cc65/lib/cx16.lib(_cursor.o):
    BSS               Offs=0010DD  Size=000001  Align=00001  Fill=0000
/Users/rje/git/cc65/lib/cx16.lib(_heap.o):
    DATA              Offs=0001A4  Size=00000A  Align=00001  Fill=0000
    ONCE              Offs=000000  Size=000010  Align=00001  Fill=0000
/Users/rje/git/cc65/lib/cx16.lib(_heapmemavail.o):
    CODE              Offs=004BCC  Size=00004E  Align=00001  Fill=0000
/Users/rje/git/cc65/lib/cx16.lib(_hextab.o):
    RODATA            Offs=00122F  Size=000010  Align=00001  Fill=0000
/Users/rje/git/cc65/lib/cx16.lib(_longminstr.o):
    RODATA            Offs=00123F  Size=00000C  Align=00001  Fill=0000
/Users/rje/git/cc65/lib/cx16.lib(_oserror.o):
    BSS               Offs=0010DE  Size=000001  Align=00001  Fill=0000
/Users/rje/git/cc65/lib/cx16.lib(_printf.o):
    CODE              Offs=004C1A  Size=0003A5  Align=00001  Fill=0000
    BSS               Offs=0010DF  Size=00002B  Align=00001  Fill=0000
    DATA              Offs=0001AE  Size=000003  Align=00001  Fill=0000
/Users/rje/git/cc65/lib/cx16.lib(add.o):
    CODE              Offs=004FBF  Size=000018  Align=00001  Fill=0000
/Users/rje/git/cc65/lib/cx16.lib(addeqsp.o):
    CODE              Offs=004FD7  Size=000011  Align=00001  Fill=0000
/Users/rje/git/cc65/lib/cx16.lib(addysp.o):
    CODE              Offs=004FE8  Size=00000E  Align=00001  Fill=0000
/Users/rje/git/cc65/lib/cx16.lib(aslax1.o):
    CODE              Offs=004FF6  Size=000008  Align=00001  Fill=0000
/Users/rje/git/cc65/lib/cx16.lib(aslax2.o):
    CODE              Offs=004FFE  Size=00000B  Align=00001  Fill=0000
/Users/rje/git/cc65/lib/cx16.lib(aslax3.o):
    CODE              Offs=005009  Size=00000E  Align=00001  Fill=0000
/Users/rje/git/cc65/lib/cx16.lib(aslax4.o):
    CODE              Offs=005017  Size=000011  Align=00001  Fill=0000
/Users/rje/git/cc65/lib/cx16.lib(asleax1.o):
    CODE              Offs=005028  Size=00000C  Align=00001  Fill=0000
/Users/rje/git/cc65/lib/cx16.lib(asleax3.o):
    CODE              Offs=005034  Size=00001A  Align=00001  Fill=0000
/Users/rje/git/cc65/lib/cx16.lib(asleax4.o):
    CODE              Offs=00504E  Size=000011  Align=00001  Fill=0000
/Users/rje/git/cc65/lib/cx16.lib(asrax1.o):
    CODE              Offs=00505F  Size=00000A  Align=00001  Fill=0000
/Users/rje/git/cc65/lib/cx16.lib(asrax4.o):
    CODE              Offs=005069  Size=000019  Align=00001  Fill=0000
/Users/rje/git/cc65/lib/cx16.lib(axlong.o):
    CODE              Offs=005082  Size=00000D  Align=00001  Fill=0000
/Users/rje/git/cc65/lib/cx16.lib(c_bsout.o):
/Users/rje/git/cc65/lib/cx16.lib(c_load.o):
    CODE              Offs=00508F  Size=00001D  Align=00001  Fill=0000
/Users/rje/git/cc65/lib/cx16.lib(c_setlfs.o):
    CODE              Offs=0050AC  Size=00000E  Align=00001  Fill=0000
/Users/rje/git/cc65/lib/cx16.lib(c_setnam.o):
    CODE              Offs=0050BA  Size=000013  Align=00001  Fill=0000
/Users/rje/git/cc65/lib/cx16.lib(callmain.o):
    CODE              Offs=0050CD  Size=000017  Align=00001  Fill=0000
    DATA              Offs=0001B1  Size=000004  Align=00001  Fill=0000
/Users/rje/git/cc65/lib/cx16.lib(cclear.o):
    CODE              Offs=0050E4  Size=000015  Align=00001  Fill=0000
/Users/rje/git/cc65/lib/cx16.lib(cgetc.o):
    CODE              Offs=0050F9  Size=000067  Align=00001  Fill=0000
/Users/rje/git/cc65/lib/cx16.lib(chline.o):
    CODE              Offs=005160  Size=000015  Align=00001  Fill=0000
/Users/rje/git/cc65/lib/cx16.lib(clinechars.o):
/Users/rje/git/cc65/lib/cx16.lib(clock.o):
    CODE              Offs=005175  Size=00000F  Align=00001  Fill=0000
/Users/rje/git/cc65/lib/cx16.lib(clrscr.o):
    CODE              Offs=005184  Size=000011  Align=00001  Fill=0000
/Users/rje/git/cc65/lib/cx16.lib(color.o):
    CODE              Offs=005195  Size=00002A  Align=00001  Fill=0000
/Users/rje/git/cc65/lib/cx16.lib(condes.o):
    CODE              Offs=0051BF  Size=00000C  Align=00001  Fill=0000
    DATA              Offs=0001B5  Size=000025  Align=00001  Fill=0000
    ONCE              Offs=000010  Size=00000C  Align=00001  Fill=0000
/Users/rje/git/cc65/lib/cx16.lib(cprintf.o):
    CODE              Offs=0051CB  Size=00002A  Align=00001  Fill=0000
    BSS               Offs=00110A  Size=000001  Align=00001  Fill=0000
/Users/rje/git/cc65/lib/cx16.lib(cputc.o):
    CODE              Offs=0051F5  Size=000062  Align=00001  Fill=0000
    RODATA            Offs=00124B  Size=000008  Align=00001  Fill=0000
/Users/rje/git/cc65/lib/cx16.lib(cputs.o):
    CODE              Offs=005257  Size=000023  Align=00001  Fill=0000
/Users/rje/git/cc65/lib/cx16.lib(crt0.o):
    STARTUP           Offs=000000  Size=000021  Align=00001  Fill=0000
    ONCE              Offs=00001C  Size=00001B  Align=00001  Fill=0000
    INIT              Offs=000000  Size=000002  Align=00001  Fill=0000
/Users/rje/git/cc65/lib/cx16.lib(ctype.o):
    RODATA            Offs=001253  Size=00008B  Align=00001  Fill=0000
/Users/rje/git/cc65/lib/cx16.lib(ctypemask.o):
    CODE              Offs=00527A  Size=00001E  Align=00001  Fill=0000
/Users/rje/git/cc65/lib/cx16.lib(decax1.o):
    CODE              Offs=005298  Size=000007  Align=00001  Fill=0000
/Users/rje/git/cc65/lib/cx16.lib(decax2.o):
    CODE              Offs=00529F  Size=000007  Align=00001  Fill=0000
/Users/rje/git/cc65/lib/cx16.lib(decax3.o):
    CODE              Offs=0052A6  Size=000007  Align=00001  Fill=0000
/Users/rje/git/cc65/lib/cx16.lib(decaxy.o):
    CODE              Offs=0052AD  Size=000009  Align=00001  Fill=0000
/Users/rje/git/cc65/lib/cx16.lib(decsp1.o):
    CODE              Offs=0052B6  Size=000009  Align=00001  Fill=0000
/Users/rje/git/cc65/lib/cx16.lib(decsp2.o):
    CODE              Offs=0052BF  Size=00000D  Align=00001  Fill=0000
/Users/rje/git/cc65/lib/cx16.lib(decsp4.o):
    CODE              Offs=0052CC  Size=00000D  Align=00001  Fill=0000
/Users/rje/git/cc65/lib/cx16.lib(decsp5.o):
    CODE              Offs=0052D9  Size=00000D  Align=00001  Fill=0000
/Users/rje/git/cc65/lib/cx16.lib(decsp6.o):
    CODE              Offs=0052E6  Size=00000D  Align=00001  Fill=0000
/Users/rje/git/cc65/lib/cx16.lib(decsp8.o):
    CODE              Offs=0052F3  Size=00000D  Align=00001  Fill=0000
/Users/rje/git/cc65/lib/cx16.lib(div.o):
    CODE              Offs=005300  Size=000015  Align=00001  Fill=0000
/Users/rje/git/cc65/lib/cx16.lib(exehdr.o):
    EXEHDR            Offs=000000  Size=00000C  Align=00001  Fill=0000
/Users/rje/git/cc65/lib/cx16.lib(gotox.o):
    CODE              Offs=005315  Size=000006  Align=00001  Fill=0000
/Users/rje/git/cc65/lib/cx16.lib(gotoxy.o):
    CODE              Offs=00531B  Size=00000F  Align=00001  Fill=0000
/Users/rje/git/cc65/lib/cx16.lib(icmp.o):
    CODE              Offs=00532A  Size=00002E  Align=00001  Fill=0000
/Users/rje/git/cc65/lib/cx16.lib(incax2.o):
    CODE              Offs=005358  Size=000007  Align=00001  Fill=0000
/Users/rje/git/cc65/lib/cx16.lib(incax3.o):
    CODE              Offs=00535F  Size=000005  Align=00001  Fill=0000
/Users/rje/git/cc65/lib/cx16.lib(incax5.o):
    CODE              Offs=005364  Size=000005  Align=00001  Fill=0000
/Users/rje/git/cc65/lib/cx16.lib(incax6.o):
    CODE              Offs=005369  Size=000005  Align=00001  Fill=0000
/Users/rje/git/cc65/lib/cx16.lib(incax7.o):
    CODE              Offs=00536E  Size=000005  Align=00001  Fill=0000
/Users/rje/git/cc65/lib/cx16.lib(incaxy.o):
    CODE              Offs=005373  Size=00000B  Align=00001  Fill=0000
/Users/rje/git/cc65/lib/cx16.lib(incsp1.o):
    CODE              Offs=00537E  Size=000007  Align=00001  Fill=0000
/Users/rje/git/cc65/lib/cx16.lib(incsp2.o):
    CODE              Offs=005385  Size=000015  Align=00001  Fill=0000
/Users/rje/git/cc65/lib/cx16.lib(incsp3.o):
    CODE              Offs=00539A  Size=000005  Align=00001  Fill=0000
/Users/rje/git/cc65/lib/cx16.lib(incsp4.o):
    CODE              Offs=00539F  Size=000005  Align=00001  Fill=0000
/Users/rje/git/cc65/lib/cx16.lib(incsp5.o):
    CODE              Offs=0053A4  Size=000005  Align=00001  Fill=0000
/Users/rje/git/cc65/lib/cx16.lib(incsp6.o):
    CODE              Offs=0053A9  Size=000005  Align=00001  Fill=0000
/Users/rje/git/cc65/lib/cx16.lib(incsp7.o):
    CODE              Offs=0053AE  Size=000005  Align=00001  Fill=0000
/Users/rje/git/cc65/lib/cx16.lib(kbhit.o):
    CODE              Offs=0053B3  Size=000005  Align=00001  Fill=0000
/Users/rje/git/cc65/lib/cx16.lib(kernal.o):
/Users/rje/git/cc65/lib/cx16.lib(ladd.o):
    CODE              Offs=0053B8  Size=000024  Align=00001  Fill=0000
/Users/rje/git/cc65/lib/cx16.lib(laddeq.o):
    CODE              Offs=0053DC  Size=00002C  Align=00001  Fill=0000
/Users/rje/git/cc65/lib/cx16.lib(laddeqsp.o):
    CODE              Offs=005408  Size=000023  Align=00001  Fill=0000
/Users/rje/git/cc65/lib/cx16.lib(lcmp.o):
    CODE              Offs=00542B  Size=00003B  Align=00001  Fill=0000
/Users/rje/git/cc65/lib/cx16.lib(ldai.o):
    CODE              Offs=005466  Size=00000C  Align=00001  Fill=0000
/Users/rje/git/cc65/lib/cx16.lib(ldaxi.o):
    CODE              Offs=005472  Size=00000D  Align=00001  Fill=0000
/Users/rje/git/cc65/lib/cx16.lib(ldaxsp.o):
    CODE              Offs=00547F  Size=000009  Align=00001  Fill=0000
/Users/rje/git/cc65/lib/cx16.lib(ldeaxi.o):
    CODE              Offs=005488  Size=000017  Align=00001  Fill=0000
/Users/rje/git/cc65/lib/cx16.lib(ldeaxysp.o):
    CODE              Offs=00549F  Size=000013  Align=00001  Fill=0000
/Users/rje/git/cc65/lib/cx16.lib(ldiv.o):
    CODE              Offs=0054B2  Size=00001C  Align=00001  Fill=0000
/Users/rje/git/cc65/lib/cx16.lib(leaaxsp.o):
    CODE              Offs=0054CE  Size=00000C  Align=00001  Fill=0000
/Users/rje/git/cc65/lib/cx16.lib(lge.o):
    CODE              Offs=0054DA  Size=000006  Align=00001  Fill=0000
/Users/rje/git/cc65/lib/cx16.lib(lgt.o):
    CODE              Offs=0054E0  Size=000006  Align=00001  Fill=0000
/Users/rje/git/cc65/lib/cx16.lib(linc.o):
    CODE              Offs=0054E6  Size=000011  Align=00001  Fill=0000
/Users/rje/git/cc65/lib/cx16.lib(llt.o):
    CODE              Offs=0054F7  Size=000006  Align=00001  Fill=0000
/Users/rje/git/cc65/lib/cx16.lib(lmul.o):
    CODE              Offs=0054FD  Size=000059  Align=00001  Fill=0000
/Users/rje/git/cc65/lib/cx16.lib(lneg.o):
    CODE              Offs=005556  Size=00001E  Align=00001  Fill=0000
/Users/rje/git/cc65/lib/cx16.lib(loadaddr.o):
    LOADADDR          Offs=000000  Size=000002  Align=00001  Fill=0000
/Users/rje/git/cc65/lib/cx16.lib(lor.o):
    CODE              Offs=005574  Size=000021  Align=00001  Fill=0000
/Users/rje/git/cc65/lib/cx16.lib(lpush.o):
    CODE              Offs=005595  Size=00001E  Align=00001  Fill=0000
/Users/rje/git/cc65/lib/cx16.lib(lshelp.o):
    CODE              Offs=0055B3  Size=000052  Align=00001  Fill=0000
/Users/rje/git/cc65/lib/cx16.lib(lsub.o):
    CODE              Offs=005605  Size=000024  Align=00001  Fill=0000
/Users/rje/git/cc65/lib/cx16.lib(lsubeq.o):
    CODE              Offs=005629  Size=000030  Align=00001  Fill=0000
/Users/rje/git/cc65/lib/cx16.lib(ltoa.o):
    CODE              Offs=005659  Size=000093  Align=00001  Fill=0000
/Users/rje/git/cc65/lib/cx16.lib(ludiv.o):
    CODE              Offs=0056EC  Size=000077  Align=00001  Fill=0000
/Users/rje/git/cc65/lib/cx16.lib(lumod.o):
    CODE              Offs=005763  Size=000017  Align=00001  Fill=0000
/Users/rje/git/cc65/lib/cx16.lib(lxor.o):
    CODE              Offs=00577A  Size=000021  Align=00001  Fill=0000
/Users/rje/git/cc65/lib/cx16.lib(makebool.o):
    CODE              Offs=00579B  Size=00002C  Align=00001  Fill=0000
/Users/rje/git/cc65/lib/cx16.lib(memcpy.o):
    CODE              Offs=0057C7  Size=00003C  Align=00001  Fill=0000
/Users/rje/git/cc65/lib/cx16.lib(mod.o):
    CODE              Offs=005803  Size=000011  Align=00001  Fill=0000
/Users/rje/git/cc65/lib/cx16.lib(mul.o):
    CODE              Offs=005814  Size=000045  Align=00001  Fill=0000
/Users/rje/git/cc65/lib/cx16.lib(mul8.o):
    CODE              Offs=005859  Size=00003A  Align=00001  Fill=0000
/Users/rje/git/cc65/lib/cx16.lib(mulax10.o):
    CODE              Offs=005893  Size=000019  Align=00001  Fill=0000
/Users/rje/git/cc65/lib/cx16.lib(mulax3.o):
    CODE              Offs=0058AC  Size=000011  Align=00001  Fill=0000
/Users/rje/git/cc65/lib/cx16.lib(mulax6.o):
    CODE              Offs=0058BD  Size=000016  Align=00001  Fill=0000
/Users/rje/git/cc65/lib/cx16.lib(mulax7.o):
    CODE              Offs=0058D3  Size=000019  Align=00001  Fill=0000
/Users/rje/git/cc65/lib/cx16.lib(mulax9.o):
    CODE              Offs=0058EC  Size=000017  Align=00001  Fill=0000
/Users/rje/git/cc65/lib/cx16.lib(negabs.o):
    CODE              Offs=005903  Size=000012  Align=00001  Fill=0000
/Users/rje/git/cc65/lib/cx16.lib(or.o):
    CODE              Offs=005915  Size=000011  Align=00001  Fill=0000
/Users/rje/git/cc65/lib/cx16.lib(popa.o):
    CODE              Offs=005926  Size=00000A  Align=00001  Fill=0000
/Users/rje/git/cc65/lib/cx16.lib(popptr1.o):
    CODE              Offs=005930  Size=00000E  Align=00001  Fill=0000
/Users/rje/git/cc65/lib/cx16.lib(push1.o):
    CODE              Offs=00593E  Size=000005  Align=00001  Fill=0000
/Users/rje/git/cc65/lib/cx16.lib(pusha.o):
    CODE              Offs=005943  Size=000016  Align=00001  Fill=0000
/Users/rje/git/cc65/lib/cx16.lib(pushax.o):
    CODE              Offs=005959  Size=00001A  Align=00001  Fill=0000
/Users/rje/git/cc65/lib/cx16.lib(pushw.o):
    CODE              Offs=005973  Size=00000F  Align=00001  Fill=0000
/Users/rje/git/cc65/lib/cx16.lib(pushwsp.o):
    CODE              Offs=005982  Size=00001C  Align=00001  Fill=0000
/Users/rje/git/cc65/lib/cx16.lib(rand.o):
    CODE              Offs=00599E  Size=000034  Align=00001  Fill=0000
    DATA              Offs=0001DA  Size=000004  Align=00001  Fill=0000
/Users/rje/git/cc65/lib/cx16.lib(randomize.o):
    CODE              Offs=0059D2  Size=000006  Align=00001  Fill=0000
/Users/rje/git/cc65/lib/cx16.lib(revers.o):
    CODE              Offs=0059D8  Size=000013  Align=00001  Fill=0000
/Users/rje/git/cc65/lib/cx16.lib(shelp.o):
    CODE              Offs=0059EB  Size=000020  Align=00001  Fill=0000
/Users/rje/git/cc65/lib/cx16.lib(shrax1.o):
    CODE              Offs=005A0B  Size=000008  Align=00001  Fill=0000
/Users/rje/git/cc65/lib/cx16.lib(shrax3.o):
    CODE              Offs=005A13  Size=00000E  Align=00001  Fill=0000
/Users/rje/git/cc65/lib/cx16.lib(shrax4.o):
    CODE              Offs=005A21  Size=000011  Align=00001  Fill=0000
/Users/rje/git/cc65/lib/cx16.lib(shreax1.o):
    CODE              Offs=005A32  Size=00000C  Align=00001  Fill=0000
/Users/rje/git/cc65/lib/cx16.lib(shreax3.o):
    CODE              Offs=005A3E  Size=00001A  Align=00001  Fill=0000
/Users/rje/git/cc65/lib/cx16.lib(shreax4.o):
    CODE              Offs=005A58  Size=000011  Align=00001  Fill=0000
/Users/rje/git/cc65/lib/cx16.lib(sleep.o):
    CODE              Offs=005A69  Size=000043  Align=00001  Fill=0000
/Users/rje/git/cc65/lib/cx16.lib(sprites_enable.o):
    CODE              Offs=005AAC  Size=00001F  Align=00001  Fill=0000
/Users/rje/git/cc65/lib/cx16.lib(staspidx.o):
    CODE              Offs=005ACB  Size=000016  Align=00001  Fill=0000
/Users/rje/git/cc65/lib/cx16.lib(staxsp.o):
    CODE              Offs=005AE1  Size=00000B  Align=00001  Fill=0000
/Users/rje/git/cc65/lib/cx16.lib(steaxsp.o):
    CODE              Offs=005AEC  Size=000015  Align=00001  Fill=0000
/Users/rje/git/cc65/lib/cx16.lib(steaxspi.o):
    CODE              Offs=005B01  Size=000022  Align=00001  Fill=0000
/Users/rje/git/cc65/lib/cx16.lib(strcpy.o):
    CODE              Offs=005B23  Size=00001F  Align=00001  Fill=0000
/Users/rje/git/cc65/lib/cx16.lib(strlen.o):
    CODE              Offs=005B42  Size=000016  Align=00001  Fill=0000
/Users/rje/git/cc65/lib/cx16.lib(strlower.o):
    CODE              Offs=005B58  Size=000027  Align=00001  Fill=0000
/Users/rje/git/cc65/lib/cx16.lib(strncpy.o):
    CODE              Offs=005B7F  Size=000042  Align=00001  Fill=0000
/Users/rje/git/cc65/lib/cx16.lib(sub.o):
    CODE              Offs=005BC1  Size=000014  Align=00001  Fill=0000
/Users/rje/git/cc65/lib/cx16.lib(subeqsp.o):
    CODE              Offs=005BD5  Size=000015  Align=00001  Fill=0000
/Users/rje/git/cc65/lib/cx16.lib(subysp.o):
    CODE              Offs=005BEA  Size=00000D  Align=00001  Fill=0000
/Users/rje/git/cc65/lib/cx16.lib(toslong.o):
    CODE              Offs=005BF7  Size=000032  Align=00001  Fill=0000
/Users/rje/git/cc65/lib/cx16.lib(udiv.o):
    CODE              Offs=005C29  Size=00004F  Align=00001  Fill=0000
/Users/rje/git/cc65/lib/cx16.lib(umod.o):
    CODE              Offs=005C78  Size=000011  Align=00001  Fill=0000
/Users/rje/git/cc65/lib/cx16.lib(vcprintf.o):
    CODE              Offs=005C89  Size=000078  Align=00001  Fill=0000
    DATA              Offs=0001DE  Size=000008  Align=00001  Fill=0000
/Users/rje/git/cc65/lib/cx16.lib(zerobss.o):
    CODE              Offs=005D01  Size=000023  Align=00001  Fill=0000
/Users/rje/git/cc65/lib/cx16.lib(zeropage.o):
    ZEROPAGE          Offs=000000  Size=00001A  Align=00001  Fill=0000


Segment list:
-------------
Name                   Start     End    Size  Align
----------------------------------------------------
ZEROPAGE              000022  00003B  00001A  00001
LOADADDR              0007FF  000800  000002  00001
EXEHDR                000801  00080C  00000C  00001
STARTUP               00080D  00082D  000021  00001
CODE                  00082E  006551  005D24  00001
RODATA                006552  00782F  0012DE  00001
DATA                  007830  007A15  0001E6  00001
INIT                  007A16  007A17  000002  00001
BSS                   007A18  008B22  00110B  00001
ONCE                  007A18  007A52  00003B  00001


Exports list by name:
---------------------
BSOUT                     00FFD2 RLA    CHROUT                    00FFD2 RLA    
ENTROPY_GET               00FECF RLA    GETIN                     00FFE4 RLA    
KBDBUF_PEEK               00FEBD RLA    LOAD                      00FFD5 RLA    
PLOT                      00FFF0 RLA    RDTIM                     00FFDE RLA    
SETLFS                    00FFBA RLA    SETNAM                    00FFBD RLA    
SETTIM                    00FFDB RLA    __BSS_RUN__               007A18 RLA    
__BSS_SIZE__              00110B REA    __CONSTRUCTOR_COUNT__     000002 REA    
__CONSTRUCTOR_TABLE__     007A4F RLA    __DESTRUCTOR_COUNT__      000000 REA    
__DESTRUCTOR_TABLE__      007830 RLA    __EXEHDR__                000001 REA    
__HEADER_LAST__           00080D RLA    __HIMEM__                 009F00 REA    
__LOADADDR__              000001 REA    __MAIN_SIZE__             0096F3 REA    
__MAIN_START__            00080D RLA    __ONCE_RUN__              007A18 RLA    
__STACKSIZE__             000800 REA    __STARTUP__               000001 REA    
__ctype                   0077A5 RLA    __ctypeidx                0077B0 RLA    
__heapend                 0079D8 RLA    __heapfirst               0079DA RLA    
__heapmemavail            0053FA RLA    __heapptr                 0079D6 RLA    
__hextab                  007781 RLA    __longminstr              007791 RLA    
__oserror                 008AF6 RLA    __printf                  00553B RLA    
__randomize               006200 RLA    _abs                      006131 RLA    
_admin                    00783A RLA    _astrogator               00783B RLA    
_bookPassengersAndPayCrew 002CAF RLA    _burtle32                 000F33 RLA    
_cargo                    007A75 RLA    _cbm_k_bsout              00FFD2 RLA    
_cbm_k_load               0058BD RLA    _cbm_k_setlfs             0058DA RLA    
_cbm_k_setnam             0058E8 RLA    _cclear                   005917 RLA    
_cclearxy                 005912 RLA    _cgetc                    005927 RLA    
_chline                   005993 RLA    _chlinexy                 00598E RLA    
_clearComponentState      000BA0 RLA    _clock                    0059AA RLA    
_clrscr                   0059B2 RLA    _common_loadCharacterSet  000F45 RLA    
_cost                     007FD6 RLA    _cprintf                  0059F9 RLA    
_cputc                    005A28 RLA    _cputcxy                  005A23 RLA    
_cputs                    005A8F RLA    _cputsxy                  005A85 RLA    
_current                  007ABB RLA    _destination              007B01 RLA    
_diceRoll                 00119D RLA    _diceRoll2d               00113A RLA    
_diceRoll3d               001162 RLA    _drawPanel                002B46 RLA    
_drawWorld                004CD0 RLA    _engineer                 00783C RLA    
_findHighestSkillFor      001374 RLA    _getEmplacementName       0011F0 RLA    
_getHits                  0012FA RLA    _getHoldFree              0041A9 RLA    
_getMaxHits               00129A RLA    _getMinHits               001276 RLA    
_getStatusLabel           000C1B RLA    _getWeaponName            001264 RLA    
_getWorld                 004E19 RLA    _gotox                    005B43 RLA    
_gotoxy                   005B4C RLA    _greenline                00105E RLA    
_gunner                   00783D RLA    _hcr                      007832 RLA    
_hire                     001362 RLA    _hitsInNextTurn           00132B RLA    
_insystem_headForJumpPoint 001D1F RLA    _jamison                  007FC7 RLA    
_jump                     001E86 RLA    _jumpmapSetDestination    002138 RLA    
_jumpmapShow              002095 RLA    _kbhit                    005BE1 RLA    
_landAtShipyard           003766 RLA    _landAtStarport           003CDD RLA    
_liaison                  00783E RLA    _ltoa                     005E9F RLA    
_main                     000ACD RLA    _maneuver                 002806 RLA    
_medic                    00783F RLA    _memcpy                   005FF5 RLA    
_menu_run                 002900 RLA    _name_generate            002A5E RLA    
_parsecDistance           000FAD RLA    _pay_period               007A74 RLA    
_pilot                    007840 RLA    _playerAchievementLevel   007830 RLA    
_playerDifficultyLevel    007831 RLA    _pressReturnAndClear      001112 RLA    
_printAlarmBar            000BB6 RLA    _printBankedText          000D42 RLA    
_rand                     0061D8 RLA    _readShip                 003722 RLA    
_redline                  001054 RLA    _revers                   006206 RLA    
_setBank                  000F6C RLA    _setWorldSurveyed         00501C RLA    
_ship                     007A18 RLA    _shipDamage               007A5E RLA    
_shipState                007A48 RLA    _ship_describe            00346F RLA    
_ship_init                00345A RLA    _ship_loadImageFromIndex  0035B0 RLA    
_showCurrentLocation      00279A RLA    _showShipStatus           00333F RLA    
_showShipSummary          00321E RLA    _sleep                    006297 RLA    
_sprite_define            0039D6 RLA    _sprite_loadToVERA        0039AD RLA    
_srand                    0061CC RLA    _starport                 007B48 RLA    
_statusLine               00107C RLA    _steward                  007841 RLA    
_strcpy                   006351 RLA    _streetwise               007842 RLA    
_strlen                   006370 RLA    _strlower                 006386 RLA    
_strncpy                  0063AD RLA    _survey                   004087 RLA    
_textcolor                0059C3 RLA    _titleLine                001068 RLA    
_toDefaultColor           0010D8 RLA    _trade_calculateMarketPrices 0041FF RLA    
_trade_speculate          0043BA RLA    _ultoa                    005EDE RLA    
_vcprintf                 0064FF RLA    _vera_sprites_enable      0062DA RLA    
_wilderness_refuel        004946 RLA    _world_describe           004EE8 RLA    
_world_drawPlanetoid      0050B8 RLA    _world_setGasGiantPalette 004C90 RLA    
_world_setRockballPalette 004C9B RLA    addeq0sp                  005805 RLA    
addeqysp                  005807 RLA    addysp                    005817 RLA    
addysp1                   005816 RLA    aslax1                    005824 RLA    
aslax2                    00582C RLA    aslax3                    005837 RLA    
aslax4                    005845 RLA    asrax1                    00588D RLA    
asrax4                    005897 RLA    axlong                    0058B0 RLA    
axulong                   0058B6 RLA    booleq                    005FCF RLA    
boolge                    005FE0 RLA    boolgt                    005FDE RLA    
boollt                    005FD8 RLA    boolule                   005FE6 RLA    
callmain                  0058FB RLA    chlinechar                000040 REZ    
cputdirect                005A3B RLA    ctypemaskdirect           005AAC RLA    
cursor                    008AF5 RLA    decax1                    005AC6 RLA    
decax2                    005ACD RLA    decax3                    005AD4 RLA    
decaxy                    005ADB RLA    decsp1                    005AE4 RLA    
decsp2                    005AED RLA    decsp4                    005AFA RLA    
decsp5                    005B07 RLA    decsp6                    005B14 RLA    
decsp8                    005B21 RLA    donelib                   0059ED RLA    
getlop                    005F29 RLA    gotoxy                    005B49 RLA    
incax2                    005B86 RLA    incax3                    005B8D RLA    
incax4                    005BA1 RLA    incax5                    005B92 RLA    
incax6                    005B97 RLA    incax7                    005B9C RLA    
incaxy                    005BA3 RLA    inceaxy                   005D14 RLA    
incsp1                    005BAC RLA    incsp2                    005BBA RLA    
incsp3                    005BC8 RLA    incsp4                    005BCD RLA    
incsp5                    005BD2 RLA    incsp6                    005BD7 RLA    
incsp7                    005BDC RLA    initclock                 0059A3  LAI   
initheap                  007A18  LAI   initlib                   007A28 RLA    
laddeq                    005C12 RLA    laddeq0sp                 005C36 RLA    
ldaidx                    005C94 RLA    ldax0sp                   005CAD RLA    
ldaxi                     005CA0 RLA    ldaxidx                   005CA2 RLA    
ldaxysp                   005CAF RLA    ldeax0sp                  005CCD RLA    
ldeaxi                    005CB6 RLA    ldeaxidx                  005CB8 RLA    
ldeaxysp                  005CCF RLA    leaa0sp                   005CFC RLA    
leaaxsp                   005CFE RLA    lsubeq                    005E5F RLA    
mul8x16                   006089 RLA    mul8x16a                  006093 RLA    
mulax10                   0060C1 RLA    mulax3                    0060DA RLA    
mulax6                    0060EB RLA    mulax7                    006101 RLA    
mulax9                    00611A RLA    negax                     006135 RLA    
negeax                    005D84 RLA    plot                      005A54 RLA    
popa                      006154 RLA    popax                     005BB3 RLA    
poplsargs                 005DE1 RLA    popptr1                   00615E RLA    
popsargsudiv16            006219 RLA    ptr1                      00002A RLZ    
ptr2                      00002C RLZ    ptr3                      00002E RLZ    
ptr4                      000030 RLZ    push0                     006187 RLA    
push1                     00616C RLA    pusha                     006175 RLA    
pusha0                    006189 RLA    pushax                    00618B RLA    
pusheax                   005DCA RLA    pushl0                    005DC3 RLA    
pushw                     0061A1 RLA    pushw0sp                  0061B0 RLA    
pushwysp                  0061B2 RLA    regbank                   000036 RLZ    
shlax1                    005824 RLA    shlax2                    00582C RLA    
shlax4                    005845 RLA    shleax1                   005856 RLA    
shleax3                   005862 RLA    shleax4                   00587C RLA    
shrax1                    006239 RLA    shrax3                    006241 RLA    
shrax4                    00624F RLA    shreax1                   006260 RLA    
shreax3                   00626C RLA    shreax4                   006286 RLA    
sp                        000022 RLZ    sreg                      000024 RLZ    
staspidx                  0062F9 RLA    stax0sp                   00630F RLA    
staxysp                   006311 RLA    steax0sp                  00631A RLA    
steaxspidx                00632F RLA    steaxysp                  00631C RLA    
subeq0sp                  006403 RLA    subeqysp                  006405 RLA    
subysp                    006418 RLA    tmp1                      000032 RLZ    
tmp2                      000033 RLZ    tmp3                      000034 RLZ    
tmp4                      000035 RLZ    tosadd0ax                 005BE6 RLA    
tosaddax                  0057EF RLA    tosaddeax                 005BEC RLA    
tosdiv0ax                 005CE0 RLA    tosdiva0                  005B2E RLA    
tosdivax                  005B30 RLA    tosgeeax                  005D08 RLA    
tosgteax                  005D0E RLA    tosicmp                   005B5A RLA    
tosicmp0                  005B58 RLA    toslcmp                   005C59 RLA    
toslteax                  005D25 RLA    tosmoda0                  006031 RLA    
tosmodax                  006033 RLA    tosmul0ax                 005D2B RLA    
tosmula0                  006087 RLA    tosmulax                  006042 RLA    
tosmuleax                 005D2F RLA    tosorax                   006145 RLA    
tosoreax                  005DA6 RLA    tossuba0                  0063EF RLA    
tossubax                  0063F1 RLA    tossubeax                 005E37 RLA    
tosudiva0                 006457 RLA    tosulong                  006425 RLA    
tosumod0ax                005F91 RLA    tosumoda0                 0064A6 RLA    
tosumul0ax                005D2B RLA    tosumula0                 006087 RLA    
tosumulax                 006042 RLA    tosumuleax                005D2F RLA    
tosxoreax                 005FAC RLA    udiv16                    006468 RLA    
udiv32                    005F4C RLA    zerobss                   00652F RLA    



Exports list by value:
----------------------
__DESTRUCTOR_COUNT__      000000 REA    __LOADADDR__              000001 REA    
__STARTUP__               000001 REA    __EXEHDR__                000001 REA    
__CONSTRUCTOR_COUNT__     000002 REA    sp                        000022 RLZ    
sreg                      000024 RLZ    ptr1                      00002A RLZ    
ptr2                      00002C RLZ    ptr3                      00002E RLZ    
ptr4                      000030 RLZ    tmp1                      000032 RLZ    
tmp2                      000033 RLZ    tmp3                      000034 RLZ    
tmp4                      000035 RLZ    regbank                   000036 RLZ    
chlinechar                000040 REZ    __STACKSIZE__             000800 REA    
__HEADER_LAST__           00080D RLA    __MAIN_START__            00080D RLA    
_main                     000ACD RLA    _clearComponentState      000BA0 RLA    
_printAlarmBar            000BB6 RLA    _getStatusLabel           000C1B RLA    
_printBankedText          000D42 RLA    _burtle32                 000F33 RLA    
_common_loadCharacterSet  000F45 RLA    _setBank                  000F6C RLA    
_parsecDistance           000FAD RLA    _redline                  001054 RLA    
_greenline                00105E RLA    _titleLine                001068 RLA    
_statusLine               00107C RLA    _toDefaultColor           0010D8 RLA    
__BSS_SIZE__              00110B REA    _pressReturnAndClear      001112 RLA    
_diceRoll2d               00113A RLA    _diceRoll3d               001162 RLA    
_diceRoll                 00119D RLA    _getEmplacementName       0011F0 RLA    
_getWeaponName            001264 RLA    _getMinHits               001276 RLA    
_getMaxHits               00129A RLA    _getHits                  0012FA RLA    
_hitsInNextTurn           00132B RLA    _hire                     001362 RLA    
_findHighestSkillFor      001374 RLA    _insystem_headForJumpPoint 001D1F RLA    
_jump                     001E86 RLA    _jumpmapShow              002095 RLA    
_jumpmapSetDestination    002138 RLA    _showCurrentLocation      00279A RLA    
_maneuver                 002806 RLA    _menu_run                 002900 RLA    
_name_generate            002A5E RLA    _drawPanel                002B46 RLA    
_bookPassengersAndPayCrew 002CAF RLA    _showShipSummary          00321E RLA    
_showShipStatus           00333F RLA    _ship_init                00345A RLA    
_ship_describe            00346F RLA    _ship_loadImageFromIndex  0035B0 RLA    
_readShip                 003722 RLA    _landAtShipyard           003766 RLA    
_sprite_loadToVERA        0039AD RLA    _sprite_define            0039D6 RLA    
_landAtStarport           003CDD RLA    _survey                   004087 RLA    
_getHoldFree              0041A9 RLA    _trade_calculateMarketPrices 0041FF RLA    
_trade_speculate          0043BA RLA    _wilderness_refuel        004946 RLA    
_world_setGasGiantPalette 004C90 RLA    _world_setRockballPalette 004C9B RLA    
_drawWorld                004CD0 RLA    _getWorld                 004E19 RLA    
_world_describe           004EE8 RLA    _setWorldSurveyed         00501C RLA    
_world_drawPlanetoid      0050B8 RLA    __heapmemavail            0053FA RLA    
__printf                  00553B RLA    tosaddax                  0057EF RLA    
addeq0sp                  005805 RLA    addeqysp                  005807 RLA    
addysp1                   005816 RLA    addysp                    005817 RLA    
shlax1                    005824 RLA    aslax1                    005824 RLA    
shlax2                    00582C RLA    aslax2                    00582C RLA    
aslax3                    005837 RLA    aslax4                    005845 RLA    
shlax4                    005845 RLA    shleax1                   005856 RLA    
shleax3                   005862 RLA    shleax4                   00587C RLA    
asrax1                    00588D RLA    asrax4                    005897 RLA    
axlong                    0058B0 RLA    axulong                   0058B6 RLA    
_cbm_k_load               0058BD RLA    _cbm_k_setlfs             0058DA RLA    
_cbm_k_setnam             0058E8 RLA    callmain                  0058FB RLA    
_cclearxy                 005912 RLA    _cclear                   005917 RLA    
_cgetc                    005927 RLA    _chlinexy                 00598E RLA    
_chline                   005993 RLA    initclock                 0059A3  LAI   
_clock                    0059AA RLA    _clrscr                   0059B2 RLA    
_textcolor                0059C3 RLA    donelib                   0059ED RLA    
_cprintf                  0059F9 RLA    _cputcxy                  005A23 RLA    
_cputc                    005A28 RLA    cputdirect                005A3B RLA    
plot                      005A54 RLA    _cputsxy                  005A85 RLA    
_cputs                    005A8F RLA    ctypemaskdirect           005AAC RLA    
decax1                    005AC6 RLA    decax2                    005ACD RLA    
decax3                    005AD4 RLA    decaxy                    005ADB RLA    
decsp1                    005AE4 RLA    decsp2                    005AED RLA    
decsp4                    005AFA RLA    decsp5                    005B07 RLA    
decsp6                    005B14 RLA    decsp8                    005B21 RLA    
tosdiva0                  005B2E RLA    tosdivax                  005B30 RLA    
_gotox                    005B43 RLA    gotoxy                    005B49 RLA    
_gotoxy                   005B4C RLA    tosicmp0                  005B58 RLA    
tosicmp                   005B5A RLA    incax2                    005B86 RLA    
incax3                    005B8D RLA    incax5                    005B92 RLA    
incax6                    005B97 RLA    incax7                    005B9C RLA    
incax4                    005BA1 RLA    incaxy                    005BA3 RLA    
incsp1                    005BAC RLA    popax                     005BB3 RLA    
incsp2                    005BBA RLA    incsp3                    005BC8 RLA    
incsp4                    005BCD RLA    incsp5                    005BD2 RLA    
incsp6                    005BD7 RLA    incsp7                    005BDC RLA    
_kbhit                    005BE1 RLA    tosadd0ax                 005BE6 RLA    
tosaddeax                 005BEC RLA    laddeq                    005C12 RLA    
laddeq0sp                 005C36 RLA    toslcmp                   005C59 RLA    
ldaidx                    005C94 RLA    ldaxi                     005CA0 RLA    
ldaxidx                   005CA2 RLA    ldax0sp                   005CAD RLA    
ldaxysp                   005CAF RLA    ldeaxi                    005CB6 RLA    
ldeaxidx                  005CB8 RLA    ldeax0sp                  005CCD RLA    
ldeaxysp                  005CCF RLA    tosdiv0ax                 005CE0 RLA    
leaa0sp                   005CFC RLA    leaaxsp                   005CFE RLA    
tosgeeax                  005D08 RLA    tosgteax                  005D0E RLA    
inceaxy                   005D14 RLA    toslteax                  005D25 RLA    
tosmul0ax                 005D2B RLA    tosumul0ax                005D2B RLA    
tosumuleax                005D2F RLA    tosmuleax                 005D2F RLA    
negeax                    005D84 RLA    tosoreax                  005DA6 RLA    
pushl0                    005DC3 RLA    pusheax                   005DCA RLA    
poplsargs                 005DE1 RLA    tossubeax                 005E37 RLA    
lsubeq                    005E5F RLA    _ltoa                     005E9F RLA    
_ultoa                    005EDE RLA    getlop                    005F29 RLA    
udiv32                    005F4C RLA    tosumod0ax                005F91 RLA    
tosxoreax                 005FAC RLA    booleq                    005FCF RLA    
boollt                    005FD8 RLA    boolgt                    005FDE RLA    
boolge                    005FE0 RLA    boolule                   005FE6 RLA    
_memcpy                   005FF5 RLA    tosmoda0                  006031 RLA    
tosmodax                  006033 RLA    tosumulax                 006042 RLA    
tosmulax                  006042 RLA    tosmula0                  006087 RLA    
tosumula0                 006087 RLA    mul8x16                   006089 RLA    
mul8x16a                  006093 RLA    mulax10                   0060C1 RLA    
mulax3                    0060DA RLA    mulax6                    0060EB RLA    
mulax7                    006101 RLA    mulax9                    00611A RLA    
_abs                      006131 RLA    negax                     006135 RLA    
tosorax                   006145 RLA    popa                      006154 RLA    
popptr1                   00615E RLA    push1                     00616C RLA    
pusha                     006175 RLA    push0                     006187 RLA    
pusha0                    006189 RLA    pushax                    00618B RLA    
pushw                     0061A1 RLA    pushw0sp                  0061B0 RLA    
pushwysp                  0061B2 RLA    _srand                    0061CC RLA    
_rand                     0061D8 RLA    __randomize               006200 RLA    
_revers                   006206 RLA    popsargsudiv16            006219 RLA    
shrax1                    006239 RLA    shrax3                    006241 RLA    
shrax4                    00624F RLA    shreax1                   006260 RLA    
shreax3                   00626C RLA    shreax4                   006286 RLA    
_sleep                    006297 RLA    _vera_sprites_enable      0062DA RLA    
staspidx                  0062F9 RLA    stax0sp                   00630F RLA    
staxysp                   006311 RLA    steax0sp                  00631A RLA    
steaxysp                  00631C RLA    steaxspidx                00632F RLA    
_strcpy                   006351 RLA    _strlen                   006370 RLA    
_strlower                 006386 RLA    _strncpy                  0063AD RLA    
tossuba0                  0063EF RLA    tossubax                  0063F1 RLA    
subeq0sp                  006403 RLA    subeqysp                  006405 RLA    
subysp                    006418 RLA    tosulong                  006425 RLA    
tosudiva0                 006457 RLA    udiv16                    006468 RLA    
tosumoda0                 0064A6 RLA    _vcprintf                 0064FF RLA    
zerobss                   00652F RLA    __hextab                  007781 RLA    
__longminstr              007791 RLA    __ctype                   0077A5 RLA    
__ctypeidx                0077B0 RLA    __DESTRUCTOR_TABLE__      007830 RLA    
_playerAchievementLevel   007830 RLA    _playerDifficultyLevel    007831 RLA    
_hcr                      007832 RLA    _admin                    00783A RLA    
_astrogator               00783B RLA    _engineer                 00783C RLA    
_gunner                   00783D RLA    _liaison                  00783E RLA    
_medic                    00783F RLA    _pilot                    007840 RLA    
_steward                  007841 RLA    _streetwise               007842 RLA    
__heapptr                 0079D6 RLA    __heapend                 0079D8 RLA    
__heapfirst               0079DA RLA    __BSS_RUN__               007A18 RLA    
_ship                     007A18 RLA    __ONCE_RUN__              007A18 RLA    
initheap                  007A18  LAI   initlib                   007A28 RLA    
_shipState                007A48 RLA    __CONSTRUCTOR_TABLE__     007A4F RLA    
_shipDamage               007A5E RLA    _pay_period               007A74 RLA    
_cargo                    007A75 RLA    _current                  007ABB RLA    
_destination              007B01 RLA    _starport                 007B48 RLA    
_jamison                  007FC7 RLA    _cost                     007FD6 RLA    
cursor                    008AF5 RLA    __oserror                 008AF6 RLA    
__MAIN_SIZE__             0096F3 REA    __HIMEM__                 009F00 REA    
KBDBUF_PEEK               00FEBD RLA    ENTROPY_GET               00FECF RLA    
SETLFS                    00FFBA RLA    SETNAM                    00FFBD RLA    
CHROUT                    00FFD2 RLA    BSOUT                     00FFD2 RLA    
_cbm_k_bsout              00FFD2 RLA    LOAD                      00FFD5 RLA    
SETTIM                    00FFDB RLA    RDTIM                     00FFDE RLA    
GETIN                     00FFE4 RLA    PLOT                      00FFF0 RLA    



Imports list:
-------------
BSOUT (kernal.o):
    c_bsout.o                 cbm/cbm.inc:49
CHROUT (kernal.o):
    crt0.o                    cx16/crt0.s:10
    clrscr.o                  cx16/clrscr.s:10
    c_bsout.o                 cbm/cbm.inc:50
ENTROPY_GET (kernal.o):
    randomize.o               cx16/randomize.s:10
GETIN (kernal.o):
    cgetc.o                   cx16/cgetc.s:10
KBDBUF_PEEK (kernal.o):
    kbhit.o                   cx16/kbhit.s:10
LOAD (kernal.o):
    c_load.o                  cbm/cbm.inc:37
PLOT (kernal.o):
    cputc.o                   cx16/cputc.s:11
RDTIM (kernal.o):
    clock.o                   cx16/clock.s:11
SETLFS (kernal.o):
    c_setlfs.o                cbm/cbm.inc:33
SETNAM (kernal.o):
    c_setnam.o                cbm/cbm.inc:34
SETTIM (kernal.o):
    clock.o                   cx16/clock.s:11
__BSS_RUN__ ([linker generated]):
    _heap.o                   common/_heap.s:8
    zerobss.o                 common/zerobss.s:8
__BSS_SIZE__ ([linker generated]):
    _heap.o                   common/_heap.s:8
    zerobss.o                 common/zerobss.s:8
__CONSTRUCTOR_COUNT__ ([linker generated]):
    condes.o                  runtime/condes.s:18
__CONSTRUCTOR_TABLE__ ([linker generated]):
    condes.o                  runtime/condes.s:18
__DESTRUCTOR_COUNT__ ([linker generated]):
    condes.o                  runtime/condes.s:19
__DESTRUCTOR_TABLE__ ([linker generated]):
    condes.o                  runtime/condes.s:19
__EXEHDR__ (exehdr.o):
    [linker generated]        /Users/rje/git/cc65/cfg/cx16.cfg:6
__HEADER_LAST__ ([linker generated]):
    [linker generated]        /Users/rje/git/cc65/cfg/cx16.cfg:14
    [linker generated]        /Users/rje/git/cc65/cfg/cx16.cfg:14
__HIMEM__ ([linker generated]):
    [linker generated]        /Users/rje/git/cc65/cfg/cx16.cfg:15
    [linker generated]        /Users/rje/git/cc65/cfg/cx16.cfg:14
__LOADADDR__ (loadaddr.o):
    [linker generated]        /Users/rje/git/cc65/cfg/cx16.cfg:5
__MAIN_SIZE__ ([linker generated]):
    crt0.o                    cx16/crt0.s:11
__MAIN_START__ ([linker generated]):
    crt0.o                    cx16/crt0.s:11
__ONCE_RUN__ ([linker generated]):
    [linker generated]        /Users/rje/git/cc65/cfg/cx16.cfg:15
    [linker generated]        /Users/rje/git/cc65/cfg/cx16.cfg:15
__STACKSIZE__ ([linker generated]):
    _heap.o                   common/_heap.s:8
    [linker generated]        /Users/rje/git/cc65/cfg/cx16.cfg:15
__STARTUP__ (crt0.o):
    main.o                    main.s:13
__ctype (ctype.o):
    ctypemask.o               common/ctypemask.s:23
__ctypeidx (ctype.o):
    ctypemask.o               common/ctypemask.s:24
__heapend (_heap.o):
    _heapmemavail.o           /Users/rje/git/cc65/asminc/_heap.inc:33
__heapfirst (_heap.o):
    _heapmemavail.o           /Users/rje/git/cc65/asminc/_heap.inc:34
__heapmemavail (_heapmemavail.o):
    common.o                  common.s:13
__heapptr (_heap.o):
    _heapmemavail.o           /Users/rje/git/cc65/asminc/_heap.inc:32
__hextab (_hextab.o):
    ltoa.o                    common/ltoa.s:10
__longminstr (_longminstr.o):
    ltoa.o                    common/ltoa.s:10
__oserror (_oserror.o):
    c_load.o                  cbm/c_load.s:10
__printf (_printf.o):
    vcprintf.o                conio/vcprintf.s:9
__randomize (randomize.o):
    hiring_hall.o             hiring_hall.s:22
_abs (negabs.o):
    passengers.o              passengers.s:20
    common.o                  common.s:14
_admin (main.o):
    passengers.o              passengers.s:33
_astrogator (main.o):
    passengers.o              passengers.s:34
    jump.o                    jump.s:31
_bookPassengersAndPayCrew (passengers.o):
    jump.o                    jump.s:28
_burtle32 (burtle_jsf32.o):
    trade.o                   trade.s:30
    common.o                  common.s:41
_cargo (main.o):
    trade.o                   trade.s:33
_cbm_k_bsout (c_bsout.o):
    jump.o                    jump.s:13
    bankedText.o              bankedText.s:13
    alarm.o                   alarm.s:13
    main.o                    main.s:15
_cbm_k_load (c_load.o):
    sprite.o                  sprite.s:13
    common.o                  common.s:15
_cbm_k_setlfs (c_setlfs.o):
    sprite.o                  sprite.s:14
    common.o                  common.s:16
_cbm_k_setnam (c_setnam.o):
    sprite.o                  sprite.s:15
    common.o                  common.s:17
_cclear (cclear.o):
    trade.o                   trade.s:21
_cclearxy (cclear.o):
    starport.o                starport.s:20
    jump-map.o                jump-map.s:20
_cgetc (cgetc.o):
    wilderness.o              wilderness.s:19
    trade.o                   trade.s:18
    survey.o                  survey.s:18
    starport.o                starport.s:17
    shipyard.o                shipyard.s:17
    menu.o                    menu.s:17
    jump-map.o                jump-map.s:17
    insystem.o                insystem.s:20
    hiring_hall.o             hiring_hall.s:17
    common.o                  common.s:23
_chline (chline.o):
    jump-map.o                jump-map.s:19
    common.o                  common.s:25
_chlinexy (chline.o):
    hiring_hall.o             hiring_hall.s:19
    common.o                  common.s:26
_clearComponentState (alarm.o):
    starport.o                starport.s:27
_clock (clock.o):
    sleep.o                   ../libwrk/cx16/sleep.s:13
    burtle_jsf32.o            burtle_jsf32.s:13
_clrscr (clrscr.o):
    wilderness.o              wilderness.s:13
    trade.o                   trade.s:13
    survey.o                  survey.s:13
    starport.o                starport.s:13
    shipyard.o                shipyard.s:13
    passengers.o              passengers.s:13
    maneuver-map.o            maneuver-map.s:13
    jump.o                    jump.s:14
    insystem.o                insystem.s:14
    hiring_hall.o             hiring_hall.s:13
    common.o                  common.s:18
    main.o                    main.s:16
_common_loadCharacterSet (common.o):
    main.o                    main.s:20
_cost (alarm.o):
    starport.o                starport.s:38
_cprintf (cprintf.o):
    world.o                   world.s:17
    trade.o                   trade.s:17
    survey.o                  survey.s:17
    starport.o                starport.s:16
    ship.o                    ship.s:14
    passengers.o              passengers.s:17
    jump-map.o                jump-map.s:16
    jump.o                    jump.s:18
    insystem.o                insystem.s:19
    hiring_hall.o             hiring_hall.s:16
    common.o                  common.s:22
    alarm.o                   alarm.s:16
_cputc (cputc.o):
    vcprintf.o                conio/vcprintf.s:9
    cputs.o                   conio/cputs.s:9
    world.o                   world.s:14
    wilderness.o              wilderness.s:15
    menu.o                    menu.s:14
    bankedText.o              bankedText.s:14
_cputcxy (cputc.o):
    world.o                   world.s:15
    wilderness.o              wilderness.s:16
    panel.o                   panel.s:13
    menu.o                    menu.s:15
    jump-map.o                jump-map.s:14
    jump.o                    jump.s:16
_cputs (cputs.o):
    world.o                   world.s:16
    wilderness.o              wilderness.s:17
    trade.o                   trade.s:15
    shipyard.o                shipyard.s:15
    ship.o                    ship.s:13
    passengers.o              passengers.s:16
    menu.o                    menu.s:16
    maneuver-map.o            maneuver-map.s:15
    insystem.o                insystem.s:17
    hiring_hall.o             hiring_hall.s:14
    bankedText.o              bankedText.s:15
_cputsxy (cputs.o):
    wilderness.o              wilderness.s:18
    trade.o                   trade.s:16
    survey.o                  survey.s:16
    starport.o                starport.s:15
    shipyard.o                shipyard.s:16
    panel.o                   panel.s:14
    maneuver-map.o            maneuver-map.s:16
    jump-map.o                jump-map.s:15
    jump.o                    jump.s:17
    insystem.o                insystem.s:18
    hiring_hall.o             hiring_hall.s:15
    common.o                  common.s:21
    alarm.o                   alarm.s:15
    main.o                    main.s:18
_current (main.o):
    wilderness.o              wilderness.s:30
    trade.o                   trade.s:32
    survey.o                  survey.s:26
    shipyard.o                shipyard.s:28
    passengers.o              passengers.s:29
    maneuver-map.o            maneuver-map.s:24
    jump-map.o                jump-map.s:35
    jump.o                    jump.s:32
    insystem.o                insystem.s:32
_destination (main.o):
    passengers.o              passengers.s:30
    maneuver-map.o            maneuver-map.s:25
    jump-map.o                jump-map.s:36
    jump.o                    jump.s:33
_diceRoll (common.o):
    trade.o                   trade.s:25
_diceRoll2d (common.o):
    survey.o                  survey.s:21
    hiring_hall.o             hiring_hall.s:26
_diceRoll3d (common.o):
    survey.o                  survey.s:22
    hiring_hall.o             hiring_hall.s:27
_drawPanel (panel.o):
    starport.o                starport.s:32
    maneuver-map.o            maneuver-map.s:23
    main.o                    main.s:41
_drawWorld (world.o):
    wilderness.o              wilderness.s:25
_engineer (main.o):
    passengers.o              passengers.s:35
_findHighestSkillFor (hiring_hall.o):
    main.o                    main.s:32
_getEmplacementName (emplacement.o):
    starport.o                starport.s:30
    ship.o                    ship.s:26
_getHits (emplacement.o):
    insystem.o                insystem.s:30
_getHoldFree (trade.o):
    passengers.o              passengers.s:26
_getMaxHits (emplacement.o):
    ship.o                    ship.s:29
_getMinHits (emplacement.o):
    ship.o                    ship.s:28
_getStatusLabel (alarm.o):
    starport.o                starport.s:29
_getWeaponName (emplacement.o):
    starport.o                starport.s:31
    ship.o                    ship.s:27
_getWorld (world.o):
    jump-map.o                jump-map.s:32
    jump.o                    jump.s:27
    main.o                    main.s:28
_gotox (gotox.o):
    trade.o                   trade.s:14
    survey.o                  survey.s:14
    passengers.o              passengers.s:14
    insystem.o                insystem.s:15
    common.o                  common.s:19
_gotoxy (gotoxy.o):
    world.o                   world.s:13
    wilderness.o              wilderness.s:14
    survey.o                  survey.s:15
    starport.o                starport.s:14
    shipyard.o                shipyard.s:14
    passengers.o              passengers.s:15
    menu.o                    menu.s:13
    maneuver-map.o            maneuver-map.s:14
    jump-map.o                jump-map.s:13
    jump.o                    jump.s:15
    insystem.o                insystem.s:16
    common.o                  common.s:20
    alarm.o                   alarm.s:14
    main.o                    main.s:17
_greenline (common.o):
    passengers.o              passengers.s:21
_gunner (main.o):
    passengers.o              passengers.s:36
_hcr (main.o):
    trade.o                   trade.s:35
    survey.o                  survey.s:28
    starport.o                starport.s:35
    passengers.o              passengers.s:32
    insystem.o                insystem.s:34
_hire (hiring_hall.o):
    main.o                    main.s:31
_hitsInNextTurn (emplacement.o):
    ship.o                    ship.s:30
    insystem.o                insystem.s:31
_insystem_headForJumpPoint (insystem.o):
    jump.o                    jump.s:29
_jamison (main.o):
    jump-map.o                jump-map.s:37
_jump (jump.o):
    main.o                    main.s:26
_jumpmapSetDestination (jump-map.o):
    main.o                    main.s:34
_jumpmapShow (jump-map.o):
    main.o                    main.s:33
_kbhit (kbhit.o):
    cgetc.o                   cx16/cgetc.s:10
_landAtShipyard (shipyard.o):
    main.o                    main.s:29
_landAtStarport (starport.o):
    main.o                    main.s:30
_liaison (main.o):
    passengers.o              passengers.s:37
_ltoa (ltoa.o):
    _printf.o                 common/_printf.s:12
_main (main.o):
    callmain.o                runtime/callmain.s:11
_maneuver (maneuver-map.o):
    main.o                    main.s:38
_medic (main.o):
    passengers.o              passengers.s:38
_memcpy (memcpy.o):
    world.o                   world.s:1526
    trade.o                   trade.s:1144
    ship.o                    ship.s:849
    hiring_hall.o             hiring_hall.s:21
_menu_run (menu.o):
    maneuver-map.o            maneuver-map.s:22
    main.o                    main.s:40
_name_generate (name.o):
    hiring_hall.o             hiring_hall.s:30
_parsecDistance (common.o):
    jump-map.o                jump-map.s:25
    jump.o                    jump.s:24
_pay_period (main.o):
    wilderness.o              wilderness.s:31
    survey.o                  survey.s:27
    passengers.o              passengers.s:31
    jump.o                    jump.s:37
    hiring_hall.o             hiring_hall.s:31
_pilot (main.o):
    passengers.o              passengers.s:39
_playerAchievementLevel (main.o):
    world.o                   world.s:31
    wilderness.o              wilderness.s:32
    maneuver-map.o            maneuver-map.s:26
    jump-map.o                jump-map.s:38
    jump.o                    jump.s:35
    common.o                  common.s:43
    alarm.o                   alarm.s:26
_playerDifficultyLevel (main.o):
    jump.o                    jump.s:36
_pressReturnAndClear (common.o):
    starport.o                starport.s:24
    passengers.o              passengers.s:24
_printAlarmBar (alarm.o):
    wilderness.o              wilderness.s:27
    survey.o                  survey.s:23
    maneuver-map.o            maneuver-map.s:21
    jump-map.o                jump-map.s:29
_printBankedText (bankedText.o):
    starport.o                starport.s:33
    jump-map.o                jump-map.s:33
    jump.o                    jump.s:30
    main.o                    main.s:43
_rand (rand.o):
    world.o                   world.s:20
    passengers.o              passengers.s:19
    name.o                    name.s:13
    jump.o                    jump.s:20
    insystem.o                insystem.s:13
    emplacement.o             emplacement.s:13
_readShip (ship.o):
    shipyard.o                shipyard.s:26
    insystem.o                insystem.s:29
_redline (common.o):
    trade.o                   trade.s:23
    insystem.o                insystem.s:22
    hiring_hall.o             hiring_hall.s:23
_revers (revers.o):
    world.o                   world.s:18
    trade.o                   trade.s:19
    starport.o                starport.s:18
_setBank (common.o):
    world.o                   world.s:21
    trade.o                   trade.s:22
    starport.o                starport.s:22
    shipyard.o                shipyard.s:20
    ship.o                    ship.s:16
    name.o                    name.s:14
    jump-map.o                jump-map.s:24
    jump.o                    jump.s:23
    damage.o                  damage.s:13
    main.o                    main.s:21
_setWorldSurveyed (world.o):
    survey.o                  survey.s:25
_ship (main.o):
    wilderness.o              wilderness.s:28
    trade.o                   trade.s:31
    survey.o                  survey.s:29
    starport.o                starport.s:34
    shipyard.o                shipyard.s:27
    passengers.o              passengers.s:27
    jump-map.o                jump-map.s:34
    insystem.o                insystem.s:33
    alarm.o                   alarm.s:23
_shipDamage (main.o):
    starport.o                starport.s:37
    alarm.o                   alarm.s:25
_shipState (main.o):
    wilderness.o              wilderness.s:29
    starport.o                starport.s:36
    passengers.o              passengers.s:28
    jump.o                    jump.s:34
    alarm.o                   alarm.s:24
_ship_describe (ship.o):
    starport.o                starport.s:26
    shipyard.o                shipyard.s:24
_ship_init (ship.o):
    main.o                    main.s:27
_ship_loadImageFromIndex (ship.o):
    shipyard.o                shipyard.s:25
_showCurrentLocation (maneuver-map.o):
    main.o                    main.s:37
_showShipStatus (ship.o):
    insystem.o                insystem.s:28
_showShipSummary (ship.o):
    starport.o                starport.s:25
    shipyard.o                shipyard.s:23
    insystem.o                insystem.s:27
_sleep (sleep.o):
    jump.o                    jump.s:21
_sprite_define (sprite.o):
    jump-map.o                jump-map.s:31
    main.o                    main.s:36
_sprite_loadToVERA (sprite.o):
    ship.o                    ship.s:25
    jump-map.o                jump-map.s:30
    main.o                    main.s:35
_srand (rand.o):
    randomize.o               cx16/randomize.s:10
_starport (main.o):
    trade.o                   trade.s:34
_statusLine (common.o):
    wilderness.o              wilderness.s:22
    survey.o                  survey.s:20
    shipyard.o                shipyard.s:22
    passengers.o              passengers.s:23
    jump.o                    jump.s:26
    hiring_hall.o             hiring_hall.s:25
    main.o                    main.s:23
_steward (main.o):
    passengers.o              passengers.s:40
_strcpy (strcpy.o):
    hiring_hall.o             hiring_hall.s:20
_streetwise (main.o):
    passengers.o              passengers.s:41
_strlen (strlen.o):
    _printf.o                 common/_printf.s:13
    alarm.o                   alarm.s:17
_strlower (strlower.o):
    _printf.o                 common/_printf.s:13
_strncpy (strncpy.o):
    jump-map.o                jump-map.s:22
_survey (survey.o):
    main.o                    main.s:42
_textcolor (color.o):
    world.o                   world.s:19
    wilderness.o              wilderness.s:20
    trade.o                   trade.s:20
    survey.o                  survey.s:19
    starport.o                starport.s:19
    shipyard.o                shipyard.s:18
    ship.o                    ship.s:15
    passengers.o              passengers.s:18
    menu.o                    menu.s:18
    maneuver-map.o            maneuver-map.s:17
    jump-map.o                jump-map.s:18
    jump.o                    jump.s:19
    insystem.o                insystem.s:21
    hiring_hall.o             hiring_hall.s:18
    common.o                  common.s:24
    main.o                    main.s:19
_titleLine (common.o):
    starport.o                starport.s:23
    shipyard.o                shipyard.s:21
    passengers.o              passengers.s:22
    jump-map.o                jump-map.s:26
    jump.o                    jump.s:25
    insystem.o                insystem.s:23
    hiring_hall.o             hiring_hall.s:24
    alarm.o                   alarm.s:18
    main.o                    main.s:22
_toDefaultColor (common.o):
    trade.o                   trade.s:24
_trade_calculateMarketPrices (trade.o):
    main.o                    main.s:24
_trade_speculate (trade.o):
    main.o                    main.s:25
_ultoa (ltoa.o):
    _printf.o                 common/_printf.s:12
_vcprintf (vcprintf.o):
    cprintf.o                 conio/cprintf.s:8
_vera_sprites_enable (sprites_enable.o):
    main.o                    main.s:14
_wilderness_refuel (wilderness.o):
    main.o                    main.s:39
_world_describe (world.o):
    maneuver-map.o            maneuver-map.s:20
_world_drawPlanetoid (world.o):
    wilderness.o              wilderness.s:26
_world_setGasGiantPalette (world.o):
    wilderness.o              wilderness.s:23
_world_setRockballPalette (world.o):
    wilderness.o              wilderness.s:24
addeq0sp (addeqsp.o):
    world.o                   world.s:1526
    world.o                   world.s:1526
    trade.o                   trade.s:1144
    sprite.o                  sprite.s:503
    passengers.o              passengers.s:801
    passengers.o              passengers.s:801
    passengers.o              passengers.s:801
    panel.o                   panel.s:210
    jump-map.o                jump-map.s:981
    hiring_hall.o             hiring_hall.s:1118
    hiring_hall.o             hiring_hall.s:1118
    bankedText.o              bankedText.s:77
    main.o                    main.s:639
addeqysp (addeqsp.o):
    world.o                   world.s:1526
    world.o                   world.s:1526
    trade.o                   trade.s:1144
    trade.o                   trade.s:1144
    trade.o                   trade.s:1144
    shipyard.o                shipyard.s:376
    passengers.o              passengers.s:801
    name.o                    name.s:140
    jump-map.o                jump-map.s:981
    jump-map.o                jump-map.s:981
    insystem.o                insystem.s:594
    hiring_hall.o             hiring_hall.s:1118
addysp (addysp.o):
    incsp7.o                  runtime/incsp7.s:8
    incsp6.o                  runtime/incsp6.s:8
    incsp5.o                  runtime/incsp5.s:8
    incsp4.o                  runtime/incsp4.s:8
    incsp3.o                  runtime/incsp3.s:8
    cprintf.o                 conio/cprintf.s:8
    world.o                   world.s:1526
    world.o                   world.s:1526
    world.o                   world.s:1526
    passengers.o              passengers.s:801
    panel.o                   panel.s:210
    name.o                    name.s:140
    maneuver-map.o            maneuver-map.s:253
    jump-map.o                jump-map.s:981
    jump-map.o                jump-map.s:981
    jump.o                    jump.s:327
    hiring_hall.o             hiring_hall.s:1118
    common.o                  common.s:537
    burtle_jsf32.o            burtle_jsf32.s:248
    alarm.o                   alarm.s:493
addysp1 (addysp.o):
    sub.o                     runtime/sub.s:8
    or.o                      runtime/or.s:9
    lxor.o                    runtime/lxor.s:9
    ludiv.o                   runtime/ludiv.s:9
    lsub.o                    runtime/lsub.s:11
    lor.o                     runtime/lor.s:9
    lmul.o                    runtime/lmul.s:9
    ladd.o                    runtime/ladd.s:8
aslax1 (aslax1.o):
    world.o                   world.s:1526
    maneuver-map.o            maneuver-map.s:253
    jump-map.o                jump-map.s:981
    hiring_hall.o             hiring_hall.s:1118
    main.o                    main.s:639
aslax2 (aslax2.o):
    world.o                   world.s:1526
    world.o                   world.s:1526
    jump-map.o                jump-map.s:981
    jump-map.o                jump-map.s:981
aslax3 (aslax3.o):
    sprite.o                  sprite.s:503
    sprite.o                  sprite.s:503
    sprite.o                  sprite.s:503
    sprite.o                  sprite.s:503
    sprite.o                  sprite.s:503
    jump-map.o                jump-map.s:981
aslax4 (aslax4.o):
    world.o                   world.s:1526
    world.o                   world.s:1526
    jump-map.o                jump-map.s:981
    jump-map.o                jump-map.s:981
    main.o                    main.s:639
asrax1 (asrax1.o):
    sprite.o                  sprite.s:503
    sprite.o                  sprite.s:503
asrax4 (asrax4.o):
    sprite.o                  sprite.s:503
    sprite.o                  sprite.s:503
axlong (axlong.o):
    _printf.o                 common/_printf.s:11
    passengers.o              passengers.s:801
    insystem.o                insystem.s:594
axulong (axlong.o):
    _printf.o                 common/_printf.s:11
    sleep.o                   ../libwrk/cx16/sleep.s:54
    trade.o                   trade.s:1144
    trade.o                   trade.s:1144
    trade.o                   trade.s:1144
    survey.o                  survey.s:186
    starport.o                starport.s:552
    passengers.o              passengers.s:801
booleq (makebool.o):
    shipyard.o                shipyard.s:376
boolge (makebool.o):
    lge.o                     runtime/lge.s:8
boolgt (makebool.o):
    lgt.o                     runtime/lgt.s:8
boollt (makebool.o):
    llt.o                     runtime/llt.s:8
boolule (makebool.o):
    jump-map.o                jump-map.s:981
callmain (callmain.o):
    crt0.o                    cx16/crt0.s:9
chlinechar (clinechars.o):
    chline.o                  cbm/chline.s:10
cputdirect (cputc.o):
    chline.o                  cbm/chline.s:9
    cclear.o                  cbm/cclear.s:9
ctypemaskdirect (ctypemask.o):
    strlower.o                common/strlower.s:14
cursor (_cursor.o):
    cgetc.o                   cx16/cgetc.s:10
decax1 (decax1.o):
    world.o                   world.s:1526
    maneuver-map.o            maneuver-map.s:253
decax2 (decax2.o):
    trade.o                   trade.s:1144
decax3 (decax3.o):
    hiring_hall.o             hiring_hall.s:1118
decaxy (decaxy.o):
    world.o                   world.s:1526
    ship.o                    ship.s:849
    ship.o                    ship.s:849
    menu.o                    menu.s:211
    insystem.o                insystem.s:594
decsp1 (decsp1.o):
    hiring_hall.o             hiring_hall.s:1118
    common.o                  common.s:537
    alarm.o                   alarm.s:493
decsp2 (decsp2.o):
    toslong.o                 runtime/toslong.s:8
    trade.o                   trade.s:1144
    trade.o                   trade.s:1144
    trade.o                   trade.s:1144
    trade.o                   trade.s:1144
    starport.o                starport.s:552
    ship.o                    ship.s:849
    panel.o                   panel.s:210
    jump-map.o                jump-map.s:981
    jump.o                    jump.s:327
    hiring_hall.o             hiring_hall.s:1118
    hiring_hall.o             hiring_hall.s:1118
    hiring_hall.o             hiring_hall.s:1118
    main.o                    main.s:639
decsp4 (decsp4.o):
    lpush.o                   runtime/lpush.s:12
    world.o                   world.s:1526
    world.o                   world.s:1526
    world.o                   world.s:1526
    trade.o                   trade.s:1144
    name.o                    name.s:140
    burtle_jsf32.o            burtle_jsf32.s:248
    main.o                    main.s:639
decsp5 (decsp5.o):
    insystem.o                insystem.s:594
decsp6 (decsp6.o):
    _printf.o                 common/_printf.s:11
decsp8 (decsp8.o):
    world.o                   world.s:1526
donelib (condes.o):
    crt0.o                    cx16/crt0.s:8
getlop (ludiv.o):
    lumod.o                   runtime/lumod.s:9
    lshelp.o                  runtime/lshelp.s:11
gotoxy (gotoxy.o):
    cputs.o                   conio/cputs.s:9
    cputc.o                   cx16/cputc.s:11
    chline.o                  cbm/chline.s:9
    cclear.o                  cbm/cclear.s:9
incax2 (incax2.o):
    sprite.o                  sprite.s:503
    passengers.o              passengers.s:801
    name.o                    name.s:140
    menu.o                    menu.s:211
    hiring_hall.o             hiring_hall.s:1118
incax3 (incax3.o):
    jump-map.o                jump-map.s:981
    hiring_hall.o             hiring_hall.s:1118
incax4 (incaxy.o):
    ship.o                    ship.s:849
    maneuver-map.o            maneuver-map.s:253
    jump-map.o                jump-map.s:981
    jump.o                    jump.s:327
    hiring_hall.o             hiring_hall.s:1118
incax5 (incax5.o):
    world.o                   world.s:1526
    hiring_hall.o             hiring_hall.s:1118
incax6 (incax6.o):
    sprite.o                  sprite.s:503
    sprite.o                  sprite.s:503
    ship.o                    ship.s:849
incax7 (incax7.o):
    ship.o                    ship.s:849
incaxy (incaxy.o):
    incax7.o                  runtime/incax7.s:8
    incax6.o                  runtime/incax6.s:8
    incax5.o                  runtime/incax5.s:8
    incax3.o                  runtime/incax3.s:8
    world.o                   world.s:1526
    world.o                   world.s:1526
    world.o                   world.s:1526
    world.o                   world.s:1526
    world.o                   world.s:1526
    starport.o                starport.s:552
    ship.o                    ship.s:849
    ship.o                    ship.s:849
    ship.o                    ship.s:849
    passengers.o              passengers.s:801
    menu.o                    menu.s:211
    jump-map.o                jump-map.s:981
    jump-map.o                jump-map.s:981
    jump.o                    jump.s:327
    insystem.o                insystem.s:594
    insystem.o                insystem.s:594
    hiring_hall.o             hiring_hall.s:1118
    hiring_hall.o             hiring_hall.s:1118
    hiring_hall.o             hiring_hall.s:1118
    hiring_hall.o             hiring_hall.s:1118
inceaxy (linc.o):
    common.o                  common.s:537
    common.o                  common.s:537
    common.o                  common.s:537
incsp1 (incsp1.o):
    world.o                   world.s:1526
    world.o                   world.s:1526
    world.o                   world.s:1526
    trade.o                   trade.s:1144
    survey.o                  survey.s:186
    starport.o                starport.s:552
    sprite.o                  sprite.s:503
    shipyard.o                shipyard.s:376
    ship.o                    ship.s:849
    ship.o                    ship.s:849
    jump-map.o                jump-map.s:981
    hiring_hall.o             hiring_hall.s:1118
    hiring_hall.o             hiring_hall.s:1118
    emplacement.o             emplacement.s:385
    emplacement.o             emplacement.s:385
    emplacement.o             emplacement.s:385
    emplacement.o             emplacement.s:385
    common.o                  common.s:537
    alarm.o                   alarm.s:493
    alarm.o                   alarm.s:493
    alarm.o                   alarm.s:493
    alarm.o                   alarm.s:493
incsp2 (incsp2.o):
    staspidx.o                runtime/staspidx.s:8
    popptr1.o                 runtime/popptr1.s:8
    world.o                   world.s:1526
    world.o                   world.s:1526
    world.o                   world.s:1526
    world.o                   world.s:1526
    world.o                   world.s:1526
    trade.o                   trade.s:1144
    trade.o                   trade.s:1144
    trade.o                   trade.s:1144
    trade.o                   trade.s:1144
    trade.o                   trade.s:1144
    trade.o                   trade.s:1144
    survey.o                  survey.s:186
    sprite.o                  sprite.s:503
    shipyard.o                shipyard.s:376
    shipyard.o                shipyard.s:376
    ship.o                    ship.s:849
    ship.o                    ship.s:849
    ship.o                    ship.s:849
    passengers.o              passengers.s:801
    jump-map.o                jump-map.s:981
    jump.o                    jump.s:327
    hiring_hall.o             hiring_hall.s:1118
    common.o                  common.s:537
    common.o                  common.s:537
    common.o                  common.s:537
    main.o                    main.s:639
incsp3 (incsp3.o):
    starport.o                starport.s:552
    starport.o                starport.s:552
    sprite.o                  sprite.s:503
    sprite.o                  sprite.s:503
    sprite.o                  sprite.s:503
    sprite.o                  sprite.s:503
    ship.o                    ship.s:849
    hiring_hall.o             hiring_hall.s:1118
    hiring_hall.o             hiring_hall.s:1118
    emplacement.o             emplacement.s:385
[...]
    main.o                    main.s:639
    main.o                    main.s:639
pusheax (lpush.o):
    _printf.o                 common/_printf.s:11
    sleep.o                   ../libwrk/cx16/sleep.s:54
    trade.o                   trade.s:1144
    trade.o                   trade.s:1144
    trade.o                   trade.s:1144
    trade.o                   trade.s:1144
    survey.o                  survey.s:186
    passengers.o              passengers.s:801
    passengers.o              passengers.s:801
    common.o                  common.s:537
    common.o                  common.s:537
    common.o                  common.s:537
    burtle_jsf32.o            burtle_jsf32.s:248
    burtle_jsf32.o            burtle_jsf32.s:248
    burtle_jsf32.o            burtle_jsf32.s:248
pushl0 (lpush.o):
    trade.o                   trade.s:1144
pushw (pushw.o):
    trade.o                   trade.s:1144
    hiring_hall.o             hiring_hall.s:1118
    alarm.o                   alarm.s:493
pushw0sp (pushwsp.o):
    world.o                   world.s:1526
    world.o                   world.s:1526
    world.o                   world.s:1526
    shipyard.o                shipyard.s:376
    shipyard.o                shipyard.s:376
    shipyard.o                shipyard.s:376
    ship.o                    ship.s:849
    passengers.o              passengers.s:801
    panel.o                   panel.s:210
    insystem.o                insystem.s:594
    hiring_hall.o             hiring_hall.s:1118
pushwysp (pushwsp.o):
    world.o                   world.s:1526
    world.o                   world.s:1526
    world.o                   world.s:1526
    world.o                   world.s:1526
    starport.o                starport.s:552
    starport.o                starport.s:552
    shipyard.o                shipyard.s:376
    shipyard.o                shipyard.s:376
    ship.o                    ship.s:849
    passengers.o              passengers.s:801
    jump-map.o                jump-map.s:981
    jump-map.o                jump-map.s:981
    jump-map.o                jump-map.s:981
    hiring_hall.o             hiring_hall.s:1118
    hiring_hall.o             hiring_hall.s:1118
    burtle_jsf32.o            burtle_jsf32.s:248
    burtle_jsf32.o            burtle_jsf32.s:248
    bankedText.o              bankedText.s:77
    main.o                    main.s:639
regbank (zeropage.o):
    _printf.o                 /Users/rje/git/cc65/asminc/zeropage.inc:14
shlax1 (aslax1.o):
    jump.o                    jump.s:327
shlax2 (aslax2.o):
    world.o                   world.s:1526
    world.o                   world.s:1526
    jump-map.o                jump-map.s:981
    jump.o                    jump.s:327
shlax4 (aslax4.o):
    world.o                   world.s:1526
    world.o                   world.s:1526
    starport.o                starport.s:552
    jump-map.o                jump-map.s:981
    jump.o                    jump.s:327
shleax1 (asleax1.o):
    trade.o                   trade.s:1144
    burtle_jsf32.o            burtle_jsf32.s:248
shleax3 (asleax3.o):
    burtle_jsf32.o            burtle_jsf32.s:248
shleax4 (asleax4.o):
    trade.o                   trade.s:1144
shrax1 (shrax1.o):
    sprite.o                  sprite.s:503
    sprite.o                  sprite.s:503
shrax3 (shrax3.o):
    jump-map.o                jump-map.s:981
shrax4 (shrax4.o):
    sprite.o                  sprite.s:503
    sprite.o                  sprite.s:503
    jump-map.o                jump-map.s:981
shreax1 (shreax1.o):
    burtle_jsf32.o            burtle_jsf32.s:248
shreax3 (shreax3.o):
    burtle_jsf32.o            burtle_jsf32.s:248
shreax4 (shreax4.o):
    burtle_jsf32.o            burtle_jsf32.s:248
sp (zeropage.o):
    lcmp.o                    runtime/lcmp.s:10
    decsp6.o                  runtime/decsp6.s:8
    _printf.o                 /Users/rje/git/cc65/asminc/zeropage.inc:11
    _heap.o                   common/_heap.s:9
    vcprintf.o                conio/vcprintf.s:10
    toslong.o                 runtime/toslong.s:9
    subysp.o                  runtime/subysp.s:9
    subeqsp.o                 runtime/subeqsp.s:8
    sub.o                     runtime/sub.s:9
    steaxsp.o                 runtime/steaxsp.s:8
    staxsp.o                  runtime/staxsp.s:8
    staspidx.o                runtime/staspidx.s:9
    pushwsp.o                 runtime/pushwsp.s:8
    pushax.o                  runtime/pushax.s:8
    pusha.o                   runtime/pusha.s:8
    popptr1.o                 runtime/popptr1.s:9
    popa.o                    runtime/popa.s:8
    or.o                      runtime/or.s:10
    memcpy.o                  common/memcpy.s:15
    lxor.o                    runtime/lxor.s:10
    ludiv.o                   runtime/ludiv.s:10
    lsub.o                    runtime/lsub.s:12
    lpush.o                   runtime/lpush.s:13
    lor.o                     runtime/lor.s:10
    lmul.o                    runtime/lmul.s:10
    leaaxsp.o                 runtime/leaaxsp.s:8
    ldeaxysp.o                runtime/ldeaxysp.s:12
    ldaxsp.o                  runtime/ldaxsp.s:8
    laddeqsp.o                runtime/laddeqsp.s:8
    ladd.o                    runtime/ladd.s:9
    incsp2.o                  runtime/incsp2.s:8
    incsp1.o                  runtime/incsp1.s:8
    icmp.o                    runtime/icmp.s:9
    decsp8.o                  runtime/decsp8.s:8
    decsp5.o                  runtime/decsp5.s:8
    decsp4.o                  runtime/decsp4.s:8
    decsp2.o                  runtime/decsp2.s:8
    decsp1.o                  runtime/decsp1.s:8
    crt0.o                    /Users/rje/git/cc65/asminc/zeropage.inc:11
    cprintf.o                 conio/cprintf.s:9
    addysp.o                  runtime/addysp.s:8
    addeqsp.o                 runtime/addeqsp.s:8
    add.o                     runtime/add.s:12
    world.o                   world.s:10
    trade.o                   trade.s:10
    survey.o                  survey.s:10
    starport.o                starport.s:10
    sprite.o                  sprite.s:10
    shipyard.o                shipyard.s:10
    ship.o                    ship.s:10
    passengers.o              passengers.s:10
    panel.o                   panel.s:10
    name.o                    name.s:10
    menu.o                    menu.s:10
    maneuver-map.o            maneuver-map.s:10
    jump-map.o                jump-map.s:10
    jump.o                    jump.s:10
    insystem.o                insystem.s:10
    hiring_hall.o             hiring_hall.s:10
    emplacement.o             emplacement.s:10
    common.o                  common.s:10
    bankedText.o              bankedText.s:10
    alarm.o                   alarm.s:10
    main.o                    main.s:10
sreg (zeropage.o):
    ltoa.o                    common/ltoa.s:11
    lcmp.o                    runtime/lcmp.s:10
    _printf.o                 /Users/rje/git/cc65/asminc/zeropage.inc:11
    umod.o                    runtime/umod.s:9
    udiv.o                    runtime/udiv.s:10
    steaxspi.o                runtime/steaxspi.s:10
    steaxsp.o                 runtime/steaxsp.s:8
    sleep.o                   ../libwrk/cx16/sleep.s:10
    shreax4.o                 runtime/shreax4.s:8
    shreax3.o                 runtime/shreax3.s:8
    shreax1.o                 runtime/shreax1.s:8
    mod.o                     runtime/mod.s:12
    lxor.o                    runtime/lxor.s:10
    lumod.o                   runtime/lumod.s:10
    ludiv.o                   runtime/ludiv.s:10
    lsubeq.o                  runtime/lsubeq.s:12
    lsub.o                    runtime/lsub.s:12
    lshelp.o                  runtime/lshelp.s:12
    lpush.o                   runtime/lpush.s:13
    lor.o                     runtime/lor.s:10
    lneg.o                    runtime/lneg.s:11
    lmul.o                    runtime/lmul.s:10
    linc.o                    runtime/linc.s:8
    ldiv.o                    runtime/ldiv.s:12
    ldeaxysp.o                runtime/ldeaxysp.s:12
    ldeaxi.o                  runtime/ldeaxi.s:8
    laddeqsp.o                runtime/laddeqsp.s:8
    laddeq.o                  runtime/laddeq.s:12
    ladd.o                    runtime/ladd.s:9
    icmp.o                    runtime/icmp.s:9
    clock.o                   cx16/clock.s:12
    axlong.o                  runtime/axlong.s:9
    asleax4.o                 runtime/asleax4.s:8
    asleax3.o                 runtime/asleax3.s:8
    asleax1.o                 runtime/asleax1.s:8
    world.o                   world.s:10
    trade.o                   trade.s:10
    survey.o                  survey.s:10
    starport.o                starport.s:10
    sprite.o                  sprite.s:10
    passengers.o              passengers.s:10
    name.o                    name.s:10
    jump-map.o                jump-map.s:10
    hiring_hall.o             hiring_hall.s:10
    damage.o                  damage.s:10
    burtle_jsf32.o            burtle_jsf32.s:10
staspidx (staspidx.o):
    hiring_hall.o             hiring_hall.s:1118
stax0sp (staxsp.o):
    world.o                   world.s:1526
    world.o                   world.s:1526
    world.o                   world.s:1526
    world.o                   world.s:1526
    trade.o                   trade.s:1144
    trade.o                   trade.s:1144
    trade.o                   trade.s:1144
    trade.o                   trade.s:1144
    shipyard.o                shipyard.s:376
    passengers.o              passengers.s:801
    panel.o                   panel.s:210
    maneuver-map.o            maneuver-map.s:253
    jump-map.o                jump-map.s:981
    jump.o                    jump.s:327
    insystem.o                insystem.s:594
    hiring_hall.o             hiring_hall.s:1118
    hiring_hall.o             hiring_hall.s:1118
    common.o                  common.s:537
    main.o                    main.s:639
    main.o                    main.s:639
staxysp (staxsp.o):
    world.o                   world.s:1526
    world.o                   world.s:1526
    world.o                   world.s:1526
    world.o                   world.s:1526
    trade.o                   trade.s:1144
    trade.o                   trade.s:1144
    trade.o                   trade.s:1144
    starport.o                starport.s:552
    passengers.o              passengers.s:801
    name.o                    name.s:140
    maneuver-map.o            maneuver-map.s:253
    jump-map.o                jump-map.s:981
    jump-map.o                jump-map.s:981
    insystem.o                insystem.s:594
    hiring_hall.o             hiring_hall.s:1118
    main.o                    main.s:639
steax0sp (steaxsp.o):
    burtle_jsf32.o            burtle_jsf32.s:248
steaxspidx (steaxspi.o):
    trade.o                   trade.s:1144
    burtle_jsf32.o            burtle_jsf32.s:248
    burtle_jsf32.o            burtle_jsf32.s:248
steaxysp (steaxsp.o):
    passengers.o              passengers.s:801
subeq0sp (subeqsp.o):
    trade.o                   trade.s:1144
    trade.o                   trade.s:1144
    passengers.o              passengers.s:801
    passengers.o              passengers.s:801
    name.o                    name.s:140
    jump.o                    jump.s:327
subeqysp (subeqsp.o):
    shipyard.o                shipyard.s:376
    panel.o                   panel.s:210
    jump-map.o                jump-map.s:981
    jump.o                    jump.s:327
    insystem.o                insystem.s:594
subysp (subysp.o):
    passengers.o              passengers.s:801
    maneuver-map.o            maneuver-map.s:253
    jump-map.o                jump-map.s:981
    jump-map.o                jump-map.s:981
    jump.o                    jump.s:327
    hiring_hall.o             hiring_hall.s:1118
tmp1 (zeropage.o):
    ltoa.o                    common/ltoa.s:11
    _printf.o                 /Users/rje/git/cc65/asminc/zeropage.inc:13
    vcprintf.o                conio/vcprintf.s:10
    strncpy.o                 common/strncpy.s:9
    steaxspi.o                runtime/steaxspi.s:10
    staspidx.o                runtime/staspidx.s:9
    shreax4.o                 runtime/shreax4.s:8
    shreax3.o                 runtime/shreax3.s:8
    shreax1.o                 runtime/shreax1.s:8
    shrax4.o                  runtime/shrax4.s:8
    shrax3.o                  runtime/shrax3.s:8
    shrax1.o                  runtime/shrax1.s:8
    shelp.o                   runtime/shelp.s:12
    or.o                      runtime/or.s:10
    mul.o                     runtime/mul.s:10
    mod.o                     runtime/mod.s:12
    lxor.o                    runtime/lxor.s:10
    lshelp.o                  runtime/lshelp.s:12
    lor.o                     runtime/lor.s:10
    ldiv.o                    runtime/ldiv.s:12
    ladd.o                    runtime/ladd.s:9
    incaxy.o                  runtime/incaxy.s:8
    div.o                     runtime/div.s:12
    decaxy.o                  runtime/decaxy.s:8
    cputs.o                   conio/cputs.s:10
    color.o                   cx16/color.s:11
    chline.o                  cbm/chline.s:10
    cclear.o                  cbm/cclear.s:10
    c_setlfs.o                cbm/c_setlfs.s:13
    asrax4.o                  runtime/asrax4.s:9
    asrax1.o                  runtime/asrax1.s:8
    asleax4.o                 runtime/asleax4.s:8
    asleax3.o                 runtime/asleax3.s:8
    asleax1.o                 runtime/asleax1.s:8
    aslax4.o                  runtime/aslax4.s:8
    aslax3.o                  runtime/aslax3.s:8
    aslax2.o                  runtime/aslax2.s:8
    aslax1.o                  runtime/aslax1.s:8
    passengers.o              passengers.s:11
    panel.o                   panel.s:11
    name.o                    name.s:11
    jump-map.o                jump-map.s:11
    jump.o                    jump.s:11
tmp2 (zeropage.o):
    strncpy.o                 common/strncpy.s:9
    steaxspi.o                runtime/steaxspi.s:10
    shelp.o                   runtime/shelp.s:12
    lshelp.o                  runtime/lshelp.s:12
    lmul.o                    runtime/lmul.s:10
    ldiv.o                    runtime/ldiv.s:12
    div.o                     runtime/div.s:12
tmp3 (zeropage.o):
    strncpy.o                 common/strncpy.s:9
    steaxspi.o                runtime/steaxspi.s:10
    lumod.o                   runtime/lumod.s:10
    ludiv.o                   runtime/ludiv.s:10
    lmul.o                    runtime/lmul.s:10
tmp4 (zeropage.o):
    lumod.o                   runtime/lumod.s:10
    ludiv.o                   runtime/ludiv.s:10
    lmul.o                    runtime/lmul.s:10
tosadd0ax (ladd.o):
    trade.o                   trade.s:1144
    survey.o                  survey.s:186
tosaddax (add.o):
    world.o                   world.s:1526
    trade.o                   trade.s:1144
    shipyard.o                shipyard.s:376
    shipyard.o                shipyard.s:376
    ship.o                    ship.s:849
    passengers.o              passengers.s:801
tosaddeax (ladd.o):
    sleep.o                   ../libwrk/cx16/sleep.s:54
    common.o                  common.s:537
    common.o                  common.s:537
    burtle_jsf32.o            burtle_jsf32.s:248
tosdiv0ax (ldiv.o):
    trade.o                   trade.s:1144
    trade.o                   trade.s:1144
tosdiva0 (div.o):
    world.o                   world.s:1526
    world.o                   world.s:1526
    world.o                   world.s:1526
tosdivax (div.o):
    jump.o                    jump.s:327
tosgeeax (lge.o):
    sleep.o                   ../libwrk/cx16/sleep.s:54
tosgteax (lgt.o):
    trade.o                   trade.s:1144
    starport.o                starport.s:552
tosicmp (icmp.o):
    world.o                   world.s:1526
    panel.o                   panel.s:210
    menu.o                    menu.s:211
    insystem.o                insystem.s:594
tosicmp0 (icmp.o):
    passengers.o              passengers.s:801
    insystem.o                insystem.s:594
toslcmp (lcmp.o):
    lge.o                     runtime/lge.s:8
    llt.o                     runtime/llt.s:8
    lgt.o                     runtime/lgt.s:8
toslteax (llt.o):
    starport.o                starport.s:552
tosmoda0 (mod.o):
    world.o                   world.s:1526
    world.o                   world.s:1526
    world.o                   world.s:1526
    world.o                   world.s:1526
    passengers.o              passengers.s:801
    passengers.o              passengers.s:801
    name.o                    name.s:140
    jump-map.o                jump-map.s:981
    jump-map.o                jump-map.s:981
    jump.o                    jump.s:327
    insystem.o                insystem.s:594
    insystem.o                insystem.s:594
tosmodax (mod.o):
    world.o                   world.s:1526
    emplacement.o             emplacement.s:385
tosmul0ax (lmul.o):
    passengers.o              passengers.s:801
tosmula0 (mul8.o):
    world.o                   world.s:1526
    world.o                   world.s:1526
    starport.o                starport.s:552
    starport.o                starport.s:552
    shipyard.o                shipyard.s:376
    shipyard.o                shipyard.s:376
    shipyard.o                shipyard.s:376
    ship.o                    ship.s:849
    ship.o                    ship.s:849
    ship.o                    ship.s:849
    jump-map.o                jump-map.s:981
    hiring_hall.o             hiring_hall.s:1118
    hiring_hall.o             hiring_hall.s:1118
    hiring_hall.o             hiring_hall.s:1118
    hiring_hall.o             hiring_hall.s:1118
    main.o                    main.s:639
tosmulax (mul.o):
    world.o                   world.s:1526
    jump.o                    jump.s:327
tosmuleax (lmul.o):
    trade.o                   trade.s:1144
    trade.o                   trade.s:1144
tosorax (or.o):
    jump-map.o                jump-map.s:981
tosoreax (lor.o):
    burtle_jsf32.o            burtle_jsf32.s:248
tossuba0 (sub.o):
    starport.o                starport.s:552
tossubax (sub.o):
    jump-map.o                jump-map.s:981
    jump-map.o                jump-map.s:981
tossubeax (lsub.o):
    sleep.o                   ../libwrk/cx16/sleep.s:54
    burtle_jsf32.o            burtle_jsf32.s:248
tosudiva0 (udiv.o):
    passengers.o              passengers.s:801
    jump-map.o                jump-map.s:981
tosulong (toslong.o):
    starport.o                starport.s:552
    starport.o                starport.s:552
tosumod0ax (lumod.o):
    trade.o                   trade.s:1144
    common.o                  common.s:537
    common.o                  common.s:537
    common.o                  common.s:537
tosumoda0 (umod.o):
    trade.o                   trade.s:1144
    trade.o                   trade.s:1144
    starport.o                starport.s:552
tosumul0ax (lmul.o):
    sleep.o                   ../libwrk/cx16/sleep.s:54
tosumula0 (mul8.o):
    trade.o                   trade.s:1144
    trade.o                   trade.s:1144
    survey.o                  survey.s:186
    starport.o                starport.s:552
    ship.o                    ship.s:849
    ship.o                    ship.s:849
    passengers.o              passengers.s:801
    insystem.o                insystem.s:594
tosumulax (mul.o):
    passengers.o              passengers.s:801
tosumuleax (lmul.o):
    trade.o                   trade.s:1144
tosxoreax (lxor.o):
    burtle_jsf32.o            burtle_jsf32.s:248
udiv16 (udiv.o):
    umod.o                    runtime/umod.s:8
    shelp.o                   runtime/shelp.s:11
udiv32 (ludiv.o):
    lumod.o                   runtime/lumod.s:9
    ldiv.o                    runtime/ldiv.s:11
zerobss (zerobss.o):
    crt0.o                    cx16/crt0.s:9

