Modules list:
-------------
main.o:
    CODE              Offs=000000  Size=0003F0  Align=00001  Fill=0000
    RODATA            Offs=000000  Size=000184  Align=00001  Fill=0000
    BSS               Offs=000000  Size=000690  Align=00001  Fill=0000
    DATA              Offs=000000  Size=000028  Align=00001  Fill=0000
alarm.o:
    CODE              Offs=0003F0  Size=0001B5  Align=00001  Fill=0000
    RODATA            Offs=000184  Size=000183  Align=00001  Fill=0000
    BSS               Offs=000690  Size=000014  Align=00001  Fill=0000
    DATA              Offs=000028  Size=0000A5  Align=00001  Fill=0000
burtle_jsf32.o:
    CODE              Offs=0005A5  Size=0001A5  Align=00001  Fill=0000
    BSS               Offs=0006A4  Size=000011  Align=00001  Fill=0000
combat.o:
    CODE              Offs=00074A  Size=000001  Align=00001  Fill=0000
    BSS               Offs=0006B5  Size=00004A  Align=00001  Fill=0000
common.o:
    CODE              Offs=00074B  Size=000259  Align=00001  Fill=0000
    RODATA            Offs=000307  Size=00001B  Align=00001  Fill=0000
    DATA              Offs=0000CD  Size=000002  Align=00001  Fill=0000
console.o:
    CODE              Offs=0009A4  Size=000001  Align=00001  Fill=0000
damage.o:
    CODE              Offs=0009A5  Size=000063  Align=00001  Fill=0000
    RODATA            Offs=000322  Size=000274  Align=00001  Fill=0000
    BSS               Offs=0006FF  Size=000001  Align=00001  Fill=0000
    DATA              Offs=0000CF  Size=00002C  Align=00001  Fill=0000
emplacement.o:
    CODE              Offs=000A08  Size=00007D  Align=00001  Fill=0000
    RODATA            Offs=000596  Size=0000B9  Align=00001  Fill=0000
    DATA              Offs=0000FB  Size=000040  Align=00001  Fill=0000
hiring_hall.o:
    CODE              Offs=000A85  Size=000532  Align=00001  Fill=0000
    RODATA            Offs=00064F  Size=000221  Align=00001  Fill=0000
    BSS               Offs=000700  Size=0000C8  Align=00001  Fill=0000
    DATA              Offs=00013B  Size=000068  Align=00001  Fill=0000
jump.o:
    CODE              Offs=000FB7  Size=0001E4  Align=00001  Fill=0000
    RODATA            Offs=000870  Size=000303  Align=00001  Fill=0000
    DATA              Offs=0001A3  Size=000020  Align=00001  Fill=0000
jump-map.o:
    CODE              Offs=00119B  Size=000698  Align=00001  Fill=0000
    RODATA            Offs=000B73  Size=0000DB  Align=00001  Fill=0000
    DATA              Offs=0001C3  Size=000010  Align=00001  Fill=0000
maneuver-map.o:
    CODE              Offs=001833  Size=000150  Align=00001  Fill=0000
    RODATA            Offs=000C4E  Size=0000A1  Align=00001  Fill=0000
menu.o:
    CODE              Offs=001983  Size=000112  Align=00001  Fill=0000
    BSS               Offs=0007C8  Size=000003  Align=00001  Fill=0000
passengers.o:
    CODE              Offs=001A95  Size=0002CC  Align=00001  Fill=0000
    RODATA            Offs=000CEF  Size=00015F  Align=00001  Fill=0000
piracy.o:
    CODE              Offs=001D61  Size=000001  Align=00001  Fill=0000
ship.o:
    CODE              Offs=001D62  Size=0005A9  Align=00001  Fill=0000
    RODATA            Offs=000E4E  Size=0004D8  Align=00001  Fill=0000
    DATA              Offs=0001D3  Size=00004C  Align=00001  Fill=0000
shipyard.o:
    CODE              Offs=00230B  Size=000233  Align=00001  Fill=0000
    RODATA            Offs=001326  Size=0000BD  Align=00001  Fill=0000
    BSS               Offs=0007CB  Size=000001  Align=00001  Fill=0000
sprite.o:
    CODE              Offs=00253E  Size=000330  Align=00001  Fill=0000
    BSS               Offs=0007CC  Size=000006  Align=00001  Fill=0000
starport.o:
    CODE              Offs=00286E  Size=000341  Align=00001  Fill=0000
    RODATA            Offs=0013E3  Size=00015F  Align=00001  Fill=0000
trade.o:
    CODE              Offs=002BAF  Size=00072E  Align=00001  Fill=0000
    RODATA            Offs=001542  Size=0000B3  Align=00001  Fill=0000
    BSS               Offs=0007D2  Size=000002  Align=00001  Fill=0000
    DATA              Offs=00021F  Size=00000E  Align=00001  Fill=0000
wilderness.o:
    CODE              Offs=0032DD  Size=0000FC  Align=00001  Fill=0000
    RODATA            Offs=0015F5  Size=000136  Align=00001  Fill=0000
world.o:
    CODE              Offs=0033D9  Size=0008A5  Align=00001  Fill=0000
    RODATA            Offs=00172B  Size=000209  Align=00001  Fill=0000
    BSS               Offs=0007D4  Size=000960  Align=00001  Fill=0000
    DATA              Offs=00022D  Size=000065  Align=00001  Fill=0000
/Users/rje/git/cc65/lib/cx16.lib(_cursor.o):
    BSS               Offs=001134  Size=000001  Align=00001  Fill=0000
/Users/rje/git/cc65/lib/cx16.lib(_hextab.o):
    RODATA            Offs=001934  Size=000010  Align=00001  Fill=0000
/Users/rje/git/cc65/lib/cx16.lib(_longminstr.o):
    RODATA            Offs=001944  Size=00000C  Align=00001  Fill=0000
/Users/rje/git/cc65/lib/cx16.lib(_oserror.o):
    BSS               Offs=001135  Size=000001  Align=00001  Fill=0000
/Users/rje/git/cc65/lib/cx16.lib(_printf.o):
    CODE              Offs=003C7E  Size=0003A5  Align=00001  Fill=0000
    BSS               Offs=001136  Size=00002B  Align=00001  Fill=0000
    DATA              Offs=000292  Size=000003  Align=00001  Fill=0000
/Users/rje/git/cc65/lib/cx16.lib(add.o):
    CODE              Offs=004023  Size=000018  Align=00001  Fill=0000
/Users/rje/git/cc65/lib/cx16.lib(addeqsp.o):
    CODE              Offs=00403B  Size=000011  Align=00001  Fill=0000
/Users/rje/git/cc65/lib/cx16.lib(addysp.o):
    CODE              Offs=00404C  Size=00000E  Align=00001  Fill=0000
/Users/rje/git/cc65/lib/cx16.lib(aslax1.o):
    CODE              Offs=00405A  Size=000008  Align=00001  Fill=0000
/Users/rje/git/cc65/lib/cx16.lib(aslax2.o):
    CODE              Offs=004062  Size=00000B  Align=00001  Fill=0000
/Users/rje/git/cc65/lib/cx16.lib(aslax3.o):
    CODE              Offs=00406D  Size=00000E  Align=00001  Fill=0000
/Users/rje/git/cc65/lib/cx16.lib(aslax4.o):
    CODE              Offs=00407B  Size=000011  Align=00001  Fill=0000
/Users/rje/git/cc65/lib/cx16.lib(asleax1.o):
    CODE              Offs=00408C  Size=00000C  Align=00001  Fill=0000
/Users/rje/git/cc65/lib/cx16.lib(asleax3.o):
    CODE              Offs=004098  Size=00001A  Align=00001  Fill=0000
/Users/rje/git/cc65/lib/cx16.lib(asleax4.o):
    CODE              Offs=0040B2  Size=000011  Align=00001  Fill=0000
/Users/rje/git/cc65/lib/cx16.lib(asrax1.o):
    CODE              Offs=0040C3  Size=00000A  Align=00001  Fill=0000
/Users/rje/git/cc65/lib/cx16.lib(asrax4.o):
    CODE              Offs=0040CD  Size=000019  Align=00001  Fill=0000
/Users/rje/git/cc65/lib/cx16.lib(axlong.o):
    CODE              Offs=0040E6  Size=00000D  Align=00001  Fill=0000
/Users/rje/git/cc65/lib/cx16.lib(c_bsout.o):
/Users/rje/git/cc65/lib/cx16.lib(c_load.o):
    CODE              Offs=0040F3  Size=00001D  Align=00001  Fill=0000
/Users/rje/git/cc65/lib/cx16.lib(c_setlfs.o):
    CODE              Offs=004110  Size=00000E  Align=00001  Fill=0000
/Users/rje/git/cc65/lib/cx16.lib(c_setnam.o):
    CODE              Offs=00411E  Size=000013  Align=00001  Fill=0000
/Users/rje/git/cc65/lib/cx16.lib(callmain.o):
    CODE              Offs=004131  Size=000017  Align=00001  Fill=0000
    DATA              Offs=000295  Size=000004  Align=00001  Fill=0000
/Users/rje/git/cc65/lib/cx16.lib(cclear.o):
    CODE              Offs=004148  Size=000015  Align=00001  Fill=0000
/Users/rje/git/cc65/lib/cx16.lib(cgetc.o):
    CODE              Offs=00415D  Size=000064  Align=00001  Fill=0000
/Users/rje/git/cc65/lib/cx16.lib(chline.o):
    CODE              Offs=0041C1  Size=000015  Align=00001  Fill=0000
/Users/rje/git/cc65/lib/cx16.lib(clinechars.o):
/Users/rje/git/cc65/lib/cx16.lib(clock.o):
    CODE              Offs=0041D6  Size=00000F  Align=00001  Fill=0000
/Users/rje/git/cc65/lib/cx16.lib(clrscr.o):
    CODE              Offs=0041E5  Size=000011  Align=00001  Fill=0000
/Users/rje/git/cc65/lib/cx16.lib(color.o):
    CODE              Offs=0041F6  Size=00002A  Align=00001  Fill=0000
/Users/rje/git/cc65/lib/cx16.lib(condes.o):
    CODE              Offs=004220  Size=00000C  Align=00001  Fill=0000
    DATA              Offs=000299  Size=000025  Align=00001  Fill=0000
    ONCE              Offs=000000  Size=00000C  Align=00001  Fill=0000
/Users/rje/git/cc65/lib/cx16.lib(cprintf.o):
    CODE              Offs=00422C  Size=00002A  Align=00001  Fill=0000
    BSS               Offs=001161  Size=000001  Align=00001  Fill=0000
/Users/rje/git/cc65/lib/cx16.lib(cputc.o):
    CODE              Offs=004256  Size=00005F  Align=00001  Fill=0000
    RODATA            Offs=001950  Size=000008  Align=00001  Fill=0000
/Users/rje/git/cc65/lib/cx16.lib(cputs.o):
    CODE              Offs=0042B5  Size=000023  Align=00001  Fill=0000
/Users/rje/git/cc65/lib/cx16.lib(crt0.o):
    STARTUP           Offs=000000  Size=000028  Align=00001  Fill=0000
    ONCE              Offs=00000C  Size=000023  Align=00001  Fill=0000
    INIT              Offs=000000  Size=000002  Align=00001  Fill=0000
/Users/rje/git/cc65/lib/cx16.lib(ctype.o):
    RODATA            Offs=001958  Size=00008B  Align=00001  Fill=0000
/Users/rje/git/cc65/lib/cx16.lib(ctypemask.o):
    CODE              Offs=0042D8  Size=00001E  Align=00001  Fill=0000
/Users/rje/git/cc65/lib/cx16.lib(decax1.o):
    CODE              Offs=0042F6  Size=000007  Align=00001  Fill=0000
/Users/rje/git/cc65/lib/cx16.lib(decax2.o):
    CODE              Offs=0042FD  Size=000007  Align=00001  Fill=0000
/Users/rje/git/cc65/lib/cx16.lib(decax3.o):
    CODE              Offs=004304  Size=000007  Align=00001  Fill=0000
/Users/rje/git/cc65/lib/cx16.lib(decaxy.o):
    CODE              Offs=00430B  Size=000009  Align=00001  Fill=0000
/Users/rje/git/cc65/lib/cx16.lib(decsp1.o):
    CODE              Offs=004314  Size=000009  Align=00001  Fill=0000
/Users/rje/git/cc65/lib/cx16.lib(decsp2.o):
    CODE              Offs=00431D  Size=00000D  Align=00001  Fill=0000
/Users/rje/git/cc65/lib/cx16.lib(decsp4.o):
    CODE              Offs=00432A  Size=00000D  Align=00001  Fill=0000
/Users/rje/git/cc65/lib/cx16.lib(decsp5.o):
    CODE              Offs=004337  Size=00000D  Align=00001  Fill=0000
/Users/rje/git/cc65/lib/cx16.lib(decsp6.o):
    CODE              Offs=004344  Size=00000D  Align=00001  Fill=0000
/Users/rje/git/cc65/lib/cx16.lib(decsp7.o):
    CODE              Offs=004351  Size=00000D  Align=00001  Fill=0000
/Users/rje/git/cc65/lib/cx16.lib(decsp8.o):
    CODE              Offs=00435E  Size=00000D  Align=00001  Fill=0000
/Users/rje/git/cc65/lib/cx16.lib(div.o):
    CODE              Offs=00436B  Size=000015  Align=00001  Fill=0000
/Users/rje/git/cc65/lib/cx16.lib(exehdr.o):
    EXEHDR            Offs=000000  Size=00000C  Align=00001  Fill=0000
/Users/rje/git/cc65/lib/cx16.lib(gotox.o):
    CODE              Offs=004380  Size=000006  Align=00001  Fill=0000
/Users/rje/git/cc65/lib/cx16.lib(gotoxy.o):
    CODE              Offs=004386  Size=00000F  Align=00001  Fill=0000
/Users/rje/git/cc65/lib/cx16.lib(icmp.o):
    CODE              Offs=004395  Size=00002E  Align=00001  Fill=0000
/Users/rje/git/cc65/lib/cx16.lib(incax2.o):
    CODE              Offs=0043C3  Size=000007  Align=00001  Fill=0000
/Users/rje/git/cc65/lib/cx16.lib(incax3.o):
    CODE              Offs=0043CA  Size=000005  Align=00001  Fill=0000
/Users/rje/git/cc65/lib/cx16.lib(incax5.o):
    CODE              Offs=0043CF  Size=000005  Align=00001  Fill=0000
/Users/rje/git/cc65/lib/cx16.lib(incax6.o):
    CODE              Offs=0043D4  Size=000005  Align=00001  Fill=0000
/Users/rje/git/cc65/lib/cx16.lib(incax7.o):
    CODE              Offs=0043D9  Size=000005  Align=00001  Fill=0000
/Users/rje/git/cc65/lib/cx16.lib(incax8.o):
    CODE              Offs=0043DE  Size=000005  Align=00001  Fill=0000
/Users/rje/git/cc65/lib/cx16.lib(incaxy.o):
    CODE              Offs=0043E3  Size=00000B  Align=00001  Fill=0000
/Users/rje/git/cc65/lib/cx16.lib(incsp1.o):
    CODE              Offs=0043EE  Size=000007  Align=00001  Fill=0000
/Users/rje/git/cc65/lib/cx16.lib(incsp2.o):
    CODE              Offs=0043F5  Size=000015  Align=00001  Fill=0000
/Users/rje/git/cc65/lib/cx16.lib(incsp3.o):
    CODE              Offs=00440A  Size=000005  Align=00001  Fill=0000
/Users/rje/git/cc65/lib/cx16.lib(incsp4.o):
    CODE              Offs=00440F  Size=000005  Align=00001  Fill=0000
/Users/rje/git/cc65/lib/cx16.lib(incsp5.o):
    CODE              Offs=004414  Size=000005  Align=00001  Fill=0000
/Users/rje/git/cc65/lib/cx16.lib(incsp6.o):
    CODE              Offs=004419  Size=000005  Align=00001  Fill=0000
/Users/rje/git/cc65/lib/cx16.lib(kbhit.o):
    CODE              Offs=00441E  Size=00000E  Align=00001  Fill=0000
/Users/rje/git/cc65/lib/cx16.lib(kernal.o):
/Users/rje/git/cc65/lib/cx16.lib(ladd.o):
    CODE              Offs=00442C  Size=000024  Align=00001  Fill=0000
/Users/rje/git/cc65/lib/cx16.lib(laddeq.o):
    CODE              Offs=004450  Size=00002C  Align=00001  Fill=0000
/Users/rje/git/cc65/lib/cx16.lib(laddeqsp.o):
    CODE              Offs=00447C  Size=000023  Align=00001  Fill=0000
/Users/rje/git/cc65/lib/cx16.lib(lcmp.o):
    CODE              Offs=00449F  Size=00003B  Align=00001  Fill=0000
/Users/rje/git/cc65/lib/cx16.lib(ldai.o):
    CODE              Offs=0044DA  Size=00000C  Align=00001  Fill=0000
/Users/rje/git/cc65/lib/cx16.lib(ldaxi.o):
    CODE              Offs=0044E6  Size=00000D  Align=00001  Fill=0000
/Users/rje/git/cc65/lib/cx16.lib(ldaxsp.o):
    CODE              Offs=0044F3  Size=000009  Align=00001  Fill=0000
/Users/rje/git/cc65/lib/cx16.lib(ldeaxi.o):
    CODE              Offs=0044FC  Size=000017  Align=00001  Fill=0000
/Users/rje/git/cc65/lib/cx16.lib(ldeaxysp.o):
    CODE              Offs=004513  Size=000013  Align=00001  Fill=0000
/Users/rje/git/cc65/lib/cx16.lib(ldiv.o):
    CODE              Offs=004526  Size=00001C  Align=00001  Fill=0000
/Users/rje/git/cc65/lib/cx16.lib(leaaxsp.o):
    CODE              Offs=004542  Size=00000C  Align=00001  Fill=0000
/Users/rje/git/cc65/lib/cx16.lib(lge.o):
    CODE              Offs=00454E  Size=000006  Align=00001  Fill=0000
/Users/rje/git/cc65/lib/cx16.lib(lgt.o):
    CODE              Offs=004554  Size=000006  Align=00001  Fill=0000
/Users/rje/git/cc65/lib/cx16.lib(linc.o):
    CODE              Offs=00455A  Size=000011  Align=00001  Fill=0000
/Users/rje/git/cc65/lib/cx16.lib(llt.o):
    CODE              Offs=00456B  Size=000006  Align=00001  Fill=0000
/Users/rje/git/cc65/lib/cx16.lib(lmul.o):
    CODE              Offs=004571  Size=000059  Align=00001  Fill=0000
/Users/rje/git/cc65/lib/cx16.lib(lneg.o):
    CODE              Offs=0045CA  Size=00001E  Align=00001  Fill=0000
/Users/rje/git/cc65/lib/cx16.lib(loadaddr.o):
    LOADADDR          Offs=000000  Size=000002  Align=00001  Fill=0000
/Users/rje/git/cc65/lib/cx16.lib(lor.o):
    CODE              Offs=0045E8  Size=000021  Align=00001  Fill=0000
/Users/rje/git/cc65/lib/cx16.lib(lpush.o):
    CODE              Offs=004609  Size=00001E  Align=00001  Fill=0000
/Users/rje/git/cc65/lib/cx16.lib(lshelp.o):
    CODE              Offs=004627  Size=000052  Align=00001  Fill=0000
/Users/rje/git/cc65/lib/cx16.lib(lsub.o):
    CODE              Offs=004679  Size=000024  Align=00001  Fill=0000
/Users/rje/git/cc65/lib/cx16.lib(lsubeq.o):
    CODE              Offs=00469D  Size=000030  Align=00001  Fill=0000
/Users/rje/git/cc65/lib/cx16.lib(ltoa.o):
    CODE              Offs=0046CD  Size=000093  Align=00001  Fill=0000
/Users/rje/git/cc65/lib/cx16.lib(ludiv.o):
    CODE              Offs=004760  Size=000077  Align=00001  Fill=0000
/Users/rje/git/cc65/lib/cx16.lib(lumod.o):
    CODE              Offs=0047D7  Size=000017  Align=00001  Fill=0000
/Users/rje/git/cc65/lib/cx16.lib(lxor.o):
    CODE              Offs=0047EE  Size=000021  Align=00001  Fill=0000
/Users/rje/git/cc65/lib/cx16.lib(makebool.o):
    CODE              Offs=00480F  Size=00002C  Align=00001  Fill=0000
/Users/rje/git/cc65/lib/cx16.lib(memcpy.o):
    CODE              Offs=00483B  Size=00003C  Align=00001  Fill=0000
/Users/rje/git/cc65/lib/cx16.lib(mod.o):
    CODE              Offs=004877  Size=000011  Align=00001  Fill=0000
/Users/rje/git/cc65/lib/cx16.lib(mul.o):
    CODE              Offs=004888  Size=000045  Align=00001  Fill=0000
/Users/rje/git/cc65/lib/cx16.lib(mul8.o):
    CODE              Offs=0048CD  Size=00003A  Align=00001  Fill=0000
/Users/rje/git/cc65/lib/cx16.lib(mulax10.o):
    CODE              Offs=004907  Size=000019  Align=00001  Fill=0000
/Users/rje/git/cc65/lib/cx16.lib(mulax6.o):
    CODE              Offs=004920  Size=000016  Align=00001  Fill=0000
/Users/rje/git/cc65/lib/cx16.lib(mulax7.o):
    CODE              Offs=004936  Size=000019  Align=00001  Fill=0000
/Users/rje/git/cc65/lib/cx16.lib(mulax9.o):
    CODE              Offs=00494F  Size=000017  Align=00001  Fill=0000
/Users/rje/git/cc65/lib/cx16.lib(negabs.o):
    CODE              Offs=004966  Size=000012  Align=00001  Fill=0000
/Users/rje/git/cc65/lib/cx16.lib(or.o):
    CODE              Offs=004978  Size=000011  Align=00001  Fill=0000
/Users/rje/git/cc65/lib/cx16.lib(popa.o):
    CODE              Offs=004989  Size=00000A  Align=00001  Fill=0000
/Users/rje/git/cc65/lib/cx16.lib(popptr1.o):
    CODE              Offs=004993  Size=00000E  Align=00001  Fill=0000
/Users/rje/git/cc65/lib/cx16.lib(push1.o):
    CODE              Offs=0049A1  Size=000005  Align=00001  Fill=0000
/Users/rje/git/cc65/lib/cx16.lib(pusha.o):
    CODE              Offs=0049A6  Size=000016  Align=00001  Fill=0000
/Users/rje/git/cc65/lib/cx16.lib(pushax.o):
    CODE              Offs=0049BC  Size=00001A  Align=00001  Fill=0000
/Users/rje/git/cc65/lib/cx16.lib(pushw.o):
    CODE              Offs=0049D6  Size=00000F  Align=00001  Fill=0000
/Users/rje/git/cc65/lib/cx16.lib(pushwsp.o):
    CODE              Offs=0049E5  Size=00001C  Align=00001  Fill=0000
/Users/rje/git/cc65/lib/cx16.lib(rand.o):
    CODE              Offs=004A01  Size=000034  Align=00001  Fill=0000
    DATA              Offs=0002BE  Size=000004  Align=00001  Fill=0000
/Users/rje/git/cc65/lib/cx16.lib(randomize.o):
    CODE              Offs=004A35  Size=000006  Align=00001  Fill=0000
/Users/rje/git/cc65/lib/cx16.lib(revers.o):
    CODE              Offs=004A3B  Size=000013  Align=00001  Fill=0000
/Users/rje/git/cc65/lib/cx16.lib(shelp.o):
    CODE              Offs=004A4E  Size=000020  Align=00001  Fill=0000
/Users/rje/git/cc65/lib/cx16.lib(shrax1.o):
    CODE              Offs=004A6E  Size=000008  Align=00001  Fill=0000
/Users/rje/git/cc65/lib/cx16.lib(shrax3.o):
    CODE              Offs=004A76  Size=00000E  Align=00001  Fill=0000
/Users/rje/git/cc65/lib/cx16.lib(shrax4.o):
    CODE              Offs=004A84  Size=000011  Align=00001  Fill=0000
/Users/rje/git/cc65/lib/cx16.lib(shreax1.o):
    CODE              Offs=004A95  Size=00000C  Align=00001  Fill=0000
/Users/rje/git/cc65/lib/cx16.lib(shreax3.o):
    CODE              Offs=004AA1  Size=00001A  Align=00001  Fill=0000
/Users/rje/git/cc65/lib/cx16.lib(shreax4.o):
    CODE              Offs=004ABB  Size=000011  Align=00001  Fill=0000
/Users/rje/git/cc65/lib/cx16.lib(sleep.o):
    CODE              Offs=004ACC  Size=000043  Align=00001  Fill=0000
/Users/rje/git/cc65/lib/cx16.lib(sprites_enable.o):
    CODE              Offs=004B0F  Size=00001F  Align=00001  Fill=0000
/Users/rje/git/cc65/lib/cx16.lib(staspidx.o):
    CODE              Offs=004B2E  Size=000016  Align=00001  Fill=0000
/Users/rje/git/cc65/lib/cx16.lib(staxsp.o):
    CODE              Offs=004B44  Size=00000B  Align=00001  Fill=0000
/Users/rje/git/cc65/lib/cx16.lib(staxspi.o):
    CODE              Offs=004B4F  Size=00001A  Align=00001  Fill=0000
/Users/rje/git/cc65/lib/cx16.lib(steaxsp.o):
    CODE              Offs=004B69  Size=000015  Align=00001  Fill=0000
/Users/rje/git/cc65/lib/cx16.lib(steaxspi.o):
    CODE              Offs=004B7E  Size=000022  Align=00001  Fill=0000
/Users/rje/git/cc65/lib/cx16.lib(strlen.o):
    CODE              Offs=004BA0  Size=000016  Align=00001  Fill=0000
/Users/rje/git/cc65/lib/cx16.lib(strlower.o):
    CODE              Offs=004BB6  Size=000027  Align=00001  Fill=0000
/Users/rje/git/cc65/lib/cx16.lib(strncpy.o):
    CODE              Offs=004BDD  Size=000042  Align=00001  Fill=0000
/Users/rje/git/cc65/lib/cx16.lib(sub.o):
    CODE              Offs=004C1F  Size=000014  Align=00001  Fill=0000
/Users/rje/git/cc65/lib/cx16.lib(subeqsp.o):
    CODE              Offs=004C33  Size=000015  Align=00001  Fill=0000
/Users/rje/git/cc65/lib/cx16.lib(subysp.o):
    CODE              Offs=004C48  Size=00000D  Align=00001  Fill=0000
/Users/rje/git/cc65/lib/cx16.lib(toslong.o):
    CODE              Offs=004C55  Size=000032  Align=00001  Fill=0000
/Users/rje/git/cc65/lib/cx16.lib(udiv.o):
    CODE              Offs=004C87  Size=00004F  Align=00001  Fill=0000
/Users/rje/git/cc65/lib/cx16.lib(umod.o):
    CODE              Offs=004CD6  Size=000011  Align=00001  Fill=0000
/Users/rje/git/cc65/lib/cx16.lib(vcprintf.o):
    CODE              Offs=004CE7  Size=000078  Align=00001  Fill=0000
    DATA              Offs=0002C2  Size=000008  Align=00001  Fill=0000
/Users/rje/git/cc65/lib/cx16.lib(zerobss.o):
    CODE              Offs=004D5F  Size=000023  Align=00001  Fill=0000
/Users/rje/git/cc65/lib/cx16.lib(zeropage.o):
    ZEROPAGE          Offs=000000  Size=00001A  Align=00001  Fill=0000


Segment list:
-------------
Name                   Start     End    Size  Align
----------------------------------------------------
ZEROPAGE              000022  00003B  00001A  00001
LOADADDR              0007FF  000800  000002  00001
EXEHDR                000801  00080C  00000C  00001
STARTUP               00080D  000834  000028  00001
CODE                  000835  0055B6  004D82  00001
RODATA                0055B7  006F99  0019E3  00001
DATA                  006F9A  007263  0002CA  00001
INIT                  007264  007265  000002  00001
BSS                   007266  0083C7  001162  00001
ONCE                  007266  007296  000031  00001


Exports list by name:
---------------------
BSOUT                     00FFD2 RLA    CHROUT                    00FFD2 RLA    
ENTROPY_GET               00FECF RLA    GETIN                     00FFE4 RLA    
LOAD                      00FFD5 RLA    PLOT                      00FFF0 RLA    
RDTIM                     00FFDE RLA    SETLFS                    00FFBA RLA    
SETNAM                    00FFBD RLA    SETTIM                    00FFDB RLA    
__BSS_RUN__               007266 RLA    __BSS_SIZE__              001162 REA    
__CONSTRUCTOR_COUNT__     000001 REA    __CONSTRUCTOR_TABLE__     007295 RLA    
__DESTRUCTOR_COUNT__      000000 REA    __DESTRUCTOR_TABLE__      006F9A RLA    
__EXEHDR__                000001 REA    __HEADER_LAST__           00080D RLA    
__HIMEM__                 009F00 REA    __LOADADDR__              000001 REA    
__MAIN_SIZE__             0096F3 REA    __MAIN_START__            00080D RLA    
__ONCE_RUN__              007266 RLA    __STACKSIZE__             000800 REA    
__STARTUP__               000001 REA    __ctype                   006F0F RLA    
__ctypeidx                006F1A RLA    __hextab                  006EEB RLA    
__longminstr              006EFB RLA    __oserror                 00839B RLA    
__printf                  0045A6 RLA    __randomize               00526A RLA    
_abs                      00519B RLA    _admin                    006FA5 RLA    
_astrogator               006FA6 RLA    _bookPassengersAndPayCrew 0022CA RLA    
_burtle32                 000F6D RLA    _cargo                    0072C3 RLA    
_cbm_k_bsout              00FFD2 RLA    _cbm_k_load               004928 RLA    
_cbm_k_setlfs             004945 RLA    _cbm_k_setnam             004953 RLA    
_cclear                   004982 RLA    _cclearxy                 00497D RLA    
_cgetc                    004992 RLA    _chline                   0049FB RLA    
_chlinexy                 0049F6 RLA    _clearComponentState      000C33 RLA    
_clock                    004A12 RLA    _clrscr                   004A1A RLA    
_componentLabel           00703B RLA    _cost                     0078F6 RLA    
_cprintf                  004A61 RLA    _cputc                    004A90 RLA    
_cputcxy                  004A8B RLA    _cputs                    004AF4 RLA    
_cputsxy                  004AEA RLA    _current                  00734F RLA    
_destination              007395 RLA    _diceRoll                 0011A7 RLA    
_diceRoll2d               001144 RLA    _diceRoll3d               00116C RLA    
_drawWorld                003E4E RLA    _engineer                 006FA7 RLA    
_findHighestSkillFor      0012C9 RLA    _getEmplacementName       00123D RLA    
_getStatusLabel           000CBA RLA    _getWeaponName            0012A8 RLA    
_getWorld                 003F97 RLA    _gotox                    004BB5 RLA    
_gotoxy                   004BBE RLA    _gunner                   006FA8 RLA    
_hcr                      006F9B RLA    _hire                     0012BA RLA    
_jamison                  0078E7 RLA    _jump                     0017EC RLA    
_jumpmapSetDestination    001A73 RLA    _jumpmapShow              0019D0 RLA    
_kbhit                    004C53 RLA    _landAtShipyard           002B40 RLA    
_landAtStarport           0030A3 RLA    _loadFileToBank           0010CE RLA    
_ltoa                     004F1A RLA    _main                     000B6D RLA    
_maneuver                 0020D4 RLA    _medic                    006FA9 RLA    
_memcpy                   005070 RLA    _menu_run                 0021B8 RLA    
_parsecDistance           000FC1 RLA    _pay_period               0072C2 RLA    
_pilot                    006FAA RLA    _piracy                   002596 RLA    
_playerAchievementLevel   006F9A RLA    _pressReturnAndClear      00111C RLA    
_printAlarmBar            000C49 RLA    _rand                     005242 RLA    
_readShip                 002978 RLA    _redline                  00106D RLA    
_revers                   005270 RLA    _setBank                  000F80 RLA    
_ship                     007266 RLA    _shipDamage               0072AC RLA    
_shipState                007296 RLA    _ship_describe            0026BF RLA    
_ship_init                0026AA RLA    _showCurrentLocation      002068 RLA    
_showShipSummary          002597 RLA    _sleep                    005301 RLA    
_sprite_define            002D9C RLA    _sprite_loadToVERA        002D73 RLA    
_srand                    005236 RLA    _starport                 0073DC RLA    
_statusLine               00108B RLA    _steward                  006FAB RLA    
_streetwise               006FAC RLA    _strlen                   0053D5 RLA    
_strlower                 0053EB RLA    _strncpy                  005412 RLA    
_textcolor                004A2B RLA    _titleLine                001077 RLA    
_toDefaultColor           00109F RLA    _trade_calculateMarketPrices 003428 RLA    
_trade_speculate          0035E3 RLA    _ultoa                    004F59 RLA    
_vcprintf                 005564 RLA    _vera_sprites_enable      005344 RLA    
_wilderness_refuel        003B12 RLA    _world_describe           004066 RLA    
_world_drawPlanetoid      00418C RLA    _world_setGasGiantPalette 003E0E RLA    
_world_setRockballPalette 003E19 RLA    addeq0sp                  004870 RLA    
addeqysp                  004872 RLA    addysp                    004882 RLA    
addysp1                   004881 RLA    aslax1                    00488F RLA    
aslax2                    004897 RLA    aslax3                    0048A2 RLA    
aslax4                    0048B0 RLA    asrax1                    0048F8 RLA    
asrax4                    004902 RLA    axlong                    00491B RLA    
axulong                   004921 RLA    booleq                    00504A RLA    
boolge                    00505B RLA    boolgt                    005059 RLA    
boollt                    005053 RLA    boolule                   005061 RLA    
callmain                  004966 RLA    chlinechar                000040 REZ    
cputdirect                004AA3 RLA    ctypemaskdirect           004B11 RLA    
cursor                    00839A RLA    decax1                    004B2B RLA    
decax2                    004B32 RLA    decax3                    004B39 RLA    
decaxy                    004B40 RLA    decsp1                    004B49 RLA    
decsp2                    004B52 RLA    decsp4                    004B5F RLA    
decsp5                    004B6C RLA    decsp6                    004B79 RLA    
decsp7                    004B86 RLA    decsp8                    004B93 RLA    
donelib                   004A55 RLA    getlop                    004FA4 RLA    
gotoxy                    004BBB RLA    incax2                    004BF8 RLA    
incax3                    004BFF RLA    incax4                    004C18 RLA    
incax5                    004C04 RLA    incax6                    004C09 RLA    
incax7                    004C0E RLA    incax8                    004C13 RLA    
incaxy                    004C1A RLA    inceaxy                   004D8F RLA    
incsp1                    004C23 RLA    incsp2                    004C31 RLA    
incsp3                    004C3F RLA    incsp4                    004C44 RLA    
incsp5                    004C49 RLA    incsp6                    004C4E RLA    
initclock                 004A0B  LAI   initlib                   007266 RLA    
laddeq                    004C8D RLA    laddeq0sp                 004CB1 RLA    
ldaidx                    004D0F RLA    ldax0sp                   004D28 RLA    
ldaxi                     004D1B RLA    ldaxidx                   004D1D RLA    
ldaxysp                   004D2A RLA    ldeax0sp                  004D48 RLA    
ldeaxi                    004D31 RLA    ldeaxidx                  004D33 RLA    
ldeaxysp                  004D4A RLA    leaa0sp                   004D77 RLA    
leaaxsp                   004D79 RLA    lsubeq                    004EDA RLA    
mul8x16                   005104 RLA    mul8x16a                  00510E RLA    
mulax10                   00513C RLA    mulax6                    005155 RLA    
mulax7                    00516B RLA    mulax9                    005184 RLA    
negax                     00519F RLA    negeax                    004DFF RLA    
plot                      004ABC RLA    popa                      0051BE RLA    
popax                     004C2A RLA    poplsargs                 004E5C RLA    
popptr1                   0051C8 RLA    popsargsudiv16            005283 RLA    
ptr1                      00002A RLZ    ptr2                      00002C RLZ    
ptr3                      00002E RLZ    ptr4                      000030 RLZ    
push0                     0051F1 RLA    push1                     0051D6 RLA    
pusha                     0051DF RLA    pusha0                    0051F3 RLA    
pushax                    0051F5 RLA    pusheax                   004E45 RLA    
pushw                     00520B RLA    pushw0sp                  00521A RLA    
pushwysp                  00521C RLA    regbank                   000036 RLZ    
shlax1                    00488F RLA    shlax2                    004897 RLA    
shlax4                    0048B0 RLA    shleax1                   0048C1 RLA    
shleax3                   0048CD RLA    shleax4                   0048E7 RLA    
shrax1                    0052A3 RLA    shrax3                    0052AB RLA    
shrax4                    0052B9 RLA    shreax1                   0052CA RLA    
shreax3                   0052D6 RLA    shreax4                   0052F0 RLA    
sp                        000022 RLZ    sreg                      000024 RLZ    
staspidx                  005363 RLA    stax0sp                   005379 RLA    
staxspidx                 005384 RLA    staxysp                   00537B RLA    
steax0sp                  00539E RLA    steaxspidx                0053B3 RLA    
subeq0sp                  005468 RLA    subeqysp                  00546A RLA    
subysp                    00547D RLA    tmp1                      000032 RLZ    
tmp2                      000033 RLZ    tmp3                      000034 RLZ    
tmp4                      000035 RLZ    tosadd0ax                 004C61 RLA    
tosaddax                  00485A RLA    tosaddeax                 004C67 RLA    
tosdiv0ax                 004D5B RLA    tosdiva0                  004BA0 RLA    
tosdivax                  004BA2 RLA    tosgeeax                  004D83 RLA    
tosgteax                  004D89 RLA    tosicmp                   004BCC RLA    
tosicmp0                  004BCA RLA    toslcmp                   004CD4 RLA    
toslong                   0054A5 RLA    toslteax                  004DA0 RLA    
tosmoda0                  0050AC RLA    tosmodax                  0050AE RLA    
tosmula0                  005102 RLA    tosmulax                  0050BD RLA    
tosmuleax                 004DAA RLA    tosorax                   0051AF RLA    
tosoreax                  004E21 RLA    tossuba0                  005454 RLA    
tossubax                  005456 RLA    tossubeax                 004EB2 RLA    
tosudiva0                 0054BC RLA    tosumod0ax                00500C RLA    
tosumoda0                 00550B RLA    tosumul0ax                004DA6 RLA    
tosumula0                 005102 RLA    tosumulax                 0050BD RLA    
tosumuleax                004DAA RLA    tosxoreax                 005027 RLA    
udiv16                    0054CD RLA    udiv32                    004FC7 RLA    
zerobss                   005594 RLA    


Exports list by value:
----------------------
__DESTRUCTOR_COUNT__      000000 REA    __EXEHDR__                000001 REA    
__STARTUP__               000001 REA    __CONSTRUCTOR_COUNT__     000001 REA    
__LOADADDR__              000001 REA    sp                        000022 RLZ    
sreg                      000024 RLZ    ptr1                      00002A RLZ    
ptr2                      00002C RLZ    ptr3                      00002E RLZ    
ptr4                      000030 RLZ    tmp1                      000032 RLZ    
tmp2                      000033 RLZ    tmp3                      000034 RLZ    
tmp4                      000035 RLZ    regbank                   000036 RLZ    
chlinechar                000040 REZ    __STACKSIZE__             000800 REA    
__HEADER_LAST__           00080D RLA    __MAIN_START__            00080D RLA    
_main                     000B6D RLA    _clearComponentState      000C33 RLA    
_printAlarmBar            000C49 RLA    _getStatusLabel           000CBA RLA    
_burtle32                 000F6D RLA    _setBank                  000F80 RLA    
_parsecDistance           000FC1 RLA    _redline                  00106D RLA    
_titleLine                001077 RLA    _statusLine               00108B RLA    
_toDefaultColor           00109F RLA    _loadFileToBank           0010CE RLA    
_pressReturnAndClear      00111C RLA    _diceRoll2d               001144 RLA    
__BSS_SIZE__              001162 REA    _diceRoll3d               00116C RLA    
_diceRoll                 0011A7 RLA    _getEmplacementName       00123D RLA    
_getWeaponName            0012A8 RLA    _hire                     0012BA RLA    
_findHighestSkillFor      0012C9 RLA    _jump                     0017EC RLA    
_jumpmapShow              0019D0 RLA    _jumpmapSetDestination    001A73 RLA    
_showCurrentLocation      002068 RLA    _maneuver                 0020D4 RLA    
_menu_run                 0021B8 RLA    _bookPassengersAndPayCrew 0022CA RLA    
_piracy                   002596 RLA    _showShipSummary          002597 RLA    
_ship_init                0026AA RLA    _ship_describe            0026BF RLA    
_readShip                 002978 RLA    _landAtShipyard           002B40 RLA    
_sprite_loadToVERA        002D73 RLA    _sprite_define            002D9C RLA    
_landAtStarport           0030A3 RLA    _trade_calculateMarketPrices 003428 RLA    
_trade_speculate          0035E3 RLA    _wilderness_refuel        003B12 RLA    
_world_setGasGiantPalette 003E0E RLA    _world_setRockballPalette 003E19 RLA    
_drawWorld                003E4E RLA    _getWorld                 003F97 RLA    
_world_describe           004066 RLA    _world_drawPlanetoid      00418C RLA    
__printf                  0045A6 RLA    tosaddax                  00485A RLA    
addeq0sp                  004870 RLA    addeqysp                  004872 RLA    
addysp1                   004881 RLA    addysp                    004882 RLA    
shlax1                    00488F RLA    aslax1                    00488F RLA    
shlax2                    004897 RLA    aslax2                    004897 RLA    
aslax3                    0048A2 RLA    aslax4                    0048B0 RLA    
shlax4                    0048B0 RLA    shleax1                   0048C1 RLA    
shleax3                   0048CD RLA    shleax4                   0048E7 RLA    
asrax1                    0048F8 RLA    asrax4                    004902 RLA    
axlong                    00491B RLA    axulong                   004921 RLA    
_cbm_k_load               004928 RLA    _cbm_k_setlfs             004945 RLA    
_cbm_k_setnam             004953 RLA    callmain                  004966 RLA    
_cclearxy                 00497D RLA    _cclear                   004982 RLA    
_cgetc                    004992 RLA    _chlinexy                 0049F6 RLA    
_chline                   0049FB RLA    initclock                 004A0B  LAI   
_clock                    004A12 RLA    _clrscr                   004A1A RLA    
_textcolor                004A2B RLA    donelib                   004A55 RLA    
_cprintf                  004A61 RLA    _cputcxy                  004A8B RLA    
_cputc                    004A90 RLA    cputdirect                004AA3 RLA    
plot                      004ABC RLA    _cputsxy                  004AEA RLA    
_cputs                    004AF4 RLA    ctypemaskdirect           004B11 RLA    
decax1                    004B2B RLA    decax2                    004B32 RLA    
decax3                    004B39 RLA    decaxy                    004B40 RLA    
decsp1                    004B49 RLA    decsp2                    004B52 RLA    
decsp4                    004B5F RLA    decsp5                    004B6C RLA    
decsp6                    004B79 RLA    decsp7                    004B86 RLA    
decsp8                    004B93 RLA    tosdiva0                  004BA0 RLA    
tosdivax                  004BA2 RLA    _gotox                    004BB5 RLA    
gotoxy                    004BBB RLA    _gotoxy                   004BBE RLA    
tosicmp0                  004BCA RLA    tosicmp                   004BCC RLA    
incax2                    004BF8 RLA    incax3                    004BFF RLA    
incax5                    004C04 RLA    incax6                    004C09 RLA    
incax7                    004C0E RLA    incax8                    004C13 RLA    
incax4                    004C18 RLA    incaxy                    004C1A RLA    
incsp1                    004C23 RLA    popax                     004C2A RLA    
incsp2                    004C31 RLA    incsp3                    004C3F RLA    
incsp4                    004C44 RLA    incsp5                    004C49 RLA    
incsp6                    004C4E RLA    _kbhit                    004C53 RLA    
tosadd0ax                 004C61 RLA    tosaddeax                 004C67 RLA    
laddeq                    004C8D RLA    laddeq0sp                 004CB1 RLA    
toslcmp                   004CD4 RLA    ldaidx                    004D0F RLA    
ldaxi                     004D1B RLA    ldaxidx                   004D1D RLA    
ldax0sp                   004D28 RLA    ldaxysp                   004D2A RLA    
ldeaxi                    004D31 RLA    ldeaxidx                  004D33 RLA    
ldeax0sp                  004D48 RLA    ldeaxysp                  004D4A RLA    
tosdiv0ax                 004D5B RLA    leaa0sp                   004D77 RLA    
leaaxsp                   004D79 RLA    tosgeeax                  004D83 RLA    
tosgteax                  004D89 RLA    inceaxy                   004D8F RLA    
toslteax                  004DA0 RLA    tosumul0ax                004DA6 RLA    
tosmuleax                 004DAA RLA    tosumuleax                004DAA RLA    
negeax                    004DFF RLA    tosoreax                  004E21 RLA    
pusheax                   004E45 RLA    poplsargs                 004E5C RLA    
tossubeax                 004EB2 RLA    lsubeq                    004EDA RLA    
_ltoa                     004F1A RLA    _ultoa                    004F59 RLA    
getlop                    004FA4 RLA    udiv32                    004FC7 RLA    
tosumod0ax                00500C RLA    tosxoreax                 005027 RLA    
booleq                    00504A RLA    boollt                    005053 RLA    
boolgt                    005059 RLA    boolge                    00505B RLA    
boolule                   005061 RLA    _memcpy                   005070 RLA    
tosmoda0                  0050AC RLA    tosmodax                  0050AE RLA    
tosmulax                  0050BD RLA    tosumulax                 0050BD RLA    
tosumula0                 005102 RLA    tosmula0                  005102 RLA    
mul8x16                   005104 RLA    mul8x16a                  00510E RLA    
mulax10                   00513C RLA    mulax6                    005155 RLA    
mulax7                    00516B RLA    mulax9                    005184 RLA    
_abs                      00519B RLA    negax                     00519F RLA    
tosorax                   0051AF RLA    popa                      0051BE RLA    
popptr1                   0051C8 RLA    push1                     0051D6 RLA    
pusha                     0051DF RLA    push0                     0051F1 RLA    
pusha0                    0051F3 RLA    pushax                    0051F5 RLA    
pushw                     00520B RLA    pushw0sp                  00521A RLA    
pushwysp                  00521C RLA    _srand                    005236 RLA    
_rand                     005242 RLA    __randomize               00526A RLA    
_revers                   005270 RLA    popsargsudiv16            005283 RLA    
shrax1                    0052A3 RLA    shrax3                    0052AB RLA    
shrax4                    0052B9 RLA    shreax1                   0052CA RLA    
shreax3                   0052D6 RLA    shreax4                   0052F0 RLA    
_sleep                    005301 RLA    _vera_sprites_enable      005344 RLA    
staspidx                  005363 RLA    stax0sp                   005379 RLA    
staxysp                   00537B RLA    staxspidx                 005384 RLA    
steax0sp                  00539E RLA    steaxspidx                0053B3 RLA    
_strlen                   0053D5 RLA    _strlower                 0053EB RLA    
_strncpy                  005412 RLA    tossuba0                  005454 RLA    
tossubax                  005456 RLA    subeq0sp                  005468 RLA    
subeqysp                  00546A RLA    subysp                    00547D RLA    
toslong                   0054A5 RLA    tosudiva0                 0054BC RLA    
udiv16                    0054CD RLA    tosumoda0                 00550B RLA    
_vcprintf                 005564 RLA    zerobss                   005594 RLA    
__hextab                  006EEB RLA    __longminstr              006EFB RLA    
__ctype                   006F0F RLA    __ctypeidx                006F1A RLA    
_playerAchievementLevel   006F9A RLA    __DESTRUCTOR_TABLE__      006F9A RLA    
_hcr                      006F9B RLA    _admin                    006FA5 RLA    
_astrogator               006FA6 RLA    _engineer                 006FA7 RLA    
_gunner                   006FA8 RLA    _medic                    006FA9 RLA    
_pilot                    006FAA RLA    _steward                  006FAB RLA    
_streetwise               006FAC RLA    _componentLabel           00703B RLA    
__ONCE_RUN__              007266 RLA    initlib                   007266 RLA    
__BSS_RUN__               007266 RLA    _ship                     007266 RLA    
__CONSTRUCTOR_TABLE__     007295 RLA    _shipState                007296 RLA    
_shipDamage               0072AC RLA    _pay_period               0072C2 RLA    
_cargo                    0072C3 RLA    _current                  00734F RLA    
_destination              007395 RLA    _starport                 0073DC RLA    
_jamison                  0078E7 RLA    _cost                     0078F6 RLA    
cursor                    00839A RLA    __oserror                 00839B RLA    
__MAIN_SIZE__             0096F3 REA    __HIMEM__                 009F00 REA    
ENTROPY_GET               00FECF RLA    SETLFS                    00FFBA RLA    
SETNAM                    00FFBD RLA    BSOUT                     00FFD2 RLA    
CHROUT                    00FFD2 RLA    _cbm_k_bsout              00FFD2 RLA    
LOAD                      00FFD5 RLA    SETTIM                    00FFDB RLA    
RDTIM                     00FFDE RLA    GETIN                     00FFE4 RLA    
PLOT                      00FFF0 RLA    


Imports list:
-------------
BSOUT (kernal.o):
    c_bsout.o                 cbm/cbm.inc:49
CHROUT (kernal.o):
    crt0.o                    cx16/crt0.s:10
    clrscr.o                  cx16/clrscr.s:10
    c_bsout.o                 cbm/cbm.inc:50
ENTROPY_GET (kernal.o):
    randomize.o               cx16/randomize.s:10
GETIN (kernal.o):
    cgetc.o                   cx16/cgetc.s:10
LOAD (kernal.o):
    c_load.o                  cbm/cbm.inc:37
PLOT (kernal.o):
    cputc.o                   cx16/cputc.s:11
RDTIM (kernal.o):
    clock.o                   cx16/clock.s:11
SETLFS (kernal.o):
    c_setlfs.o                cbm/cbm.inc:33
SETNAM (kernal.o):
    c_setnam.o                cbm/cbm.inc:34
SETTIM (kernal.o):
    clock.o                   cx16/clock.s:11
__BSS_RUN__ ([linker generated]):
    zerobss.o                 common/zerobss.s:8
__BSS_SIZE__ ([linker generated]):
    zerobss.o                 common/zerobss.s:8
__CONSTRUCTOR_COUNT__ ([linker generated]):
    condes.o                  runtime/condes.s:18
__CONSTRUCTOR_TABLE__ ([linker generated]):
    condes.o                  runtime/condes.s:18
__DESTRUCTOR_COUNT__ ([linker generated]):
    condes.o                  runtime/condes.s:19
__DESTRUCTOR_TABLE__ ([linker generated]):
    condes.o                  runtime/condes.s:19
__EXEHDR__ (exehdr.o):
    [linker generated]        /Users/rje/git/cc65/cfg/cx16.cfg:6
__HEADER_LAST__ ([linker generated]):
    [linker generated]        /Users/rje/git/cc65/cfg/cx16.cfg:14
    [linker generated]        /Users/rje/git/cc65/cfg/cx16.cfg:14
__HIMEM__ ([linker generated]):
    [linker generated]        /Users/rje/git/cc65/cfg/cx16.cfg:15
    [linker generated]        /Users/rje/git/cc65/cfg/cx16.cfg:14
__LOADADDR__ (loadaddr.o):
    [linker generated]        /Users/rje/git/cc65/cfg/cx16.cfg:5
__MAIN_SIZE__ ([linker generated]):
    crt0.o                    cx16/crt0.s:11
__MAIN_START__ ([linker generated]):
    crt0.o                    cx16/crt0.s:11
__ONCE_RUN__ ([linker generated]):
    [linker generated]        /Users/rje/git/cc65/cfg/cx16.cfg:15
    [linker generated]        /Users/rje/git/cc65/cfg/cx16.cfg:15
__STACKSIZE__ ([linker generated]):
    [linker generated]        /Users/rje/git/cc65/cfg/cx16.cfg:15
__STARTUP__ (crt0.o):
    main.o                    main.s:13
__ctype (ctype.o):
    ctypemask.o               common/ctypemask.s:23
__ctypeidx (ctype.o):
    ctypemask.o               common/ctypemask.s:24
__hextab (_hextab.o):
    ltoa.o                    common/ltoa.s:10
__longminstr (_longminstr.o):
    ltoa.o                    common/ltoa.s:10
__oserror (_oserror.o):
    c_load.o                  cbm/c_load.s:10
__printf (_printf.o):
    vcprintf.o                conio/vcprintf.s:9
__randomize (randomize.o):
    hiring_hall.o             hiring_hall.s:20
_abs (negabs.o):
    passengers.o              passengers.s:18
    common.o                  common.s:13
_admin (main.o):
    passengers.o              passengers.s:27
_astrogator (main.o):
    passengers.o              passengers.s:28
    jump.o                    jump.s:26
_bookPassengersAndPayCrew (passengers.o):
    jump.o                    jump.s:24
_burtle32 (burtle_jsf32.o):
    trade.o                   trade.s:28
    hiring_hall.o             hiring_hall.s:27
    common.o                  common.s:39
_cargo (main.o):
    trade.o                   trade.s:31
_cbm_k_bsout (c_bsout.o):
    jump.o                    jump.s:13
    common.o                  common.s:14
    alarm.o                   alarm.s:13
    main.o                    main.s:15
_cbm_k_load (c_load.o):
    sprite.o                  sprite.s:13
    common.o                  common.s:15
    main.o                    main.s:16
_cbm_k_setlfs (c_setlfs.o):
    sprite.o                  sprite.s:14
    common.o                  common.s:16
    main.o                    main.s:17
_cbm_k_setnam (c_setnam.o):
    sprite.o                  sprite.s:15
    common.o                  common.s:17
    main.o                    main.s:18
_cclear (cclear.o):
    trade.o                   trade.s:20
_cclearxy (cclear.o):
    starport.o                starport.s:20
    jump-map.o                jump-map.s:21
_cgetc (cgetc.o):
    wilderness.o              wilderness.s:16
    trade.o                   trade.s:17
    starport.o                starport.s:17
    shipyard.o                shipyard.s:16
    menu.o                    menu.s:15
    jump-map.o                jump-map.s:18
    hiring_hall.o             hiring_hall.s:17
    common.o                  common.s:20
_chline (chline.o):
    jump-map.o                jump-map.s:20
    common.o                  common.s:22
_chlinexy (chline.o):
    menu.o                    menu.s:16
    hiring_hall.o             hiring_hall.s:19
    common.o                  common.s:23
_clearComponentState (alarm.o):
    starport.o                starport.s:26
_clock (clock.o):
    sleep.o                   ../libwrk/cx16/sleep.s:13
    burtle_jsf32.o            burtle_jsf32.s:13
_clrscr (clrscr.o):
    wilderness.o              wilderness.s:13
    trade.o                   trade.s:13
    starport.o                starport.s:13
    shipyard.o                shipyard.s:13
    passengers.o              passengers.s:13
    maneuver-map.o            maneuver-map.s:13
    jump.o                    jump.s:14
    hiring_hall.o             hiring_hall.s:13
    common.o                  common.s:18
    main.o                    main.s:19
_componentLabel (alarm.o):
    starport.o                starport.s:35
_cost (alarm.o):
    starport.o                starport.s:36
_cprintf (cprintf.o):
    world.o                   world.s:17
    trade.o                   trade.s:16
    starport.o                starport.s:16
    ship.o                    ship.s:13
    passengers.o              passengers.s:15
    jump-map.o                jump-map.s:17
    hiring_hall.o             hiring_hall.s:16
    damage.o                  damage.s:14
    alarm.o                   alarm.s:16
_cputc (cputc.o):
    vcprintf.o                conio/vcprintf.s:9
    cputs.o                   conio/cputs.s:9
    world.o                   world.s:14
_cputcxy (cputc.o):
    world.o                   world.s:15
    menu.o                    menu.s:13
    jump-map.o                jump-map.s:14
    jump.o                    jump.s:15
_cputs (cputs.o):
    world.o                   world.s:16
    shipyard.o                shipyard.s:14
    maneuver-map.o            maneuver-map.s:15
    jump-map.o                jump-map.s:15
    hiring_hall.o             hiring_hall.s:14
    main.o                    main.s:21
_cputsxy (cputs.o):
    wilderness.o              wilderness.s:15
    trade.o                   trade.s:15
    starport.o                starport.s:15
    shipyard.o                shipyard.s:15
    menu.o                    menu.s:14
    maneuver-map.o            maneuver-map.s:16
    jump-map.o                jump-map.s:16
    jump.o                    jump.s:16
    hiring_hall.o             hiring_hall.s:15
    common.o                  common.s:19
    alarm.o                   alarm.s:15
    main.o                    main.s:22
_current (main.o):
    wilderness.o              wilderness.s:26
    trade.o                   trade.s:30
    shipyard.o                shipyard.s:24
    passengers.o              passengers.s:23
    maneuver-map.o            maneuver-map.s:23
    jump-map.o                jump-map.s:35
    jump.o                    jump.s:27
_destination (main.o):
    passengers.o              passengers.s:24
    maneuver-map.o            maneuver-map.s:24
    jump-map.o                jump-map.s:36
    jump.o                    jump.s:28
_diceRoll (common.o):
    trade.o                   trade.s:24
_diceRoll2d (common.o):
    hiring_hall.o             hiring_hall.s:23
_diceRoll3d (common.o):
    hiring_hall.o             hiring_hall.s:24
_drawWorld (world.o):
    wilderness.o              wilderness.s:21
_engineer (main.o):
    passengers.o              passengers.s:29
_findHighestSkillFor (hiring_hall.o):
    main.o                    main.s:35
_getEmplacementName (emplacement.o):
    starport.o                starport.s:29
_getStatusLabel (alarm.o):
    starport.o                starport.s:28
_getWeaponName (emplacement.o):
    starport.o                starport.s:30
_getWorld (world.o):
    jump-map.o                jump-map.s:33
    jump.o                    jump.s:23
    main.o                    main.s:31
_gotox (gotox.o):
    trade.o                   trade.s:14
_gotoxy (gotoxy.o):
    world.o                   world.s:13
    wilderness.o              wilderness.s:14
    starport.o                starport.s:14
    passengers.o              passengers.s:14
    maneuver-map.o            maneuver-map.s:14
    jump-map.o                jump-map.s:13
    alarm.o                   alarm.s:14
    main.o                    main.s:20
_gunner (main.o):
    passengers.o              passengers.s:30
_hcr (main.o):
    trade.o                   trade.s:33
    starport.o                starport.s:32
    passengers.o              passengers.s:26
_hire (hiring_hall.o):
    main.o                    main.s:34
_jamison (main.o):
    jump-map.o                jump-map.s:37
_jump (jump.o):
    main.o                    main.s:29
_jumpmapSetDestination (jump-map.o):
    main.o                    main.s:37
_jumpmapShow (jump-map.o):
    main.o                    main.s:36
_kbhit (kbhit.o):
    cgetc.o                   cx16/cgetc.s:10
_landAtShipyard (shipyard.o):
    main.o                    main.s:32
_landAtStarport (starport.o):
    main.o                    main.s:33
_loadFileToBank (common.o):
    main.o                    main.s:26
_ltoa (ltoa.o):
    _printf.o                 common/_printf.s:12
_main (main.o):
    callmain.o                runtime/callmain.s:11
_maneuver (maneuver-map.o):
    main.o                    main.s:41
_medic (main.o):
    passengers.o              passengers.s:31
_memcpy (memcpy.o):
    world.o                   world.s:1455
    trade.o                   trade.s:1087
    ship.o                    ship.s:1017
    hiring_hall.o             hiring_hall.s:957
_menu_run (menu.o):
    maneuver-map.o            maneuver-map.s:22
    main.o                    main.s:43
_parsecDistance (common.o):
    jump-map.o                jump-map.s:26
    jump.o                    jump.s:21
_pay_period (main.o):
    wilderness.o              wilderness.s:27
    passengers.o              passengers.s:25
    jump.o                    jump.s:31
_pilot (main.o):
    passengers.o              passengers.s:32
_piracy (piracy.o):
    jump.o                    jump.s:25
_playerAchievementLevel (main.o):
    world.o                   world.s:30
    maneuver-map.o            maneuver-map.s:25
    jump-map.o                jump-map.s:38
    jump.o                    jump.s:30
    alarm.o                   alarm.s:26
_pressReturnAndClear (common.o):
    starport.o                starport.s:24
    passengers.o              passengers.s:20
_printAlarmBar (alarm.o):
    wilderness.o              wilderness.s:23
    maneuver-map.o            maneuver-map.s:21
    jump-map.o                jump-map.s:30
_rand (rand.o):
    world.o                   world.s:20
    passengers.o              passengers.s:17
    jump.o                    jump.s:18
    damage.o                  damage.s:13
_readShip (ship.o):
    shipyard.o                shipyard.s:22
_redline (common.o):
    trade.o                   trade.s:22
    hiring_hall.o             hiring_hall.s:21
_revers (revers.o):
    world.o                   world.s:18
    trade.o                   trade.s:18
    starport.o                starport.s:18
_setBank (common.o):
    world.o                   world.s:21
    trade.o                   trade.s:21
    shipyard.o                shipyard.s:19
    ship.o                    ship.s:14
    jump-map.o                jump-map.s:25
    main.o                    main.s:24
_ship (main.o):
    wilderness.o              wilderness.s:24
    trade.o                   trade.s:29
    starport.o                starport.s:31
    shipyard.o                shipyard.s:23
    passengers.o              passengers.s:22
    jump-map.o                jump-map.s:34
    alarm.o                   alarm.s:23
_shipDamage (main.o):
    starport.o                starport.s:34
    alarm.o                   alarm.s:25
_shipState (main.o):
    wilderness.o              wilderness.s:25
    starport.o                starport.s:33
    jump.o                    jump.s:29
    alarm.o                   alarm.s:24
_ship_describe (ship.o):
    shipyard.o                shipyard.s:21
_ship_init (ship.o):
    main.o                    main.s:30
_showCurrentLocation (maneuver-map.o):
    main.o                    main.s:40
_showShipSummary (ship.o):
    starport.o                starport.s:25
_sleep (sleep.o):
    jump.o                    jump.s:19
_sprite_define (sprite.o):
    jump-map.o                jump-map.s:32
    main.o                    main.s:39
_sprite_loadToVERA (sprite.o):
    jump-map.o                jump-map.s:31
    main.o                    main.s:38
_srand (rand.o):
    randomize.o               cx16/randomize.s:10
_starport (main.o):
    trade.o                   trade.s:32
_statusLine (common.o):
    starport.o                starport.s:23
_steward (main.o):
    passengers.o              passengers.s:33
_streetwise (main.o):
    passengers.o              passengers.s:34
_strlen (strlen.o):
    _printf.o                 common/_printf.s:13
    alarm.o                   alarm.s:17
_strlower (strlower.o):
    _printf.o                 common/_printf.s:13
_strncpy (strncpy.o):
    jump-map.o                jump-map.s:23
_textcolor (color.o):
    world.o                   world.s:19
    wilderness.o              wilderness.s:17
    trade.o                   trade.s:19
    starport.o                starport.s:19
    shipyard.o                shipyard.s:17
    passengers.o              passengers.s:16
    maneuver-map.o            maneuver-map.s:17
    jump-map.o                jump-map.s:19
    jump.o                    jump.s:17
    hiring_hall.o             hiring_hall.s:18
    common.o                  common.s:21
    main.o                    main.s:23
_titleLine (common.o):
    starport.o                starport.s:22
    shipyard.o                shipyard.s:20
    passengers.o              passengers.s:19
    jump-map.o                jump-map.s:27
    jump.o                    jump.s:22
    hiring_hall.o             hiring_hall.s:22
    alarm.o                   alarm.s:18
    main.o                    main.s:25
_toDefaultColor (common.o):
    trade.o                   trade.s:23
_trade_calculateMarketPrices (trade.o):
    main.o                    main.s:27
_trade_speculate (trade.o):
    main.o                    main.s:28
_ultoa (ltoa.o):
    _printf.o                 common/_printf.s:12
_vcprintf (vcprintf.o):
    cprintf.o                 conio/cprintf.s:8
_vera_sprites_enable (sprites_enable.o):
    main.o                    main.s:14
_wilderness_refuel (wilderness.o):
    main.o                    main.s:42
_world_describe (world.o):
    maneuver-map.o            maneuver-map.s:20
_world_drawPlanetoid (world.o):
    wilderness.o              wilderness.s:22
_world_setGasGiantPalette (world.o):
    wilderness.o              wilderness.s:19
_world_setRockballPalette (world.o):
    wilderness.o              wilderness.s:20
addeq0sp (addeqsp.o):
    world.o                   world.s:1455
    world.o                   world.s:1455
    trade.o                   trade.s:1087
    trade.o                   trade.s:1087
    sprite.o                  sprite.s:503
    passengers.o              passengers.s:414
    passengers.o              passengers.s:414
    jump-map.o                jump-map.s:955
    jump-map.o                jump-map.s:955
    hiring_hall.o             hiring_hall.s:957
    hiring_hall.o             hiring_hall.s:957
    main.o                    main.s:746
addeqysp (addeqsp.o):
    world.o                   world.s:1455
    world.o                   world.s:1455
    trade.o                   trade.s:1087
    shipyard.o                shipyard.s:366
    jump-map.o                jump-map.s:955
    jump-map.o                jump-map.s:955
    hiring_hall.o             hiring_hall.s:957
addysp (addysp.o):
    incsp6.o                  runtime/incsp6.s:8
    incsp5.o                  runtime/incsp5.s:8
    incsp4.o                  runtime/incsp4.s:8
    incsp3.o                  runtime/incsp3.s:8
    cprintf.o                 conio/cprintf.s:8
    world.o                   world.s:1455
    world.o                   world.s:1455
    passengers.o              passengers.s:414
    maneuver-map.o            maneuver-map.s:241
    jump-map.o                jump-map.s:955
    jump-map.o                jump-map.s:955
    jump.o                    jump.s:393
    hiring_hall.o             hiring_hall.s:957
    common.o                  common.s:523
    burtle_jsf32.o            burtle_jsf32.s:248
    alarm.o                   alarm.s:559
addysp1 (addysp.o):
    sub.o                     runtime/sub.s:8
    or.o                      runtime/or.s:9
    lxor.o                    runtime/lxor.s:9
    ludiv.o                   runtime/ludiv.s:9
    lsub.o                    runtime/lsub.s:11
    lor.o                     runtime/lor.s:9
    lmul.o                    runtime/lmul.s:9
    ladd.o                    runtime/ladd.s:8
aslax1 (aslax1.o):
    world.o                   world.s:1455
    jump-map.o                jump-map.s:955
    hiring_hall.o             hiring_hall.s:957
    hiring_hall.o             hiring_hall.s:957
    main.o                    main.s:746
    main.o                    main.s:746
aslax2 (aslax2.o):
    world.o                   world.s:1455
    jump-map.o                jump-map.s:955
    jump-map.o                jump-map.s:955
aslax3 (aslax3.o):
    sprite.o                  sprite.s:503
    sprite.o                  sprite.s:503
    sprite.o                  sprite.s:503
    sprite.o                  sprite.s:503
    sprite.o                  sprite.s:503
    jump-map.o                jump-map.s:955
aslax4 (aslax4.o):
    world.o                   world.s:1455
    jump-map.o                jump-map.s:955
    jump-map.o                jump-map.s:955
    main.o                    main.s:746
asrax1 (asrax1.o):
    sprite.o                  sprite.s:503
    sprite.o                  sprite.s:503
asrax4 (asrax4.o):
    sprite.o                  sprite.s:503
    sprite.o                  sprite.s:503
axlong (axlong.o):
    _printf.o                 common/_printf.s:11
axulong (axlong.o):
    _printf.o                 common/_printf.s:11
    sleep.o                   ../libwrk/cx16/sleep.s:54
    trade.o                   trade.s:1087
    trade.o                   trade.s:1087
    trade.o                   trade.s:1087
    starport.o                starport.s:506
    passengers.o              passengers.s:414
booleq (makebool.o):
    shipyard.o                shipyard.s:366
boolge (makebool.o):
    lge.o                     runtime/lge.s:8
boolgt (makebool.o):
    lgt.o                     runtime/lgt.s:8
boollt (makebool.o):
    llt.o                     runtime/llt.s:8
boolule (makebool.o):
    jump-map.o                jump-map.s:955
callmain (callmain.o):
    crt0.o                    cx16/crt0.s:9
chlinechar (clinechars.o):
    chline.o                  cbm/chline.s:10
cputdirect (cputc.o):
    chline.o                  cbm/chline.s:9
    cclear.o                  cbm/cclear.s:9
ctypemaskdirect (ctypemask.o):
    strlower.o                common/strlower.s:14
cursor (_cursor.o):
    cgetc.o                   cx16/cgetc.s:10
decax1 (decax1.o):
    world.o                   world.s:1455
decax2 (decax2.o):
    trade.o                   trade.s:1087
decax3 (decax3.o):
    hiring_hall.o             hiring_hall.s:957
decaxy (decaxy.o):
    world.o                   world.s:1455
decsp1 (decsp1.o):
    hiring_hall.o             hiring_hall.s:957
    common.o                  common.s:523
    alarm.o                   alarm.s:559
decsp2 (decsp2.o):
    toslong.o                 runtime/toslong.s:8
    trade.o                   trade.s:1087
    trade.o                   trade.s:1087
    trade.o                   trade.s:1087
    starport.o                starport.s:506
    jump-map.o                jump-map.s:955
    jump-map.o                jump-map.s:955
    jump.o                    jump.s:393
    hiring_hall.o             hiring_hall.s:957
    hiring_hall.o             hiring_hall.s:957
    hiring_hall.o             hiring_hall.s:957
    main.o                    main.s:746
decsp4 (decsp4.o):
    lpush.o                   runtime/lpush.s:12
    world.o                   world.s:1455
    world.o                   world.s:1455
    trade.o                   trade.s:1087
    burtle_jsf32.o            burtle_jsf32.s:248
    main.o                    main.s:746
decsp5 (decsp5.o):
    common.o                  common.s:523
decsp6 (decsp6.o):
    _printf.o                 common/_printf.s:11
decsp7 (decsp7.o):
    passengers.o              passengers.s:414
decsp8 (decsp8.o):
    world.o                   world.s:1455
donelib (condes.o):
    crt0.o                    cx16/crt0.s:8
getlop (ludiv.o):
    lumod.o                   runtime/lumod.s:9
    lshelp.o                  runtime/lshelp.s:11
gotoxy (gotoxy.o):
    cputs.o                   conio/cputs.s:9
    cputc.o                   cx16/cputc.s:11
    chline.o                  cbm/chline.s:9
    cclear.o                  cbm/cclear.s:9
incax2 (incax2.o):
    sprite.o                  sprite.s:503
    ship.o                    ship.s:1017
    passengers.o              passengers.s:414
    menu.o                    menu.s:175
    hiring_hall.o             hiring_hall.s:957
    hiring_hall.o             hiring_hall.s:957
incax3 (incax3.o):
    ship.o                    ship.s:1017
    jump-map.o                jump-map.s:955
    hiring_hall.o             hiring_hall.s:957
incax4 (incaxy.o):
    ship.o                    ship.s:1017
    jump-map.o                jump-map.s:955
    jump.o                    jump.s:393
    hiring_hall.o             hiring_hall.s:957
incax5 (incax5.o):
    world.o                   world.s:1455
    hiring_hall.o             hiring_hall.s:957
incax6 (incax6.o):
    sprite.o                  sprite.s:503
    sprite.o                  sprite.s:503
    ship.o                    ship.s:1017
incax7 (incax7.o):
    ship.o                    ship.s:1017
incax8 (incax8.o):
    ship.o                    ship.s:1017
incaxy (incaxy.o):
    incax8.o                  runtime/incax8.s:8
    incax7.o                  runtime/incax7.s:8
    incax6.o                  runtime/incax6.s:8
    incax5.o                  runtime/incax5.s:8
    incax3.o                  runtime/incax3.s:8
    world.o                   world.s:1455
    world.o                   world.s:1455
    world.o                   world.s:1455
    world.o                   world.s:1455
    ship.o                    ship.s:1017
    ship.o                    ship.s:1017
    passengers.o              passengers.s:414
    jump-map.o                jump-map.s:955
    jump-map.o                jump-map.s:955
    jump.o                    jump.s:393
    hiring_hall.o             hiring_hall.s:957
    hiring_hall.o             hiring_hall.s:957
    hiring_hall.o             hiring_hall.s:957
    damage.o                  damage.s:178
    main.o                    main.s:746
inceaxy (linc.o):
    common.o                  common.s:523
    common.o                  common.s:523
    common.o                  common.s:523
incsp1 (incsp1.o):
    world.o                   world.s:1455
    world.o                   world.s:1455
    world.o                   world.s:1455
    trade.o                   trade.s:1087
    starport.o                starport.s:506
    sprite.o                  sprite.s:503
    shipyard.o                shipyard.s:366
    ship.o                    ship.s:1017
    ship.o                    ship.s:1017
    jump-map.o                jump-map.s:955
    hiring_hall.o             hiring_hall.s:957
    emplacement.o             emplacement.s:188
    emplacement.o             emplacement.s:188
    common.o                  common.s:523
    common.o                  common.s:523
    common.o                  common.s:523
    alarm.o                   alarm.s:559
    alarm.o                   alarm.s:559
    alarm.o                   alarm.s:559
    alarm.o                   alarm.s:559
incsp2 (incsp2.o):
    staxspi.o                 runtime/staxspi.s:9
    staspidx.o                runtime/staspidx.s:8
    popptr1.o                 runtime/popptr1.s:8
    world.o                   world.s:1455
    world.o                   world.s:1455
    world.o                   world.s:1455
    world.o                   world.s:1455
    world.o                   world.s:1455
    trade.o                   trade.s:1087
    trade.o                   trade.s:1087
    trade.o                   trade.s:1087
    trade.o                   trade.s:1087
    trade.o                   trade.s:1087
    sprite.o                  sprite.s:503
    shipyard.o                shipyard.s:366
    shipyard.o                shipyard.s:366
    ship.o                    ship.s:1017
    ship.o                    ship.s:1017
    jump-map.o                jump-map.s:955
    jump-map.o                jump-map.s:955
    jump.o                    jump.s:393
    hiring_hall.o             hiring_hall.s:957
    common.o                  common.s:523
    common.o                  common.s:523
    main.o                    main.s:746
incsp3 (incsp3.o):
    trade.o                   trade.s:1087
    starport.o                starport.s:506
    starport.o                starport.s:506
    sprite.o                  sprite.s:503
    sprite.o                  sprite.s:503
    sprite.o                  sprite.s:503
    sprite.o                  sprite.s:503
    ship.o                    ship.s:1017
    hiring_hall.o             hiring_hall.s:957
incsp4 (incsp4.o):
    lcmp.o                    runtime/lcmp.s:9
    world.o                   world.s:1455
    trade.o                   trade.s:1087
    trade.o                   trade.s:1087
    sprite.o                  sprite.s:503
    shipyard.o                shipyard.s:366
    shipyard.o                shipyard.s:366
    jump-map.o                jump-map.s:955
    jump-map.o                jump-map.s:955
    hiring_hall.o             hiring_hall.s:957
    hiring_hall.o             hiring_hall.s:957
    damage.o                  damage.s:178
    common.o                  common.s:523
    burtle_jsf32.o            burtle_jsf32.s:248
    main.o                    main.s:746
incsp5 (incsp5.o):
    starport.o                starport.s:506
    ship.o                    ship.s:1017
    menu.o                    menu.s:175
    common.o                  common.s:523
incsp6 (incsp6.o):
    sleep.o                   ../libwrk/cx16/sleep.s:54
    world.o                   world.s:1455
    trade.o                   trade.s:1087
    passengers.o              passengers.s:414
    burtle_jsf32.o            burtle_jsf32.s:248
initlib (condes.o):
    crt0.o                    cx16/crt0.s:8
laddeq (laddeq.o):
    trade.o                   trade.s:1087
    passengers.o              passengers.s:414
laddeq0sp (laddeqsp.o):
    burtle_jsf32.o            burtle_jsf32.s:248
ldaidx (ldai.o):
    trade.o                   trade.s:1087
    sprite.o                  sprite.s:503
ldax0sp (ldaxsp.o):
    world.o                   world.s:1455
    world.o                   world.s:1455
    world.o                   world.s:1455
    world.o                   world.s:1455
    world.o                   world.s:1455
    world.o                   world.s:1455
    world.o                   world.s:1455
    trade.o                   trade.s:1087
    trade.o                   trade.s:1087
    trade.o                   trade.s:1087
    trade.o                   trade.s:1087
    trade.o                   trade.s:1087
    starport.o                starport.s:506
    sprite.o                  sprite.s:503
    sprite.o                  sprite.s:503
    sprite.o                  sprite.s:503
    sprite.o                  sprite.s:503
    sprite.o                  sprite.s:503
    shipyard.o                shipyard.s:366
    shipyard.o                shipyard.s:366
    passengers.o              passengers.s:414
    passengers.o              passengers.s:414
    jump-map.o                jump-map.s:955
    jump-map.o                jump-map.s:955
    jump.o                    jump.s:393
    hiring_hall.o             hiring_hall.s:957
    hiring_hall.o             hiring_hall.s:957
    damage.o                  damage.s:178
    common.o                  common.s:523
    burtle_jsf32.o            burtle_jsf32.s:248
    alarm.o                   alarm.s:559
    main.o                    main.s:746
    main.o                    main.s:746
ldaxi (ldaxi.o):
    trade.o                   trade.s:1087
    trade.o                   trade.s:1087
    trade.o                   trade.s:1087
    trade.o                   trade.s:1087
    trade.o                   trade.s:1087
    sprite.o                  sprite.s:503
    sprite.o                  sprite.s:503
    menu.o                    menu.s:175
    jump.o                    jump.s:393
    hiring_hall.o             hiring_hall.s:957
    hiring_hall.o             hiring_hall.s:957
    main.o                    main.s:746
ldaxidx (ldaxi.o):
    trade.o                   trade.s:1087
    sprite.o                  sprite.s:503
    sprite.o                  sprite.s:503
ldaxysp (ldaxsp.o):
    sleep.o                   ../libwrk/cx16/sleep.s:54
    world.o                   world.s:1455
    world.o                   world.s:1455
    world.o                   world.s:1455
    world.o                   world.s:1455
    trade.o                   trade.s:1087
    trade.o                   trade.s:1087
    trade.o                   trade.s:1087
    trade.o                   trade.s:1087
    starport.o                starport.s:506
    sprite.o                  sprite.s:503
    shipyard.o                shipyard.s:366
    shipyard.o                shipyard.s:366
    ship.o                    ship.s:1017
    ship.o                    ship.s:1017
    ship.o                    ship.s:1017
    ship.o                    ship.s:1017
    passengers.o              passengers.s:414
    maneuver-map.o            maneuver-map.s:241
    jump-map.o                jump-map.s:955
    jump-map.o                jump-map.s:955
    jump.o                    jump.s:393
    hiring_hall.o             hiring_hall.s:957
    hiring_hall.o             hiring_hall.s:957
    hiring_hall.o             hiring_hall.s:957
    damage.o                  damage.s:178
    common.o                  common.s:523
    common.o                  common.s:523
    burtle_jsf32.o            burtle_jsf32.s:248
    burtle_jsf32.o            burtle_jsf32.s:248
    alarm.o                   alarm.s:559
    main.o                    main.s:746
    main.o                    main.s:746
ldeax0sp (ldeaxysp.o):
    sleep.o                   ../libwrk/cx16/sleep.s:54
    trade.o                   trade.s:1087
    burtle_jsf32.o            burtle_jsf32.s:248
ldeaxi (ldeaxi.o):
    burtle_jsf32.o            burtle_jsf32.s:248
ldeaxidx (ldeaxi.o):
    trade.o                   trade.s:1087
    trade.o                   trade.s:1087
    trade.o                   trade.s:1087
    trade.o                   trade.s:1087
    burtle_jsf32.o            burtle_jsf32.s:248
ldeaxysp (ldeaxysp.o):
    burtle_jsf32.o            burtle_jsf32.s:248
    burtle_jsf32.o            burtle_jsf32.s:248
    burtle_jsf32.o            burtle_jsf32.s:248
leaa0sp (leaaxsp.o):
    maneuver-map.o            maneuver-map.s:241
    jump-map.o                jump-map.s:955
    jump-map.o                jump-map.s:955
    hiring_hall.o             hiring_hall.s:957
leaaxsp (leaaxsp.o):
    jump.o                    jump.s:393
lsubeq (lsubeq.o):
    trade.o                   trade.s:1087
    starport.o                starport.s:506
    passengers.o              passengers.s:414
mul8x16 (mul8.o):
    mul.o                     runtime/mul.s:8
mul8x16a (mul8.o):
    mul.o                     runtime/mul.s:8
mulax10 (mulax10.o):
    starport.o                starport.s:506
mulax6 (mulax6.o):
    alarm.o                   alarm.s:559
mulax7 (mulax7.o):
    trade.o                   trade.s:1087
    trade.o                   trade.s:1087
    trade.o                   trade.s:1087
    trade.o                   trade.s:1087
    trade.o                   trade.s:1087
    trade.o                   trade.s:1087
mulax9 (mulax9.o):
    jump-map.o                jump-map.s:955
negax (negabs.o):
    shelp.o                   runtime/shelp.s:11
    mod.o                     runtime/mod.s:11
    div.o                     runtime/div.s:11
negeax (lneg.o):
    ltoa.o                    common/ltoa.s:9
    ldiv.o                    runtime/ldiv.s:11
plot (cputc.o):
    gotoxy.o                  cx16/gotoxy.s:9
    gotox.o                   cx16/gotox.s:9
popa (popa.o):
    gotoxy.o                  cx16/gotoxy.s:9
    c_setlfs.o                cbm/c_setlfs.s:12
    c_load.o                  cbm/c_load.s:11
popax (incsp2.o):
    ltoa.o                    common/ltoa.s:9
    _printf.o                 common/_printf.s:11
    vcprintf.o                conio/vcprintf.s:8
    strncpy.o                 common/strncpy.s:8
    shelp.o                   runtime/shelp.s:11
    memcpy.o                  common/memcpy.s:14
poplsargs (lshelp.o):
    ldiv.o                    runtime/ldiv.s:11
popptr1 (popptr1.o):
    ltoa.o                    common/ltoa.s:9
    vcprintf.o                conio/vcprintf.s:8
    umod.o                    runtime/umod.s:8
    udiv.o                    runtime/udiv.s:9
    strncpy.o                 common/strncpy.s:8
    steaxspi.o                runtime/steaxspi.s:9
    mul8.o                    runtime/mul8.s:9
    mul.o                     runtime/mul.s:9
    memcpy.o                  common/memcpy.s:14
popsargsudiv16 (shelp.o):
    mod.o                     runtime/mod.s:11
    div.o                     runtime/div.s:11
ptr1 (zeropage.o):
[...]
    world.o                   world.s:1455
    world.o                   world.s:1455
    trade.o                   trade.s:1087
    trade.o                   trade.s:1087
    trade.o                   trade.s:1087
    trade.o                   trade.s:1087
    trade.o                   trade.s:1087
    starport.o                starport.s:506
    starport.o                starport.s:506
    starport.o                starport.s:506
    sprite.o                  sprite.s:503
    sprite.o                  sprite.s:503
    sprite.o                  sprite.s:503
    sprite.o                  sprite.s:503
    sprite.o                  sprite.s:503
    sprite.o                  sprite.s:503
    shipyard.o                shipyard.s:366
    shipyard.o                shipyard.s:366
    shipyard.o                shipyard.s:366
    shipyard.o                shipyard.s:366
    ship.o                    ship.s:1017
    ship.o                    ship.s:1017
    ship.o                    ship.s:1017
    ship.o                    ship.s:1017
    passengers.o              passengers.s:414
    passengers.o              passengers.s:414
    menu.o                    menu.s:175
    jump-map.o                jump-map.s:955
    jump-map.o                jump-map.s:955
    jump-map.o                jump-map.s:955
    jump-map.o                jump-map.s:955
    jump-map.o                jump-map.s:955
    jump-map.o                jump-map.s:955
    jump.o                    jump.s:393
    jump.o                    jump.s:393
    hiring_hall.o             hiring_hall.s:957
    hiring_hall.o             hiring_hall.s:957
    hiring_hall.o             hiring_hall.s:957
    hiring_hall.o             hiring_hall.s:957
    damage.o                  damage.s:178
    common.o                  common.s:523
    common.o                  common.s:523
    common.o                  common.s:523
    burtle_jsf32.o            burtle_jsf32.s:248
    burtle_jsf32.o            burtle_jsf32.s:248
    alarm.o                   alarm.s:559
    main.o                    main.s:746
    main.o                    main.s:746
    main.o                    main.s:746
    main.o                    main.s:746
pusheax (lpush.o):
    _printf.o                 common/_printf.s:11
    sleep.o                   ../libwrk/cx16/sleep.s:54
    trade.o                   trade.s:1087
    trade.o                   trade.s:1087
    trade.o                   trade.s:1087
    trade.o                   trade.s:1087
    passengers.o              passengers.s:414
    hiring_hall.o             hiring_hall.s:957
    common.o                  common.s:523
    common.o                  common.s:523
    common.o                  common.s:523
    burtle_jsf32.o            burtle_jsf32.s:248
    burtle_jsf32.o            burtle_jsf32.s:248
    burtle_jsf32.o            burtle_jsf32.s:248
pushw (pushw.o):
    trade.o                   trade.s:1087
    starport.o                starport.s:506
    starport.o                starport.s:506
    hiring_hall.o             hiring_hall.s:957
    damage.o                  damage.s:178
    alarm.o                   alarm.s:559
pushw0sp (pushwsp.o):
    world.o                   world.s:1455
    world.o                   world.s:1455
    shipyard.o                shipyard.s:366
    shipyard.o                shipyard.s:366
    shipyard.o                shipyard.s:366
    passengers.o              passengers.s:414
    hiring_hall.o             hiring_hall.s:957
pushwysp (pushwsp.o):
    world.o                   world.s:1455
    world.o                   world.s:1455
    world.o                   world.s:1455
    starport.o                starport.s:506
    starport.o                starport.s:506
    shipyard.o                shipyard.s:366
    shipyard.o                shipyard.s:366
    ship.o                    ship.s:1017
    passengers.o              passengers.s:414
    jump-map.o                jump-map.s:955
    jump-map.o                jump-map.s:955
    jump-map.o                jump-map.s:955
    hiring_hall.o             hiring_hall.s:957
    hiring_hall.o             hiring_hall.s:957
    common.o                  common.s:523
    burtle_jsf32.o            burtle_jsf32.s:248
    burtle_jsf32.o            burtle_jsf32.s:248
    main.o                    main.s:746
regbank (zeropage.o):
    _printf.o                 /Users/rje/git/cc65/asminc/zeropage.inc:14
shlax1 (aslax1.o):
    jump.o                    jump.s:393
shlax2 (aslax2.o):
    world.o                   world.s:1455
    jump-map.o                jump-map.s:955
shlax4 (aslax4.o):
    world.o                   world.s:1455
    jump-map.o                jump-map.s:955
shleax1 (asleax1.o):
    trade.o                   trade.s:1087
    burtle_jsf32.o            burtle_jsf32.s:248
shleax3 (asleax3.o):
    burtle_jsf32.o            burtle_jsf32.s:248
shleax4 (asleax4.o):
    trade.o                   trade.s:1087
shrax1 (shrax1.o):
    sprite.o                  sprite.s:503
    sprite.o                  sprite.s:503
shrax3 (shrax3.o):
    jump-map.o                jump-map.s:955
shrax4 (shrax4.o):
    sprite.o                  sprite.s:503
    sprite.o                  sprite.s:503
    jump-map.o                jump-map.s:955
shreax1 (shreax1.o):
    burtle_jsf32.o            burtle_jsf32.s:248
shreax3 (shreax3.o):
    burtle_jsf32.o            burtle_jsf32.s:248
shreax4 (shreax4.o):
    burtle_jsf32.o            burtle_jsf32.s:248
sp (zeropage.o):
    lcmp.o                    runtime/lcmp.s:10
    decsp6.o                  runtime/decsp6.s:8
    _printf.o                 /Users/rje/git/cc65/asminc/zeropage.inc:11
    vcprintf.o                conio/vcprintf.s:10
    toslong.o                 runtime/toslong.s:9
    subysp.o                  runtime/subysp.s:9
    subeqsp.o                 runtime/subeqsp.s:8
    sub.o                     runtime/sub.s:9
    steaxsp.o                 runtime/steaxsp.s:8
    staxspi.o                 runtime/staxspi.s:10
    staxsp.o                  runtime/staxsp.s:8
    staspidx.o                runtime/staspidx.s:9
    pushwsp.o                 runtime/pushwsp.s:8
    pushax.o                  runtime/pushax.s:8
    pusha.o                   runtime/pusha.s:8
    popptr1.o                 runtime/popptr1.s:9
    popa.o                    runtime/popa.s:8
    or.o                      runtime/or.s:10
    memcpy.o                  common/memcpy.s:15
    lxor.o                    runtime/lxor.s:10
    ludiv.o                   runtime/ludiv.s:10
    lsub.o                    runtime/lsub.s:12
    lpush.o                   runtime/lpush.s:13
    lor.o                     runtime/lor.s:10
    lmul.o                    runtime/lmul.s:10
    leaaxsp.o                 runtime/leaaxsp.s:8
    ldeaxysp.o                runtime/ldeaxysp.s:12
    ldaxsp.o                  runtime/ldaxsp.s:8
    laddeqsp.o                runtime/laddeqsp.s:8
    ladd.o                    runtime/ladd.s:9
    incsp2.o                  runtime/incsp2.s:8
    incsp1.o                  runtime/incsp1.s:8
    icmp.o                    runtime/icmp.s:9
    decsp8.o                  runtime/decsp8.s:8
    decsp7.o                  runtime/decsp7.s:8
    decsp5.o                  runtime/decsp5.s:8
    decsp4.o                  runtime/decsp4.s:8
    decsp2.o                  runtime/decsp2.s:8
    decsp1.o                  runtime/decsp1.s:8
    crt0.o                    /Users/rje/git/cc65/asminc/zeropage.inc:11
    cprintf.o                 conio/cprintf.s:9
    addysp.o                  runtime/addysp.s:8
    addeqsp.o                 runtime/addeqsp.s:8
    add.o                     runtime/add.s:12
    world.o                   world.s:10
    trade.o                   trade.s:10
    starport.o                starport.s:10
    sprite.o                  sprite.s:10
    shipyard.o                shipyard.s:10
    ship.o                    ship.s:10
    passengers.o              passengers.s:10
    menu.o                    menu.s:10
    maneuver-map.o            maneuver-map.s:10
    jump-map.o                jump-map.s:10
    jump.o                    jump.s:10
    hiring_hall.o             hiring_hall.s:10
    emplacement.o             emplacement.s:10
    common.o                  common.s:10
    alarm.o                   alarm.s:10
    main.o                    main.s:10
sreg (zeropage.o):
    ltoa.o                    common/ltoa.s:11
    lcmp.o                    runtime/lcmp.s:10
    _printf.o                 /Users/rje/git/cc65/asminc/zeropage.inc:11
    umod.o                    runtime/umod.s:9
    udiv.o                    runtime/udiv.s:10
    steaxspi.o                runtime/steaxspi.s:10
    steaxsp.o                 runtime/steaxsp.s:8
    sleep.o                   ../libwrk/cx16/sleep.s:10
    shreax4.o                 runtime/shreax4.s:8
    shreax3.o                 runtime/shreax3.s:8
    shreax1.o                 runtime/shreax1.s:8
    mod.o                     runtime/mod.s:12
    lxor.o                    runtime/lxor.s:10
    lumod.o                   runtime/lumod.s:10
    ludiv.o                   runtime/ludiv.s:10
    lsubeq.o                  runtime/lsubeq.s:12
    lsub.o                    runtime/lsub.s:12
    lshelp.o                  runtime/lshelp.s:12
    lpush.o                   runtime/lpush.s:13
    lor.o                     runtime/lor.s:10
    lneg.o                    runtime/lneg.s:11
    lmul.o                    runtime/lmul.s:10
    linc.o                    runtime/linc.s:8
    ldiv.o                    runtime/ldiv.s:12
    ldeaxysp.o                runtime/ldeaxysp.s:12
    ldeaxi.o                  runtime/ldeaxi.s:8
    laddeqsp.o                runtime/laddeqsp.s:8
    laddeq.o                  runtime/laddeq.s:12
    ladd.o                    runtime/ladd.s:9
    icmp.o                    runtime/icmp.s:9
    clock.o                   cx16/clock.s:12
    axlong.o                  runtime/axlong.s:9
    asleax4.o                 runtime/asleax4.s:8
    asleax3.o                 runtime/asleax3.s:8
    asleax1.o                 runtime/asleax1.s:8
    world.o                   world.s:10
    trade.o                   trade.s:10
    starport.o                starport.s:10
    sprite.o                  sprite.s:10
    passengers.o              passengers.s:10
    jump-map.o                jump-map.s:10
    damage.o                  damage.s:10
    burtle_jsf32.o            burtle_jsf32.s:10
staspidx (staspidx.o):
    hiring_hall.o             hiring_hall.s:957
stax0sp (staxsp.o):
    world.o                   world.s:1455
    world.o                   world.s:1455
    world.o                   world.s:1455
    trade.o                   trade.s:1087
    trade.o                   trade.s:1087
    trade.o                   trade.s:1087
    trade.o                   trade.s:1087
    trade.o                   trade.s:1087
    shipyard.o                shipyard.s:366
    passengers.o              passengers.s:414
    jump-map.o                jump-map.s:955
    jump-map.o                jump-map.s:955
    jump.o                    jump.s:393
    hiring_hall.o             hiring_hall.s:957
    hiring_hall.o             hiring_hall.s:957
    common.o                  common.s:523
    main.o                    main.s:746
    main.o                    main.s:746
staxspidx (staxspi.o):
    hiring_hall.o             hiring_hall.s:957
staxysp (staxsp.o):
    world.o                   world.s:1455
    world.o                   world.s:1455
    world.o                   world.s:1455
    trade.o                   trade.s:1087
    starport.o                starport.s:506
    passengers.o              passengers.s:414
    maneuver-map.o            maneuver-map.s:241
    jump-map.o                jump-map.s:955
    jump-map.o                jump-map.s:955
    hiring_hall.o             hiring_hall.s:957
    main.o                    main.s:746
steax0sp (steaxsp.o):
    burtle_jsf32.o            burtle_jsf32.s:248
steaxspidx (steaxspi.o):
    trade.o                   trade.s:1087
    burtle_jsf32.o            burtle_jsf32.s:248
    burtle_jsf32.o            burtle_jsf32.s:248
subeq0sp (subeqsp.o):
    trade.o                   trade.s:1087
    passengers.o              passengers.s:414
    jump.o                    jump.s:393
subeqysp (subeqsp.o):
    trade.o                   trade.s:1087
    shipyard.o                shipyard.s:366
    jump-map.o                jump-map.s:955
    jump.o                    jump.s:393
subysp (subysp.o):
    maneuver-map.o            maneuver-map.s:241
    jump-map.o                jump-map.s:955
    jump-map.o                jump-map.s:955
    jump.o                    jump.s:393
    hiring_hall.o             hiring_hall.s:957
tmp1 (zeropage.o):
    ltoa.o                    common/ltoa.s:11
    _printf.o                 /Users/rje/git/cc65/asminc/zeropage.inc:13
    vcprintf.o                conio/vcprintf.s:10
    strncpy.o                 common/strncpy.s:9
    steaxspi.o                runtime/steaxspi.s:10
    staxspi.o                 runtime/staxspi.s:10
    staspidx.o                runtime/staspidx.s:9
    shreax4.o                 runtime/shreax4.s:8
    shreax3.o                 runtime/shreax3.s:8
    shreax1.o                 runtime/shreax1.s:8
    shrax4.o                  runtime/shrax4.s:8
    shrax3.o                  runtime/shrax3.s:8
    shrax1.o                  runtime/shrax1.s:8
    shelp.o                   runtime/shelp.s:12
    or.o                      runtime/or.s:10
    mul.o                     runtime/mul.s:10
    mod.o                     runtime/mod.s:12
    lxor.o                    runtime/lxor.s:10
    lshelp.o                  runtime/lshelp.s:12
    lor.o                     runtime/lor.s:10
    ldiv.o                    runtime/ldiv.s:12
    ladd.o                    runtime/ladd.s:9
    incaxy.o                  runtime/incaxy.s:8
    div.o                     runtime/div.s:12
    decaxy.o                  runtime/decaxy.s:8
    cputs.o                   conio/cputs.s:10
    color.o                   cx16/color.s:11
    chline.o                  cbm/chline.s:10
    cclear.o                  cbm/cclear.s:10
    c_setlfs.o                cbm/c_setlfs.s:13
    asrax4.o                  runtime/asrax4.s:9
    asrax1.o                  runtime/asrax1.s:8
    asleax4.o                 runtime/asleax4.s:8
    asleax3.o                 runtime/asleax3.s:8
    asleax1.o                 runtime/asleax1.s:8
    aslax4.o                  runtime/aslax4.s:8
    aslax3.o                  runtime/aslax3.s:8
    aslax2.o                  runtime/aslax2.s:8
    aslax1.o                  runtime/aslax1.s:8
    jump-map.o                jump-map.s:11
    jump.o                    jump.s:11
tmp2 (zeropage.o):
    strncpy.o                 common/strncpy.s:9
    steaxspi.o                runtime/steaxspi.s:10
    shelp.o                   runtime/shelp.s:12
    lshelp.o                  runtime/lshelp.s:12
    lmul.o                    runtime/lmul.s:10
    ldiv.o                    runtime/ldiv.s:12
    div.o                     runtime/div.s:12
tmp3 (zeropage.o):
    strncpy.o                 common/strncpy.s:9
    steaxspi.o                runtime/steaxspi.s:10
    lumod.o                   runtime/lumod.s:10
    ludiv.o                   runtime/ludiv.s:10
    lmul.o                    runtime/lmul.s:10
tmp4 (zeropage.o):
    lumod.o                   runtime/lumod.s:10
    ludiv.o                   runtime/ludiv.s:10
    lmul.o                    runtime/lmul.s:10
tosadd0ax (ladd.o):
    trade.o                   trade.s:1087
tosaddax (add.o):
    world.o                   world.s:1455
    trade.o                   trade.s:1087
    shipyard.o                shipyard.s:366
    shipyard.o                shipyard.s:366
    ship.o                    ship.s:1017
    passengers.o              passengers.s:414
tosaddeax (ladd.o):
    sleep.o                   ../libwrk/cx16/sleep.s:54
    common.o                  common.s:523
    common.o                  common.s:523
    burtle_jsf32.o            burtle_jsf32.s:248
tosdiv0ax (ldiv.o):
    trade.o                   trade.s:1087
    trade.o                   trade.s:1087
tosdiva0 (div.o):
    world.o                   world.s:1455
    world.o                   world.s:1455
tosdivax (div.o):
    jump.o                    jump.s:393
tosgeeax (lge.o):
    sleep.o                   ../libwrk/cx16/sleep.s:54
tosgteax (lgt.o):
    trade.o                   trade.s:1087
    starport.o                starport.s:506
tosicmp (icmp.o):
    world.o                   world.s:1455
tosicmp0 (icmp.o):
    passengers.o              passengers.s:414
toslcmp (lcmp.o):
    lge.o                     runtime/lge.s:8
    llt.o                     runtime/llt.s:8
    lgt.o                     runtime/lgt.s:8
toslong (toslong.o):
    starport.o                starport.s:506
    starport.o                starport.s:506
toslteax (llt.o):
    starport.o                starport.s:506
tosmoda0 (mod.o):
    world.o                   world.s:1455
    world.o                   world.s:1455
    world.o                   world.s:1455
    passengers.o              passengers.s:414
    jump-map.o                jump-map.s:955
    jump-map.o                jump-map.s:955
    jump.o                    jump.s:393
    damage.o                  damage.s:178
tosmodax (mod.o):
    world.o                   world.s:1455
tosmula0 (mul8.o):
    world.o                   world.s:1455
    world.o                   world.s:1455
    starport.o                starport.s:506
    starport.o                starport.s:506
    shipyard.o                shipyard.s:366
    shipyard.o                shipyard.s:366
    shipyard.o                shipyard.s:366
    ship.o                    ship.s:1017
    jump-map.o                jump-map.s:955
    hiring_hall.o             hiring_hall.s:957
    hiring_hall.o             hiring_hall.s:957
    main.o                    main.s:746
tosmulax (mul.o):
    world.o                   world.s:1455
tosmuleax (lmul.o):
    trade.o                   trade.s:1087
    trade.o                   trade.s:1087
tosorax (or.o):
    jump-map.o                jump-map.s:955
tosoreax (lor.o):
    burtle_jsf32.o            burtle_jsf32.s:248
tossuba0 (sub.o):
    starport.o                starport.s:506
tossubax (sub.o):
    jump-map.o                jump-map.s:955
    jump-map.o                jump-map.s:955
tossubeax (lsub.o):
    sleep.o                   ../libwrk/cx16/sleep.s:54
    burtle_jsf32.o            burtle_jsf32.s:248
tosudiva0 (udiv.o):
    passengers.o              passengers.s:414
    jump-map.o                jump-map.s:955
tosumod0ax (lumod.o):
    trade.o                   trade.s:1087
    hiring_hall.o             hiring_hall.s:957
    common.o                  common.s:523
    common.o                  common.s:523
    common.o                  common.s:523
tosumoda0 (umod.o):
    trade.o                   trade.s:1087
    starport.o                starport.s:506
tosumul0ax (lmul.o):
    sleep.o                   ../libwrk/cx16/sleep.s:54
tosumula0 (mul8.o):
    trade.o                   trade.s:1087
    trade.o                   trade.s:1087
    starport.o                starport.s:506
    ship.o                    ship.s:1017
    ship.o                    ship.s:1017
    passengers.o              passengers.s:414
    alarm.o                   alarm.s:559
tosumulax (mul.o):
    passengers.o              passengers.s:414
tosumuleax (lmul.o):
    trade.o                   trade.s:1087
tosxoreax (lxor.o):
    burtle_jsf32.o            burtle_jsf32.s:248
udiv16 (udiv.o):
    umod.o                    runtime/umod.s:8
    shelp.o                   runtime/shelp.s:11
udiv32 (ludiv.o):
    lumod.o                   runtime/lumod.s:9
    ldiv.o                    runtime/ldiv.s:11
zerobss (zerobss.o):
    crt0.o                    cx16/crt0.s:9

