Modules list:
-------------
main.o:
    CODE              Offs=000000  Size=000268  Align=00001  Fill=0000
    RODATA            Offs=000000  Size=00006D  Align=00001  Fill=0000
    BSS               Offs=000000  Size=00024E  Align=00001  Fill=0000
    DATA              Offs=000000  Size=000012  Align=00001  Fill=0000
alarm.o:
    CODE              Offs=000268  Size=0001A6  Align=00001  Fill=0000
    RODATA            Offs=00006D  Size=000183  Align=00001  Fill=0000
    BSS               Offs=00024E  Size=000014  Align=00001  Fill=0000
    DATA              Offs=000012  Size=0000A5  Align=00001  Fill=0000
bank.o:
    CODE              Offs=00040E  Size=00024A  Align=00001  Fill=0000
    DATA              Offs=0000B7  Size=000002  Align=00001  Fill=0000
common.o:
    CODE              Offs=000658  Size=000132  Align=00001  Fill=0000
    RODATA            Offs=0001F0  Size=00001E  Align=00001  Fill=0000
emplacement.o:
    CODE              Offs=00078A  Size=00007D  Align=00001  Fill=0000
    RODATA            Offs=00020E  Size=0000B9  Align=00001  Fill=0000
    DATA              Offs=0000B9  Size=000040  Align=00001  Fill=0000
hexmap.o:
    CODE              Offs=000807  Size=0008BB  Align=00001  Fill=0000
    RODATA            Offs=0002C7  Size=0000A7  Align=00001  Fill=0000
    DATA              Offs=0000F9  Size=000002  Align=00001  Fill=0000
hiring_hall.o:
    CODE              Offs=0010C2  Size=00047C  Align=00001  Fill=0000
    RODATA            Offs=00036E  Size=0001C6  Align=00001  Fill=0000
    BSS               Offs=000262  Size=00014A  Align=00001  Fill=0000
    DATA              Offs=0000FB  Size=000056  Align=00001  Fill=0000
hold.o:
    CODE              Offs=00153E  Size=000044  Align=00001  Fill=0000
jump.o:
    CODE              Offs=001582  Size=000117  Align=00001  Fill=0000
    RODATA            Offs=000534  Size=00001E  Align=00001  Fill=0000
passengers.o:
    CODE              Offs=001699  Size=0001D5  Align=00001  Fill=0000
    RODATA            Offs=000552  Size=0000DF  Align=00001  Fill=0000
pilot.o:
    CODE              Offs=00186E  Size=000533  Align=00001  Fill=0000
    RODATA            Offs=000631  Size=0000A7  Align=00001  Fill=0000
    BSS               Offs=0003AC  Size=00012C  Align=00001  Fill=0000
    DATA              Offs=000151  Size=000024  Align=00001  Fill=0000
ship.o:
    CODE              Offs=001DA1  Size=000898  Align=00001  Fill=0000
    RODATA            Offs=0006D8  Size=00035F  Align=00001  Fill=0000
    DATA              Offs=000175  Size=00003E  Align=00001  Fill=0000
shipyard.o:
    CODE              Offs=002639  Size=00024B  Align=00001  Fill=0000
    RODATA            Offs=000A37  Size=0000F3  Align=00001  Fill=0000
    DATA              Offs=0001B3  Size=000014  Align=00001  Fill=0000
starport.o:
    CODE              Offs=002884  Size=00031A  Align=00001  Fill=0000
    RODATA            Offs=000B2A  Size=000148  Align=00001  Fill=0000
trade.o:
    CODE              Offs=002B9E  Size=000AC6  Align=00001  Fill=0000
    RODATA            Offs=000C72  Size=000112  Align=00001  Fill=0000
trig.o:
    CODE              Offs=003664  Size=0000C6  Align=00001  Fill=0000
    BSS               Offs=0004D8  Size=000009  Align=00001  Fill=0000
    DATA              Offs=0001C7  Size=000002  Align=00001  Fill=0000
world.o:
    CODE              Offs=00372A  Size=0003FE  Align=00001  Fill=0000
    RODATA            Offs=000D84  Size=00005B  Align=00001  Fill=0000
/Users/rje/git/cc65/lib/cx16.lib(_cursor.o):
    BSS               Offs=0004E1  Size=000001  Align=00001  Fill=0000
/Users/rje/git/cc65/lib/cx16.lib(_hextab.o):
    RODATA            Offs=000DDF  Size=000010  Align=00001  Fill=0000
/Users/rje/git/cc65/lib/cx16.lib(_longminstr.o):
    RODATA            Offs=000DEF  Size=00000C  Align=00001  Fill=0000
/Users/rje/git/cc65/lib/cx16.lib(_oserror.o):
    BSS               Offs=0004E2  Size=000001  Align=00001  Fill=0000
/Users/rje/git/cc65/lib/cx16.lib(_printf.o):
    CODE              Offs=003B28  Size=0003A5  Align=00001  Fill=0000
    BSS               Offs=0004E3  Size=00002B  Align=00001  Fill=0000
    DATA              Offs=0001C9  Size=000003  Align=00001  Fill=0000
/Users/rje/git/cc65/lib/cx16.lib(add.o):
    CODE              Offs=003ECD  Size=000018  Align=00001  Fill=0000
/Users/rje/git/cc65/lib/cx16.lib(addeqsp.o):
    CODE              Offs=003EE5  Size=000011  Align=00001  Fill=0000
/Users/rje/git/cc65/lib/cx16.lib(addysp.o):
    CODE              Offs=003EF6  Size=00000E  Align=00001  Fill=0000
/Users/rje/git/cc65/lib/cx16.lib(aslax1.o):
    CODE              Offs=003F04  Size=000008  Align=00001  Fill=0000
/Users/rje/git/cc65/lib/cx16.lib(aslax2.o):
    CODE              Offs=003F0C  Size=00000B  Align=00001  Fill=0000
/Users/rje/git/cc65/lib/cx16.lib(aslax4.o):
    CODE              Offs=003F17  Size=000011  Align=00001  Fill=0000
/Users/rje/git/cc65/lib/cx16.lib(axlong.o):
    CODE              Offs=003F28  Size=00000D  Align=00001  Fill=0000
/Users/rje/git/cc65/lib/cx16.lib(c_bsout.o):
/Users/rje/git/cc65/lib/cx16.lib(c_load.o):
    CODE              Offs=003F35  Size=00001D  Align=00001  Fill=0000
/Users/rje/git/cc65/lib/cx16.lib(c_setlfs.o):
    CODE              Offs=003F52  Size=00000E  Align=00001  Fill=0000
/Users/rje/git/cc65/lib/cx16.lib(c_setnam.o):
    CODE              Offs=003F60  Size=000013  Align=00001  Fill=0000
/Users/rje/git/cc65/lib/cx16.lib(callmain.o):
    CODE              Offs=003F73  Size=000017  Align=00001  Fill=0000
    DATA              Offs=0001CC  Size=000004  Align=00001  Fill=0000
/Users/rje/git/cc65/lib/cx16.lib(cclear.o):
    CODE              Offs=003F8A  Size=000015  Align=00001  Fill=0000
/Users/rje/git/cc65/lib/cx16.lib(cgetc.o):
    CODE              Offs=003F9F  Size=000064  Align=00001  Fill=0000
/Users/rje/git/cc65/lib/cx16.lib(chline.o):
    CODE              Offs=004003  Size=000015  Align=00001  Fill=0000
/Users/rje/git/cc65/lib/cx16.lib(clinechars.o):
/Users/rje/git/cc65/lib/cx16.lib(clock.o):
    CODE              Offs=004018  Size=00000F  Align=00001  Fill=0000
/Users/rje/git/cc65/lib/cx16.lib(clrscr.o):
    CODE              Offs=004027  Size=000011  Align=00001  Fill=0000
/Users/rje/git/cc65/lib/cx16.lib(color.o):
    CODE              Offs=004038  Size=00002A  Align=00001  Fill=0000
/Users/rje/git/cc65/lib/cx16.lib(condes.o):
    CODE              Offs=004062  Size=00000C  Align=00001  Fill=0000
    DATA              Offs=0001D0  Size=000025  Align=00001  Fill=0000
    ONCE              Offs=000000  Size=00000C  Align=00001  Fill=0000
/Users/rje/git/cc65/lib/cx16.lib(cprintf.o):
    CODE              Offs=00406E  Size=00002A  Align=00001  Fill=0000
    BSS               Offs=00050E  Size=000001  Align=00001  Fill=0000
/Users/rje/git/cc65/lib/cx16.lib(cputc.o):
    CODE              Offs=004098  Size=00005F  Align=00001  Fill=0000
    RODATA            Offs=000DFB  Size=000008  Align=00001  Fill=0000
/Users/rje/git/cc65/lib/cx16.lib(cputs.o):
    CODE              Offs=0040F7  Size=000023  Align=00001  Fill=0000
/Users/rje/git/cc65/lib/cx16.lib(crt0.o):
    STARTUP           Offs=000000  Size=000028  Align=00001  Fill=0000
    ONCE              Offs=00000C  Size=000023  Align=00001  Fill=0000
    INIT              Offs=000000  Size=000002  Align=00001  Fill=0000
/Users/rje/git/cc65/lib/cx16.lib(ctype.o):
    RODATA            Offs=000E03  Size=00008B  Align=00001  Fill=0000
/Users/rje/git/cc65/lib/cx16.lib(ctypemask.o):
    CODE              Offs=00411A  Size=00001E  Align=00001  Fill=0000
/Users/rje/git/cc65/lib/cx16.lib(decax1.o):
    CODE              Offs=004138  Size=000007  Align=00001  Fill=0000
/Users/rje/git/cc65/lib/cx16.lib(decaxy.o):
    CODE              Offs=00413F  Size=000009  Align=00001  Fill=0000
/Users/rje/git/cc65/lib/cx16.lib(decsp1.o):
    CODE              Offs=004148  Size=000009  Align=00001  Fill=0000
/Users/rje/git/cc65/lib/cx16.lib(decsp2.o):
    CODE              Offs=004151  Size=00000D  Align=00001  Fill=0000
/Users/rje/git/cc65/lib/cx16.lib(decsp3.o):
    CODE              Offs=00415E  Size=00000D  Align=00001  Fill=0000
/Users/rje/git/cc65/lib/cx16.lib(decsp4.o):
    CODE              Offs=00416B  Size=00000D  Align=00001  Fill=0000
/Users/rje/git/cc65/lib/cx16.lib(decsp5.o):
    CODE              Offs=004178  Size=00000D  Align=00001  Fill=0000
/Users/rje/git/cc65/lib/cx16.lib(decsp6.o):
    CODE              Offs=004185  Size=00000D  Align=00001  Fill=0000
/Users/rje/git/cc65/lib/cx16.lib(decsp7.o):
    CODE              Offs=004192  Size=00000D  Align=00001  Fill=0000
/Users/rje/git/cc65/lib/cx16.lib(decsp8.o):
    CODE              Offs=00419F  Size=00000D  Align=00001  Fill=0000
/Users/rje/git/cc65/lib/cx16.lib(div.o):
    CODE              Offs=0041AC  Size=000015  Align=00001  Fill=0000
/Users/rje/git/cc65/lib/cx16.lib(exehdr.o):
    EXEHDR            Offs=000000  Size=00000C  Align=00001  Fill=0000
/Users/rje/git/cc65/lib/cx16.lib(gotoxy.o):
    CODE              Offs=0041C1  Size=00000F  Align=00001  Fill=0000
/Users/rje/git/cc65/lib/cx16.lib(icmp.o):
    CODE              Offs=0041D0  Size=00002E  Align=00001  Fill=0000
/Users/rje/git/cc65/lib/cx16.lib(incax2.o):
    CODE              Offs=0041FE  Size=000007  Align=00001  Fill=0000
/Users/rje/git/cc65/lib/cx16.lib(incax3.o):
    CODE              Offs=004205  Size=000005  Align=00001  Fill=0000
/Users/rje/git/cc65/lib/cx16.lib(incax5.o):
    CODE              Offs=00420A  Size=000005  Align=00001  Fill=0000
/Users/rje/git/cc65/lib/cx16.lib(incax6.o):
    CODE              Offs=00420F  Size=000005  Align=00001  Fill=0000
/Users/rje/git/cc65/lib/cx16.lib(incax7.o):
    CODE              Offs=004214  Size=000005  Align=00001  Fill=0000
/Users/rje/git/cc65/lib/cx16.lib(incax8.o):
    CODE              Offs=004219  Size=000005  Align=00001  Fill=0000
/Users/rje/git/cc65/lib/cx16.lib(incaxy.o):
    CODE              Offs=00421E  Size=00000B  Align=00001  Fill=0000
/Users/rje/git/cc65/lib/cx16.lib(incsp1.o):
    CODE              Offs=004229  Size=000007  Align=00001  Fill=0000
/Users/rje/git/cc65/lib/cx16.lib(incsp2.o):
    CODE              Offs=004230  Size=000015  Align=00001  Fill=0000
/Users/rje/git/cc65/lib/cx16.lib(incsp3.o):
    CODE              Offs=004245  Size=000005  Align=00001  Fill=0000
/Users/rje/git/cc65/lib/cx16.lib(incsp4.o):
    CODE              Offs=00424A  Size=000005  Align=00001  Fill=0000
/Users/rje/git/cc65/lib/cx16.lib(incsp5.o):
    CODE              Offs=00424F  Size=000005  Align=00001  Fill=0000
/Users/rje/git/cc65/lib/cx16.lib(incsp6.o):
    CODE              Offs=004254  Size=000005  Align=00001  Fill=0000
/Users/rje/git/cc65/lib/cx16.lib(incsp7.o):
    CODE              Offs=004259  Size=000005  Align=00001  Fill=0000
/Users/rje/git/cc65/lib/cx16.lib(incsp8.o):
    CODE              Offs=00425E  Size=000005  Align=00001  Fill=0000
/Users/rje/git/cc65/lib/cx16.lib(kbhit.o):
    CODE              Offs=004263  Size=00000E  Align=00001  Fill=0000
/Users/rje/git/cc65/lib/cx16.lib(kernal.o):
/Users/rje/git/cc65/lib/cx16.lib(ladd.o):
    CODE              Offs=004271  Size=000024  Align=00001  Fill=0000
/Users/rje/git/cc65/lib/cx16.lib(laddeq.o):
    CODE              Offs=004295  Size=00002C  Align=00001  Fill=0000
/Users/rje/git/cc65/lib/cx16.lib(lcmp.o):
    CODE              Offs=0042C1  Size=00003B  Align=00001  Fill=0000
/Users/rje/git/cc65/lib/cx16.lib(ldaxi.o):
    CODE              Offs=0042FC  Size=00000D  Align=00001  Fill=0000
/Users/rje/git/cc65/lib/cx16.lib(ldaxsp.o):
    CODE              Offs=004309  Size=000009  Align=00001  Fill=0000
/Users/rje/git/cc65/lib/cx16.lib(ldeaxysp.o):
    CODE              Offs=004312  Size=000013  Align=00001  Fill=0000
/Users/rje/git/cc65/lib/cx16.lib(leaaxsp.o):
    CODE              Offs=004325  Size=00000C  Align=00001  Fill=0000
/Users/rje/git/cc65/lib/cx16.lib(lge.o):
    CODE              Offs=004331  Size=000006  Align=00001  Fill=0000
/Users/rje/git/cc65/lib/cx16.lib(lgt.o):
    CODE              Offs=004337  Size=000006  Align=00001  Fill=0000
/Users/rje/git/cc65/lib/cx16.lib(llt.o):
    CODE              Offs=00433D  Size=000006  Align=00001  Fill=0000
/Users/rje/git/cc65/lib/cx16.lib(lmul.o):
    CODE              Offs=004343  Size=000059  Align=00001  Fill=0000
/Users/rje/git/cc65/lib/cx16.lib(lneg.o):
    CODE              Offs=00439C  Size=00001E  Align=00001  Fill=0000
/Users/rje/git/cc65/lib/cx16.lib(loadaddr.o):
    LOADADDR          Offs=000000  Size=000002  Align=00001  Fill=0000
/Users/rje/git/cc65/lib/cx16.lib(lpush.o):
    CODE              Offs=0043BA  Size=00001E  Align=00001  Fill=0000
/Users/rje/git/cc65/lib/cx16.lib(lsub.o):
    CODE              Offs=0043D8  Size=000024  Align=00001  Fill=0000
/Users/rje/git/cc65/lib/cx16.lib(lsubeq.o):
    CODE              Offs=0043FC  Size=000030  Align=00001  Fill=0000
/Users/rje/git/cc65/lib/cx16.lib(ltoa.o):
    CODE              Offs=00442C  Size=000093  Align=00001  Fill=0000
/Users/rje/git/cc65/lib/cx16.lib(makebool.o):
    CODE              Offs=0044BF  Size=00002C  Align=00001  Fill=0000
/Users/rje/git/cc65/lib/cx16.lib(memcpy.o):
    CODE              Offs=0044EB  Size=00003C  Align=00001  Fill=0000
/Users/rje/git/cc65/lib/cx16.lib(mod.o):
    CODE              Offs=004527  Size=000011  Align=00001  Fill=0000
/Users/rje/git/cc65/lib/cx16.lib(mul8.o):
    CODE              Offs=004538  Size=00003A  Align=00001  Fill=0000
/Users/rje/git/cc65/lib/cx16.lib(mulax10.o):
    CODE              Offs=004572  Size=000019  Align=00001  Fill=0000
/Users/rje/git/cc65/lib/cx16.lib(mulax5.o):
    CODE              Offs=00458B  Size=000014  Align=00001  Fill=0000
/Users/rje/git/cc65/lib/cx16.lib(mulax6.o):
    CODE              Offs=00459F  Size=000016  Align=00001  Fill=0000
/Users/rje/git/cc65/lib/cx16.lib(ne.o):
    CODE              Offs=0045B5  Size=00000A  Align=00001  Fill=0000
/Users/rje/git/cc65/lib/cx16.lib(negabs.o):
    CODE              Offs=0045BF  Size=000012  Align=00001  Fill=0000
/Users/rje/git/cc65/lib/cx16.lib(popa.o):
    CODE              Offs=0045D1  Size=00000A  Align=00001  Fill=0000
/Users/rje/git/cc65/lib/cx16.lib(popptr1.o):
    CODE              Offs=0045DB  Size=00000E  Align=00001  Fill=0000
/Users/rje/git/cc65/lib/cx16.lib(push1.o):
    CODE              Offs=0045E9  Size=000005  Align=00001  Fill=0000
/Users/rje/git/cc65/lib/cx16.lib(pusha.o):
    CODE              Offs=0045EE  Size=000016  Align=00001  Fill=0000
/Users/rje/git/cc65/lib/cx16.lib(pushax.o):
    CODE              Offs=004604  Size=00001A  Align=00001  Fill=0000
/Users/rje/git/cc65/lib/cx16.lib(pushw.o):
    CODE              Offs=00461E  Size=00000F  Align=00001  Fill=0000
/Users/rje/git/cc65/lib/cx16.lib(pushwsp.o):
    CODE              Offs=00462D  Size=00001C  Align=00001  Fill=0000
/Users/rje/git/cc65/lib/cx16.lib(rand.o):
    CODE              Offs=004649  Size=000034  Align=00001  Fill=0000
    DATA              Offs=0001F5  Size=000004  Align=00001  Fill=0000
/Users/rje/git/cc65/lib/cx16.lib(randomize.o):
    CODE              Offs=00467D  Size=000006  Align=00001  Fill=0000
/Users/rje/git/cc65/lib/cx16.lib(revers.o):
    CODE              Offs=004683  Size=000013  Align=00001  Fill=0000
/Users/rje/git/cc65/lib/cx16.lib(shelp.o):
    CODE              Offs=004696  Size=000020  Align=00001  Fill=0000
/Users/rje/git/cc65/lib/cx16.lib(shrax3.o):
    CODE              Offs=0046B6  Size=00000E  Align=00001  Fill=0000
/Users/rje/git/cc65/lib/cx16.lib(shrax4.o):
    CODE              Offs=0046C4  Size=000011  Align=00001  Fill=0000
/Users/rje/git/cc65/lib/cx16.lib(sleep.o):
    CODE              Offs=0046D5  Size=000043  Align=00001  Fill=0000
/Users/rje/git/cc65/lib/cx16.lib(staspidx.o):
    CODE              Offs=004718  Size=000016  Align=00001  Fill=0000
/Users/rje/git/cc65/lib/cx16.lib(staxsp.o):
    CODE              Offs=00472E  Size=00000B  Align=00001  Fill=0000
/Users/rje/git/cc65/lib/cx16.lib(steaxsp.o):
    CODE              Offs=004739  Size=000015  Align=00001  Fill=0000
/Users/rje/git/cc65/lib/cx16.lib(strlen.o):
    CODE              Offs=00474E  Size=000016  Align=00001  Fill=0000
/Users/rje/git/cc65/lib/cx16.lib(strlower.o):
    CODE              Offs=004764  Size=000027  Align=00001  Fill=0000
/Users/rje/git/cc65/lib/cx16.lib(strncpy.o):
    CODE              Offs=00478B  Size=000042  Align=00001  Fill=0000
/Users/rje/git/cc65/lib/cx16.lib(sub.o):
    CODE              Offs=0047CD  Size=000014  Align=00001  Fill=0000
/Users/rje/git/cc65/lib/cx16.lib(subeqsp.o):
    CODE              Offs=0047E1  Size=000015  Align=00001  Fill=0000
/Users/rje/git/cc65/lib/cx16.lib(subysp.o):
    CODE              Offs=0047F6  Size=00000D  Align=00001  Fill=0000
/Users/rje/git/cc65/lib/cx16.lib(toslong.o):
    CODE              Offs=004803  Size=000032  Align=00001  Fill=0000
/Users/rje/git/cc65/lib/cx16.lib(udiv.o):
    CODE              Offs=004835  Size=00004F  Align=00001  Fill=0000
/Users/rje/git/cc65/lib/cx16.lib(umod.o):
    CODE              Offs=004884  Size=000011  Align=00001  Fill=0000
/Users/rje/git/cc65/lib/cx16.lib(vcprintf.o):
    CODE              Offs=004895  Size=000078  Align=00001  Fill=0000
    DATA              Offs=0001F9  Size=000008  Align=00001  Fill=0000
/Users/rje/git/cc65/lib/cx16.lib(zerobss.o):
    CODE              Offs=00490D  Size=000023  Align=00001  Fill=0000
/Users/rje/git/cc65/lib/cx16.lib(zeropage.o):
    ZEROPAGE          Offs=000000  Size=00001A  Align=00001  Fill=0000


Segment list:
-------------
Name                   Start     End    Size  Align
----------------------------------------------------
ZEROPAGE              000022  00003B  00001A  00001
LOADADDR              0007FF  000800  000002  00001
EXEHDR                000801  00080C  00000C  00001
STARTUP               00080D  000834  000028  00001
CODE                  000835  005164  004930  00001
RODATA                005165  005FF2  000E8E  00001
DATA                  005FF3  0061F3  000201  00001
INIT                  0061F4  0061F5  000002  00001
BSS                   0061F6  006704  00050F  00001
ONCE                  0061F6  006226  000031  00001


Exports list by name:
---------------------
BSOUT                     00FFD2 RLA    CHROUT                    00FFD2 RLA    
ENTROPY_GET               00FECF RLA    GETIN                     00FFE4 RLA    
LOAD                      00FFD5 RLA    PLOT                      00FFF0 RLA    
RDTIM                     00FFDE RLA    SETLFS                    00FFBA RLA    
SETNAM                    00FFBD RLA    SETTIM                    00FFDB RLA    
__BSS_RUN__               0061F6 RLA    __BSS_SIZE__              00050F REA    
__CONSTRUCTOR_COUNT__     000001 REA    __CONSTRUCTOR_TABLE__     006225 RLA    
__DESTRUCTOR_COUNT__      000000 REA    __DESTRUCTOR_TABLE__      005FF3 RLA    
__EXEHDR__                000001 REA    __HEADER_LAST__           00080D RLA    
__HIMEM__                 009F00 REA    __LOADADDR__              000001 REA    
__MAIN_SIZE__             0096F3 REA    __MAIN_START__            00080D RLA    
__ONCE_RUN__              0061F6 RLA    __STACKSIZE__             000800 REA    
__STARTUP__               000001 REA    __ctype                   005F68 RLA    
__ctypeidx                005F73 RLA    __hextab                  005F44 RLA    
__longminstr              005F54 RLA    __oserror                 0066D8 RLA    
__printf                  004450 RLA    __randomize               004EB2 RLA    
_abs                      004DF4 RLA    _admin                    005FFD RLA    
_astrogator               005FFE RLA    _bgcolor                  004880 RLA    
_bookPassengers           001ECE RLA    _cargo                    006252 RLA    
_cbm_k_bsout              00FFD2 RLA    _cbm_k_load               00476A RLA    
_cbm_k_setlfs             004787 RLA    _cbm_k_setnam             004795 RLA    
_cclearxy                 0047BF RLA    _cfgCode                  006168 RLA    
_cgetc                    0047D4 RLA    _chline                   00483D RLA    
_clearComponentState      000AAB RLA    _clock                    004854 RLA    
_clrscr                   00485C RLA    _componentLabel           00607E RLA    
_cost                     006444 RLA    _cprintf                  0048A3 RLA    
_cputc                    0048D2 RLA    _cputcxy                  0048CD RLA    
_cputs                    004936 RLA    _cputsxy                  00492C RLA    
_current                  0062A2 RLA    _destination              0062B2 RLA    
_diceRoll2d               000F99 RLA    _distance                 0062C2 RLA    
_doPilot                  0020A3 RLA    _findHighestSkillFor      001906 RLA    
_getEmplacementName       000FBF RLA    _getLabel                 003F8F RLA    
_getStatusLabel           000B23 RLA    _getWeaponName            00102A RLA    
_getWorld                 003FF4 RLA    _gotoxy                   0049F9 RLA    
_hcr                      005FF5 RLA    _hire                     0018F7 RLA    
_hold                     005FF3 RLA    _hullCode                 00616A RLA    
_jump                     001DB7 RLA    _kbhit                    004A98 RLA    
_landAtShipyard           002E6E RLA    _landAtStarport           0030B9 RLA    
_loadFile                 000EE6 RLA    _ltoa                     004C79 RLA    
_main                     0009E8 RLA    _memcpy                   004D20 RLA    
_moveCargo                0034DF RLA    _pickDestination          0015BD RLA    
_pressReturnAndClear      000F76 RLA    _printAlarmBar            000AC1 RLA    
_printTradeCodes          00344B RLA    _printWorld               003F5F RLA    
_rand                     004E8A RLA    _readShip                 002A00 RLA    
_redline                  000EBF RLA    _revers                   004EB8 RLA    
_setBank                  000C43 RLA    _ship                     0061F6 RLA    
_shipBasicMission         002B1D RLA    _shipDamage               00623C RLA    
_shipMatchesStarportRequirements 002DBF RLA    _shipName                 002A44 RLA    
_shipState                006226 RLA    _ship_init                0026E9 RLA    
_showShipSummary          0025D6 RLA    _sleep                    004F0A RLA    
_srand                    004E7E RLA    _starport                 0062C3 RLA    
_statusLine               000ED4 RLA    _steward                  006003 RLA    
_streetwise               006004 RLA    _strlen                   004F83 RLA    
_strlower                 004F99 RLA    _strncpy                  004FC0 RLA    
_temp                     006313 RLA    _textcolor                00486D RLA    
_titleLine                000EC7 RLA    _toDefaultColor           000EE1 RLA    
_trig_azimuth             0066CE RLA    _trig_elevation           0066CF RLA    
_ultoa                    004CB8 RLA    _vcprintf                 005112 RLA    
addeq0sp                  00471A RLA    addeqysp                  00471C RLA    
addysp                    00472C RLA    addysp1                   00472B RLA    
aslax1                    004739 RLA    aslax2                    004741 RLA    
aslax4                    00474C RLA    axlong                    00475D RLA    
axulong                   004763 RLA    boolge                    004D0B RLA    
boolgt                    004D09 RLA    boollt                    004D03 RLA    
boolne                    004CF4 RLA    callmain                  0047A8 RLA    
chlinechar                000040 REZ    cputdirect                0048E5 RLA    
ctypemaskdirect           004953 RLA    cursor                    0066D7 RLA    
decax1                    00496D RLA    decaxy                    004974 RLA    
decsp1                    00497D RLA    decsp2                    004986 RLA    
decsp3                    004993 RLA    decsp4                    0049A0 RLA    
decsp5                    0049AD RLA    decsp6                    0049BA RLA    
decsp7                    0049C7 RLA    decsp8                    0049D4 RLA    
donelib                   004897 RLA    gotoxy                    0049F6 RLA    
incax2                    004A33 RLA    incax3                    004A3A RLA    
incax4                    004A53 RLA    incax5                    004A3F RLA    
incax6                    004A44 RLA    incax7                    004A49 RLA    
incax8                    004A4E RLA    incaxy                    004A55 RLA    
incsp1                    004A5E RLA    incsp2                    004A6C RLA    
incsp3                    004A7A RLA    incsp4                    004A7F RLA    
incsp5                    004A84 RLA    incsp6                    004A89 RLA    
incsp7                    004A8E RLA    incsp8                    004A93 RLA    
initclock                 00484D  LAI   initlib                   0061F6 RLA    
laddeq                    004AD2 RLA    ldax0sp                   004B3E RLA    
ldaxi                     004B31 RLA    ldaxidx                   004B33 RLA    
ldaxysp                   004B40 RLA    ldeax0sp                  004B47 RLA    
ldeaxysp                  004B49 RLA    leaa0sp                   004B5A RLA    
leaaxsp                   004B5C RLA    lsubeq                    004C39 RLA    
mulax10                   004DA7 RLA    mulax5                    004DC0 RLA    
mulax6                    004DD4 RLA    negax                     004DF8 RLA    
negeax                    004BD1 RLA    plot                      0048FE RLA    
popa                      004E06 RLA    popax                     004A65 RLA    
popptr1                   004E10 RLA    popsargsudiv16            004ECB RLA    
ptr1                      00002A RLZ    ptr2                      00002C RLZ    
ptr3                      00002E RLZ    ptr4                      000030 RLZ    
push0                     004E39 RLA    push1                     004E1E RLA    
pusha                     004E27 RLA    pusha0                    004E3B RLA    
pushax                    004E3D RLA    pusheax                   004BF6 RLA    
pushl0                    004BEF RLA    pushw                     004E53 RLA    
pushw0sp                  004E62 RLA    pushwidx                  004E55 RLA    
pushwysp                  004E64 RLA    regbank                   000036 RLZ    
shlax1                    004739 RLA    shlax2                    004741 RLA    
shlax4                    00474C RLA    shrax3                    004EEB RLA    
shrax4                    004EF9 RLA    sp                        000022 RLZ    
sreg                      000024 RLZ    staspidx                  004F4D RLA    
stax0sp                   004F63 RLA    staxysp                   004F65 RLA    
steaxysp                  004F70 RLA    subeq0sp                  005016 RLA    
subeqysp                  005018 RLA    subysp                    00502B RLA    
tmp1                      000032 RLZ    tmp2                      000033 RLZ    
tmp3                      000034 RLZ    tmp4                      000035 RLZ    
tosaddax                  004704 RLA    tosaddeax                 004AAC RLA    
tosdiva0                  0049E1 RLA    tosdivax                  0049E3 RLA    
tosgeeax                  004B66 RLA    tosgteax                  004B6C RLA    
tosicmp                   004A07 RLA    tosicmp0                  004A05 RLA    
toslcmp                   004AF6 RLA    toslong                   005053 RLA    
toslteax                  004B72 RLA    tosmoda0                  004D5C RLA    
tosmodax                  004D5E RLA    tosmula0                  004D6D RLA    
tosneax                   004DEE RLA    tossuba0                  005002 RLA    
tossubax                  005004 RLA    tossubeax                 004C11 RLA    
tosumoda0                 0050B9 RLA    tosumul0ax                004B78 RLA    
tosumula0                 004D6D RLA    udiv16                    00507B RLA    
zerobss                   005142 RLA    


Exports list by value:
----------------------
__DESTRUCTOR_COUNT__      000000 REA    __STARTUP__               000001 REA    
__LOADADDR__              000001 REA    __EXEHDR__                000001 REA    
__CONSTRUCTOR_COUNT__     000001 REA    sp                        000022 RLZ    
sreg                      000024 RLZ    ptr1                      00002A RLZ    
ptr2                      00002C RLZ    ptr3                      00002E RLZ    
ptr4                      000030 RLZ    tmp1                      000032 RLZ    
tmp2                      000033 RLZ    tmp3                      000034 RLZ    
tmp4                      000035 RLZ    regbank                   000036 RLZ    
chlinechar                000040 REZ    __BSS_SIZE__              00050F REA    
__STACKSIZE__             000800 REA    __HEADER_LAST__           00080D RLA    
__MAIN_START__            00080D RLA    _main                     0009E8 RLA    
_clearComponentState      000AAB RLA    _printAlarmBar            000AC1 RLA    
_getStatusLabel           000B23 RLA    _setBank                  000C43 RLA    
_redline                  000EBF RLA    _titleLine                000EC7 RLA    
_statusLine               000ED4 RLA    _toDefaultColor           000EE1 RLA    
_loadFile                 000EE6 RLA    _pressReturnAndClear      000F76 RLA    
_diceRoll2d               000F99 RLA    _getEmplacementName       000FBF RLA    
_getWeaponName            00102A RLA    _pickDestination          0015BD RLA    
_hire                     0018F7 RLA    _findHighestSkillFor      001906 RLA    
_jump                     001DB7 RLA    _bookPassengers           001ECE RLA    
_doPilot                  0020A3 RLA    _showShipSummary          0025D6 RLA    
_ship_init                0026E9 RLA    _readShip                 002A00 RLA    
_shipName                 002A44 RLA    _shipBasicMission         002B1D RLA    
_shipMatchesStarportRequirements 002DBF RLA    _landAtShipyard           002E6E RLA    
_landAtStarport           0030B9 RLA    _printTradeCodes          00344B RLA    
_moveCargo                0034DF RLA    _printWorld               003F5F RLA    
_getLabel                 003F8F RLA    _getWorld                 003FF4 RLA    
__printf                  004450 RLA    tosaddax                  004704 RLA    
addeq0sp                  00471A RLA    addeqysp                  00471C RLA    
addysp1                   00472B RLA    addysp                    00472C RLA    
shlax1                    004739 RLA    aslax1                    004739 RLA    
aslax2                    004741 RLA    shlax2                    004741 RLA    
shlax4                    00474C RLA    aslax4                    00474C RLA    
axlong                    00475D RLA    axulong                   004763 RLA    
_cbm_k_load               00476A RLA    _cbm_k_setlfs             004787 RLA    
_cbm_k_setnam             004795 RLA    callmain                  0047A8 RLA    
_cclearxy                 0047BF RLA    _cgetc                    0047D4 RLA    
_chline                   00483D RLA    initclock                 00484D  LAI   
_clock                    004854 RLA    _clrscr                   00485C RLA    
_textcolor                00486D RLA    _bgcolor                  004880 RLA    
donelib                   004897 RLA    _cprintf                  0048A3 RLA    
_cputcxy                  0048CD RLA    _cputc                    0048D2 RLA    
cputdirect                0048E5 RLA    plot                      0048FE RLA    
_cputsxy                  00492C RLA    _cputs                    004936 RLA    
ctypemaskdirect           004953 RLA    decax1                    00496D RLA    
decaxy                    004974 RLA    decsp1                    00497D RLA    
decsp2                    004986 RLA    decsp3                    004993 RLA    
decsp4                    0049A0 RLA    decsp5                    0049AD RLA    
decsp6                    0049BA RLA    decsp7                    0049C7 RLA    
decsp8                    0049D4 RLA    tosdiva0                  0049E1 RLA    
tosdivax                  0049E3 RLA    gotoxy                    0049F6 RLA    
_gotoxy                   0049F9 RLA    tosicmp0                  004A05 RLA    
tosicmp                   004A07 RLA    incax2                    004A33 RLA    
incax3                    004A3A RLA    incax5                    004A3F RLA    
incax6                    004A44 RLA    incax7                    004A49 RLA    
incax8                    004A4E RLA    incax4                    004A53 RLA    
incaxy                    004A55 RLA    incsp1                    004A5E RLA    
popax                     004A65 RLA    incsp2                    004A6C RLA    
incsp3                    004A7A RLA    incsp4                    004A7F RLA    
incsp5                    004A84 RLA    incsp6                    004A89 RLA    
incsp7                    004A8E RLA    incsp8                    004A93 RLA    
_kbhit                    004A98 RLA    tosaddeax                 004AAC RLA    
laddeq                    004AD2 RLA    toslcmp                   004AF6 RLA    
ldaxi                     004B31 RLA    ldaxidx                   004B33 RLA    
ldax0sp                   004B3E RLA    ldaxysp                   004B40 RLA    
ldeax0sp                  004B47 RLA    ldeaxysp                  004B49 RLA    
leaa0sp                   004B5A RLA    leaaxsp                   004B5C RLA    
tosgeeax                  004B66 RLA    tosgteax                  004B6C RLA    
toslteax                  004B72 RLA    tosumul0ax                004B78 RLA    
negeax                    004BD1 RLA    pushl0                    004BEF RLA    
pusheax                   004BF6 RLA    tossubeax                 004C11 RLA    
lsubeq                    004C39 RLA    _ltoa                     004C79 RLA    
_ultoa                    004CB8 RLA    boolne                    004CF4 RLA    
boollt                    004D03 RLA    boolgt                    004D09 RLA    
boolge                    004D0B RLA    _memcpy                   004D20 RLA    
tosmoda0                  004D5C RLA    tosmodax                  004D5E RLA    
tosmula0                  004D6D RLA    tosumula0                 004D6D RLA    
mulax10                   004DA7 RLA    mulax5                    004DC0 RLA    
mulax6                    004DD4 RLA    tosneax                   004DEE RLA    
_abs                      004DF4 RLA    negax                     004DF8 RLA    
popa                      004E06 RLA    popptr1                   004E10 RLA    
push1                     004E1E RLA    pusha                     004E27 RLA    
push0                     004E39 RLA    pusha0                    004E3B RLA    
pushax                    004E3D RLA    pushw                     004E53 RLA    
pushwidx                  004E55 RLA    pushw0sp                  004E62 RLA    
pushwysp                  004E64 RLA    _srand                    004E7E RLA    
_rand                     004E8A RLA    __randomize               004EB2 RLA    
_revers                   004EB8 RLA    popsargsudiv16            004ECB RLA    
shrax3                    004EEB RLA    shrax4                    004EF9 RLA    
_sleep                    004F0A RLA    staspidx                  004F4D RLA    
stax0sp                   004F63 RLA    staxysp                   004F65 RLA    
steaxysp                  004F70 RLA    _strlen                   004F83 RLA    
_strlower                 004F99 RLA    _strncpy                  004FC0 RLA    
tossuba0                  005002 RLA    tossubax                  005004 RLA    
subeq0sp                  005016 RLA    subeqysp                  005018 RLA    
subysp                    00502B RLA    toslong                   005053 RLA    
udiv16                    00507B RLA    tosumoda0                 0050B9 RLA    
_vcprintf                 005112 RLA    zerobss                   005142 RLA    
__hextab                  005F44 RLA    __longminstr              005F54 RLA    
__ctype                   005F68 RLA    __ctypeidx                005F73 RLA    
__DESTRUCTOR_TABLE__      005FF3 RLA    _hold                     005FF3 RLA    
_hcr                      005FF5 RLA    _admin                    005FFD RLA    
_astrogator               005FFE RLA    _steward                  006003 RLA    
_streetwise               006004 RLA    _componentLabel           00607E RLA    
_cfgCode                  006168 RLA    _hullCode                 00616A RLA    
initlib                   0061F6 RLA    _ship                     0061F6 RLA    
__BSS_RUN__               0061F6 RLA    __ONCE_RUN__              0061F6 RLA    
__CONSTRUCTOR_TABLE__     006225 RLA    _shipState                006226 RLA    
_shipDamage               00623C RLA    _cargo                    006252 RLA    
_current                  0062A2 RLA    _destination              0062B2 RLA    
_distance                 0062C2 RLA    _starport                 0062C3 RLA    
_temp                     006313 RLA    _cost                     006444 RLA    
_trig_azimuth             0066CE RLA    _trig_elevation           0066CF RLA    
cursor                    0066D7 RLA    __oserror                 0066D8 RLA    
__MAIN_SIZE__             0096F3 REA    __HIMEM__                 009F00 REA    
ENTROPY_GET               00FECF RLA    SETLFS                    00FFBA RLA    
SETNAM                    00FFBD RLA    _cbm_k_bsout              00FFD2 RLA    
CHROUT                    00FFD2 RLA    BSOUT                     00FFD2 RLA    
LOAD                      00FFD5 RLA    SETTIM                    00FFDB RLA    
RDTIM                     00FFDE RLA    GETIN                     00FFE4 RLA    
PLOT                      00FFF0 RLA    


Imports list:
-------------
BSOUT (kernal.o):
    c_bsout.o                 cbm/cbm.inc:49
CHROUT (kernal.o):
    crt0.o                    cx16/crt0.s:10
    clrscr.o                  cx16/clrscr.s:10
    c_bsout.o                 cbm/cbm.inc:50
ENTROPY_GET (kernal.o):
    randomize.o               cx16/randomize.s:10
GETIN (kernal.o):
    cgetc.o                   cx16/cgetc.s:10
LOAD (kernal.o):
    c_load.o                  cbm/cbm.inc:37
PLOT (kernal.o):
    cputc.o                   cx16/cputc.s:11
RDTIM (kernal.o):
    clock.o                   cx16/clock.s:11
SETLFS (kernal.o):
    c_setlfs.o                cbm/cbm.inc:33
SETNAM (kernal.o):
    c_setnam.o                cbm/cbm.inc:34
SETTIM (kernal.o):
    clock.o                   cx16/clock.s:11
__BSS_RUN__ ([linker generated]):
    zerobss.o                 common/zerobss.s:8
__BSS_SIZE__ ([linker generated]):
    zerobss.o                 common/zerobss.s:8
__CONSTRUCTOR_COUNT__ ([linker generated]):
    condes.o                  runtime/condes.s:18
__CONSTRUCTOR_TABLE__ ([linker generated]):
    condes.o                  runtime/condes.s:18
__DESTRUCTOR_COUNT__ ([linker generated]):
    condes.o                  runtime/condes.s:19
__DESTRUCTOR_TABLE__ ([linker generated]):
    condes.o                  runtime/condes.s:19
__EXEHDR__ (exehdr.o):
    [linker generated]        /Users/rje/git/cc65/cfg/cx16.cfg:6
__HEADER_LAST__ ([linker generated]):
    [linker generated]        /Users/rje/git/cc65/cfg/cx16.cfg:14
    [linker generated]        /Users/rje/git/cc65/cfg/cx16.cfg:14
__HIMEM__ ([linker generated]):
    [linker generated]        /Users/rje/git/cc65/cfg/cx16.cfg:15
    [linker generated]        /Users/rje/git/cc65/cfg/cx16.cfg:14
__LOADADDR__ (loadaddr.o):
    [linker generated]        /Users/rje/git/cc65/cfg/cx16.cfg:5
__MAIN_SIZE__ ([linker generated]):
    crt0.o                    cx16/crt0.s:11
__MAIN_START__ ([linker generated]):
    crt0.o                    cx16/crt0.s:11
__ONCE_RUN__ ([linker generated]):
    [linker generated]        /Users/rje/git/cc65/cfg/cx16.cfg:15
    [linker generated]        /Users/rje/git/cc65/cfg/cx16.cfg:15
__STACKSIZE__ ([linker generated]):
    [linker generated]        /Users/rje/git/cc65/cfg/cx16.cfg:15
__STARTUP__ (crt0.o):
    main.o                    main.s:13
__ctype (ctype.o):
    ctypemask.o               common/ctypemask.s:23
__ctypeidx (ctype.o):
    ctypemask.o               common/ctypemask.s:24
__hextab (_hextab.o):
    ltoa.o                    common/ltoa.s:10
__longminstr (_longminstr.o):
    ltoa.o                    common/ltoa.s:10
__oserror (_oserror.o):
    c_load.o                  cbm/c_load.s:10
__printf (_printf.o):
    vcprintf.o                conio/vcprintf.s:9
__randomize (randomize.o):
    hiring_hall.o             hiring_hall.s:21
    main.o                    main.s:15
_abs (negabs.o):
    passengers.o              passengers.s:17
    hexmap.o                  hexmap.s:22
_admin (main.o):
    passengers.o              passengers.s:26
_astrogator (main.o):
    jump.o                    jump.s:21
_bgcolor (color.o):
    hexmap.o                  hexmap.s:21
_bookPassengers (passengers.o):
    main.o                    main.s:28
_cargo (main.o):
    trade.o                   trade.s:33
    hold.o                    hold.s:14
_cbm_k_bsout (c_bsout.o):
    jump.o                    jump.s:13
    hexmap.o                  hexmap.s:13
    common.o                  common.s:13
    alarm.o                   alarm.s:13
    main.o                    main.s:16
_cbm_k_load (c_load.o):
    common.o                  common.s:14
    main.o                    main.s:17
_cbm_k_setlfs (c_setlfs.o):
    common.o                  common.s:15
    main.o                    main.s:18
_cbm_k_setnam (c_setnam.o):
    common.o                  common.s:16
    main.o                    main.s:19
_cclearxy (cclear.o):
    starport.o                starport.s:19
    pilot.o                   pilot.s:21
_cfgCode (ship.o):
    shipyard.o                shipyard.s:28
_cgetc (cgetc.o):
    trade.o                   trade.s:19
    starport.o                starport.s:17
    pilot.o                   pilot.s:18
    hiring_hall.o             hiring_hall.s:17
    hexmap.o                  hexmap.s:20
    common.o                  common.s:22
    main.o                    main.s:22
_chline (chline.o):
    hiring_hall.o             hiring_hall.s:18
_clearComponentState (alarm.o):
    starport.o                starport.s:25
_clock (clock.o):
    sleep.o                   ../libwrk/cx16/sleep.s:13
_clrscr (clrscr.o):
    trade.o                   trade.s:13
    starport.o                starport.s:13
    shipyard.o                shipyard.s:13
    pilot.o                   pilot.s:13
    passengers.o              passengers.s:13
    jump.o                    jump.s:14
    hiring_hall.o             hiring_hall.s:13
    hexmap.o                  hexmap.s:14
    common.o                  common.s:17
    main.o                    main.s:20
_componentLabel (alarm.o):
    starport.o                starport.s:34
_cost (alarm.o):
    starport.o                starport.s:35
_cprintf (cprintf.o):
    world.o                   world.s:14
    trade.o                   trade.s:18
    starport.o                starport.s:16
    shipyard.o                shipyard.s:17
    ship.o                    ship.s:14
    pilot.o                   pilot.s:17
    passengers.o              passengers.s:15
    hiring_hall.o             hiring_hall.s:16
    hexmap.o                  hexmap.s:19
    common.o                  common.s:21
    alarm.o                   alarm.s:16
_cputc (cputc.o):
    vcprintf.o                conio/vcprintf.s:9
    cputs.o                   conio/cputs.s:9
    trade.o                   trade.s:15
    common.o                  common.s:19
_cputcxy (cputc.o):
    pilot.o                   pilot.s:15
    jump.o                    jump.s:15
    hexmap.o                  hexmap.s:16
_cputs (cputs.o):
    world.o                   world.s:13
    trade.o                   trade.s:16
    shipyard.o                shipyard.s:15
    ship.o                    ship.s:13
    hiring_hall.o             hiring_hall.s:15
    hexmap.o                  hexmap.s:17
_cputsxy (cputs.o):
    trade.o                   trade.s:17
    starport.o                starport.s:15
    shipyard.o                shipyard.s:16
    pilot.o                   pilot.s:16
    jump.o                    jump.s:16
    hexmap.o                  hexmap.s:18
    common.o                  common.s:20
    alarm.o                   alarm.s:15
    main.o                    main.s:21
_current (main.o):
    trade.o                   trade.s:31
    passengers.o              passengers.s:23
_destination (main.o):
    trade.o                   trade.s:32
    pilot.o                   pilot.s:27
    passengers.o              passengers.s:24
    hexmap.o                  hexmap.s:36
_diceRoll2d (common.o):
    hiring_hall.o             hiring_hall.s:24
_distance (main.o):
    hexmap.o                  hexmap.s:37
_doPilot (pilot.o):
    main.o                    main.s:29
_findHighestSkillFor (hiring_hall.o):
    main.o                    main.s:36
_getEmplacementName (emplacement.o):
    starport.o                starport.s:28
_getLabel (world.o):
    passengers.o              passengers.s:21
_getStatusLabel (alarm.o):
    starport.o                starport.s:27
_getWeaponName (emplacement.o):
    starport.o                starport.s:29
_getWorld (world.o):
    hexmap.o                  hexmap.s:35
    main.o                    main.s:32
_gotoxy (gotoxy.o):
    trade.o                   trade.s:14
    starport.o                starport.s:14
    shipyard.o                shipyard.s:14
    pilot.o                   pilot.s:14
    passengers.o              passengers.s:14
    hiring_hall.o             hiring_hall.s:14
    hexmap.o                  hexmap.s:15
    common.o                  common.s:18
    alarm.o                   alarm.s:14
_hcr (main.o):
    trade.o                   trade.s:36
    starport.o                starport.s:31
    passengers.o              passengers.s:28
_hire (hiring_hall.o):
    main.o                    main.s:35
_hold (main.o):
    trade.o                   trade.s:37
_hullCode (ship.o):
    shipyard.o                shipyard.s:27
_jump (jump.o):
    main.o                    main.s:27
_kbhit (kbhit.o):
    cgetc.o                   cx16/cgetc.s:10
_landAtShipyard (shipyard.o):
    main.o                    main.s:33
_landAtStarport (starport.o):
    main.o                    main.s:34
_loadFile (common.o):
    main.o                    main.s:24
_ltoa (ltoa.o):
    _printf.o                 common/_printf.s:12
_main (main.o):
    callmain.o                runtime/callmain.s:11
_memcpy (memcpy.o):
    ship.o                    ship.s:1392
    hiring_hall.o             hiring_hall.s:815
_moveCargo (trade.o):
    main.o                    main.s:30
_pickDestination (hexmap.o):
    main.o                    main.s:26
_pressReturnAndClear (common.o):
    starport.o                starport.s:23
    shipyard.o                shipyard.s:21
    passengers.o              passengers.s:19
_printAlarmBar (alarm.o):
    pilot.o                   pilot.s:26
_printTradeCodes (trade.o):
    world.o                   world.s:26
_printWorld (world.o):
    trade.o                   trade.s:24
_rand (rand.o):
    pilot.o                   pilot.s:22
    passengers.o              passengers.s:16
    jump.o                    jump.s:17
    hiring_hall.o             hiring_hall.s:20
    common.o                  common.s:24
    main.o                    main.s:14
_readShip (ship.o):
    shipyard.o                shipyard.s:22
_redline (common.o):
    trade.o                   trade.s:21
    shipyard.o                shipyard.s:20
    hiring_hall.o             hiring_hall.s:22
_revers (revers.o):
    trade.o                   trade.s:20
    starport.o                starport.s:18
    shipyard.o                shipyard.s:18
    pilot.o                   pilot.s:19
_setBank (bank.o):
    world.o                   world.s:15
    trig.o                    trig.s:16
    trade.o                   trade.s:23
    ship.o                    ship.s:15
    hexmap.o                  hexmap.s:23
    main.o                    main.s:25
_ship (main.o):
    starport.o                starport.s:30
    shipyard.o                shipyard.s:26
    passengers.o              passengers.s:22
    alarm.o                   alarm.s:23
_shipBasicMission (ship.o):
    shipyard.o                shipyard.s:24
_shipDamage (main.o):
    starport.o                starport.s:33
    alarm.o                   alarm.s:25
_shipMatchesStarportRequirements (ship.o):
    shipyard.o                shipyard.s:25
_shipName (ship.o):
    shipyard.o                shipyard.s:23
_shipState (main.o):
    starport.o                starport.s:32
    alarm.o                   alarm.s:24
_ship_init (ship.o):
    main.o                    main.s:31
_showShipSummary (ship.o):
    starport.o                starport.s:24
_sleep (sleep.o):
    jump.o                    jump.s:18
_srand (rand.o):
    randomize.o               cx16/randomize.s:10
_starport (main.o):
    trade.o                   trade.s:34
_statusLine (common.o):
    starport.o                starport.s:22
    pilot.o                   pilot.s:23
    hexmap.o                  hexmap.s:25
_steward (main.o):
    passengers.o              passengers.s:25
_streetwise (main.o):
    passengers.o              passengers.s:27
_strlen (strlen.o):
    _printf.o                 common/_printf.s:13
    alarm.o                   alarm.s:17
_strlower (strlower.o):
    _printf.o                 common/_printf.s:13
_strncpy (strncpy.o):
    hiring_hall.o             hiring_hall.s:19
_temp (main.o):
    trade.o                   trade.s:35
_textcolor (color.o):
    pilot.o                   pilot.s:20
    common.o                  common.s:23
_titleLine (common.o):
    starport.o                starport.s:21
    passengers.o              passengers.s:18
    jump.o                    jump.s:20
    hiring_hall.o             hiring_hall.s:23
    hexmap.o                  hexmap.s:24
    alarm.o                   alarm.s:18
    main.o                    main.s:23
_toDefaultColor (common.o):
    trade.o                   trade.s:22
    pilot.o                   pilot.s:24
    hexmap.o                  hexmap.s:26
_trig_azimuth (trig.o):
    pilot.o                   pilot.s:28
_trig_elevation (trig.o):
    pilot.o                   pilot.s:29
_ultoa (ltoa.o):
    _printf.o                 common/_printf.s:12
_vcprintf (vcprintf.o):
    cprintf.o                 conio/cprintf.s:8
addeq0sp (addeqsp.o):
    trade.o                   trade.s:1569
    trade.o                   trade.s:1569
    pilot.o                   pilot.s:806
    passengers.o              passengers.s:285
    hold.o                    hold.s:60
    hiring_hall.o             hiring_hall.s:815
    hiring_hall.o             hiring_hall.s:815
    hexmap.o                  hexmap.s:1246
    hexmap.o                  hexmap.s:1246
    hexmap.o                  hexmap.s:1246
    hexmap.o                  hexmap.s:1246
    hexmap.o                  hexmap.s:1246
    hexmap.o                  hexmap.s:1246
    bank.o                    bank.s:466
    bank.o                    bank.s:466
    main.o                    main.s:464
addeqysp (addeqsp.o):
    ship.o                    ship.s:1392
    hiring_hall.o             hiring_hall.s:815
addysp (addysp.o):
    incsp8.o                  runtime/incsp8.s:8
    incsp7.o                  runtime/incsp7.s:8
    incsp6.o                  runtime/incsp6.s:8
    incsp5.o                  runtime/incsp5.s:8
    incsp4.o                  runtime/incsp4.s:8
    incsp3.o                  runtime/incsp3.s:8
    cprintf.o                 conio/cprintf.s:8
    trade.o                   trade.s:1569
    shipyard.o                shipyard.s:381
    ship.o                    ship.s:1392
    ship.o                    ship.s:1392
    ship.o                    ship.s:1392
    passengers.o              passengers.s:285
    jump.o                    jump.s:167
    hiring_hall.o             hiring_hall.s:815
    hexmap.o                  hexmap.s:1246
    hexmap.o                  hexmap.s:1246
    alarm.o                   alarm.s:551
addysp1 (addysp.o):
    lsub.o                    runtime/lsub.s:11
    lmul.o                    runtime/lmul.s:9
    ladd.o                    runtime/ladd.s:8
    sub.o                     runtime/sub.s:8
aslax1 (aslax1.o):
    pilot.o                   pilot.s:806
    hiring_hall.o             hiring_hall.s:815
    hiring_hall.o             hiring_hall.s:815
aslax2 (aslax2.o):
    world.o                   world.s:657
    trade.o                   trade.s:1569
    trade.o                   trade.s:1569
    trade.o                   trade.s:1569
    hold.o                    hold.s:60
    hexmap.o                  hexmap.s:1246
    hexmap.o                  hexmap.s:1246
    main.o                    main.s:464
aslax4 (aslax4.o):
    world.o                   world.s:657
    hexmap.o                  hexmap.s:1246
axlong (axlong.o):
    _printf.o                 common/_printf.s:11
    trade.o                   trade.s:1569
    shipyard.o                shipyard.s:381
axulong (axlong.o):
    _printf.o                 common/_printf.s:11
    sleep.o                   ../libwrk/cx16/sleep.s:54
    trade.o                   trade.s:1569
    starport.o                starport.s:487
    passengers.o              passengers.s:285
boolge (makebool.o):
    lge.o                     runtime/lge.s:8
boolgt (makebool.o):
    lgt.o                     runtime/lgt.s:8
boollt (makebool.o):
    llt.o                     runtime/llt.s:8
boolne (makebool.o):
    ne.o                      runtime/ne.s:8
callmain (callmain.o):
    crt0.o                    cx16/crt0.s:9
chlinechar (clinechars.o):
    chline.o                  cbm/chline.s:10
cputdirect (cputc.o):
    chline.o                  cbm/chline.s:9
    cclear.o                  cbm/cclear.s:9
ctypemaskdirect (ctypemask.o):
    strlower.o                common/strlower.s:14
cursor (_cursor.o):
    cgetc.o                   cx16/cgetc.s:10
decax1 (decax1.o):
    trade.o                   trade.s:1569
decaxy (decaxy.o):
    trade.o                   trade.s:1569
    shipyard.o                shipyard.s:381
    pilot.o                   pilot.s:806
    pilot.o                   pilot.s:806
decsp1 (decsp1.o):
    trade.o                   trade.s:1569
    trade.o                   trade.s:1569
    shipyard.o                shipyard.s:381
    pilot.o                   pilot.s:806
    pilot.o                   pilot.s:806
    hiring_hall.o             hiring_hall.s:815
    hexmap.o                  hexmap.s:1246
    common.o                  common.s:313
    bank.o                    bank.s:466
    alarm.o                   alarm.s:551
    main.o                    main.s:464
decsp2 (decsp2.o):
    toslong.o                 runtime/toslong.s:8
    world.o                   world.s:657
    world.o                   world.s:657
    starport.o                starport.s:487
    shipyard.o                shipyard.s:381
    ship.o                    ship.s:1392
    pilot.o                   pilot.s:806
    jump.o                    jump.s:167
    hold.o                    hold.s:60
    hiring_hall.o             hiring_hall.s:815
    hiring_hall.o             hiring_hall.s:815
    hiring_hall.o             hiring_hall.s:815
    hexmap.o                  hexmap.s:1246
    hexmap.o                  hexmap.s:1246
    hexmap.o                  hexmap.s:1246
    hexmap.o                  hexmap.s:1246
    hexmap.o                  hexmap.s:1246
    hexmap.o                  hexmap.s:1246
    bank.o                    bank.s:466
    bank.o                    bank.s:466
    main.o                    main.s:464
    main.o                    main.s:464
decsp3 (decsp3.o):
    ship.o                    ship.s:1392
    pilot.o                   pilot.s:806
decsp4 (decsp4.o):
    lpush.o                   runtime/lpush.s:12
    world.o                   world.s:657
    world.o                   world.s:657
decsp5 (decsp5.o):
    passengers.o              passengers.s:285
decsp6 (decsp6.o):
    _printf.o                 common/_printf.s:11
    world.o                   world.s:657
decsp7 (decsp7.o):
    trade.o                   trade.s:1569
decsp8 (decsp8.o):
    hexmap.o                  hexmap.s:1246
donelib (condes.o):
    crt0.o                    cx16/crt0.s:8
gotoxy (gotoxy.o):
    cputs.o                   conio/cputs.s:9
    cputc.o                   cx16/cputc.s:11
    chline.o                  cbm/chline.s:9
    cclear.o                  cbm/cclear.s:9
incax2 (incax2.o):
    ship.o                    ship.s:1392
    hiring_hall.o             hiring_hall.s:815
    hexmap.o                  hexmap.s:1246
incax3 (incax3.o):
    ship.o                    ship.s:1392
    hiring_hall.o             hiring_hall.s:815
    hexmap.o                  hexmap.s:1246
incax4 (incaxy.o):
    ship.o                    ship.s:1392
    jump.o                    jump.s:167
    hiring_hall.o             hiring_hall.s:815
    hexmap.o                  hexmap.s:1246
incax5 (incax5.o):
    ship.o                    ship.s:1392
    hiring_hall.o             hiring_hall.s:815
incax6 (incax6.o):
    ship.o                    ship.s:1392
incax7 (incax7.o):
    world.o                   world.s:657
    ship.o                    ship.s:1392
    hexmap.o                  hexmap.s:1246
incax8 (incax8.o):
    ship.o                    ship.s:1392
incaxy (incaxy.o):
    incax8.o                  runtime/incax8.s:8
    incax7.o                  runtime/incax7.s:8
    incax6.o                  runtime/incax6.s:8
    incax5.o                  runtime/incax5.s:8
    incax3.o                  runtime/incax3.s:8
    world.o                   world.s:657
    world.o                   world.s:657
    world.o                   world.s:657
    world.o                   world.s:657
    world.o                   world.s:657
    trig.o                    trig.s:172
    trig.o                    trig.s:172
    trade.o                   trade.s:1569
    shipyard.o                shipyard.s:381
    ship.o                    ship.s:1392
    ship.o                    ship.s:1392
    passengers.o              passengers.s:285
    jump.o                    jump.s:167
    hiring_hall.o             hiring_hall.s:815
    hiring_hall.o             hiring_hall.s:815
    hiring_hall.o             hiring_hall.s:815
    hexmap.o                  hexmap.s:1246
    hexmap.o                  hexmap.s:1246
    hexmap.o                  hexmap.s:1246
incsp1 (incsp1.o):
    trig.o                    trig.s:172
    trig.o                    trig.s:172
    trade.o                   trade.s:1569
    trade.o                   trade.s:1569
    trade.o                   trade.s:1569
    trade.o                   trade.s:1569
    starport.o                starport.s:487
    ship.o                    ship.s:1392
    pilot.o                   pilot.s:806
    pilot.o                   pilot.s:806
    pilot.o                   pilot.s:806
    emplacement.o             emplacement.s:188
    emplacement.o             emplacement.s:188
    common.o                  common.s:313
    common.o                  common.s:313
    common.o                  common.s:313
    bank.o                    bank.s:466
    alarm.o                   alarm.s:551
    alarm.o                   alarm.s:551
    alarm.o                   alarm.s:551
    alarm.o                   alarm.s:551
    main.o                    main.s:464
incsp2 (incsp2.o):
    staspidx.o                runtime/staspidx.s:8
    popptr1.o                 runtime/popptr1.s:8
    world.o                   world.s:657
    world.o                   world.s:657
    world.o                   world.s:657
    world.o                   world.s:657
    world.o                   world.s:657
    trade.o                   trade.s:1569
    trade.o                   trade.s:1569
    trade.o                   trade.s:1569
    shipyard.o                shipyard.s:381
    ship.o                    ship.s:1392
    ship.o                    ship.s:1392
    pilot.o                   pilot.s:806
    pilot.o                   pilot.s:806
    hiring_hall.o             hiring_hall.s:815
    hexmap.o                  hexmap.s:1246
    bank.o                    bank.s:466
    bank.o                    bank.s:466
    bank.o                    bank.s:466
    bank.o                    bank.s:466
    bank.o                    bank.s:466
    bank.o                    bank.s:466
    main.o                    main.s:464
incsp3 (incsp3.o):
    trade.o                   trade.s:1569
    trade.o                   trade.s:1569
    starport.o                starport.s:487
    starport.o                starport.s:487
    ship.o                    ship.s:1392
    ship.o                    ship.s:1392
    hiring_hall.o             hiring_hall.s:815
    common.o                  common.s:313
    common.o                  common.s:313
    common.o                  common.s:313
    bank.o                    bank.s:466
incsp4 (incsp4.o):
    lcmp.o                    runtime/lcmp.s:9
    world.o                   world.s:657
    world.o                   world.s:657
    hold.o                    hold.s:60
    hiring_hall.o             hiring_hall.s:815
    hiring_hall.o             hiring_hall.s:815
    hexmap.o                  hexmap.s:1246
    hexmap.o                  hexmap.s:1246
    hexmap.o                  hexmap.s:1246
    hexmap.o                  hexmap.s:1246
    hexmap.o                  hexmap.s:1246
    bank.o                    bank.s:466
incsp5 (incsp5.o):
    starport.o                starport.s:487
    ship.o                    ship.s:1392
    ship.o                    ship.s:1392
    ship.o                    ship.s:1392
    ship.o                    ship.s:1392
    pilot.o                   pilot.s:806
incsp6 (incsp6.o):
    sleep.o                   ../libwrk/cx16/sleep.s:54
    world.o                   world.s:657
    world.o                   world.s:657
    passengers.o              passengers.s:285
    hexmap.o                  hexmap.s:1246
incsp7 (incsp7.o):
    bank.o                    bank.s:466
incsp8 (incsp8.o):
    world.o                   world.s:657
    hexmap.o                  hexmap.s:1246
    bank.o                    bank.s:466
    bank.o                    bank.s:466
initlib (condes.o):
    crt0.o                    cx16/crt0.s:8
laddeq (laddeq.o):
    trade.o                   trade.s:1569
    passengers.o              passengers.s:285
ldax0sp (ldaxsp.o):
    world.o                   world.s:657
    world.o                   world.s:657
    world.o                   world.s:657
    world.o                   world.s:657
    world.o                   world.s:657
    world.o                   world.s:657
    trade.o                   trade.s:1569
    trade.o                   trade.s:1569
    trade.o                   trade.s:1569
    starport.o                starport.s:487
    pilot.o                   pilot.s:806
    pilot.o                   pilot.s:806
    passengers.o              passengers.s:285
    hold.o                    hold.s:60
    hiring_hall.o             hiring_hall.s:815
    hiring_hall.o             hiring_hall.s:815
    hexmap.o                  hexmap.s:1246
    hexmap.o                  hexmap.s:1246
    hexmap.o                  hexmap.s:1246
    hexmap.o                  hexmap.s:1246
    hexmap.o                  hexmap.s:1246
    hexmap.o                  hexmap.s:1246
    bank.o                    bank.s:466
    bank.o                    bank.s:466
    bank.o                    bank.s:466
    bank.o                    bank.s:466
    alarm.o                   alarm.s:551
    main.o                    main.s:464
ldaxi (ldaxi.o):
    pilot.o                   pilot.s:806
ldaxidx (ldaxi.o):
    trade.o                   trade.s:1569
    trade.o                   trade.s:1569
    hold.o                    hold.s:60
ldaxysp (ldaxsp.o):
    sleep.o                   ../libwrk/cx16/sleep.s:54
    world.o                   world.s:657
    world.o                   world.s:657
    world.o                   world.s:657
    world.o                   world.s:657
    world.o                   world.s:657
    trade.o                   trade.s:1569
    starport.o                starport.s:487
    ship.o                    ship.s:1392
    ship.o                    ship.s:1392
    ship.o                    ship.s:1392
    ship.o                    ship.s:1392
    ship.o                    ship.s:1392
    ship.o                    ship.s:1392
    ship.o                    ship.s:1392
    ship.o                    ship.s:1392
    pilot.o                   pilot.s:806
    passengers.o              passengers.s:285
    jump.o                    jump.s:167
    hold.o                    hold.s:60
    hiring_hall.o             hiring_hall.s:815
    hiring_hall.o             hiring_hall.s:815
    hiring_hall.o             hiring_hall.s:815
    hexmap.o                  hexmap.s:1246
    hexmap.o                  hexmap.s:1246
    hexmap.o                  hexmap.s:1246
    common.o                  common.s:313
    common.o                  common.s:313
    bank.o                    bank.s:466
    bank.o                    bank.s:466
    bank.o                    bank.s:466
    alarm.o                   alarm.s:551
ldeax0sp (ldeaxysp.o):
    sleep.o                   ../libwrk/cx16/sleep.s:54
ldeaxysp (ldeaxysp.o):
    shipyard.o                shipyard.s:381
leaa0sp (leaaxsp.o):
    shipyard.o                shipyard.s:381
    ship.o                    ship.s:1392
    ship.o                    ship.s:1392
    ship.o                    ship.s:1392
    hiring_hall.o             hiring_hall.s:815
leaaxsp (leaaxsp.o):
    jump.o                    jump.s:167
lsubeq (lsubeq.o):
    trade.o                   trade.s:1569
    starport.o                starport.s:487
mulax10 (mulax10.o):
    trade.o                   trade.s:1569
    starport.o                starport.s:487
mulax5 (mulax5.o):
    hexmap.o                  hexmap.s:1246
mulax6 (mulax6.o):
    alarm.o                   alarm.s:551
negax (negabs.o):
    shelp.o                   runtime/shelp.s:11
    mod.o                     runtime/mod.s:11
    div.o                     runtime/div.s:11
negeax (lneg.o):
    ltoa.o                    common/ltoa.s:9
plot (cputc.o):
    gotoxy.o                  cx16/gotoxy.s:9
popa (popa.o):
    gotoxy.o                  cx16/gotoxy.s:9
    c_setlfs.o                cbm/c_setlfs.s:12
    c_load.o                  cbm/c_load.s:11
popax (incsp2.o):
    ltoa.o                    common/ltoa.s:9
    _printf.o                 common/_printf.s:11
    vcprintf.o                conio/vcprintf.s:8
    strncpy.o                 common/strncpy.s:8
    shelp.o                   runtime/shelp.s:11
    memcpy.o                  common/memcpy.s:14
popptr1 (popptr1.o):
    ltoa.o                    common/ltoa.s:9
    vcprintf.o                conio/vcprintf.s:8
    umod.o                    runtime/umod.s:8
    udiv.o                    runtime/udiv.s:9
    strncpy.o                 common/strncpy.s:8
    mul8.o                    runtime/mul8.s:9
    memcpy.o                  common/memcpy.s:14
popsargsudiv16 (shelp.o):
    mod.o                     runtime/mod.s:11
    div.o                     runtime/div.s:11
ptr1 (zeropage.o):
    strlower.o                common/strlower.s:13
    ltoa.o                    common/ltoa.s:11
    lmul.o                    runtime/lmul.s:10
    lcmp.o                    runtime/lcmp.s:10
    _printf.o                 /Users/rje/git/cc65/asminc/zeropage.inc:12
    zerobss.o                 common/zerobss.s:9
    vcprintf.o                conio/vcprintf.s:10
    udiv.o                    runtime/udiv.s:10
    strncpy.o                 common/strncpy.s:9
    staspidx.o                runtime/staspidx.s:9
    shelp.o                   runtime/shelp.s:12
    pushw.o                   runtime/pushw.s:9
    popptr1.o                 runtime/popptr1.s:9
    mulax6.o                  runtime/mulax6.s:9
    mulax5.o                  runtime/mulax5.s:9
    mulax10.o                 runtime/mulax10.s:9
    mul8.o                    runtime/mul8.s:10
    memcpy.o                  common/memcpy.s:15
    lsubeq.o                  runtime/lsubeq.s:12
    ldaxi.o                   runtime/ldaxi.s:8
    laddeq.o                  runtime/laddeq.s:12
    div.o                     runtime/div.s:12
    cputs.o                   conio/cputs.s:10
    cprintf.o                 conio/cprintf.s:9
    c_setnam.o                cbm/c_setnam.s:10
    c_load.o                  cbm/c_load.s:12
    world.o                   world.s:11
    trig.o                    trig.s:11
    trade.o                   trade.s:11
    starport.o                starport.s:11
    shipyard.o                shipyard.s:11
    ship.o                    ship.s:11
    passengers.o              passengers.s:11
    jump.o                    jump.s:11
    hiring_hall.o             hiring_hall.s:11
    hexmap.o                  hexmap.s:11
    bank.o                    bank.s:11
    alarm.o                   alarm.s:11
    main.o                    main.s:11
ptr2 (zeropage.o):
    strlower.o                common/strlower.s:13
    ltoa.o                    common/ltoa.s:11
    _printf.o                 /Users/rje/git/cc65/asminc/zeropage.inc:12
    vcprintf.o                conio/vcprintf.s:10
    strncpy.o                 common/strncpy.s:9
    strlen.o                  common/strlen.s:12
    memcpy.o                  common/memcpy.s:15
    hiring_hall.o             hiring_hall.s:11
ptr3 (zeropage.o):
    ltoa.o                    common/ltoa.s:11
    lmul.o                    runtime/lmul.s:10
    vcprintf.o                conio/vcprintf.s:10
    memcpy.o                  common/memcpy.s:15
ptr4 (zeropage.o):
    lmul.o                    runtime/lmul.s:10
    umod.o                    runtime/umod.s:9
    udiv.o                    runtime/udiv.s:10
    shelp.o                   runtime/shelp.s:12
    mul8.o                    runtime/mul8.s:10
push0 (pushax.o):
    trade.o                   trade.s:1569
    starport.o                starport.s:487
push1 (push1.o):
    _printf.o                 common/_printf.s:11
pusha (pusha.o):
    trig.o                    trig.s:172
    trig.o                    trig.s:172
    trade.o                   trade.s:1569
    trade.o                   trade.s:1569
    trade.o                   trade.s:1569
    trade.o                   trade.s:1569
    trade.o                   trade.s:1569
    trade.o                   trade.s:1569
    trade.o                   trade.s:1569
    trade.o                   trade.s:1569
    trade.o                   trade.s:1569
    trade.o                   trade.s:1569
    starport.o                starport.s:487
    starport.o                starport.s:487
    starport.o                starport.s:487
    starport.o                starport.s:487
    shipyard.o                shipyard.s:381
    shipyard.o                shipyard.s:381
    ship.o                    ship.s:1392
    ship.o                    ship.s:1392
    ship.o                    ship.s:1392
    ship.o                    ship.s:1392
    ship.o                    ship.s:1392
    ship.o                    ship.s:1392
    ship.o                    ship.s:1392
    ship.o                    ship.s:1392
    ship.o                    ship.s:1392
    pilot.o                   pilot.s:806
    pilot.o                   pilot.s:806
    pilot.o                   pilot.s:806
    pilot.o                   pilot.s:806
    pilot.o                   pilot.s:806
    pilot.o                   pilot.s:806
    passengers.o              passengers.s:285
    jump.o                    jump.s:167
    hiring_hall.o             hiring_hall.s:815
    hiring_hall.o             hiring_hall.s:815
    hexmap.o                  hexmap.s:1246
    hexmap.o                  hexmap.s:1246
    hexmap.o                  hexmap.s:1246
    hexmap.o                  hexmap.s:1246
    hexmap.o                  hexmap.s:1246
    hexmap.o                  hexmap.s:1246
    hexmap.o                  hexmap.s:1246
    hexmap.o                  hexmap.s:1246
    hexmap.o                  hexmap.s:1246
    hexmap.o                  hexmap.s:1246
    emplacement.o             emplacement.s:188
    emplacement.o             emplacement.s:188
    common.o                  common.s:313
    common.o                  common.s:313
    common.o                  common.s:313
    common.o                  common.s:313
    common.o                  common.s:313
    common.o                  common.s:313
    common.o                  common.s:313
    common.o                  common.s:313
    bank.o                    bank.s:466
    alarm.o                   alarm.s:551
    alarm.o                   alarm.s:551
    alarm.o                   alarm.s:551
    alarm.o                   alarm.s:551
    alarm.o                   alarm.s:551
    main.o                    main.s:464
    main.o                    main.s:464
pusha0 (pushax.o):
    push1.o                   runtime/push1.s:8
    trig.o                    trig.s:172
    trade.o                   trade.s:1569
    starport.o                starport.s:487
    starport.o                starport.s:487
    shipyard.o                shipyard.s:381
    ship.o                    ship.s:1392
    ship.o                    ship.s:1392
    ship.o                    ship.s:1392
    pilot.o                   pilot.s:806
    pilot.o                   pilot.s:806
    pilot.o                   pilot.s:806
    pilot.o                   pilot.s:806
    passengers.o              passengers.s:285
    jump.o                    jump.s:167
    hiring_hall.o             hiring_hall.s:815
    hexmap.o                  hexmap.s:1246
    hexmap.o                  hexmap.s:1246
    common.o                  common.s:313
    bank.o                    bank.s:466
    alarm.o                   alarm.s:551
    alarm.o                   alarm.s:551
pushax (pushax.o):
    callmain.o                runtime/callmain.s:11
    _printf.o                 common/_printf.s:11
    vcprintf.o                conio/vcprintf.s:8
    sleep.o                   ../libwrk/cx16/sleep.s:54
    pushw.o                   runtime/pushw.s:8
    cprintf.o                 conio/cprintf.s:8
    world.o                   world.s:657
    world.o                   world.s:657
    world.o                   world.s:657
    world.o                   world.s:657
    world.o                   world.s:657
    world.o                   world.s:657
    world.o                   world.s:657
    world.o                   world.s:657
    world.o                   world.s:657
    world.o                   world.s:657
    trig.o                    trig.s:172
    trade.o                   trade.s:1569
    trade.o                   trade.s:1569
    trade.o                   trade.s:1569
    trade.o                   trade.s:1569
    trade.o                   trade.s:1569
    starport.o                starport.s:487
    starport.o                starport.s:487
    starport.o                starport.s:487
    shipyard.o                shipyard.s:381
    ship.o                    ship.s:1392
    ship.o                    ship.s:1392
    ship.o                    ship.s:1392
    ship.o                    ship.s:1392
    pilot.o                   pilot.s:806
    pilot.o                   pilot.s:806
    pilot.o                   pilot.s:806
    passengers.o              passengers.s:285
    passengers.o              passengers.s:285
    jump.o                    jump.s:167
    hold.o                    hold.s:60
    hiring_hall.o             hiring_hall.s:815
    hiring_hall.o             hiring_hall.s:815
    hiring_hall.o             hiring_hall.s:815
    hiring_hall.o             hiring_hall.s:815
    hexmap.o                  hexmap.s:1246
    hexmap.o                  hexmap.s:1246
    common.o                  common.s:313
    common.o                  common.s:313
    bank.o                    bank.s:466
    bank.o                    bank.s:466
    bank.o                    bank.s:466
    bank.o                    bank.s:466
    bank.o                    bank.s:466
    bank.o                    bank.s:466
    bank.o                    bank.s:466
    bank.o                    bank.s:466
    bank.o                    bank.s:466
    bank.o                    bank.s:466
    alarm.o                   alarm.s:551
    main.o                    main.s:464
    main.o                    main.s:464
pusheax (lpush.o):
    _printf.o                 common/_printf.s:11
    sleep.o                   ../libwrk/cx16/sleep.s:54
    trade.o                   trade.s:1569
    trade.o                   trade.s:1569
    shipyard.o                shipyard.s:381
pushl0 (lpush.o):
    shipyard.o                shipyard.s:381
pushw (pushw.o):
    starport.o                starport.s:487
    starport.o                starport.s:487
    ship.o                    ship.s:1392
    hiring_hall.o             hiring_hall.s:815
    hiring_hall.o             hiring_hall.s:815
    alarm.o                   alarm.s:551
pushw0sp (pushwsp.o):
    hiring_hall.o             hiring_hall.s:815
pushwidx (pushw.o):
    trade.o                   trade.s:1569
pushwysp (pushwsp.o):
    world.o                   world.s:657
    trade.o                   trade.s:1569
    trade.o                   trade.s:1569
    starport.o                starport.s:487
    starport.o                starport.s:487
    ship.o                    ship.s:1392
    ship.o                    ship.s:1392
    passengers.o              passengers.s:285
    hiring_hall.o             hiring_hall.s:815
    hiring_hall.o             hiring_hall.s:815
    hiring_hall.o             hiring_hall.s:815
    hiring_hall.o             hiring_hall.s:815
    main.o                    main.s:464
regbank (zeropage.o):
    _printf.o                 /Users/rje/git/cc65/asminc/zeropage.inc:14
shlax1 (aslax1.o):
    trade.o                   trade.s:1569
    trade.o                   trade.s:1569
    trade.o                   trade.s:1569
    trade.o                   trade.s:1569
    trade.o                   trade.s:1569
shlax2 (aslax2.o):
    world.o                   world.s:657
    world.o                   world.s:657
    world.o                   world.s:657
    world.o                   world.s:657
    world.o                   world.s:657
    world.o                   world.s:657
    world.o                   world.s:657
    world.o                   world.s:657
    world.o                   world.s:657
    trade.o                   trade.s:1569
    hexmap.o                  hexmap.s:1246
shlax4 (aslax4.o):
    world.o                   world.s:657
    world.o                   world.s:657
    world.o                   world.s:657
    world.o                   world.s:657
    world.o                   world.s:657
    world.o                   world.s:657
    world.o                   world.s:657
    world.o                   world.s:657
    world.o                   world.s:657
    trade.o                   trade.s:1569
    trade.o                   trade.s:1569
    trade.o                   trade.s:1569
    trade.o                   trade.s:1569
    trade.o                   trade.s:1569
    trade.o                   trade.s:1569
    hexmap.o                  hexmap.s:1246
shrax3 (shrax3.o):
    hexmap.o                  hexmap.s:1246
shrax4 (shrax4.o):
    hexmap.o                  hexmap.s:1246
sp (zeropage.o):
    lsub.o                    runtime/lsub.s:12
    lmul.o                    runtime/lmul.s:10
    lcmp.o                    runtime/lcmp.s:10
    ladd.o                    runtime/ladd.s:9
    _printf.o                 /Users/rje/git/cc65/asminc/zeropage.inc:11
    vcprintf.o                conio/vcprintf.s:10
    toslong.o                 runtime/toslong.s:9
    subysp.o                  runtime/subysp.s:9
    subeqsp.o                 runtime/subeqsp.s:8
    sub.o                     runtime/sub.s:9
    steaxsp.o                 runtime/steaxsp.s:8
    staxsp.o                  runtime/staxsp.s:8
    staspidx.o                runtime/staspidx.s:9
    pushwsp.o                 runtime/pushwsp.s:8
    pushax.o                  runtime/pushax.s:8
    pusha.o                   runtime/pusha.s:8
    popptr1.o                 runtime/popptr1.s:9
    popa.o                    runtime/popa.s:8
    memcpy.o                  common/memcpy.s:15
    lpush.o                   runtime/lpush.s:13
    leaaxsp.o                 runtime/leaaxsp.s:8
    ldeaxysp.o                runtime/ldeaxysp.s:12
    ldaxsp.o                  runtime/ldaxsp.s:8
    incsp2.o                  runtime/incsp2.s:8
    incsp1.o                  runtime/incsp1.s:8
    icmp.o                    runtime/icmp.s:9
    decsp8.o                  runtime/decsp8.s:8
    decsp7.o                  runtime/decsp7.s:8
    decsp6.o                  runtime/decsp6.s:8
    decsp5.o                  runtime/decsp5.s:8
    decsp4.o                  runtime/decsp4.s:8
    decsp3.o                  runtime/decsp3.s:8
    decsp2.o                  runtime/decsp2.s:8
    decsp1.o                  runtime/decsp1.s:8
    crt0.o                    /Users/rje/git/cc65/asminc/zeropage.inc:11
    cprintf.o                 conio/cprintf.s:9
    addysp.o                  runtime/addysp.s:8
    addeqsp.o                 runtime/addeqsp.s:8
    add.o                     runtime/add.s:12
    world.o                   world.s:10
    trig.o                    trig.s:10
    trade.o                   trade.s:10
    starport.o                starport.s:10
    shipyard.o                shipyard.s:10
    ship.o                    ship.s:10
    pilot.o                   pilot.s:10
    passengers.o              passengers.s:10
    jump.o                    jump.s:10
    hiring_hall.o             hiring_hall.s:10
    hexmap.o                  hexmap.s:10
    emplacement.o             emplacement.s:10
    common.o                  common.s:10
    bank.o                    bank.s:10
    alarm.o                   alarm.s:10
    main.o                    main.s:10
sreg (zeropage.o):
    lneg.o                    runtime/lneg.s:11
    ltoa.o                    common/ltoa.s:11
    lsub.o                    runtime/lsub.s:12
    lmul.o                    runtime/lmul.s:10
    lcmp.o                    runtime/lcmp.s:10
    ladd.o                    runtime/ladd.s:9
    clock.o                   cx16/clock.s:12
    _printf.o                 /Users/rje/git/cc65/asminc/zeropage.inc:11
    umod.o                    runtime/umod.s:9
    udiv.o                    runtime/udiv.s:10
    steaxsp.o                 runtime/steaxsp.s:8
    sleep.o                   ../libwrk/cx16/sleep.s:10
    mod.o                     runtime/mod.s:12
    lsubeq.o                  runtime/lsubeq.s:12
    lpush.o                   runtime/lpush.s:13
    ldeaxysp.o                runtime/ldeaxysp.s:12
    laddeq.o                  runtime/laddeq.s:12
    icmp.o                    runtime/icmp.s:9
    axlong.o                  runtime/axlong.s:9
    world.o                   world.s:10
    trade.o                   trade.s:10
    starport.o                starport.s:10
    shipyard.o                shipyard.s:10
    hexmap.o                  hexmap.s:10
    bank.o                    bank.s:10
staspidx (staspidx.o):
    pilot.o                   pilot.s:806
    hiring_hall.o             hiring_hall.s:815
    main.o                    main.s:464
stax0sp (staxsp.o):
    world.o                   world.s:657
    world.o                   world.s:657
    world.o                   world.s:657
    world.o                   world.s:657
    world.o                   world.s:657
    trade.o                   trade.s:1569
    ship.o                    ship.s:1392
    pilot.o                   pilot.s:806
    passengers.o              passengers.s:285
    jump.o                    jump.s:167
    hold.o                    hold.s:60
    hiring_hall.o             hiring_hall.s:815
    hiring_hall.o             hiring_hall.s:815
    hexmap.o                  hexmap.s:1246
    hexmap.o                  hexmap.s:1246
    hexmap.o                  hexmap.s:1246
    hexmap.o                  hexmap.s:1246
    hexmap.o                  hexmap.s:1246
    hexmap.o                  hexmap.s:1246
    hexmap.o                  hexmap.s:1246
    bank.o                    bank.s:466
    bank.o                    bank.s:466
    bank.o                    bank.s:466
    main.o                    main.s:464
    main.o                    main.s:464
staxysp (staxsp.o):
    world.o                   world.s:657
    world.o                   world.s:657
    world.o                   world.s:657
    trade.o                   trade.s:1569
    starport.o                starport.s:487
    ship.o                    ship.s:1392
    hiring_hall.o             hiring_hall.s:815
    hexmap.o                  hexmap.s:1246
    hexmap.o                  hexmap.s:1246
steaxysp (steaxsp.o):
    shipyard.o                shipyard.s:381
subeq0sp (subeqsp.o):
    pilot.o                   pilot.s:806
    passengers.o              passengers.s:285
    jump.o                    jump.s:167
    common.o                  common.s:313
subeqysp (subeqsp.o):
    trade.o                   trade.s:1569
    jump.o                    jump.s:167
    hold.o                    hold.s:60
subysp (subysp.o):
    shipyard.o                shipyard.s:381
    ship.o                    ship.s:1392
    ship.o                    ship.s:1392
    ship.o                    ship.s:1392
    jump.o                    jump.s:167
    hiring_hall.o             hiring_hall.s:815
    hexmap.o                  hexmap.s:1246
    hexmap.o                  hexmap.s:1246
tmp1 (zeropage.o):
    ltoa.o                    common/ltoa.s:11
    ladd.o                    runtime/ladd.s:9
    _printf.o                 /Users/rje/git/cc65/asminc/zeropage.inc:13
    vcprintf.o                conio/vcprintf.s:10
    strncpy.o                 common/strncpy.s:9
    staspidx.o                runtime/staspidx.s:9
    shrax4.o                  runtime/shrax4.s:8
    shrax3.o                  runtime/shrax3.s:8
    shelp.o                   runtime/shelp.s:12
    mod.o                     runtime/mod.s:12
    incaxy.o                  runtime/incaxy.s:8
    div.o                     runtime/div.s:12
    decaxy.o                  runtime/decaxy.s:8
    cputs.o                   conio/cputs.s:10
    color.o                   cx16/color.s:11
    chline.o                  cbm/chline.s:10
    cclear.o                  cbm/cclear.s:10
    c_setlfs.o                cbm/c_setlfs.s:13
    aslax4.o                  runtime/aslax4.s:8
    aslax2.o                  runtime/aslax2.s:8
    aslax1.o                  runtime/aslax1.s:8
    jump.o                    jump.s:11
    common.o                  common.s:11
tmp2 (zeropage.o):
    lmul.o                    runtime/lmul.s:10
    strncpy.o                 common/strncpy.s:9
    shelp.o                   runtime/shelp.s:12
    div.o                     runtime/div.s:12
tmp3 (zeropage.o):
    lmul.o                    runtime/lmul.s:10
    strncpy.o                 common/strncpy.s:9
tmp4 (zeropage.o):
    lmul.o                    runtime/lmul.s:10
tosaddax (add.o):
    ship.o                    ship.s:1392
    pilot.o                   pilot.s:806
    pilot.o                   pilot.s:806
    pilot.o                   pilot.s:806
    passengers.o              passengers.s:285
    hiring_hall.o             hiring_hall.s:815
    common.o                  common.s:313
tosaddeax (ladd.o):
    sleep.o                   ../libwrk/cx16/sleep.s:54
tosdiva0 (div.o):
    world.o                   world.s:657
    trig.o                    trig.s:172
tosdivax (div.o):
    jump.o                    jump.s:167
tosgeeax (lge.o):
    sleep.o                   ../libwrk/cx16/sleep.s:54
tosgteax (lgt.o):
    starport.o                starport.s:487
tosicmp (icmp.o):
    ne.o                      runtime/ne.s:8
    hexmap.o                  hexmap.s:1246
tosicmp0 (icmp.o):
    passengers.o              passengers.s:285
toslcmp (lcmp.o):
    lge.o                     runtime/lge.s:8
    llt.o                     runtime/llt.s:8
    lgt.o                     runtime/lgt.s:8
toslong (toslong.o):
    starport.o                starport.s:487
    starport.o                starport.s:487
toslteax (llt.o):
    trade.o                   trade.s:1569
    starport.o                starport.s:487
tosmoda0 (mod.o):
    world.o                   world.s:657
    pilot.o                   pilot.s:806
    passengers.o              passengers.s:285
    jump.o                    jump.s:167
    hiring_hall.o             hiring_hall.s:815
    common.o                  common.s:313
    main.o                    main.s:464
tosmodax (mod.o):
    pilot.o                   pilot.s:806
    pilot.o                   pilot.s:806
tosmula0 (mul8.o):
    trade.o                   trade.s:1569
    starport.o                starport.s:487
    starport.o                starport.s:487
    ship.o                    ship.s:1392
    hiring_hall.o             hiring_hall.s:815
    hiring_hall.o             hiring_hall.s:815
    main.o                    main.s:464
tosneax (ne.o):
    bank.o                    bank.s:466
tossuba0 (sub.o):
    starport.o                starport.s:487
tossubax (sub.o):
    shipyard.o                shipyard.s:381
tossubeax (lsub.o):
    sleep.o                   ../libwrk/cx16/sleep.s:54
tosumoda0 (umod.o):
    starport.o                starport.s:487
    shipyard.o                shipyard.s:381
    pilot.o                   pilot.s:806
tosumul0ax (lmul.o):
    sleep.o                   ../libwrk/cx16/sleep.s:54
tosumula0 (mul8.o):
    trig.o                    trig.s:172
    starport.o                starport.s:487
    shipyard.o                shipyard.s:381
    ship.o                    ship.s:1392
    ship.o                    ship.s:1392
    passengers.o              passengers.s:285
    alarm.o                   alarm.s:551
udiv16 (udiv.o):
    umod.o                    runtime/umod.s:8
    shelp.o                   runtime/shelp.s:11
zerobss (zerobss.o):
    crt0.o                    cx16/crt0.s:9

