Modules list:
-------------
main.o:
    CODE              Offs=000000  Size=0003E0  Align=00001  Fill=0000
    RODATA            Offs=000000  Size=0000F6  Align=00001  Fill=0000
    BSS               Offs=000000  Size=0005BE  Align=00001  Fill=0000
    DATA              Offs=000000  Size=000019  Align=00001  Fill=0000
alarm.o:
    CODE              Offs=0003E0  Size=0001BC  Align=00001  Fill=0000
    RODATA            Offs=0000F6  Size=0000A4  Align=00001  Fill=0000
    BSS               Offs=0005BE  Size=000014  Align=00001  Fill=0000
    DATA              Offs=000019  Size=000079  Align=00001  Fill=0000
bankedText.o:
    CODE              Offs=00059C  Size=00005E  Align=00001  Fill=0000
    RODATA            Offs=00019A  Size=000005  Align=00001  Fill=0000
burtle_jsf32.o:
    CODE              Offs=0005FA  Size=0001A5  Align=00001  Fill=0000
    BSS               Offs=0005D2  Size=000011  Align=00001  Fill=0000
common.o:
    CODE              Offs=00079F  Size=00029E  Align=00001  Fill=0000
    RODATA            Offs=00019F  Size=000053  Align=00001  Fill=0000
    DATA              Offs=000092  Size=000002  Align=00001  Fill=0000
damage.o:
    CODE              Offs=000A3D  Size=000073  Align=00001  Fill=0000
    RODATA            Offs=0001F2  Size=00000A  Align=00001  Fill=0000
    BSS               Offs=0005E3  Size=000001  Align=00001  Fill=0000
emplacement.o:
    CODE              Offs=000AB0  Size=000086  Align=00001  Fill=0000
    RODATA            Offs=0001FC  Size=0000B9  Align=00001  Fill=0000
    DATA              Offs=000094  Size=000040  Align=00001  Fill=0000
hiring_hall.o:
    CODE              Offs=000B36  Size=000755  Align=00001  Fill=0000
    RODATA            Offs=0002B5  Size=00012B  Align=00001  Fill=0000
    BSS               Offs=0005E4  Size=00015E  Align=00001  Fill=0000
    DATA              Offs=0000D4  Size=000024  Align=00001  Fill=0000
insystem.o:
    CODE              Offs=00128B  Size=000322  Align=00001  Fill=0000
    RODATA            Offs=0003E0  Size=0001C1  Align=00001  Fill=0000
    BSS               Offs=000742  Size=000031  Align=00001  Fill=0000
    DATA              Offs=0000F8  Size=000011  Align=00001  Fill=0000
jump.o:
    CODE              Offs=0015AD  Size=000206  Align=00001  Fill=0000
    RODATA            Offs=0005A1  Size=000044  Align=00001  Fill=0000
jump-map.o:
    CODE              Offs=0017B3  Size=000705  Align=00001  Fill=0000
    RODATA            Offs=0005E5  Size=000051  Align=00001  Fill=0000
    DATA              Offs=000109  Size=000010  Align=00001  Fill=0000
maneuver-map.o:
    CODE              Offs=001EB8  Size=000166  Align=00001  Fill=0000
    RODATA            Offs=000636  Size=0000B5  Align=00001  Fill=0000
menu.o:
    CODE              Offs=00201E  Size=00015E  Align=00001  Fill=0000
    RODATA            Offs=0006EB  Size=000003  Align=00001  Fill=0000
    BSS               Offs=000773  Size=000003  Align=00001  Fill=0000
name.o:
    CODE              Offs=00217C  Size=0000E8  Align=00001  Fill=0000
panel.o:
    CODE              Offs=002264  Size=000169  Align=00001  Fill=0000
passengers.o:
    CODE              Offs=0023CD  Size=000560  Align=00001  Fill=0000
    RODATA            Offs=0006EE  Size=0001D1  Align=00001  Fill=0000
ship.o:
    CODE              Offs=00292D  Size=00048F  Align=00001  Fill=0000
    RODATA            Offs=0008BF  Size=00022A  Align=00001  Fill=0000
    DATA              Offs=000119  Size=000006  Align=00001  Fill=0000
shipyard.o:
    CODE              Offs=002DBC  Size=000247  Align=00001  Fill=0000
    RODATA            Offs=000AE9  Size=0000C9  Align=00001  Fill=0000
    BSS               Offs=000776  Size=000001  Align=00001  Fill=0000
sprite.o:
    CODE              Offs=003003  Size=000330  Align=00001  Fill=0000
    BSS               Offs=000777  Size=000006  Align=00001  Fill=0000
starport.o:
    CODE              Offs=003333  Size=0003AA  Align=00001  Fill=0000
    RODATA            Offs=000BB2  Size=0001B7  Align=00001  Fill=0000
survey.o:
    CODE              Offs=0036DD  Size=0000FA  Align=00001  Fill=0000
    RODATA            Offs=000D69  Size=000097  Align=00001  Fill=0000
trade.o:
    CODE              Offs=0037D7  Size=00074E  Align=00001  Fill=0000
    RODATA            Offs=000E00  Size=0000BA  Align=00001  Fill=0000
    DATA              Offs=00011F  Size=00000E  Align=00001  Fill=0000
wilderness.o:
    CODE              Offs=003F25  Size=000160  Align=00001  Fill=0000
    RODATA            Offs=000EBA  Size=000148  Align=00001  Fill=0000
world.o:
    CODE              Offs=004085  Size=000954  Align=00001  Fill=0000
    RODATA            Offs=001002  Size=000218  Align=00001  Fill=0000
    BSS               Offs=00077D  Size=000960  Align=00001  Fill=0000
    DATA              Offs=00012D  Size=000065  Align=00001  Fill=0000
/Users/rje/git/cc65/lib/cx16.lib(_cursor.o):
    BSS               Offs=0010DD  Size=000001  Align=00001  Fill=0000
/Users/rje/git/cc65/lib/cx16.lib(_heap.o):
    DATA              Offs=000192  Size=00000A  Align=00001  Fill=0000
    ONCE              Offs=000000  Size=000010  Align=00001  Fill=0000
/Users/rje/git/cc65/lib/cx16.lib(_heapmemavail.o):
    CODE              Offs=0049D9  Size=00004E  Align=00001  Fill=0000
/Users/rje/git/cc65/lib/cx16.lib(_hextab.o):
    RODATA            Offs=00121A  Size=000010  Align=00001  Fill=0000
/Users/rje/git/cc65/lib/cx16.lib(_longminstr.o):
    RODATA            Offs=00122A  Size=00000C  Align=00001  Fill=0000
/Users/rje/git/cc65/lib/cx16.lib(_oserror.o):
    BSS               Offs=0010DE  Size=000001  Align=00001  Fill=0000
/Users/rje/git/cc65/lib/cx16.lib(_printf.o):
    CODE              Offs=004A27  Size=0003A5  Align=00001  Fill=0000
    BSS               Offs=0010DF  Size=00002B  Align=00001  Fill=0000
    DATA              Offs=00019C  Size=000003  Align=00001  Fill=0000
/Users/rje/git/cc65/lib/cx16.lib(add.o):
    CODE              Offs=004DCC  Size=000018  Align=00001  Fill=0000
/Users/rje/git/cc65/lib/cx16.lib(addeqsp.o):
    CODE              Offs=004DE4  Size=000011  Align=00001  Fill=0000
/Users/rje/git/cc65/lib/cx16.lib(addysp.o):
    CODE              Offs=004DF5  Size=00000E  Align=00001  Fill=0000
/Users/rje/git/cc65/lib/cx16.lib(aslax1.o):
    CODE              Offs=004E03  Size=000008  Align=00001  Fill=0000
/Users/rje/git/cc65/lib/cx16.lib(aslax2.o):
    CODE              Offs=004E0B  Size=00000B  Align=00001  Fill=0000
/Users/rje/git/cc65/lib/cx16.lib(aslax3.o):
    CODE              Offs=004E16  Size=00000E  Align=00001  Fill=0000
/Users/rje/git/cc65/lib/cx16.lib(aslax4.o):
    CODE              Offs=004E24  Size=000011  Align=00001  Fill=0000
/Users/rje/git/cc65/lib/cx16.lib(asleax1.o):
    CODE              Offs=004E35  Size=00000C  Align=00001  Fill=0000
/Users/rje/git/cc65/lib/cx16.lib(asleax3.o):
    CODE              Offs=004E41  Size=00001A  Align=00001  Fill=0000
/Users/rje/git/cc65/lib/cx16.lib(asleax4.o):
    CODE              Offs=004E5B  Size=000011  Align=00001  Fill=0000
/Users/rje/git/cc65/lib/cx16.lib(asrax1.o):
    CODE              Offs=004E6C  Size=00000A  Align=00001  Fill=0000
/Users/rje/git/cc65/lib/cx16.lib(asrax4.o):
    CODE              Offs=004E76  Size=000019  Align=00001  Fill=0000
/Users/rje/git/cc65/lib/cx16.lib(axlong.o):
    CODE              Offs=004E8F  Size=00000D  Align=00001  Fill=0000
/Users/rje/git/cc65/lib/cx16.lib(c_bsout.o):
/Users/rje/git/cc65/lib/cx16.lib(c_load.o):
    CODE              Offs=004E9C  Size=00001D  Align=00001  Fill=0000
/Users/rje/git/cc65/lib/cx16.lib(c_setlfs.o):
    CODE              Offs=004EB9  Size=00000E  Align=00001  Fill=0000
/Users/rje/git/cc65/lib/cx16.lib(c_setnam.o):
    CODE              Offs=004EC7  Size=000013  Align=00001  Fill=0000
/Users/rje/git/cc65/lib/cx16.lib(callmain.o):
    CODE              Offs=004EDA  Size=000017  Align=00001  Fill=0000
    DATA              Offs=00019F  Size=000004  Align=00001  Fill=0000
/Users/rje/git/cc65/lib/cx16.lib(cclear.o):
    CODE              Offs=004EF1  Size=000015  Align=00001  Fill=0000
/Users/rje/git/cc65/lib/cx16.lib(cgetc.o):
    CODE              Offs=004F06  Size=000067  Align=00001  Fill=0000
/Users/rje/git/cc65/lib/cx16.lib(chline.o):
    CODE              Offs=004F6D  Size=000015  Align=00001  Fill=0000
/Users/rje/git/cc65/lib/cx16.lib(clinechars.o):
/Users/rje/git/cc65/lib/cx16.lib(clock.o):
    CODE              Offs=004F82  Size=00000F  Align=00001  Fill=0000
/Users/rje/git/cc65/lib/cx16.lib(clrscr.o):
    CODE              Offs=004F91  Size=000011  Align=00001  Fill=0000
/Users/rje/git/cc65/lib/cx16.lib(color.o):
    CODE              Offs=004FA2  Size=00002A  Align=00001  Fill=0000
/Users/rje/git/cc65/lib/cx16.lib(condes.o):
    CODE              Offs=004FCC  Size=00000C  Align=00001  Fill=0000
    DATA              Offs=0001A3  Size=000025  Align=00001  Fill=0000
    ONCE              Offs=000010  Size=00000C  Align=00001  Fill=0000
/Users/rje/git/cc65/lib/cx16.lib(cprintf.o):
    CODE              Offs=004FD8  Size=00002A  Align=00001  Fill=0000
    BSS               Offs=00110A  Size=000001  Align=00001  Fill=0000
/Users/rje/git/cc65/lib/cx16.lib(cputc.o):
    CODE              Offs=005002  Size=000062  Align=00001  Fill=0000
    RODATA            Offs=001236  Size=000008  Align=00001  Fill=0000
/Users/rje/git/cc65/lib/cx16.lib(cputs.o):
    CODE              Offs=005064  Size=000023  Align=00001  Fill=0000
/Users/rje/git/cc65/lib/cx16.lib(crt0.o):
    STARTUP           Offs=000000  Size=000021  Align=00001  Fill=0000
    ONCE              Offs=00001C  Size=00001B  Align=00001  Fill=0000
    INIT              Offs=000000  Size=000002  Align=00001  Fill=0000
/Users/rje/git/cc65/lib/cx16.lib(ctype.o):
    RODATA            Offs=00123E  Size=00008B  Align=00001  Fill=0000
/Users/rje/git/cc65/lib/cx16.lib(ctypemask.o):
    CODE              Offs=005087  Size=00001E  Align=00001  Fill=0000
/Users/rje/git/cc65/lib/cx16.lib(decax1.o):
    CODE              Offs=0050A5  Size=000007  Align=00001  Fill=0000
/Users/rje/git/cc65/lib/cx16.lib(decax2.o):
    CODE              Offs=0050AC  Size=000007  Align=00001  Fill=0000
/Users/rje/git/cc65/lib/cx16.lib(decax3.o):
    CODE              Offs=0050B3  Size=000007  Align=00001  Fill=0000
/Users/rje/git/cc65/lib/cx16.lib(decaxy.o):
    CODE              Offs=0050BA  Size=000009  Align=00001  Fill=0000
/Users/rje/git/cc65/lib/cx16.lib(decsp1.o):
    CODE              Offs=0050C3  Size=000009  Align=00001  Fill=0000
/Users/rje/git/cc65/lib/cx16.lib(decsp2.o):
    CODE              Offs=0050CC  Size=00000D  Align=00001  Fill=0000
/Users/rje/git/cc65/lib/cx16.lib(decsp4.o):
    CODE              Offs=0050D9  Size=00000D  Align=00001  Fill=0000
/Users/rje/git/cc65/lib/cx16.lib(decsp6.o):
    CODE              Offs=0050E6  Size=00000D  Align=00001  Fill=0000
/Users/rje/git/cc65/lib/cx16.lib(decsp8.o):
    CODE              Offs=0050F3  Size=00000D  Align=00001  Fill=0000
/Users/rje/git/cc65/lib/cx16.lib(div.o):
    CODE              Offs=005100  Size=000015  Align=00001  Fill=0000
/Users/rje/git/cc65/lib/cx16.lib(exehdr.o):
    EXEHDR            Offs=000000  Size=00000C  Align=00001  Fill=0000
/Users/rje/git/cc65/lib/cx16.lib(gotox.o):
    CODE              Offs=005115  Size=000006  Align=00001  Fill=0000
/Users/rje/git/cc65/lib/cx16.lib(gotoxy.o):
    CODE              Offs=00511B  Size=00000F  Align=00001  Fill=0000
/Users/rje/git/cc65/lib/cx16.lib(gotoy.o):
    CODE              Offs=00512A  Size=000006  Align=00001  Fill=0000
/Users/rje/git/cc65/lib/cx16.lib(icmp.o):
    CODE              Offs=005130  Size=00002E  Align=00001  Fill=0000
/Users/rje/git/cc65/lib/cx16.lib(incax2.o):
    CODE              Offs=00515E  Size=000007  Align=00001  Fill=0000
/Users/rje/git/cc65/lib/cx16.lib(incax3.o):
    CODE              Offs=005165  Size=000005  Align=00001  Fill=0000
/Users/rje/git/cc65/lib/cx16.lib(incax5.o):
    CODE              Offs=00516A  Size=000005  Align=00001  Fill=0000
/Users/rje/git/cc65/lib/cx16.lib(incax6.o):
    CODE              Offs=00516F  Size=000005  Align=00001  Fill=0000
/Users/rje/git/cc65/lib/cx16.lib(incax7.o):
    CODE              Offs=005174  Size=000005  Align=00001  Fill=0000
/Users/rje/git/cc65/lib/cx16.lib(incaxy.o):
    CODE              Offs=005179  Size=00000B  Align=00001  Fill=0000
/Users/rje/git/cc65/lib/cx16.lib(incsp1.o):
    CODE              Offs=005184  Size=000007  Align=00001  Fill=0000
/Users/rje/git/cc65/lib/cx16.lib(incsp2.o):
    CODE              Offs=00518B  Size=000015  Align=00001  Fill=0000
/Users/rje/git/cc65/lib/cx16.lib(incsp3.o):
    CODE              Offs=0051A0  Size=000005  Align=00001  Fill=0000
/Users/rje/git/cc65/lib/cx16.lib(incsp4.o):
    CODE              Offs=0051A5  Size=000005  Align=00001  Fill=0000
/Users/rje/git/cc65/lib/cx16.lib(incsp5.o):
    CODE              Offs=0051AA  Size=000005  Align=00001  Fill=0000
/Users/rje/git/cc65/lib/cx16.lib(incsp6.o):
    CODE              Offs=0051AF  Size=000005  Align=00001  Fill=0000
/Users/rje/git/cc65/lib/cx16.lib(incsp7.o):
    CODE              Offs=0051B4  Size=000005  Align=00001  Fill=0000
/Users/rje/git/cc65/lib/cx16.lib(kbhit.o):
    CODE              Offs=0051B9  Size=000005  Align=00001  Fill=0000
/Users/rje/git/cc65/lib/cx16.lib(kernal.o):
/Users/rje/git/cc65/lib/cx16.lib(ladd.o):
    CODE              Offs=0051BE  Size=000024  Align=00001  Fill=0000
/Users/rje/git/cc65/lib/cx16.lib(laddeq.o):
    CODE              Offs=0051E2  Size=00002C  Align=00001  Fill=0000
/Users/rje/git/cc65/lib/cx16.lib(laddeqsp.o):
    CODE              Offs=00520E  Size=000023  Align=00001  Fill=0000
/Users/rje/git/cc65/lib/cx16.lib(lcmp.o):
    CODE              Offs=005231  Size=00003B  Align=00001  Fill=0000
/Users/rje/git/cc65/lib/cx16.lib(ldai.o):
    CODE              Offs=00526C  Size=00000C  Align=00001  Fill=0000
/Users/rje/git/cc65/lib/cx16.lib(ldaxi.o):
    CODE              Offs=005278  Size=00000D  Align=00001  Fill=0000
/Users/rje/git/cc65/lib/cx16.lib(ldaxsp.o):
    CODE              Offs=005285  Size=000009  Align=00001  Fill=0000
/Users/rje/git/cc65/lib/cx16.lib(ldeaxi.o):
    CODE              Offs=00528E  Size=000017  Align=00001  Fill=0000
/Users/rje/git/cc65/lib/cx16.lib(ldeaxysp.o):
    CODE              Offs=0052A5  Size=000013  Align=00001  Fill=0000
/Users/rje/git/cc65/lib/cx16.lib(ldiv.o):
    CODE              Offs=0052B8  Size=00001C  Align=00001  Fill=0000
/Users/rje/git/cc65/lib/cx16.lib(leaaxsp.o):
    CODE              Offs=0052D4  Size=00000C  Align=00001  Fill=0000
/Users/rje/git/cc65/lib/cx16.lib(lge.o):
    CODE              Offs=0052E0  Size=000006  Align=00001  Fill=0000
/Users/rje/git/cc65/lib/cx16.lib(lgt.o):
    CODE              Offs=0052E6  Size=000006  Align=00001  Fill=0000
/Users/rje/git/cc65/lib/cx16.lib(linc.o):
    CODE              Offs=0052EC  Size=000011  Align=00001  Fill=0000
/Users/rje/git/cc65/lib/cx16.lib(llt.o):
    CODE              Offs=0052FD  Size=000006  Align=00001  Fill=0000
/Users/rje/git/cc65/lib/cx16.lib(lmul.o):
    CODE              Offs=005303  Size=000059  Align=00001  Fill=0000
/Users/rje/git/cc65/lib/cx16.lib(lneg.o):
    CODE              Offs=00535C  Size=00001E  Align=00001  Fill=0000
/Users/rje/git/cc65/lib/cx16.lib(loadaddr.o):
    LOADADDR          Offs=000000  Size=000002  Align=00001  Fill=0000
/Users/rje/git/cc65/lib/cx16.lib(lor.o):
    CODE              Offs=00537A  Size=000021  Align=00001  Fill=0000
/Users/rje/git/cc65/lib/cx16.lib(lpush.o):
    CODE              Offs=00539B  Size=00001E  Align=00001  Fill=0000
/Users/rje/git/cc65/lib/cx16.lib(lshelp.o):
    CODE              Offs=0053B9  Size=000052  Align=00001  Fill=0000
/Users/rje/git/cc65/lib/cx16.lib(lsub.o):
    CODE              Offs=00540B  Size=000024  Align=00001  Fill=0000
/Users/rje/git/cc65/lib/cx16.lib(lsubeq.o):
    CODE              Offs=00542F  Size=000030  Align=00001  Fill=0000
/Users/rje/git/cc65/lib/cx16.lib(ltoa.o):
    CODE              Offs=00545F  Size=000093  Align=00001  Fill=0000
/Users/rje/git/cc65/lib/cx16.lib(ludiv.o):
    CODE              Offs=0054F2  Size=000077  Align=00001  Fill=0000
/Users/rje/git/cc65/lib/cx16.lib(lumod.o):
    CODE              Offs=005569  Size=000017  Align=00001  Fill=0000
/Users/rje/git/cc65/lib/cx16.lib(lxor.o):
    CODE              Offs=005580  Size=000021  Align=00001  Fill=0000
/Users/rje/git/cc65/lib/cx16.lib(makebool.o):
    CODE              Offs=0055A1  Size=00002C  Align=00001  Fill=0000
/Users/rje/git/cc65/lib/cx16.lib(memcpy.o):
    CODE              Offs=0055CD  Size=00003C  Align=00001  Fill=0000
/Users/rje/git/cc65/lib/cx16.lib(mod.o):
    CODE              Offs=005609  Size=000011  Align=00001  Fill=0000
/Users/rje/git/cc65/lib/cx16.lib(mul.o):
    CODE              Offs=00561A  Size=000045  Align=00001  Fill=0000
/Users/rje/git/cc65/lib/cx16.lib(mul8.o):
    CODE              Offs=00565F  Size=00003A  Align=00001  Fill=0000
/Users/rje/git/cc65/lib/cx16.lib(mulax10.o):
    CODE              Offs=005699  Size=000019  Align=00001  Fill=0000
/Users/rje/git/cc65/lib/cx16.lib(mulax3.o):
    CODE              Offs=0056B2  Size=000011  Align=00001  Fill=0000
/Users/rje/git/cc65/lib/cx16.lib(mulax6.o):
    CODE              Offs=0056C3  Size=000016  Align=00001  Fill=0000
/Users/rje/git/cc65/lib/cx16.lib(mulax7.o):
    CODE              Offs=0056D9  Size=000019  Align=00001  Fill=0000
/Users/rje/git/cc65/lib/cx16.lib(mulax9.o):
    CODE              Offs=0056F2  Size=000017  Align=00001  Fill=0000
/Users/rje/git/cc65/lib/cx16.lib(negabs.o):
    CODE              Offs=005709  Size=000012  Align=00001  Fill=0000
/Users/rje/git/cc65/lib/cx16.lib(or.o):
    CODE              Offs=00571B  Size=000011  Align=00001  Fill=0000
/Users/rje/git/cc65/lib/cx16.lib(popa.o):
    CODE              Offs=00572C  Size=00000A  Align=00001  Fill=0000
/Users/rje/git/cc65/lib/cx16.lib(popptr1.o):
    CODE              Offs=005736  Size=00000E  Align=00001  Fill=0000
/Users/rje/git/cc65/lib/cx16.lib(push1.o):
    CODE              Offs=005744  Size=000005  Align=00001  Fill=0000
/Users/rje/git/cc65/lib/cx16.lib(pusha.o):
    CODE              Offs=005749  Size=000016  Align=00001  Fill=0000
/Users/rje/git/cc65/lib/cx16.lib(pushax.o):
    CODE              Offs=00575F  Size=00001A  Align=00001  Fill=0000
/Users/rje/git/cc65/lib/cx16.lib(pushw.o):
    CODE              Offs=005779  Size=00000F  Align=00001  Fill=0000
/Users/rje/git/cc65/lib/cx16.lib(pushwsp.o):
    CODE              Offs=005788  Size=00001C  Align=00001  Fill=0000
/Users/rje/git/cc65/lib/cx16.lib(rand.o):
    CODE              Offs=0057A4  Size=000034  Align=00001  Fill=0000
    DATA              Offs=0001C8  Size=000004  Align=00001  Fill=0000
/Users/rje/git/cc65/lib/cx16.lib(randomize.o):
    CODE              Offs=0057D8  Size=000006  Align=00001  Fill=0000
/Users/rje/git/cc65/lib/cx16.lib(revers.o):
    CODE              Offs=0057DE  Size=000013  Align=00001  Fill=0000
/Users/rje/git/cc65/lib/cx16.lib(shelp.o):
    CODE              Offs=0057F1  Size=000020  Align=00001  Fill=0000
/Users/rje/git/cc65/lib/cx16.lib(shrax1.o):
    CODE              Offs=005811  Size=000008  Align=00001  Fill=0000
/Users/rje/git/cc65/lib/cx16.lib(shrax3.o):
    CODE              Offs=005819  Size=00000E  Align=00001  Fill=0000
/Users/rje/git/cc65/lib/cx16.lib(shrax4.o):
    CODE              Offs=005827  Size=000011  Align=00001  Fill=0000
/Users/rje/git/cc65/lib/cx16.lib(shreax1.o):
    CODE              Offs=005838  Size=00000C  Align=00001  Fill=0000
/Users/rje/git/cc65/lib/cx16.lib(shreax3.o):
    CODE              Offs=005844  Size=00001A  Align=00001  Fill=0000
/Users/rje/git/cc65/lib/cx16.lib(shreax4.o):
    CODE              Offs=00585E  Size=000011  Align=00001  Fill=0000
/Users/rje/git/cc65/lib/cx16.lib(sleep.o):
    CODE              Offs=00586F  Size=000043  Align=00001  Fill=0000
/Users/rje/git/cc65/lib/cx16.lib(sprites_enable.o):
    CODE              Offs=0058B2  Size=00001F  Align=00001  Fill=0000
/Users/rje/git/cc65/lib/cx16.lib(staspidx.o):
    CODE              Offs=0058D1  Size=000016  Align=00001  Fill=0000
/Users/rje/git/cc65/lib/cx16.lib(staxsp.o):
    CODE              Offs=0058E7  Size=00000B  Align=00001  Fill=0000
/Users/rje/git/cc65/lib/cx16.lib(steaxsp.o):
    CODE              Offs=0058F2  Size=000015  Align=00001  Fill=0000
/Users/rje/git/cc65/lib/cx16.lib(steaxspi.o):
    CODE              Offs=005907  Size=000022  Align=00001  Fill=0000
/Users/rje/git/cc65/lib/cx16.lib(strcpy.o):
    CODE              Offs=005929  Size=00001F  Align=00001  Fill=0000
/Users/rje/git/cc65/lib/cx16.lib(strlen.o):
    CODE              Offs=005948  Size=000016  Align=00001  Fill=0000
/Users/rje/git/cc65/lib/cx16.lib(strlower.o):
    CODE              Offs=00595E  Size=000027  Align=00001  Fill=0000
/Users/rje/git/cc65/lib/cx16.lib(strncpy.o):
    CODE              Offs=005985  Size=000042  Align=00001  Fill=0000
/Users/rje/git/cc65/lib/cx16.lib(sub.o):
    CODE              Offs=0059C7  Size=000014  Align=00001  Fill=0000
/Users/rje/git/cc65/lib/cx16.lib(subeqsp.o):
    CODE              Offs=0059DB  Size=000015  Align=00001  Fill=0000
/Users/rje/git/cc65/lib/cx16.lib(subysp.o):
    CODE              Offs=0059F0  Size=00000D  Align=00001  Fill=0000
/Users/rje/git/cc65/lib/cx16.lib(toslong.o):
    CODE              Offs=0059FD  Size=000032  Align=00001  Fill=0000
/Users/rje/git/cc65/lib/cx16.lib(udiv.o):
    CODE              Offs=005A2F  Size=00004F  Align=00001  Fill=0000
/Users/rje/git/cc65/lib/cx16.lib(umod.o):
    CODE              Offs=005A7E  Size=000011  Align=00001  Fill=0000
/Users/rje/git/cc65/lib/cx16.lib(vcprintf.o):
    CODE              Offs=005A8F  Size=000078  Align=00001  Fill=0000
    DATA              Offs=0001CC  Size=000008  Align=00001  Fill=0000
/Users/rje/git/cc65/lib/cx16.lib(zerobss.o):
    CODE              Offs=005B07  Size=000023  Align=00001  Fill=0000
/Users/rje/git/cc65/lib/cx16.lib(zeropage.o):
    ZEROPAGE          Offs=000000  Size=00001A  Align=00001  Fill=0000


Segment list:
-------------
Name                   Start     End    Size  Align
----------------------------------------------------
ZEROPAGE              000022  00003B  00001A  00001
LOADADDR              0007FF  000800  000002  00001
EXEHDR                000801  00080C  00000C  00001
STARTUP               00080D  00082D  000021  00001
CODE                  00082E  006357  005B2A  00001
RODATA                006358  007620  0012C9  00001
DATA                  007621  0077F4  0001D4  00001
INIT                  0077F5  0077F6  000002  00001
BSS                   0077F7  008901  00110B  00001
ONCE                  0077F7  007831  00003B  00001


Exports list by name:
---------------------
BSOUT                     00FFD2 RLA    CHROUT                    00FFD2 RLA    
ENTROPY_GET               00FECF RLA    GETIN                     00FFE4 RLA    
KBDBUF_PEEK               00FEBD RLA    LOAD                      00FFD5 RLA    
PLOT                      00FFF0 RLA    RDTIM                     00FFDE RLA    
SETLFS                    00FFBA RLA    SETNAM                    00FFBD RLA    
SETTIM                    00FFDB RLA    __BSS_RUN__               0077F7 RLA    
__BSS_SIZE__              00110B REA    __CONSTRUCTOR_COUNT__     000002 REA    
__CONSTRUCTOR_TABLE__     00782E RLA    __DESTRUCTOR_COUNT__      000000 REA    
__DESTRUCTOR_TABLE__      007621 RLA    __EXEHDR__                000001 REA    
__HEADER_LAST__           00080D RLA    __HIMEM__                 009F00 REA    
__LOADADDR__              000001 REA    __MAIN_SIZE__             0096F3 REA    
__MAIN_START__            00080D RLA    __ONCE_RUN__              0077F7 RLA    
__STACKSIZE__             000800 REA    __STARTUP__               000001 REA    
__ctype                   007596 RLA    __ctypeidx                0075A1 RLA    
__heapend                 0077B7 RLA    __heapfirst               0077B9 RLA    
__heapmemavail            005207 RLA    __heapptr                 0077B5 RLA    
__hextab                  007572 RLA    __longminstr              007582 RLA    
__oserror                 0088D5 RLA    __printf                  005348 RLA    
__randomize               006006 RLA    _abs                      005F37 RLA    
_admin                    00762A RLA    _astrogator               00762B RLA    
_bookPassengersAndPayCrew 002BFB RLA    _burtle32                 000FBB RLA    
_cargo                    007854 RLA    _cbm_k_bsout              00FFD2 RLA    
_cbm_k_load               0056CA RLA    _cbm_k_setlfs             0056E7 RLA    
_cbm_k_setnam             0056F5 RLA    _cclear                   005724 RLA    
_cclearxy                 00571F RLA    _cgetc                    005734 RLA    
_chline                   0057A0 RLA    _chlinexy                 00579B RLA    
_clearComponentState      000C1C RLA    _clock                    0057B7 RLA    
_clrscr                   0057BF RLA    _common_loadCharacterSet  000FCD RLA    
_cost                     007DB5 RLA    _cprintf                  005806 RLA    
_cputc                    005835 RLA    _cputcxy                  005830 RLA    
_cputs                    00589C RLA    _cputsxy                  005892 RLA    
_current                  00789A RLA    _damage_ship              00126B RLA    
_destination              0078E0 RLA    _diceRoll                 001239 RLA    
_diceRoll2d               0011D6 RLA    _diceRoll3d               0011FE RLA    
_drawPanel                002A92 RLA    _drawWorld                004ADD RLA    
_engineer                 00762C RLA    _findHighestSkillFor      001376 RLA    
_getEmplacementName       0012DE RLA    _getHoldFree              004005 RLA    
_getStatusLabel           000CA3 RLA    _getWeaponName            001352 RLA    
_getWorld                 004C26 RLA    _gotox                    005943 RLA    
_gotoxy                   00594C RLA    _gotoy                    005958 RLA    
_greenline                0010E6 RLA    _gunner                   00762D RLA    
_hcr                      007622 RLA    _hire                     001364 RLA    
_insystem_headForJumpPoint 001BC9 RLA    _jamison                  007DA6 RLA    
_jump                     001DDB RLA    _jumpmapSetDestination    002084 RLA    
_jumpmapShow              001FE1 RLA    _kbhit                    0059E7 RLA    
_landAtShipyard           0035EA RLA    _landAtStarport           003B61 RLA    
_liaison                  00762E RLA    _loadFileToBank           001190 RLA    
_ltoa                     005CA5 RLA    _main                     000B4E RLA    
_maneuver                 002752 RLA    _medic                    00762F RLA    
_memcpy                   005DFB RLA    _menu_run                 00284C RLA    
_name_generate            0029AA RLA    _parsecDistance           001035 RLA    
_pay_period               007853 RLA    _pilot                    007630 RLA    
_playerAchievementLevel   007621 RLA    _pressReturnAndClear      0011AE RLA    
_printAlarmBar            000C32 RLA    _printBankedText          000DCA RLA    
_rand                     005FDE RLA    _readShip                 0035A6 RLA    
_redline                  0010DC RLA    _revers                   00600C RLA    
_setBank                  000FF4 RLA    _setWorldSurveyed         004E29 RLA    
_ship                     0077F7 RLA    _shipDamage               00783D RLA    
_shipState                007827 RLA    _ship_combatStrength      003534 RLA    
_ship_describe            003281 RLA    _ship_init                00326C RLA    
_ship_loadImageFromIndex  0033C2 RLA    _showCurrentLocation      0026E6 RLA    
_showShipSummary          00315B RLA    _sleep                    00609D RLA    
_sprite_define            00385A RLA    _sprite_loadToVERA        003831 RLA    
_srand                    005FD2 RLA    _starport                 007927 RLA    
_statusLine               001104 RLA    _steward                  007631 RLA    
_strcpy                   006157 RLA    _streetwise               007632 RLA    
_strlen                   006176 RLA    _strlower                 00618C RLA    
_strncpy                  0061B3 RLA    _survey                   003F0B RLA    
_textcolor                0057D0 RLA    _titleLine                0010F0 RLA    
_toDefaultColor           001161 RLA    _trade_calculateMarketPrices 00405B RLA    
_trade_speculate          004216 RLA    _ultoa                    005CE4 RLA    
_vcprintf                 006305 RLA    _vera_sprites_enable      0060E0 RLA    
_wilderness_refuel        004753 RLA    _world_describe           004CF5 RLA    
_world_drawPlanetoid      004EC5 RLA    _world_setGasGiantPalette 004A9D RLA    
_world_setRockballPalette 004AA8 RLA    addeq0sp                  005612 RLA    
addeqysp                  005614 RLA    addysp                    005624 RLA    
addysp1                   005623 RLA    aslax1                    005631 RLA    
aslax2                    005639 RLA    aslax3                    005644 RLA    
aslax4                    005652 RLA    asrax1                    00569A RLA    
asrax4                    0056A4 RLA    axlong                    0056BD RLA    
axulong                   0056C3 RLA    booleq                    005DD5 RLA    
boolge                    005DE6 RLA    boolgt                    005DE4 RLA    
boollt                    005DDE RLA    boolule                   005DEC RLA    
callmain                  005708 RLA    chlinechar                000040 REZ    
cputdirect                005848 RLA    ctypemaskdirect           0058B9 RLA    
cursor                    0088D4 RLA    decax1                    0058D3 RLA    
decax2                    0058DA RLA    decax3                    0058E1 RLA    
decaxy                    0058E8 RLA    decsp1                    0058F1 RLA    
decsp2                    0058FA RLA    decsp4                    005907 RLA    
decsp6                    005914 RLA    decsp8                    005921 RLA    
donelib                   0057FA RLA    getlop                    005D2F RLA    
gotoxy                    005949 RLA    incax2                    00598C RLA    
incax3                    005993 RLA    incax4                    0059A7 RLA    
incax5                    005998 RLA    incax6                    00599D RLA    
incax7                    0059A2 RLA    incaxy                    0059A9 RLA    
inceaxy                   005B1A RLA    incsp1                    0059B2 RLA    
incsp2                    0059C0 RLA    incsp3                    0059CE RLA    
incsp4                    0059D3 RLA    incsp5                    0059D8 RLA    
incsp6                    0059DD RLA    incsp7                    0059E2 RLA    
initclock                 0057B0  LAI   initheap                  0077F7  LAI   
initlib                   007807 RLA    laddeq                    005A18 RLA    
laddeq0sp                 005A3C RLA    ldaidx                    005A9A RLA    
ldax0sp                   005AB3 RLA    ldaxi                     005AA6 RLA    
ldaxidx                   005AA8 RLA    ldaxysp                   005AB5 RLA    
ldeax0sp                  005AD3 RLA    ldeaxi                    005ABC RLA    
ldeaxidx                  005ABE RLA    ldeaxysp                  005AD5 RLA    
leaa0sp                   005B02 RLA    leaaxsp                   005B04 RLA    
lsubeq                    005C65 RLA    mul8x16                   005E8F RLA    
mul8x16a                  005E99 RLA    mulax10                   005EC7 RLA    
mulax3                    005EE0 RLA    mulax6                    005EF1 RLA    
mulax7                    005F07 RLA    mulax9                    005F20 RLA    
negax                     005F3B RLA    negeax                    005B8A RLA    
plot                      005861 RLA    popa                      005F5A RLA    
popax                     0059B9 RLA    poplsargs                 005BE7 RLA    
popptr1                   005F64 RLA    popsargsudiv16            00601F RLA    
ptr1                      00002A RLZ    ptr2                      00002C RLZ    
ptr3                      00002E RLZ    ptr4                      000030 RLZ    
push0                     005F8D RLA    push1                     005F72 RLA    
pusha                     005F7B RLA    pusha0                    005F8F RLA    
pushax                    005F91 RLA    pusheax                   005BD0 RLA    
pushl0                    005BC9 RLA    pushw                     005FA7 RLA    
pushw0sp                  005FB6 RLA    pushwysp                  005FB8 RLA    
regbank                   000036 RLZ    shlax1                    005631 RLA    
shlax2                    005639 RLA    shlax4                    005652 RLA    
shleax1                   005663 RLA    shleax3                   00566F RLA    
shleax4                   005689 RLA    shrax1                    00603F RLA    
shrax3                    006047 RLA    shrax4                    006055 RLA    
shreax1                   006066 RLA    shreax3                   006072 RLA    
shreax4                   00608C RLA    sp                        000022 RLZ    
sreg                      000024 RLZ    staspidx                  0060FF RLA    
stax0sp                   006115 RLA    staxysp                   006117 RLA    
steax0sp                  006120 RLA    steaxspidx                006135 RLA    
steaxysp                  006122 RLA    subeq0sp                  006209 RLA    
subeqysp                  00620B RLA    subysp                    00621E RLA    
tmp1                      000032 RLZ    tmp2                      000033 RLZ    
tmp3                      000034 RLZ    tmp4                      000035 RLZ    
tosadd0ax                 0059EC RLA    tosaddax                  0055FC RLA    
tosaddeax                 0059F2 RLA    tosdiv0ax                 005AE6 RLA    
tosdiva0                  00592E RLA    tosdivax                  005930 RLA    
tosgeeax                  005B0E RLA    tosgteax                  005B14 RLA    
tosicmp                   005960 RLA    tosicmp0                  00595E RLA    
toslcmp                   005A5F RLA    toslteax                  005B2B RLA    
tosmoda0                  005E37 RLA    tosmodax                  005E39 RLA    
tosmul0ax                 005B31 RLA    tosmula0                  005E8D RLA    
tosmulax                  005E48 RLA    tosmuleax                 005B35 RLA    
tosorax                   005F4B RLA    tosoreax                  005BAC RLA    
tossuba0                  0061F5 RLA    tossubax                  0061F7 RLA    
tossubeax                 005C3D RLA    tosudiva0                 00625D RLA    
tosulong                  00622B RLA    tosumod0ax                005D97 RLA    
tosumoda0                 0062AC RLA    tosumul0ax                005B31 RLA    
tosumula0                 005E8D RLA    tosumulax                 005E48 RLA    
tosumuleax                005B35 RLA    tosxoreax                 005DB2 RLA    
udiv16                    00626E RLA    udiv32                    005D52 RLA    
zerobss                   006335 RLA    


Exports list by value:
----------------------
__DESTRUCTOR_COUNT__      000000 REA    __STARTUP__               000001 REA    
__EXEHDR__                000001 REA    __LOADADDR__              000001 REA    
__CONSTRUCTOR_COUNT__     000002 REA    sp                        000022 RLZ    
sreg                      000024 RLZ    ptr1                      00002A RLZ    
ptr2                      00002C RLZ    ptr3                      00002E RLZ    
ptr4                      000030 RLZ    tmp1                      000032 RLZ    
tmp2                      000033 RLZ    tmp3                      000034 RLZ    
tmp4                      000035 RLZ    regbank                   000036 RLZ    
chlinechar                000040 REZ    __STACKSIZE__             000800 REA    
__MAIN_START__            00080D RLA    __HEADER_LAST__           00080D RLA    
_main                     000B4E RLA    _clearComponentState      000C1C RLA    
_printAlarmBar            000C32 RLA    _getStatusLabel           000CA3 RLA    
_printBankedText          000DCA RLA    _burtle32                 000FBB RLA    
_common_loadCharacterSet  000FCD RLA    _setBank                  000FF4 RLA    
_parsecDistance           001035 RLA    _redline                  0010DC RLA    
_greenline                0010E6 RLA    _titleLine                0010F0 RLA    
_statusLine               001104 RLA    __BSS_SIZE__              00110B REA    
_toDefaultColor           001161 RLA    _loadFileToBank           001190 RLA    
_pressReturnAndClear      0011AE RLA    _diceRoll2d               0011D6 RLA    
_diceRoll3d               0011FE RLA    _diceRoll                 001239 RLA    
_damage_ship              00126B RLA    _getEmplacementName       0012DE RLA    
_getWeaponName            001352 RLA    _hire                     001364 RLA    
_findHighestSkillFor      001376 RLA    _insystem_headForJumpPoint 001BC9 RLA    
_jump                     001DDB RLA    _jumpmapShow              001FE1 RLA    
_jumpmapSetDestination    002084 RLA    _showCurrentLocation      0026E6 RLA    
_maneuver                 002752 RLA    _menu_run                 00284C RLA    
_name_generate            0029AA RLA    _drawPanel                002A92 RLA    
_bookPassengersAndPayCrew 002BFB RLA    _showShipSummary          00315B RLA    
_ship_init                00326C RLA    _ship_describe            003281 RLA    
_ship_loadImageFromIndex  0033C2 RLA    _ship_combatStrength      003534 RLA    
_readShip                 0035A6 RLA    _landAtShipyard           0035EA RLA    
_sprite_loadToVERA        003831 RLA    _sprite_define            00385A RLA    
_landAtStarport           003B61 RLA    _survey                   003F0B RLA    
_getHoldFree              004005 RLA    _trade_calculateMarketPrices 00405B RLA    
_trade_speculate          004216 RLA    _wilderness_refuel        004753 RLA    
_world_setGasGiantPalette 004A9D RLA    _world_setRockballPalette 004AA8 RLA    
_drawWorld                004ADD RLA    _getWorld                 004C26 RLA    
_world_describe           004CF5 RLA    _setWorldSurveyed         004E29 RLA    
_world_drawPlanetoid      004EC5 RLA    __heapmemavail            005207 RLA    
__printf                  005348 RLA    tosaddax                  0055FC RLA    
addeq0sp                  005612 RLA    addeqysp                  005614 RLA    
addysp1                   005623 RLA    addysp                    005624 RLA    
shlax1                    005631 RLA    aslax1                    005631 RLA    
shlax2                    005639 RLA    aslax2                    005639 RLA    
aslax3                    005644 RLA    shlax4                    005652 RLA    
aslax4                    005652 RLA    shleax1                   005663 RLA    
shleax3                   00566F RLA    shleax4                   005689 RLA    
asrax1                    00569A RLA    asrax4                    0056A4 RLA    
axlong                    0056BD RLA    axulong                   0056C3 RLA    
_cbm_k_load               0056CA RLA    _cbm_k_setlfs             0056E7 RLA    
_cbm_k_setnam             0056F5 RLA    callmain                  005708 RLA    
_cclearxy                 00571F RLA    _cclear                   005724 RLA    
_cgetc                    005734 RLA    _chlinexy                 00579B RLA    
_chline                   0057A0 RLA    initclock                 0057B0  LAI   
_clock                    0057B7 RLA    _clrscr                   0057BF RLA    
_textcolor                0057D0 RLA    donelib                   0057FA RLA    
_cprintf                  005806 RLA    _cputcxy                  005830 RLA    
_cputc                    005835 RLA    cputdirect                005848 RLA    
plot                      005861 RLA    _cputsxy                  005892 RLA    
_cputs                    00589C RLA    ctypemaskdirect           0058B9 RLA    
decax1                    0058D3 RLA    decax2                    0058DA RLA    
decax3                    0058E1 RLA    decaxy                    0058E8 RLA    
decsp1                    0058F1 RLA    decsp2                    0058FA RLA    
decsp4                    005907 RLA    decsp6                    005914 RLA    
decsp8                    005921 RLA    tosdiva0                  00592E RLA    
tosdivax                  005930 RLA    _gotox                    005943 RLA    
gotoxy                    005949 RLA    _gotoxy                   00594C RLA    
_gotoy                    005958 RLA    tosicmp0                  00595E RLA    
tosicmp                   005960 RLA    incax2                    00598C RLA    
incax3                    005993 RLA    incax5                    005998 RLA    
incax6                    00599D RLA    incax7                    0059A2 RLA    
incax4                    0059A7 RLA    incaxy                    0059A9 RLA    
incsp1                    0059B2 RLA    popax                     0059B9 RLA    
incsp2                    0059C0 RLA    incsp3                    0059CE RLA    
incsp4                    0059D3 RLA    incsp5                    0059D8 RLA    
incsp6                    0059DD RLA    incsp7                    0059E2 RLA    
_kbhit                    0059E7 RLA    tosadd0ax                 0059EC RLA    
tosaddeax                 0059F2 RLA    laddeq                    005A18 RLA    
laddeq0sp                 005A3C RLA    toslcmp                   005A5F RLA    
ldaidx                    005A9A RLA    ldaxi                     005AA6 RLA    
ldaxidx                   005AA8 RLA    ldax0sp                   005AB3 RLA    
ldaxysp                   005AB5 RLA    ldeaxi                    005ABC RLA    
ldeaxidx                  005ABE RLA    ldeax0sp                  005AD3 RLA    
ldeaxysp                  005AD5 RLA    tosdiv0ax                 005AE6 RLA    
leaa0sp                   005B02 RLA    leaaxsp                   005B04 RLA    
tosgeeax                  005B0E RLA    tosgteax                  005B14 RLA    
inceaxy                   005B1A RLA    toslteax                  005B2B RLA    
tosmul0ax                 005B31 RLA    tosumul0ax                005B31 RLA    
tosmuleax                 005B35 RLA    tosumuleax                005B35 RLA    
negeax                    005B8A RLA    tosoreax                  005BAC RLA    
pushl0                    005BC9 RLA    pusheax                   005BD0 RLA    
poplsargs                 005BE7 RLA    tossubeax                 005C3D RLA    
lsubeq                    005C65 RLA    _ltoa                     005CA5 RLA    
_ultoa                    005CE4 RLA    getlop                    005D2F RLA    
udiv32                    005D52 RLA    tosumod0ax                005D97 RLA    
tosxoreax                 005DB2 RLA    booleq                    005DD5 RLA    
boollt                    005DDE RLA    boolgt                    005DE4 RLA    
boolge                    005DE6 RLA    boolule                   005DEC RLA    
_memcpy                   005DFB RLA    tosmoda0                  005E37 RLA    
tosmodax                  005E39 RLA    tosumulax                 005E48 RLA    
tosmulax                  005E48 RLA    tosmula0                  005E8D RLA    
tosumula0                 005E8D RLA    mul8x16                   005E8F RLA    
mul8x16a                  005E99 RLA    mulax10                   005EC7 RLA    
mulax3                    005EE0 RLA    mulax6                    005EF1 RLA    
mulax7                    005F07 RLA    mulax9                    005F20 RLA    
_abs                      005F37 RLA    negax                     005F3B RLA    
tosorax                   005F4B RLA    popa                      005F5A RLA    
popptr1                   005F64 RLA    push1                     005F72 RLA    
pusha                     005F7B RLA    push0                     005F8D RLA    
pusha0                    005F8F RLA    pushax                    005F91 RLA    
pushw                     005FA7 RLA    pushw0sp                  005FB6 RLA    
pushwysp                  005FB8 RLA    _srand                    005FD2 RLA    
_rand                     005FDE RLA    __randomize               006006 RLA    
_revers                   00600C RLA    popsargsudiv16            00601F RLA    
shrax1                    00603F RLA    shrax3                    006047 RLA    
shrax4                    006055 RLA    shreax1                   006066 RLA    
shreax3                   006072 RLA    shreax4                   00608C RLA    
_sleep                    00609D RLA    _vera_sprites_enable      0060E0 RLA    
staspidx                  0060FF RLA    stax0sp                   006115 RLA    
staxysp                   006117 RLA    steax0sp                  006120 RLA    
steaxysp                  006122 RLA    steaxspidx                006135 RLA    
_strcpy                   006157 RLA    _strlen                   006176 RLA    
_strlower                 00618C RLA    _strncpy                  0061B3 RLA    
tossuba0                  0061F5 RLA    tossubax                  0061F7 RLA    
subeq0sp                  006209 RLA    subeqysp                  00620B RLA    
subysp                    00621E RLA    tosulong                  00622B RLA    
tosudiva0                 00625D RLA    udiv16                    00626E RLA    
tosumoda0                 0062AC RLA    _vcprintf                 006305 RLA    
zerobss                   006335 RLA    __hextab                  007572 RLA    
__longminstr              007582 RLA    __ctype                   007596 RLA    
__ctypeidx                0075A1 RLA    _playerAchievementLevel   007621 RLA    
__DESTRUCTOR_TABLE__      007621 RLA    _hcr                      007622 RLA    
_admin                    00762A RLA    _astrogator               00762B RLA    
_engineer                 00762C RLA    _gunner                   00762D RLA    
_liaison                  00762E RLA    _medic                    00762F RLA    
_pilot                    007630 RLA    _steward                  007631 RLA    
_streetwise               007632 RLA    __heapptr                 0077B5 RLA    
__heapend                 0077B7 RLA    __heapfirst               0077B9 RLA    
__BSS_RUN__               0077F7 RLA    __ONCE_RUN__              0077F7 RLA    
_ship                     0077F7 RLA    initheap                  0077F7  LAI   
initlib                   007807 RLA    _shipState                007827 RLA    
__CONSTRUCTOR_TABLE__     00782E RLA    _shipDamage               00783D RLA    
_pay_period               007853 RLA    _cargo                    007854 RLA    
_current                  00789A RLA    _destination              0078E0 RLA    
_starport                 007927 RLA    _jamison                  007DA6 RLA    
_cost                     007DB5 RLA    cursor                    0088D4 RLA    
__oserror                 0088D5 RLA    __MAIN_SIZE__             0096F3 REA    
__HIMEM__                 009F00 REA    KBDBUF_PEEK               00FEBD RLA    
ENTROPY_GET               00FECF RLA    SETLFS                    00FFBA RLA    
SETNAM                    00FFBD RLA    _cbm_k_bsout              00FFD2 RLA    
CHROUT                    00FFD2 RLA    BSOUT                     00FFD2 RLA    
LOAD                      00FFD5 RLA    SETTIM                    00FFDB RLA    
RDTIM                     00FFDE RLA    GETIN                     00FFE4 RLA    
PLOT                      00FFF0 RLA    


Imports list:
-------------
BSOUT (kernal.o):
    c_bsout.o                 cbm/cbm.inc:49
CHROUT (kernal.o):
    crt0.o                    cx16/crt0.s:10
    clrscr.o                  cx16/clrscr.s:10
    c_bsout.o                 cbm/cbm.inc:50
ENTROPY_GET (kernal.o):
    randomize.o               cx16/randomize.s:10
GETIN (kernal.o):
    cgetc.o                   cx16/cgetc.s:10
KBDBUF_PEEK (kernal.o):
    kbhit.o                   cx16/kbhit.s:10
LOAD (kernal.o):
    c_load.o                  cbm/cbm.inc:37
PLOT (kernal.o):
    cputc.o                   cx16/cputc.s:11
RDTIM (kernal.o):
    clock.o                   cx16/clock.s:11
SETLFS (kernal.o):
    c_setlfs.o                cbm/cbm.inc:33
SETNAM (kernal.o):
    c_setnam.o                cbm/cbm.inc:34
SETTIM (kernal.o):
    clock.o                   cx16/clock.s:11
__BSS_RUN__ ([linker generated]):
    _heap.o                   common/_heap.s:8
    zerobss.o                 common/zerobss.s:8
__BSS_SIZE__ ([linker generated]):
    _heap.o                   common/_heap.s:8
    zerobss.o                 common/zerobss.s:8
__CONSTRUCTOR_COUNT__ ([linker generated]):
    condes.o                  runtime/condes.s:18
__CONSTRUCTOR_TABLE__ ([linker generated]):
    condes.o                  runtime/condes.s:18
__DESTRUCTOR_COUNT__ ([linker generated]):
    condes.o                  runtime/condes.s:19
__DESTRUCTOR_TABLE__ ([linker generated]):
    condes.o                  runtime/condes.s:19
__EXEHDR__ (exehdr.o):
    [linker generated]        /Users/rje/git/cc65/cfg/cx16.cfg:6
__HEADER_LAST__ ([linker generated]):
    [linker generated]        /Users/rje/git/cc65/cfg/cx16.cfg:14
    [linker generated]        /Users/rje/git/cc65/cfg/cx16.cfg:14
__HIMEM__ ([linker generated]):
    [linker generated]        /Users/rje/git/cc65/cfg/cx16.cfg:15
    [linker generated]        /Users/rje/git/cc65/cfg/cx16.cfg:14
__LOADADDR__ (loadaddr.o):
    [linker generated]        /Users/rje/git/cc65/cfg/cx16.cfg:5
__MAIN_SIZE__ ([linker generated]):
    crt0.o                    cx16/crt0.s:11
__MAIN_START__ ([linker generated]):
    crt0.o                    cx16/crt0.s:11
__ONCE_RUN__ ([linker generated]):
    [linker generated]        /Users/rje/git/cc65/cfg/cx16.cfg:15
    [linker generated]        /Users/rje/git/cc65/cfg/cx16.cfg:15
__STACKSIZE__ ([linker generated]):
    _heap.o                   common/_heap.s:8
    [linker generated]        /Users/rje/git/cc65/cfg/cx16.cfg:15
__STARTUP__ (crt0.o):
    main.o                    main.s:13
__ctype (ctype.o):
    ctypemask.o               common/ctypemask.s:23
__ctypeidx (ctype.o):
    ctypemask.o               common/ctypemask.s:24
__heapend (_heap.o):
    _heapmemavail.o           /Users/rje/git/cc65/asminc/_heap.inc:33
__heapfirst (_heap.o):
    _heapmemavail.o           /Users/rje/git/cc65/asminc/_heap.inc:34
__heapmemavail (_heapmemavail.o):
    common.o                  common.s:13
__heapptr (_heap.o):
    _heapmemavail.o           /Users/rje/git/cc65/asminc/_heap.inc:32
__hextab (_hextab.o):
    ltoa.o                    common/ltoa.s:10
__longminstr (_longminstr.o):
    ltoa.o                    common/ltoa.s:10
__oserror (_oserror.o):
    c_load.o                  cbm/c_load.s:10
__printf (_printf.o):
    vcprintf.o                conio/vcprintf.s:9
__randomize (randomize.o):
    hiring_hall.o             hiring_hall.s:22
_abs (negabs.o):
    passengers.o              passengers.s:18
    common.o                  common.s:14
_admin (main.o):
    passengers.o              passengers.s:31
_astrogator (main.o):
    passengers.o              passengers.s:32
    jump.o                    jump.s:31
_bookPassengersAndPayCrew (passengers.o):
    jump.o                    jump.s:28
_burtle32 (burtle_jsf32.o):
    trade.o                   trade.s:29
    common.o                  common.s:42
_cargo (main.o):
    trade.o                   trade.s:32
_cbm_k_bsout (c_bsout.o):
    jump.o                    jump.s:13
    bankedText.o              bankedText.s:13
    alarm.o                   alarm.s:13
    main.o                    main.s:15
_cbm_k_load (c_load.o):
    sprite.o                  sprite.s:13
    common.o                  common.s:15
_cbm_k_setlfs (c_setlfs.o):
    sprite.o                  sprite.s:14
    common.o                  common.s:16
_cbm_k_setnam (c_setnam.o):
    sprite.o                  sprite.s:15
    common.o                  common.s:17
_cclear (cclear.o):
    trade.o                   trade.s:21
_cclearxy (cclear.o):
    starport.o                starport.s:20
    jump-map.o                jump-map.s:20
_cgetc (cgetc.o):
    wilderness.o              wilderness.s:19
    trade.o                   trade.s:18
    survey.o                  survey.s:18
    starport.o                starport.s:17
    shipyard.o                shipyard.s:17
    menu.o                    menu.s:17
    jump-map.o                jump-map.s:17
    insystem.o                insystem.s:17
    hiring_hall.o             hiring_hall.s:17
    common.o                  common.s:23
_chline (chline.o):
    jump-map.o                jump-map.s:19
    common.o                  common.s:25
_chlinexy (chline.o):
    hiring_hall.o             hiring_hall.s:19
    common.o                  common.s:26
_clearComponentState (alarm.o):
    starport.o                starport.s:27
_clock (clock.o):
    sleep.o                   ../libwrk/cx16/sleep.s:13
    burtle_jsf32.o            burtle_jsf32.s:13
_clrscr (clrscr.o):
    wilderness.o              wilderness.s:13
    trade.o                   trade.s:13
    survey.o                  survey.s:13
    starport.o                starport.s:13
    shipyard.o                shipyard.s:13
    passengers.o              passengers.s:13
    maneuver-map.o            maneuver-map.s:13
    jump.o                    jump.s:14
    insystem.o                insystem.s:14
    hiring_hall.o             hiring_hall.s:13
    common.o                  common.s:18
    main.o                    main.s:16
_common_loadCharacterSet (common.o):
    main.o                    main.s:20
_cost (alarm.o):
    starport.o                starport.s:38
_cprintf (cprintf.o):
    world.o                   world.s:17
    trade.o                   trade.s:17
    survey.o                  survey.s:17
    starport.o                starport.s:16
    ship.o                    ship.s:14
    passengers.o              passengers.s:15
    jump-map.o                jump-map.s:16
    jump.o                    jump.s:18
    hiring_hall.o             hiring_hall.s:16
    common.o                  common.s:22
    alarm.o                   alarm.s:16
_cputc (cputc.o):
    vcprintf.o                conio/vcprintf.s:9
    cputs.o                   conio/cputs.s:9
    world.o                   world.s:14
    wilderness.o              wilderness.s:15
    menu.o                    menu.s:14
    bankedText.o              bankedText.s:14
_cputcxy (cputc.o):
    world.o                   world.s:15
    wilderness.o              wilderness.s:16
    panel.o                   panel.s:13
    menu.o                    menu.s:15
    jump-map.o                jump-map.s:14
    jump.o                    jump.s:16
_cputs (cputs.o):
    world.o                   world.s:16
    wilderness.o              wilderness.s:17
    trade.o                   trade.s:15
    shipyard.o                shipyard.s:15
    ship.o                    ship.s:13
    menu.o                    menu.s:16
    maneuver-map.o            maneuver-map.s:15
    hiring_hall.o             hiring_hall.s:14
    damage.o                  damage.s:14
    bankedText.o              bankedText.s:15
_cputsxy (cputs.o):
    wilderness.o              wilderness.s:18
    trade.o                   trade.s:16
    survey.o                  survey.s:16
    starport.o                starport.s:15
    shipyard.o                shipyard.s:16
    panel.o                   panel.s:14
    maneuver-map.o            maneuver-map.s:16
    jump-map.o                jump-map.s:15
    jump.o                    jump.s:17
    insystem.o                insystem.s:16
    hiring_hall.o             hiring_hall.s:15
    common.o                  common.s:21
    alarm.o                   alarm.s:15
    main.o                    main.s:18
_current (main.o):
    wilderness.o              wilderness.s:30
    trade.o                   trade.s:31
    survey.o                  survey.s:26
    shipyard.o                shipyard.s:28
    passengers.o              passengers.s:27
    maneuver-map.o            maneuver-map.s:24
    jump-map.o                jump-map.s:35
    jump.o                    jump.s:32
    insystem.o                insystem.s:28
_damage_ship (damage.o):
    insystem.o                insystem.s:27
_destination (main.o):
    passengers.o              passengers.s:28
    maneuver-map.o            maneuver-map.s:25
    jump-map.o                jump-map.s:36
    jump.o                    jump.s:33
_diceRoll (common.o):
    trade.o                   trade.s:25
_diceRoll2d (common.o):
    survey.o                  survey.s:21
    hiring_hall.o             hiring_hall.s:26
_diceRoll3d (common.o):
    survey.o                  survey.s:22
    hiring_hall.o             hiring_hall.s:27
_drawPanel (panel.o):
    starport.o                starport.s:32
    maneuver-map.o            maneuver-map.s:23
    main.o                    main.s:42
_drawWorld (world.o):
    wilderness.o              wilderness.s:25
_engineer (main.o):
    passengers.o              passengers.s:33
_findHighestSkillFor (hiring_hall.o):
    main.o                    main.s:33
_getEmplacementName (emplacement.o):
    starport.o                starport.s:30
_getHoldFree (trade.o):
    passengers.o              passengers.s:24
_getStatusLabel (alarm.o):
    starport.o                starport.s:29
_getWeaponName (emplacement.o):
    starport.o                starport.s:31
_getWorld (world.o):
    jump-map.o                jump-map.s:32
    jump.o                    jump.s:27
    main.o                    main.s:29
_gotox (gotox.o):
    trade.o                   trade.s:14
    survey.o                  survey.s:14
    common.o                  common.s:19
_gotoxy (gotoxy.o):
    world.o                   world.s:13
    wilderness.o              wilderness.s:14
    survey.o                  survey.s:15
    starport.o                starport.s:14
    shipyard.o                shipyard.s:14
    passengers.o              passengers.s:14
    menu.o                    menu.s:13
    maneuver-map.o            maneuver-map.s:14
    jump-map.o                jump-map.s:13
    jump.o                    jump.s:15
    insystem.o                insystem.s:15
    alarm.o                   alarm.s:14
    main.o                    main.s:17
_gotoy (gotoy.o):
    common.o                  common.s:20
_greenline (common.o):
    passengers.o              passengers.s:19
_gunner (main.o):
    passengers.o              passengers.s:34
_hcr (main.o):
    trade.o                   trade.s:34
    survey.o                  survey.s:28
    starport.o                starport.s:35
    passengers.o              passengers.s:30
_hire (hiring_hall.o):
    main.o                    main.s:32
_insystem_headForJumpPoint (insystem.o):
    jump.o                    jump.s:29
_jamison (main.o):
    jump-map.o                jump-map.s:37
_jump (jump.o):
    main.o                    main.s:27
_jumpmapSetDestination (jump-map.o):
    main.o                    main.s:35
_jumpmapShow (jump-map.o):
    main.o                    main.s:34
_kbhit (kbhit.o):
    cgetc.o                   cx16/cgetc.s:10
_landAtShipyard (shipyard.o):
    main.o                    main.s:30
_landAtStarport (starport.o):
    main.o                    main.s:31
_liaison (main.o):
    passengers.o              passengers.s:35
_loadFileToBank (common.o):
    main.o                    main.s:24
_ltoa (ltoa.o):
    _printf.o                 common/_printf.s:12
_main (main.o):
    callmain.o                runtime/callmain.s:11
_maneuver (maneuver-map.o):
    main.o                    main.s:39
_medic (main.o):
    passengers.o              passengers.s:36
_memcpy (memcpy.o):
    world.o                   world.s:1526
    trade.o                   trade.s:1091
    ship.o                    ship.s:751
    hiring_hall.o             hiring_hall.s:21
_menu_run (menu.o):
    maneuver-map.o            maneuver-map.s:22
    main.o                    main.s:41
_name_generate (name.o):
    hiring_hall.o             hiring_hall.s:30
_parsecDistance (common.o):
    jump-map.o                jump-map.s:25
    jump.o                    jump.s:24
_pay_period (main.o):
    wilderness.o              wilderness.s:31
    survey.o                  survey.s:27
    passengers.o              passengers.s:29
    jump.o                    jump.s:36
_pilot (main.o):
    passengers.o              passengers.s:37
_playerAchievementLevel (main.o):
    world.o                   world.s:31
    wilderness.o              wilderness.s:32
    maneuver-map.o            maneuver-map.s:26
    jump-map.o                jump-map.s:38
    jump.o                    jump.s:35
    insystem.o                insystem.s:30
    common.o                  common.s:44
    alarm.o                   alarm.s:26
_pressReturnAndClear (common.o):
    starport.o                starport.s:24
    passengers.o              passengers.s:22
_printAlarmBar (alarm.o):
    wilderness.o              wilderness.s:27
    survey.o                  survey.s:23
    maneuver-map.o            maneuver-map.s:21
    jump-map.o                jump-map.s:29
_printBankedText (bankedText.o):
    starport.o                starport.s:33
    jump-map.o                jump-map.s:33
    jump.o                    jump.s:30
    damage.o                  damage.s:17
    main.o                    main.s:44
_rand (rand.o):
    world.o                   world.s:20
    passengers.o              passengers.s:17
    name.o                    name.s:13
    jump.o                    jump.s:20
    insystem.o                insystem.s:13
    damage.o                  damage.s:13
_readShip (ship.o):
    shipyard.o                shipyard.s:26
    insystem.o                insystem.s:26
_redline (common.o):
    trade.o                   trade.s:23
    hiring_hall.o             hiring_hall.s:23
_revers (revers.o):
    world.o                   world.s:18
    trade.o                   trade.s:19
    starport.o                starport.s:18
_setBank (common.o):
    world.o                   world.s:21
    trade.o                   trade.s:22
    starport.o                starport.s:22
    shipyard.o                shipyard.s:20
    ship.o                    ship.s:15
    name.o                    name.s:14
    jump-map.o                jump-map.s:24
    jump.o                    jump.s:23
    damage.o                  damage.s:15
    main.o                    main.s:21
_setWorldSurveyed (world.o):
    survey.o                  survey.s:25
_ship (main.o):
    wilderness.o              wilderness.s:28
    trade.o                   trade.s:30
    starport.o                starport.s:34
    shipyard.o                shipyard.s:27
    passengers.o              passengers.s:25
    jump-map.o                jump-map.s:34
    insystem.o                insystem.s:29
    alarm.o                   alarm.s:23
_shipDamage (main.o):
    starport.o                starport.s:37
    insystem.o                insystem.s:31
    alarm.o                   alarm.s:25
_shipState (main.o):
    wilderness.o              wilderness.s:29
    starport.o                starport.s:36
    passengers.o              passengers.s:26
    jump.o                    jump.s:34
    alarm.o                   alarm.s:24
_ship_combatStrength (ship.o):
    insystem.o                insystem.s:25
_ship_describe (ship.o):
    starport.o                starport.s:26
    shipyard.o                shipyard.s:24
_ship_init (ship.o):
    main.o                    main.s:28
_ship_loadImageFromIndex (ship.o):
    shipyard.o                shipyard.s:25
_showCurrentLocation (maneuver-map.o):
    main.o                    main.s:38
_showShipSummary (ship.o):
    starport.o                starport.s:25
    shipyard.o                shipyard.s:23
    insystem.o                insystem.s:24
_sleep (sleep.o):
    jump.o                    jump.s:21
_sprite_define (sprite.o):
    jump-map.o                jump-map.s:31
    main.o                    main.s:37
_sprite_loadToVERA (sprite.o):
    ship.o                    ship.s:24
    jump-map.o                jump-map.s:30
    main.o                    main.s:36
_srand (rand.o):
    randomize.o               cx16/randomize.s:10
_starport (main.o):
    trade.o                   trade.s:33
_statusLine (common.o):
    wilderness.o              wilderness.s:22
    survey.o                  survey.s:20
    shipyard.o                shipyard.s:22
    passengers.o              passengers.s:21
    jump.o                    jump.s:26
    hiring_hall.o             hiring_hall.s:25
    main.o                    main.s:23
_steward (main.o):
    passengers.o              passengers.s:38
_strcpy (strcpy.o):
    hiring_hall.o             hiring_hall.s:20
_streetwise (main.o):
    passengers.o              passengers.s:39
_strlen (strlen.o):
    _printf.o                 common/_printf.s:13
    alarm.o                   alarm.s:17
_strlower (strlower.o):
    _printf.o                 common/_printf.s:13
_strncpy (strncpy.o):
    jump-map.o                jump-map.s:22
_survey (survey.o):
    main.o                    main.s:43
_textcolor (color.o):
    world.o                   world.s:19
    wilderness.o              wilderness.s:20
    trade.o                   trade.s:20
    survey.o                  survey.s:19
    starport.o                starport.s:19
    shipyard.o                shipyard.s:18
    passengers.o              passengers.s:16
    menu.o                    menu.s:18
    maneuver-map.o            maneuver-map.s:17
    jump-map.o                jump-map.s:18
    jump.o                    jump.s:19
    insystem.o                insystem.s:18
    hiring_hall.o             hiring_hall.s:18
    common.o                  common.s:24
    main.o                    main.s:19
_titleLine (common.o):
    starport.o                starport.s:23
    shipyard.o                shipyard.s:21
    passengers.o              passengers.s:20
    jump-map.o                jump-map.s:26
    jump.o                    jump.s:25
    insystem.o                insystem.s:19
    hiring_hall.o             hiring_hall.s:24
    alarm.o                   alarm.s:18
    main.o                    main.s:22
_toDefaultColor (common.o):
    trade.o                   trade.s:24
_trade_calculateMarketPrices (trade.o):
    main.o                    main.s:25
_trade_speculate (trade.o):
    main.o                    main.s:26
_ultoa (ltoa.o):
    _printf.o                 common/_printf.s:12
_vcprintf (vcprintf.o):
    cprintf.o                 conio/cprintf.s:8
_vera_sprites_enable (sprites_enable.o):
    main.o                    main.s:14
_wilderness_refuel (wilderness.o):
    main.o                    main.s:40
_world_describe (world.o):
    maneuver-map.o            maneuver-map.s:20
_world_drawPlanetoid (world.o):
    wilderness.o              wilderness.s:26
_world_setGasGiantPalette (world.o):
    wilderness.o              wilderness.s:23
_world_setRockballPalette (world.o):
    wilderness.o              wilderness.s:24
addeq0sp (addeqsp.o):
    world.o                   world.s:1526
    world.o                   world.s:1526
    sprite.o                  sprite.s:503
    passengers.o              passengers.s:794
    passengers.o              passengers.s:794
    passengers.o              passengers.s:794
    panel.o                   panel.s:210
    jump-map.o                jump-map.s:981
    hiring_hall.o             hiring_hall.s:1116
    hiring_hall.o             hiring_hall.s:1116
    bankedText.o              bankedText.s:77
    main.o                    main.s:714
addeqysp (addeqsp.o):
    world.o                   world.s:1526
    world.o                   world.s:1526
    trade.o                   trade.s:1091
    trade.o                   trade.s:1091
    trade.o                   trade.s:1091
    shipyard.o                shipyard.s:376
    passengers.o              passengers.s:794
    name.o                    name.s:140
    jump-map.o                jump-map.s:981
    jump-map.o                jump-map.s:981
    insystem.o                insystem.s:518
    hiring_hall.o             hiring_hall.s:1116
addysp (addysp.o):
    incsp7.o                  runtime/incsp7.s:8
    incsp6.o                  runtime/incsp6.s:8
    incsp5.o                  runtime/incsp5.s:8
    incsp4.o                  runtime/incsp4.s:8
    incsp3.o                  runtime/incsp3.s:8
    cprintf.o                 conio/cprintf.s:8
    world.o                   world.s:1526
    world.o                   world.s:1526
    world.o                   world.s:1526
    passengers.o              passengers.s:794
    panel.o                   panel.s:210
    name.o                    name.s:140
    maneuver-map.o            maneuver-map.s:253
    jump-map.o                jump-map.s:981
    jump-map.o                jump-map.s:981
    jump.o                    jump.s:323
    hiring_hall.o             hiring_hall.s:1116
    common.o                  common.s:558
    burtle_jsf32.o            burtle_jsf32.s:248
    alarm.o                   alarm.s:499
addysp1 (addysp.o):
    sub.o                     runtime/sub.s:8
    or.o                      runtime/or.s:9
    lxor.o                    runtime/lxor.s:9
    ludiv.o                   runtime/ludiv.s:9
    lsub.o                    runtime/lsub.s:11
    lor.o                     runtime/lor.s:9
    lmul.o                    runtime/lmul.s:9
    ladd.o                    runtime/ladd.s:8
aslax1 (aslax1.o):
    world.o                   world.s:1526
    maneuver-map.o            maneuver-map.s:253
    jump-map.o                jump-map.s:981
    hiring_hall.o             hiring_hall.s:1116
    main.o                    main.s:714
aslax2 (aslax2.o):
    world.o                   world.s:1526
    world.o                   world.s:1526
    jump-map.o                jump-map.s:981
    jump-map.o                jump-map.s:981
aslax3 (aslax3.o):
    sprite.o                  sprite.s:503
    sprite.o                  sprite.s:503
    sprite.o                  sprite.s:503
    sprite.o                  sprite.s:503
    sprite.o                  sprite.s:503
    jump-map.o                jump-map.s:981
aslax4 (aslax4.o):
    world.o                   world.s:1526
    world.o                   world.s:1526
    jump-map.o                jump-map.s:981
    jump-map.o                jump-map.s:981
    main.o                    main.s:714
asrax1 (asrax1.o):
    sprite.o                  sprite.s:503
    sprite.o                  sprite.s:503
asrax4 (asrax4.o):
    sprite.o                  sprite.s:503
    sprite.o                  sprite.s:503
axlong (axlong.o):
    _printf.o                 common/_printf.s:11
    passengers.o              passengers.s:794
axulong (axlong.o):
    _printf.o                 common/_printf.s:11
    sleep.o                   ../libwrk/cx16/sleep.s:54
    trade.o                   trade.s:1091
    trade.o                   trade.s:1091
    trade.o                   trade.s:1091
    survey.o                  survey.s:163
    starport.o                starport.s:552
    passengers.o              passengers.s:794
booleq (makebool.o):
    shipyard.o                shipyard.s:376
boolge (makebool.o):
    lge.o                     runtime/lge.s:8
boolgt (makebool.o):
    lgt.o                     runtime/lgt.s:8
boollt (makebool.o):
    llt.o                     runtime/llt.s:8
boolule (makebool.o):
    jump-map.o                jump-map.s:981
callmain (callmain.o):
    crt0.o                    cx16/crt0.s:9
chlinechar (clinechars.o):
    chline.o                  cbm/chline.s:10
cputdirect (cputc.o):
    chline.o                  cbm/chline.s:9
    cclear.o                  cbm/cclear.s:9
ctypemaskdirect (ctypemask.o):
    strlower.o                common/strlower.s:14
cursor (_cursor.o):
    cgetc.o                   cx16/cgetc.s:10
decax1 (decax1.o):
    world.o                   world.s:1526
    maneuver-map.o            maneuver-map.s:253
decax2 (decax2.o):
    trade.o                   trade.s:1091
decax3 (decax3.o):
    hiring_hall.o             hiring_hall.s:1116
decaxy (decaxy.o):
    world.o                   world.s:1526
    ship.o                    ship.s:751
    menu.o                    menu.s:211
decsp1 (decsp1.o):
    hiring_hall.o             hiring_hall.s:1116
    common.o                  common.s:558
    alarm.o                   alarm.s:499
decsp2 (decsp2.o):
    toslong.o                 runtime/toslong.s:8
    trade.o                   trade.s:1091
    trade.o                   trade.s:1091
    trade.o                   trade.s:1091
    starport.o                starport.s:552
    panel.o                   panel.s:210
    jump-map.o                jump-map.s:981
    jump.o                    jump.s:323
    insystem.o                insystem.s:518
    hiring_hall.o             hiring_hall.s:1116
    hiring_hall.o             hiring_hall.s:1116
    hiring_hall.o             hiring_hall.s:1116
    main.o                    main.s:714
decsp4 (decsp4.o):
    lpush.o                   runtime/lpush.s:12
    world.o                   world.s:1526
    world.o                   world.s:1526
    world.o                   world.s:1526
    trade.o                   trade.s:1091
    name.o                    name.s:140
    burtle_jsf32.o            burtle_jsf32.s:248
    main.o                    main.s:714
decsp6 (decsp6.o):
    _printf.o                 common/_printf.s:11
decsp8 (decsp8.o):
    world.o                   world.s:1526
donelib (condes.o):
    crt0.o                    cx16/crt0.s:8
getlop (ludiv.o):
    lumod.o                   runtime/lumod.s:9
    lshelp.o                  runtime/lshelp.s:11
gotoxy (gotoxy.o):
    cputs.o                   conio/cputs.s:9
    cputc.o                   cx16/cputc.s:11
    chline.o                  cbm/chline.s:9
    cclear.o                  cbm/cclear.s:9
incax2 (incax2.o):
    sprite.o                  sprite.s:503
    passengers.o              passengers.s:794
    name.o                    name.s:140
    menu.o                    menu.s:211
    hiring_hall.o             hiring_hall.s:1116
incax3 (incax3.o):
    jump-map.o                jump-map.s:981
    hiring_hall.o             hiring_hall.s:1116
incax4 (incaxy.o):
    ship.o                    ship.s:751
    maneuver-map.o            maneuver-map.s:253
    jump-map.o                jump-map.s:981
    jump.o                    jump.s:323
    hiring_hall.o             hiring_hall.s:1116
incax5 (incax5.o):
    world.o                   world.s:1526
    hiring_hall.o             hiring_hall.s:1116
incax6 (incax6.o):
    sprite.o                  sprite.s:503
    sprite.o                  sprite.s:503
    ship.o                    ship.s:751
incax7 (incax7.o):
    ship.o                    ship.s:751
incaxy (incaxy.o):
    incax7.o                  runtime/incax7.s:8
    incax6.o                  runtime/incax6.s:8
    incax5.o                  runtime/incax5.s:8
    incax3.o                  runtime/incax3.s:8
    world.o                   world.s:1526
    world.o                   world.s:1526
    world.o                   world.s:1526
    world.o                   world.s:1526
    world.o                   world.s:1526
    starport.o                starport.s:552
    ship.o                    ship.s:751
    ship.o                    ship.s:751
    ship.o                    ship.s:751
    passengers.o              passengers.s:794
    menu.o                    menu.s:211
    jump-map.o                jump-map.s:981
    jump-map.o                jump-map.s:981
    jump.o                    jump.s:323
    insystem.o                insystem.s:518
    hiring_hall.o             hiring_hall.s:1116
    hiring_hall.o             hiring_hall.s:1116
    hiring_hall.o             hiring_hall.s:1116
    hiring_hall.o             hiring_hall.s:1116
    damage.o                  damage.s:94
inceaxy (linc.o):
    common.o                  common.s:558
    common.o                  common.s:558
    common.o                  common.s:558
incsp1 (incsp1.o):
    world.o                   world.s:1526
    world.o                   world.s:1526
    world.o                   world.s:1526
    trade.o                   trade.s:1091
    survey.o                  survey.s:163
    starport.o                starport.s:552
    sprite.o                  sprite.s:503
    shipyard.o                shipyard.s:376
    ship.o                    ship.s:751
    ship.o                    ship.s:751
    jump-map.o                jump-map.s:981
    hiring_hall.o             hiring_hall.s:1116
    hiring_hall.o             hiring_hall.s:1116
    emplacement.o             emplacement.s:188
    emplacement.o             emplacement.s:188
    common.o                  common.s:558
    alarm.o                   alarm.s:499
    alarm.o                   alarm.s:499
    alarm.o                   alarm.s:499
    alarm.o                   alarm.s:499
incsp2 (incsp2.o):
    staspidx.o                runtime/staspidx.s:8
    popptr1.o                 runtime/popptr1.s:8
    world.o                   world.s:1526
    world.o                   world.s:1526
    world.o                   world.s:1526
    world.o                   world.s:1526
    world.o                   world.s:1526
    trade.o                   trade.s:1091
    trade.o                   trade.s:1091
    trade.o                   trade.s:1091
    trade.o                   trade.s:1091
    trade.o                   trade.s:1091
    survey.o                  survey.s:163
    sprite.o                  sprite.s:503
    shipyard.o                shipyard.s:376
    shipyard.o                shipyard.s:376
    ship.o                    ship.s:751
    ship.o                    ship.s:751
    ship.o                    ship.s:751
    passengers.o              passengers.s:794
    jump-map.o                jump-map.s:981
    jump.o                    jump.s:323
    insystem.o                insystem.s:518
    hiring_hall.o             hiring_hall.s:1116
    common.o                  common.s:558
    common.o                  common.s:558
    common.o                  common.s:558
    main.o                    main.s:714
incsp3 (incsp3.o):
    starport.o                starport.s:552
    starport.o                starport.s:552
    sprite.o                  sprite.s:503
    sprite.o                  sprite.s:503
    sprite.o                  sprite.s:503
    sprite.o                  sprite.s:503
    ship.o                    ship.s:751
    ship.o                    ship.s:751
    hiring_hall.o             hiring_hall.s:1116
    hiring_hall.o             hiring_hall.s:1116
incsp4 (incsp4.o):
    lcmp.o                    runtime/lcmp.s:9
    world.o                   world.s:1526
    trade.o                   trade.s:1091
    trade.o                   trade.s:1091
    sprite.o                  sprite.s:503
    shipyard.o                shipyard.s:376
    shipyard.o                shipyard.s:376
    jump-map.o                jump-map.s:981
    hiring_hall.o             hiring_hall.s:1116
    hiring_hall.o             hiring_hall.s:1116
    damage.o                  damage.s:94
    common.o                  common.s:558
    burtle_jsf32.o            burtle_jsf32.s:248
    main.o                    main.s:714
incsp5 (incsp5.o):
    starport.o                starport.s:552
    ship.o                    ship.s:751
    ship.o                    ship.s:751
    common.o                  common.s:558
    bankedText.o              bankedText.s:77
incsp6 (incsp6.o):
    sleep.o                   ../libwrk/cx16/sleep.s:54
    world.o                   world.s:1526
    trade.o                   trade.s:1091
    passengers.o              passengers.s:794
    menu.o                    menu.s:211
[...]
    main.o                    main.s:714
    main.o                    main.s:714
    main.o                    main.s:714
    main.o                    main.s:714
pusheax (lpush.o):
    _printf.o                 common/_printf.s:11
    sleep.o                   ../libwrk/cx16/sleep.s:54
    trade.o                   trade.s:1091
    trade.o                   trade.s:1091
    trade.o                   trade.s:1091
    trade.o                   trade.s:1091
    survey.o                  survey.s:163
    passengers.o              passengers.s:794
    passengers.o              passengers.s:794
    common.o                  common.s:558
    common.o                  common.s:558
    common.o                  common.s:558
    burtle_jsf32.o            burtle_jsf32.s:248
    burtle_jsf32.o            burtle_jsf32.s:248
    burtle_jsf32.o            burtle_jsf32.s:248
pushl0 (lpush.o):
    trade.o                   trade.s:1091
pushw (pushw.o):
    trade.o                   trade.s:1091
    hiring_hall.o             hiring_hall.s:1116
    alarm.o                   alarm.s:499
pushw0sp (pushwsp.o):
    world.o                   world.s:1526
    world.o                   world.s:1526
    world.o                   world.s:1526
    shipyard.o                shipyard.s:376
    shipyard.o                shipyard.s:376
    shipyard.o                shipyard.s:376
    ship.o                    ship.s:751
    passengers.o              passengers.s:794
    panel.o                   panel.s:210
    insystem.o                insystem.s:518
    hiring_hall.o             hiring_hall.s:1116
pushwysp (pushwsp.o):
    world.o                   world.s:1526
    world.o                   world.s:1526
    world.o                   world.s:1526
    world.o                   world.s:1526
    starport.o                starport.s:552
    starport.o                starport.s:552
    shipyard.o                shipyard.s:376
    shipyard.o                shipyard.s:376
    ship.o                    ship.s:751
    passengers.o              passengers.s:794
    jump-map.o                jump-map.s:981
    jump-map.o                jump-map.s:981
    jump-map.o                jump-map.s:981
    hiring_hall.o             hiring_hall.s:1116
    hiring_hall.o             hiring_hall.s:1116
    common.o                  common.s:558
    burtle_jsf32.o            burtle_jsf32.s:248
    burtle_jsf32.o            burtle_jsf32.s:248
    bankedText.o              bankedText.s:77
    main.o                    main.s:714
regbank (zeropage.o):
    _printf.o                 /Users/rje/git/cc65/asminc/zeropage.inc:14
shlax1 (aslax1.o):
    jump.o                    jump.s:323
shlax2 (aslax2.o):
    world.o                   world.s:1526
    world.o                   world.s:1526
    jump-map.o                jump-map.s:981
    jump.o                    jump.s:323
shlax4 (aslax4.o):
    world.o                   world.s:1526
    world.o                   world.s:1526
    starport.o                starport.s:552
    jump-map.o                jump-map.s:981
    jump.o                    jump.s:323
shleax1 (asleax1.o):
    trade.o                   trade.s:1091
    burtle_jsf32.o            burtle_jsf32.s:248
shleax3 (asleax3.o):
    burtle_jsf32.o            burtle_jsf32.s:248
shleax4 (asleax4.o):
    trade.o                   trade.s:1091
shrax1 (shrax1.o):
    sprite.o                  sprite.s:503
    sprite.o                  sprite.s:503
shrax3 (shrax3.o):
    jump-map.o                jump-map.s:981
shrax4 (shrax4.o):
    sprite.o                  sprite.s:503
    sprite.o                  sprite.s:503
    jump-map.o                jump-map.s:981
shreax1 (shreax1.o):
    burtle_jsf32.o            burtle_jsf32.s:248
shreax3 (shreax3.o):
    burtle_jsf32.o            burtle_jsf32.s:248
shreax4 (shreax4.o):
    burtle_jsf32.o            burtle_jsf32.s:248
sp (zeropage.o):
    lcmp.o                    runtime/lcmp.s:10
    decsp6.o                  runtime/decsp6.s:8
    _printf.o                 /Users/rje/git/cc65/asminc/zeropage.inc:11
    _heap.o                   common/_heap.s:9
    vcprintf.o                conio/vcprintf.s:10
    toslong.o                 runtime/toslong.s:9
    subysp.o                  runtime/subysp.s:9
    subeqsp.o                 runtime/subeqsp.s:8
    sub.o                     runtime/sub.s:9
    steaxsp.o                 runtime/steaxsp.s:8
    staxsp.o                  runtime/staxsp.s:8
    staspidx.o                runtime/staspidx.s:9
    pushwsp.o                 runtime/pushwsp.s:8
    pushax.o                  runtime/pushax.s:8
    pusha.o                   runtime/pusha.s:8
    popptr1.o                 runtime/popptr1.s:9
    popa.o                    runtime/popa.s:8
    or.o                      runtime/or.s:10
    memcpy.o                  common/memcpy.s:15
    lxor.o                    runtime/lxor.s:10
    ludiv.o                   runtime/ludiv.s:10
    lsub.o                    runtime/lsub.s:12
    lpush.o                   runtime/lpush.s:13
    lor.o                     runtime/lor.s:10
    lmul.o                    runtime/lmul.s:10
    leaaxsp.o                 runtime/leaaxsp.s:8
    ldeaxysp.o                runtime/ldeaxysp.s:12
    ldaxsp.o                  runtime/ldaxsp.s:8
    laddeqsp.o                runtime/laddeqsp.s:8
    ladd.o                    runtime/ladd.s:9
    incsp2.o                  runtime/incsp2.s:8
    incsp1.o                  runtime/incsp1.s:8
    icmp.o                    runtime/icmp.s:9
    decsp8.o                  runtime/decsp8.s:8
    decsp4.o                  runtime/decsp4.s:8
    decsp2.o                  runtime/decsp2.s:8
    decsp1.o                  runtime/decsp1.s:8
    crt0.o                    /Users/rje/git/cc65/asminc/zeropage.inc:11
    cprintf.o                 conio/cprintf.s:9
    addysp.o                  runtime/addysp.s:8
    addeqsp.o                 runtime/addeqsp.s:8
    add.o                     runtime/add.s:12
    world.o                   world.s:10
    trade.o                   trade.s:10
    survey.o                  survey.s:10
    starport.o                starport.s:10
    sprite.o                  sprite.s:10
    shipyard.o                shipyard.s:10
    ship.o                    ship.s:10
    passengers.o              passengers.s:10
    panel.o                   panel.s:10
    name.o                    name.s:10
    menu.o                    menu.s:10
    maneuver-map.o            maneuver-map.s:10
    jump-map.o                jump-map.s:10
    jump.o                    jump.s:10
    insystem.o                insystem.s:10
    hiring_hall.o             hiring_hall.s:10
    emplacement.o             emplacement.s:10
    common.o                  common.s:10
    bankedText.o              bankedText.s:10
    alarm.o                   alarm.s:10
    main.o                    main.s:10
sreg (zeropage.o):
    ltoa.o                    common/ltoa.s:11
    lcmp.o                    runtime/lcmp.s:10
    _printf.o                 /Users/rje/git/cc65/asminc/zeropage.inc:11
    umod.o                    runtime/umod.s:9
    udiv.o                    runtime/udiv.s:10
    steaxspi.o                runtime/steaxspi.s:10
    steaxsp.o                 runtime/steaxsp.s:8
    sleep.o                   ../libwrk/cx16/sleep.s:10
    shreax4.o                 runtime/shreax4.s:8
    shreax3.o                 runtime/shreax3.s:8
    shreax1.o                 runtime/shreax1.s:8
    mod.o                     runtime/mod.s:12
    lxor.o                    runtime/lxor.s:10
    lumod.o                   runtime/lumod.s:10
    ludiv.o                   runtime/ludiv.s:10
    lsubeq.o                  runtime/lsubeq.s:12
    lsub.o                    runtime/lsub.s:12
    lshelp.o                  runtime/lshelp.s:12
    lpush.o                   runtime/lpush.s:13
    lor.o                     runtime/lor.s:10
    lneg.o                    runtime/lneg.s:11
    lmul.o                    runtime/lmul.s:10
    linc.o                    runtime/linc.s:8
    ldiv.o                    runtime/ldiv.s:12
    ldeaxysp.o                runtime/ldeaxysp.s:12
    ldeaxi.o                  runtime/ldeaxi.s:8
    laddeqsp.o                runtime/laddeqsp.s:8
    laddeq.o                  runtime/laddeq.s:12
    ladd.o                    runtime/ladd.s:9
    icmp.o                    runtime/icmp.s:9
    clock.o                   cx16/clock.s:12
    axlong.o                  runtime/axlong.s:9
    asleax4.o                 runtime/asleax4.s:8
    asleax3.o                 runtime/asleax3.s:8
    asleax1.o                 runtime/asleax1.s:8
    world.o                   world.s:10
    trade.o                   trade.s:10
    survey.o                  survey.s:10
    starport.o                starport.s:10
    sprite.o                  sprite.s:10
    passengers.o              passengers.s:10
    name.o                    name.s:10
    jump-map.o                jump-map.s:10
    hiring_hall.o             hiring_hall.s:10
    damage.o                  damage.s:10
    burtle_jsf32.o            burtle_jsf32.s:10
staspidx (staspidx.o):
    hiring_hall.o             hiring_hall.s:1116
stax0sp (staxsp.o):
    world.o                   world.s:1526
    world.o                   world.s:1526
    world.o                   world.s:1526
    world.o                   world.s:1526
    trade.o                   trade.s:1091
    trade.o                   trade.s:1091
    trade.o                   trade.s:1091
    shipyard.o                shipyard.s:376
    passengers.o              passengers.s:794
    panel.o                   panel.s:210
    maneuver-map.o            maneuver-map.s:253
    jump-map.o                jump-map.s:981
    jump.o                    jump.s:323
    insystem.o                insystem.s:518
    hiring_hall.o             hiring_hall.s:1116
    hiring_hall.o             hiring_hall.s:1116
    common.o                  common.s:558
    main.o                    main.s:714
    main.o                    main.s:714
staxysp (staxsp.o):
    world.o                   world.s:1526
    world.o                   world.s:1526
    world.o                   world.s:1526
    world.o                   world.s:1526
    trade.o                   trade.s:1091
    trade.o                   trade.s:1091
    trade.o                   trade.s:1091
    starport.o                starport.s:552
    passengers.o              passengers.s:794
    name.o                    name.s:140
    maneuver-map.o            maneuver-map.s:253
    jump-map.o                jump-map.s:981
    jump-map.o                jump-map.s:981
    insystem.o                insystem.s:518
    hiring_hall.o             hiring_hall.s:1116
    main.o                    main.s:714
steax0sp (steaxsp.o):
    burtle_jsf32.o            burtle_jsf32.s:248
steaxspidx (steaxspi.o):
    trade.o                   trade.s:1091
    burtle_jsf32.o            burtle_jsf32.s:248
    burtle_jsf32.o            burtle_jsf32.s:248
steaxysp (steaxsp.o):
    passengers.o              passengers.s:794
subeq0sp (subeqsp.o):
    trade.o                   trade.s:1091
    trade.o                   trade.s:1091
    passengers.o              passengers.s:794
    passengers.o              passengers.s:794
    name.o                    name.s:140
    jump.o                    jump.s:323
subeqysp (subeqsp.o):
    shipyard.o                shipyard.s:376
    ship.o                    ship.s:751
    panel.o                   panel.s:210
    jump-map.o                jump-map.s:981
    jump.o                    jump.s:323
    insystem.o                insystem.s:518
subysp (subysp.o):
    passengers.o              passengers.s:794
    maneuver-map.o            maneuver-map.s:253
    jump-map.o                jump-map.s:981
    jump-map.o                jump-map.s:981
    jump.o                    jump.s:323
    hiring_hall.o             hiring_hall.s:1116
tmp1 (zeropage.o):
    ltoa.o                    common/ltoa.s:11
    _printf.o                 /Users/rje/git/cc65/asminc/zeropage.inc:13
    vcprintf.o                conio/vcprintf.s:10
    strncpy.o                 common/strncpy.s:9
    steaxspi.o                runtime/steaxspi.s:10
    staspidx.o                runtime/staspidx.s:9
    shreax4.o                 runtime/shreax4.s:8
    shreax3.o                 runtime/shreax3.s:8
    shreax1.o                 runtime/shreax1.s:8
    shrax4.o                  runtime/shrax4.s:8
    shrax3.o                  runtime/shrax3.s:8
    shrax1.o                  runtime/shrax1.s:8
    shelp.o                   runtime/shelp.s:12
    or.o                      runtime/or.s:10
    mul.o                     runtime/mul.s:10
    mod.o                     runtime/mod.s:12
    lxor.o                    runtime/lxor.s:10
    lshelp.o                  runtime/lshelp.s:12
    lor.o                     runtime/lor.s:10
    ldiv.o                    runtime/ldiv.s:12
    ladd.o                    runtime/ladd.s:9
    incaxy.o                  runtime/incaxy.s:8
    div.o                     runtime/div.s:12
    decaxy.o                  runtime/decaxy.s:8
    cputs.o                   conio/cputs.s:10
    color.o                   cx16/color.s:11
    chline.o                  cbm/chline.s:10
    cclear.o                  cbm/cclear.s:10
    c_setlfs.o                cbm/c_setlfs.s:13
    asrax4.o                  runtime/asrax4.s:9
    asrax1.o                  runtime/asrax1.s:8
    asleax4.o                 runtime/asleax4.s:8
    asleax3.o                 runtime/asleax3.s:8
    asleax1.o                 runtime/asleax1.s:8
    aslax4.o                  runtime/aslax4.s:8
    aslax3.o                  runtime/aslax3.s:8
    aslax2.o                  runtime/aslax2.s:8
    aslax1.o                  runtime/aslax1.s:8
    ship.o                    ship.s:11
    passengers.o              passengers.s:11
    panel.o                   panel.s:11
    name.o                    name.s:11
    jump-map.o                jump-map.s:11
    jump.o                    jump.s:11
tmp2 (zeropage.o):
    strncpy.o                 common/strncpy.s:9
    steaxspi.o                runtime/steaxspi.s:10
    shelp.o                   runtime/shelp.s:12
    lshelp.o                  runtime/lshelp.s:12
    lmul.o                    runtime/lmul.s:10
    ldiv.o                    runtime/ldiv.s:12
    div.o                     runtime/div.s:12
tmp3 (zeropage.o):
    strncpy.o                 common/strncpy.s:9
    steaxspi.o                runtime/steaxspi.s:10
    lumod.o                   runtime/lumod.s:10
    ludiv.o                   runtime/ludiv.s:10
    lmul.o                    runtime/lmul.s:10
tmp4 (zeropage.o):
    lumod.o                   runtime/lumod.s:10
    ludiv.o                   runtime/ludiv.s:10
    lmul.o                    runtime/lmul.s:10
tosadd0ax (ladd.o):
    trade.o                   trade.s:1091
    survey.o                  survey.s:163
tosaddax (add.o):
    world.o                   world.s:1526
    trade.o                   trade.s:1091
    shipyard.o                shipyard.s:376
    shipyard.o                shipyard.s:376
    ship.o                    ship.s:751
    passengers.o              passengers.s:794
tosaddeax (ladd.o):
    sleep.o                   ../libwrk/cx16/sleep.s:54
    common.o                  common.s:558
    common.o                  common.s:558
    burtle_jsf32.o            burtle_jsf32.s:248
tosdiv0ax (ldiv.o):
    trade.o                   trade.s:1091
    trade.o                   trade.s:1091
tosdiva0 (div.o):
    world.o                   world.s:1526
    world.o                   world.s:1526
    world.o                   world.s:1526
tosdivax (div.o):
    jump.o                    jump.s:323
tosgeeax (lge.o):
    sleep.o                   ../libwrk/cx16/sleep.s:54
tosgteax (lgt.o):
    trade.o                   trade.s:1091
    starport.o                starport.s:552
tosicmp (icmp.o):
    world.o                   world.s:1526
    panel.o                   panel.s:210
    menu.o                    menu.s:211
    insystem.o                insystem.s:518
tosicmp0 (icmp.o):
    passengers.o              passengers.s:794
toslcmp (lcmp.o):
    lge.o                     runtime/lge.s:8
    llt.o                     runtime/llt.s:8
    lgt.o                     runtime/lgt.s:8
toslteax (llt.o):
    starport.o                starport.s:552
tosmoda0 (mod.o):
    world.o                   world.s:1526
    world.o                   world.s:1526
    world.o                   world.s:1526
    world.o                   world.s:1526
    passengers.o              passengers.s:794
    passengers.o              passengers.s:794
    name.o                    name.s:140
    jump-map.o                jump-map.s:981
    jump-map.o                jump-map.s:981
    jump.o                    jump.s:323
    insystem.o                insystem.s:518
    insystem.o                insystem.s:518
    damage.o                  damage.s:94
tosmodax (mod.o):
    world.o                   world.s:1526
tosmul0ax (lmul.o):
    passengers.o              passengers.s:794
tosmula0 (mul8.o):
    world.o                   world.s:1526
    world.o                   world.s:1526
    starport.o                starport.s:552
    starport.o                starport.s:552
    shipyard.o                shipyard.s:376
    shipyard.o                shipyard.s:376
    shipyard.o                shipyard.s:376
    ship.o                    ship.s:751
    ship.o                    ship.s:751
    jump-map.o                jump-map.s:981
    hiring_hall.o             hiring_hall.s:1116
    hiring_hall.o             hiring_hall.s:1116
    hiring_hall.o             hiring_hall.s:1116
    hiring_hall.o             hiring_hall.s:1116
    main.o                    main.s:714
tosmulax (mul.o):
    world.o                   world.s:1526
tosmuleax (lmul.o):
    trade.o                   trade.s:1091
    trade.o                   trade.s:1091
tosorax (or.o):
    jump-map.o                jump-map.s:981
tosoreax (lor.o):
    burtle_jsf32.o            burtle_jsf32.s:248
tossuba0 (sub.o):
    starport.o                starport.s:552
tossubax (sub.o):
    jump-map.o                jump-map.s:981
    jump-map.o                jump-map.s:981
tossubeax (lsub.o):
    sleep.o                   ../libwrk/cx16/sleep.s:54
    burtle_jsf32.o            burtle_jsf32.s:248
tosudiva0 (udiv.o):
    passengers.o              passengers.s:794
    jump-map.o                jump-map.s:981
tosulong (toslong.o):
    starport.o                starport.s:552
    starport.o                starport.s:552
tosumod0ax (lumod.o):
    trade.o                   trade.s:1091
    common.o                  common.s:558
    common.o                  common.s:558
    common.o                  common.s:558
tosumoda0 (umod.o):
    trade.o                   trade.s:1091
    trade.o                   trade.s:1091
    starport.o                starport.s:552
tosumul0ax (lmul.o):
    sleep.o                   ../libwrk/cx16/sleep.s:54
tosumula0 (mul8.o):
    trade.o                   trade.s:1091
    trade.o                   trade.s:1091
    survey.o                  survey.s:163
    starport.o                starport.s:552
    ship.o                    ship.s:751
    ship.o                    ship.s:751
    passengers.o              passengers.s:794
    damage.o                  damage.s:94
    alarm.o                   alarm.s:499
tosumulax (mul.o):
    passengers.o              passengers.s:794
tosumuleax (lmul.o):
    trade.o                   trade.s:1091
tosxoreax (lxor.o):
    burtle_jsf32.o            burtle_jsf32.s:248
udiv16 (udiv.o):
    umod.o                    runtime/umod.s:8
    shelp.o                   runtime/shelp.s:11
udiv32 (ludiv.o):
    lumod.o                   runtime/lumod.s:9
    ldiv.o                    runtime/ldiv.s:11
zerobss (zerobss.o):
    crt0.o                    cx16/crt0.s:9

