Modules list:
-------------
main.o:
    CODE              Offs=000000  Size=000372  Align=00001  Fill=0000
    RODATA            Offs=000000  Size=0000D2  Align=00001  Fill=0000
    BSS               Offs=000000  Size=0005BE  Align=00001  Fill=0000
    DATA              Offs=000000  Size=00001B  Align=00001  Fill=0000
alarm.o:
    CODE              Offs=000372  Size=0001B0  Align=00001  Fill=0000
    RODATA            Offs=0000D2  Size=0000A4  Align=00001  Fill=0000
    BSS               Offs=0005BE  Size=000014  Align=00001  Fill=0000
    DATA              Offs=00001B  Size=000079  Align=00001  Fill=0000
bankedText.o:
    CODE              Offs=000522  Size=00005E  Align=00001  Fill=0000
    RODATA            Offs=000176  Size=000005  Align=00001  Fill=0000
burtle_jsf32.o:
    CODE              Offs=000580  Size=0001A5  Align=00001  Fill=0000
    BSS               Offs=0005D2  Size=000011  Align=00001  Fill=0000
common.o:
    CODE              Offs=000725  Size=0001ED  Align=00001  Fill=0000
    RODATA            Offs=00017B  Size=000052  Align=00001  Fill=0000
    DATA              Offs=000094  Size=000002  Align=00001  Fill=0000
damage.o:
    BSS               Offs=0005E3  Size=000001  Align=00001  Fill=0000
emplacement.o:
    CODE              Offs=000912  Size=000172  Align=00001  Fill=0000
    RODATA            Offs=0001CD  Size=0000B9  Align=00001  Fill=0000
    DATA              Offs=000096  Size=000050  Align=00001  Fill=0000
hiring_hall.o:
    CODE              Offs=000A84  Size=000758  Align=00001  Fill=0000
    RODATA            Offs=000286  Size=00012B  Align=00001  Fill=0000
    BSS               Offs=0005E4  Size=00015E  Align=00001  Fill=0000
    DATA              Offs=0000E6  Size=000024  Align=00001  Fill=0000
insystem.o:
    CODE              Offs=0011DC  Size=000494  Align=00001  Fill=0000
    RODATA            Offs=0003B1  Size=0001B2  Align=00001  Fill=0000
    BSS               Offs=000742  Size=000031  Align=00001  Fill=0000
    DATA              Offs=00010A  Size=000011  Align=00001  Fill=0000
jump.o:
    CODE              Offs=001670  Size=00020C  Align=00001  Fill=0000
    RODATA            Offs=000563  Size=000044  Align=00001  Fill=0000
jump-map.o:
    CODE              Offs=00187C  Size=0006F6  Align=00001  Fill=0000
    RODATA            Offs=0005A7  Size=000051  Align=00001  Fill=0000
    DATA              Offs=00011B  Size=000010  Align=00001  Fill=0000
maneuver-map.o:
    CODE              Offs=001F72  Size=000166  Align=00001  Fill=0000
    RODATA            Offs=0005F8  Size=0000B5  Align=00001  Fill=0000
menu.o:
    CODE              Offs=0020D8  Size=00015E  Align=00001  Fill=0000
    RODATA            Offs=0006AD  Size=000003  Align=00001  Fill=0000
    BSS               Offs=000773  Size=000003  Align=00001  Fill=0000
name.o:
    CODE              Offs=002236  Size=0000E5  Align=00001  Fill=0000
panel.o:
    CODE              Offs=00231B  Size=000169  Align=00001  Fill=0000
passengers.o:
    CODE              Offs=002484  Size=00056F  Align=00001  Fill=0000
    RODATA            Offs=0006B0  Size=0001B1  Align=00001  Fill=0000
ship.o:
    CODE              Offs=0029F3  Size=0005ED  Align=00001  Fill=0000
    RODATA            Offs=000861  Size=0002A9  Align=00001  Fill=0000
    DATA              Offs=00012B  Size=000006  Align=00001  Fill=0000
shipyard.o:
    CODE              Offs=002FE0  Size=00023E  Align=00001  Fill=0000
    RODATA            Offs=000B0A  Size=0000C9  Align=00001  Fill=0000
    BSS               Offs=000776  Size=000001  Align=00001  Fill=0000
sprite.o:
    CODE              Offs=00321E  Size=000330  Align=00001  Fill=0000
    BSS               Offs=000777  Size=000006  Align=00001  Fill=0000
starport.o:
    CODE              Offs=00354E  Size=0002D0  Align=00001  Fill=0000
    RODATA            Offs=000BD3  Size=000135  Align=00001  Fill=0000
survey.o:
    CODE              Offs=00381E  Size=000142  Align=00001  Fill=0000
    RODATA            Offs=000D08  Size=0000CC  Align=00001  Fill=0000
trade.o:
    CODE              Offs=003960  Size=00079C  Align=00001  Fill=0000
    RODATA            Offs=000DD4  Size=0000BA  Align=00001  Fill=0000
    DATA              Offs=000131  Size=000010  Align=00001  Fill=0000
wilderness.o:
    CODE              Offs=0040FC  Size=000160  Align=00001  Fill=0000
    RODATA            Offs=000E8E  Size=000148  Align=00001  Fill=0000
world.o:
    CODE              Offs=00425C  Size=000956  Align=00001  Fill=0000
    RODATA            Offs=000FD6  Size=00021B  Align=00001  Fill=0000
    BSS               Offs=00077D  Size=000960  Align=00001  Fill=0000
    DATA              Offs=000141  Size=000065  Align=00001  Fill=0000
/Users/rje/git/cc65/lib/cx16.lib(_cursor.o):
    BSS               Offs=0010DD  Size=000001  Align=00001  Fill=0000
/Users/rje/git/cc65/lib/cx16.lib(_heap.o):
    DATA              Offs=0001A6  Size=00000A  Align=00001  Fill=0000
    ONCE              Offs=000000  Size=000010  Align=00001  Fill=0000
/Users/rje/git/cc65/lib/cx16.lib(_heapmemavail.o):
    CODE              Offs=004BB2  Size=00004E  Align=00001  Fill=0000
/Users/rje/git/cc65/lib/cx16.lib(_hextab.o):
    RODATA            Offs=0011F1  Size=000010  Align=00001  Fill=0000
/Users/rje/git/cc65/lib/cx16.lib(_longminstr.o):
    RODATA            Offs=001201  Size=00000C  Align=00001  Fill=0000
/Users/rje/git/cc65/lib/cx16.lib(_oserror.o):
    BSS               Offs=0010DE  Size=000001  Align=00001  Fill=0000
/Users/rje/git/cc65/lib/cx16.lib(_printf.o):
    CODE              Offs=004C00  Size=0003A5  Align=00001  Fill=0000
    BSS               Offs=0010DF  Size=00002B  Align=00001  Fill=0000
    DATA              Offs=0001B0  Size=000003  Align=00001  Fill=0000
/Users/rje/git/cc65/lib/cx16.lib(_sys.o):
    CODE              Offs=004FA5  Size=000044  Align=00001  Fill=0000
/Users/rje/git/cc65/lib/cx16.lib(add.o):
    CODE              Offs=004FE9  Size=000018  Align=00001  Fill=0000
/Users/rje/git/cc65/lib/cx16.lib(addeqsp.o):
    CODE              Offs=005001  Size=000011  Align=00001  Fill=0000
/Users/rje/git/cc65/lib/cx16.lib(addysp.o):
    CODE              Offs=005012  Size=00000E  Align=00001  Fill=0000
/Users/rje/git/cc65/lib/cx16.lib(aslax1.o):
    CODE              Offs=005020  Size=000008  Align=00001  Fill=0000
/Users/rje/git/cc65/lib/cx16.lib(aslax2.o):
    CODE              Offs=005028  Size=00000B  Align=00001  Fill=0000
/Users/rje/git/cc65/lib/cx16.lib(aslax3.o):
    CODE              Offs=005033  Size=00000E  Align=00001  Fill=0000
/Users/rje/git/cc65/lib/cx16.lib(aslax4.o):
    CODE              Offs=005041  Size=000011  Align=00001  Fill=0000
/Users/rje/git/cc65/lib/cx16.lib(asleax1.o):
    CODE              Offs=005052  Size=00000C  Align=00001  Fill=0000
/Users/rje/git/cc65/lib/cx16.lib(asleax3.o):
    CODE              Offs=00505E  Size=00001A  Align=00001  Fill=0000
/Users/rje/git/cc65/lib/cx16.lib(asleax4.o):
    CODE              Offs=005078  Size=000011  Align=00001  Fill=0000
/Users/rje/git/cc65/lib/cx16.lib(asrax1.o):
    CODE              Offs=005089  Size=00000A  Align=00001  Fill=0000
/Users/rje/git/cc65/lib/cx16.lib(asrax4.o):
    CODE              Offs=005093  Size=000019  Align=00001  Fill=0000
/Users/rje/git/cc65/lib/cx16.lib(axlong.o):
    CODE              Offs=0050AC  Size=00000D  Align=00001  Fill=0000
/Users/rje/git/cc65/lib/cx16.lib(c_bsout.o):
/Users/rje/git/cc65/lib/cx16.lib(c_load.o):
    CODE              Offs=0050B9  Size=00001D  Align=00001  Fill=0000
/Users/rje/git/cc65/lib/cx16.lib(c_setlfs.o):
    CODE              Offs=0050D6  Size=00000E  Align=00001  Fill=0000
/Users/rje/git/cc65/lib/cx16.lib(c_setnam.o):
    CODE              Offs=0050E4  Size=000013  Align=00001  Fill=0000
/Users/rje/git/cc65/lib/cx16.lib(callmain.o):
    CODE              Offs=0050F7  Size=000017  Align=00001  Fill=0000
    DATA              Offs=0001B3  Size=000004  Align=00001  Fill=0000
/Users/rje/git/cc65/lib/cx16.lib(cclear.o):
    CODE              Offs=00510E  Size=000015  Align=00001  Fill=0000
/Users/rje/git/cc65/lib/cx16.lib(cgetc.o):
    CODE              Offs=005123  Size=000067  Align=00001  Fill=0000
/Users/rje/git/cc65/lib/cx16.lib(chline.o):
    CODE              Offs=00518A  Size=000015  Align=00001  Fill=0000
/Users/rje/git/cc65/lib/cx16.lib(clinechars.o):
/Users/rje/git/cc65/lib/cx16.lib(clock.o):
    CODE              Offs=00519F  Size=00000F  Align=00001  Fill=0000
/Users/rje/git/cc65/lib/cx16.lib(clrscr.o):
    CODE              Offs=0051AE  Size=000011  Align=00001  Fill=0000
/Users/rje/git/cc65/lib/cx16.lib(color.o):
    CODE              Offs=0051BF  Size=00002A  Align=00001  Fill=0000
/Users/rje/git/cc65/lib/cx16.lib(condes.o):
    CODE              Offs=0051E9  Size=00000C  Align=00001  Fill=0000
    DATA              Offs=0001B7  Size=000025  Align=00001  Fill=0000
    ONCE              Offs=000010  Size=00000C  Align=00001  Fill=0000
/Users/rje/git/cc65/lib/cx16.lib(cprintf.o):
    CODE              Offs=0051F5  Size=00002A  Align=00001  Fill=0000
    BSS               Offs=00110A  Size=000001  Align=00001  Fill=0000
/Users/rje/git/cc65/lib/cx16.lib(cputc.o):
    CODE              Offs=00521F  Size=000062  Align=00001  Fill=0000
    RODATA            Offs=00120D  Size=000008  Align=00001  Fill=0000
/Users/rje/git/cc65/lib/cx16.lib(cputs.o):
    CODE              Offs=005281  Size=000023  Align=00001  Fill=0000
/Users/rje/git/cc65/lib/cx16.lib(crt0.o):
    STARTUP           Offs=000000  Size=000021  Align=00001  Fill=0000
    ONCE              Offs=00001C  Size=00001B  Align=00001  Fill=0000
    INIT              Offs=000000  Size=000002  Align=00001  Fill=0000
/Users/rje/git/cc65/lib/cx16.lib(ctype.o):
    RODATA            Offs=001215  Size=00008B  Align=00001  Fill=0000
/Users/rje/git/cc65/lib/cx16.lib(ctypemask.o):
    CODE              Offs=0052A4  Size=00001E  Align=00001  Fill=0000
/Users/rje/git/cc65/lib/cx16.lib(decax1.o):
    CODE              Offs=0052C2  Size=000007  Align=00001  Fill=0000
/Users/rje/git/cc65/lib/cx16.lib(decax2.o):
    CODE              Offs=0052C9  Size=000007  Align=00001  Fill=0000
/Users/rje/git/cc65/lib/cx16.lib(decax3.o):
    CODE              Offs=0052D0  Size=000007  Align=00001  Fill=0000
/Users/rje/git/cc65/lib/cx16.lib(decaxy.o):
    CODE              Offs=0052D7  Size=000009  Align=00001  Fill=0000
/Users/rje/git/cc65/lib/cx16.lib(decsp1.o):
    CODE              Offs=0052E0  Size=000009  Align=00001  Fill=0000
/Users/rje/git/cc65/lib/cx16.lib(decsp2.o):
    CODE              Offs=0052E9  Size=00000D  Align=00001  Fill=0000
/Users/rje/git/cc65/lib/cx16.lib(decsp4.o):
    CODE              Offs=0052F6  Size=00000D  Align=00001  Fill=0000
/Users/rje/git/cc65/lib/cx16.lib(decsp6.o):
    CODE              Offs=005303  Size=00000D  Align=00001  Fill=0000
/Users/rje/git/cc65/lib/cx16.lib(decsp7.o):
    CODE              Offs=005310  Size=00000D  Align=00001  Fill=0000
/Users/rje/git/cc65/lib/cx16.lib(decsp8.o):
    CODE              Offs=00531D  Size=00000D  Align=00001  Fill=0000
/Users/rje/git/cc65/lib/cx16.lib(div.o):
    CODE              Offs=00532A  Size=000015  Align=00001  Fill=0000
/Users/rje/git/cc65/lib/cx16.lib(exehdr.o):
    EXEHDR            Offs=000000  Size=00000C  Align=00001  Fill=0000
/Users/rje/git/cc65/lib/cx16.lib(gotox.o):
    CODE              Offs=00533F  Size=000006  Align=00001  Fill=0000
/Users/rje/git/cc65/lib/cx16.lib(gotoxy.o):
    CODE              Offs=005345  Size=00000F  Align=00001  Fill=0000
/Users/rje/git/cc65/lib/cx16.lib(icmp.o):
    CODE              Offs=005354  Size=00002E  Align=00001  Fill=0000
/Users/rje/git/cc65/lib/cx16.lib(incax2.o):
    CODE              Offs=005382  Size=000007  Align=00001  Fill=0000
/Users/rje/git/cc65/lib/cx16.lib(incax3.o):
    CODE              Offs=005389  Size=000005  Align=00001  Fill=0000
/Users/rje/git/cc65/lib/cx16.lib(incax5.o):
    CODE              Offs=00538E  Size=000005  Align=00001  Fill=0000
/Users/rje/git/cc65/lib/cx16.lib(incax6.o):
    CODE              Offs=005393  Size=000005  Align=00001  Fill=0000
/Users/rje/git/cc65/lib/cx16.lib(incax7.o):
    CODE              Offs=005398  Size=000005  Align=00001  Fill=0000
/Users/rje/git/cc65/lib/cx16.lib(incaxy.o):
    CODE              Offs=00539D  Size=00000B  Align=00001  Fill=0000
/Users/rje/git/cc65/lib/cx16.lib(incsp1.o):
    CODE              Offs=0053A8  Size=000007  Align=00001  Fill=0000
/Users/rje/git/cc65/lib/cx16.lib(incsp2.o):
    CODE              Offs=0053AF  Size=000015  Align=00001  Fill=0000
/Users/rje/git/cc65/lib/cx16.lib(incsp3.o):
    CODE              Offs=0053C4  Size=000005  Align=00001  Fill=0000
/Users/rje/git/cc65/lib/cx16.lib(incsp4.o):
    CODE              Offs=0053C9  Size=000005  Align=00001  Fill=0000
/Users/rje/git/cc65/lib/cx16.lib(incsp5.o):
    CODE              Offs=0053CE  Size=000005  Align=00001  Fill=0000
/Users/rje/git/cc65/lib/cx16.lib(incsp6.o):
    CODE              Offs=0053D3  Size=000005  Align=00001  Fill=0000
/Users/rje/git/cc65/lib/cx16.lib(incsp7.o):
    CODE              Offs=0053D8  Size=000005  Align=00001  Fill=0000
/Users/rje/git/cc65/lib/cx16.lib(jmpvec.o):
    DATA              Offs=0001DC  Size=000003  Align=00001  Fill=0000
/Users/rje/git/cc65/lib/cx16.lib(kbhit.o):
    CODE              Offs=0053DD  Size=000005  Align=00001  Fill=0000
/Users/rje/git/cc65/lib/cx16.lib(kernal.o):
/Users/rje/git/cc65/lib/cx16.lib(ladd.o):
    CODE              Offs=0053E2  Size=000024  Align=00001  Fill=0000
/Users/rje/git/cc65/lib/cx16.lib(laddeq.o):
    CODE              Offs=005406  Size=00002C  Align=00001  Fill=0000
/Users/rje/git/cc65/lib/cx16.lib(laddeqsp.o):
    CODE              Offs=005432  Size=000023  Align=00001  Fill=0000
/Users/rje/git/cc65/lib/cx16.lib(lcmp.o):
    CODE              Offs=005455  Size=00003B  Align=00001  Fill=0000
/Users/rje/git/cc65/lib/cx16.lib(ldai.o):
    CODE              Offs=005490  Size=00000C  Align=00001  Fill=0000
/Users/rje/git/cc65/lib/cx16.lib(ldaxi.o):
    CODE              Offs=00549C  Size=00000D  Align=00001  Fill=0000
/Users/rje/git/cc65/lib/cx16.lib(ldaxsp.o):
    CODE              Offs=0054A9  Size=000009  Align=00001  Fill=0000
/Users/rje/git/cc65/lib/cx16.lib(ldeaxi.o):
    CODE              Offs=0054B2  Size=000017  Align=00001  Fill=0000
/Users/rje/git/cc65/lib/cx16.lib(ldeaxysp.o):
    CODE              Offs=0054C9  Size=000013  Align=00001  Fill=0000
/Users/rje/git/cc65/lib/cx16.lib(ldiv.o):
    CODE              Offs=0054DC  Size=00001C  Align=00001  Fill=0000
/Users/rje/git/cc65/lib/cx16.lib(leaaxsp.o):
    CODE              Offs=0054F8  Size=00000C  Align=00001  Fill=0000
/Users/rje/git/cc65/lib/cx16.lib(lge.o):
    CODE              Offs=005504  Size=000006  Align=00001  Fill=0000
/Users/rje/git/cc65/lib/cx16.lib(lgt.o):
    CODE              Offs=00550A  Size=000006  Align=00001  Fill=0000
/Users/rje/git/cc65/lib/cx16.lib(linc.o):
    CODE              Offs=005510  Size=000011  Align=00001  Fill=0000
/Users/rje/git/cc65/lib/cx16.lib(lmul.o):
    CODE              Offs=005521  Size=000059  Align=00001  Fill=0000
/Users/rje/git/cc65/lib/cx16.lib(lneg.o):
    CODE              Offs=00557A  Size=00001E  Align=00001  Fill=0000
/Users/rje/git/cc65/lib/cx16.lib(loadaddr.o):
    LOADADDR          Offs=000000  Size=000002  Align=00001  Fill=0000
/Users/rje/git/cc65/lib/cx16.lib(lor.o):
    CODE              Offs=005598  Size=000021  Align=00001  Fill=0000
/Users/rje/git/cc65/lib/cx16.lib(lpush.o):
    CODE              Offs=0055B9  Size=00001E  Align=00001  Fill=0000
/Users/rje/git/cc65/lib/cx16.lib(lshelp.o):
    CODE              Offs=0055D7  Size=000052  Align=00001  Fill=0000
/Users/rje/git/cc65/lib/cx16.lib(lsub.o):
    CODE              Offs=005629  Size=000024  Align=00001  Fill=0000
/Users/rje/git/cc65/lib/cx16.lib(lsubeq.o):
    CODE              Offs=00564D  Size=000030  Align=00001  Fill=0000
/Users/rje/git/cc65/lib/cx16.lib(ltoa.o):
    CODE              Offs=00567D  Size=000093  Align=00001  Fill=0000
/Users/rje/git/cc65/lib/cx16.lib(ludiv.o):
    CODE              Offs=005710  Size=000077  Align=00001  Fill=0000
/Users/rje/git/cc65/lib/cx16.lib(lumod.o):
    CODE              Offs=005787  Size=000017  Align=00001  Fill=0000
/Users/rje/git/cc65/lib/cx16.lib(lxor.o):
    CODE              Offs=00579E  Size=000021  Align=00001  Fill=0000
/Users/rje/git/cc65/lib/cx16.lib(makebool.o):
    CODE              Offs=0057BF  Size=00002C  Align=00001  Fill=0000
/Users/rje/git/cc65/lib/cx16.lib(memcpy.o):
    CODE              Offs=0057EB  Size=00003C  Align=00001  Fill=0000
/Users/rje/git/cc65/lib/cx16.lib(mod.o):
    CODE              Offs=005827  Size=000011  Align=00001  Fill=0000
/Users/rje/git/cc65/lib/cx16.lib(mul.o):
    CODE              Offs=005838  Size=000045  Align=00001  Fill=0000
/Users/rje/git/cc65/lib/cx16.lib(mul8.o):
    CODE              Offs=00587D  Size=00003A  Align=00001  Fill=0000
/Users/rje/git/cc65/lib/cx16.lib(mulax10.o):
    CODE              Offs=0058B7  Size=000019  Align=00001  Fill=0000
/Users/rje/git/cc65/lib/cx16.lib(mulax3.o):
    CODE              Offs=0058D0  Size=000011  Align=00001  Fill=0000
/Users/rje/git/cc65/lib/cx16.lib(mulax6.o):
    CODE              Offs=0058E1  Size=000016  Align=00001  Fill=0000
/Users/rje/git/cc65/lib/cx16.lib(mulax7.o):
    CODE              Offs=0058F7  Size=000019  Align=00001  Fill=0000
/Users/rje/git/cc65/lib/cx16.lib(mulax9.o):
    CODE              Offs=005910  Size=000017  Align=00001  Fill=0000
/Users/rje/git/cc65/lib/cx16.lib(negabs.o):
    CODE              Offs=005927  Size=000012  Align=00001  Fill=0000
/Users/rje/git/cc65/lib/cx16.lib(or.o):
    CODE              Offs=005939  Size=000011  Align=00001  Fill=0000
/Users/rje/git/cc65/lib/cx16.lib(popa.o):
    CODE              Offs=00594A  Size=00000A  Align=00001  Fill=0000
/Users/rje/git/cc65/lib/cx16.lib(popptr1.o):
    CODE              Offs=005954  Size=00000E  Align=00001  Fill=0000
/Users/rje/git/cc65/lib/cx16.lib(push1.o):
    CODE              Offs=005962  Size=000005  Align=00001  Fill=0000
/Users/rje/git/cc65/lib/cx16.lib(pusha.o):
    CODE              Offs=005967  Size=000016  Align=00001  Fill=0000
/Users/rje/git/cc65/lib/cx16.lib(pushax.o):
    CODE              Offs=00597D  Size=00001A  Align=00001  Fill=0000
/Users/rje/git/cc65/lib/cx16.lib(pushw.o):
    CODE              Offs=005997  Size=00000F  Align=00001  Fill=0000
/Users/rje/git/cc65/lib/cx16.lib(pushwsp.o):
    CODE              Offs=0059A6  Size=00001C  Align=00001  Fill=0000
/Users/rje/git/cc65/lib/cx16.lib(rand.o):
    CODE              Offs=0059C2  Size=000034  Align=00001  Fill=0000
    DATA              Offs=0001DF  Size=000004  Align=00001  Fill=0000
/Users/rje/git/cc65/lib/cx16.lib(randomize.o):
    CODE              Offs=0059F6  Size=000006  Align=00001  Fill=0000
/Users/rje/git/cc65/lib/cx16.lib(revers.o):
    CODE              Offs=0059FC  Size=000013  Align=00001  Fill=0000
/Users/rje/git/cc65/lib/cx16.lib(shelp.o):
    CODE              Offs=005A0F  Size=000020  Align=00001  Fill=0000
/Users/rje/git/cc65/lib/cx16.lib(shrax1.o):
    CODE              Offs=005A2F  Size=000008  Align=00001  Fill=0000
/Users/rje/git/cc65/lib/cx16.lib(shrax3.o):
    CODE              Offs=005A37  Size=00000E  Align=00001  Fill=0000
/Users/rje/git/cc65/lib/cx16.lib(shrax4.o):
    CODE              Offs=005A45  Size=000011  Align=00001  Fill=0000
/Users/rje/git/cc65/lib/cx16.lib(shreax1.o):
    CODE              Offs=005A56  Size=00000C  Align=00001  Fill=0000
/Users/rje/git/cc65/lib/cx16.lib(shreax3.o):
    CODE              Offs=005A62  Size=00001A  Align=00001  Fill=0000
/Users/rje/git/cc65/lib/cx16.lib(shreax4.o):
    CODE              Offs=005A7C  Size=000011  Align=00001  Fill=0000
/Users/rje/git/cc65/lib/cx16.lib(sleep.o):
    CODE              Offs=005A8D  Size=000043  Align=00001  Fill=0000
/Users/rje/git/cc65/lib/cx16.lib(sprites_enable.o):
    CODE              Offs=005AD0  Size=00001F  Align=00001  Fill=0000
/Users/rje/git/cc65/lib/cx16.lib(staspidx.o):
    CODE              Offs=005AEF  Size=000016  Align=00001  Fill=0000
/Users/rje/git/cc65/lib/cx16.lib(staxsp.o):
    CODE              Offs=005B05  Size=00000B  Align=00001  Fill=0000
/Users/rje/git/cc65/lib/cx16.lib(steaxsp.o):
    CODE              Offs=005B10  Size=000015  Align=00001  Fill=0000
/Users/rje/git/cc65/lib/cx16.lib(steaxspi.o):
    CODE              Offs=005B25  Size=000022  Align=00001  Fill=0000
/Users/rje/git/cc65/lib/cx16.lib(strcpy.o):
    CODE              Offs=005B47  Size=00001F  Align=00001  Fill=0000
/Users/rje/git/cc65/lib/cx16.lib(strlen.o):
    CODE              Offs=005B66  Size=000016  Align=00001  Fill=0000
/Users/rje/git/cc65/lib/cx16.lib(strlower.o):
    CODE              Offs=005B7C  Size=000027  Align=00001  Fill=0000
/Users/rje/git/cc65/lib/cx16.lib(strncpy.o):
    CODE              Offs=005BA3  Size=000042  Align=00001  Fill=0000
/Users/rje/git/cc65/lib/cx16.lib(sub.o):
    CODE              Offs=005BE5  Size=000014  Align=00001  Fill=0000
/Users/rje/git/cc65/lib/cx16.lib(subeqsp.o):
    CODE              Offs=005BF9  Size=000015  Align=00001  Fill=0000
/Users/rje/git/cc65/lib/cx16.lib(subysp.o):
    CODE              Offs=005C0E  Size=00000D  Align=00001  Fill=0000
/Users/rje/git/cc65/lib/cx16.lib(toslong.o):
    CODE              Offs=005C1B  Size=000032  Align=00001  Fill=0000
/Users/rje/git/cc65/lib/cx16.lib(udiv.o):
    CODE              Offs=005C4D  Size=00004F  Align=00001  Fill=0000
/Users/rje/git/cc65/lib/cx16.lib(umod.o):
    CODE              Offs=005C9C  Size=000011  Align=00001  Fill=0000
/Users/rje/git/cc65/lib/cx16.lib(vcprintf.o):
    CODE              Offs=005CAD  Size=000078  Align=00001  Fill=0000
    DATA              Offs=0001E3  Size=000008  Align=00001  Fill=0000
/Users/rje/git/cc65/lib/cx16.lib(zerobss.o):
    CODE              Offs=005D25  Size=000023  Align=00001  Fill=0000
/Users/rje/git/cc65/lib/cx16.lib(zeropage.o):
    ZEROPAGE          Offs=000000  Size=00001A  Align=00001  Fill=0000


Segment list:
-------------
Name                   Start     End    Size  Align
----------------------------------------------------
ZEROPAGE              000022  00003B  00001A  00001
LOADADDR              0007FF  000800  000002  00001
EXEHDR                000801  00080C  00000C  00001
STARTUP               00080D  00082D  000021  00001
CODE                  00082E  006575  005D48  00001
RODATA                006576  007815  0012A0  00001
DATA                  007816  007A00  0001EB  00001
INIT                  007A01  007A02  000002  00001
BSS                   007A03  008B0D  00110B  00001
ONCE                  007A03  007A3D  00003B  00001


Exports list by name:
---------------------
BSOUT                     00FFD2 RLA    CHROUT                    00FFD2 RLA    
ENTROPY_GET               00FECF RLA    GETIN                     00FFE4 RLA    
KBDBUF_PEEK               00FEBD RLA    LOAD                      00FFD5 RLA    
PLOT                      00FFF0 RLA    RDTIM                     00FFDE RLA    
SETLFS                    00FFBA RLA    SETNAM                    00FFBD RLA    
SETTIM                    00FFDB RLA    __BSS_RUN__               007A03 RLA    
__BSS_SIZE__              00110B REA    __CONSTRUCTOR_COUNT__     000002 REA    
__CONSTRUCTOR_TABLE__     007A3A RLA    __DESTRUCTOR_COUNT__      000000 REA    
__DESTRUCTOR_TABLE__      007816 RLA    __EXEHDR__                000001 REA    
__HEADER_LAST__           00080D RLA    __HIMEM__                 009F00 REA    
__LOADADDR__              000001 REA    __MAIN_SIZE__             0096F3 REA    
__MAIN_START__            00080D RLA    __ONCE_RUN__              007A03 RLA    
__STACKSIZE__             000800 REA    __STARTUP__               000001 REA    
__ctype                   00778B RLA    __ctypeidx                007796 RLA    
__heapend                 0079C0 RLA    __heapfirst               0079C2 RLA    
__heapmemavail            0053E0 RLA    __heapptr                 0079BE RLA    
__hextab                  007767 RLA    __longminstr              007777 RLA    
__oserror                 008AE1 RLA    __printf                  005521 RLA    
__randomize               006224 RLA    __sys                     0057D3 RLA    
_abs                      006155 RLA    _admin                    007820 RLA    
_astrogator               007821 RLA    _bgcolor                  005A00 RLA    
_bookPassengersAndPayCrew 002CB2 RLA    _burtle32                 000F41 RLA    
_cargo                    007A60 RLA    _cbm_k_bsout              00FFD2 RLA    
_cbm_k_load               0058E7 RLA    _cbm_k_setlfs             005904 RLA    
_cbm_k_setnam             005912 RLA    _cclear                   005941 RLA    
_cclearxy                 00593C RLA    _cgetc                    005951 RLA    
_chline                   0059BD RLA    _chlinexy                 0059B8 RLA    
_clock                    0059D4 RLA    _clrscr                   0059DC RLA    
_cost                     007FC1 RLA    _cprintf                  005A23 RLA    
_cputc                    005A52 RLA    _cputcxy                  005A4D RLA    
_cputs                    005AB9 RLA    _cputsxy                  005AAF RLA    
_current                  007AA6 RLA    _destination              007AEC RLA    
_diceRoll                 00110E RLA    _diceRoll2d               0010AB RLA    
_diceRoll3d               0010D3 RLA    _drawPanel                002B49 RLA    
_drawWorld                004CB4 RLA    _engineer                 007822 RLA    
_exit                     00081A RLA    _findHighestSkillFor      0012C4 RLA    
_getEmplacementName       001140 RLA    _getHits                  00124A RLA    
_getHoldFree              00418E RLA    _getMaxHits               0011EA RLA    
_getMinHits               0011C6 RLA    _getStatusLabel           000C29 RLA    
_getWeaponName            0011B4 RLA    _getWorld                 004E0F RLA    
_gotox                    005B6D RLA    _gotoxy                   005B76 RLA    
_greenline                001004 RLA    _gunner                   007823 RLA    
_hcr                      007818 RLA    _hire                     0012B2 RLA    
_hitsInNextTurn           00127B RLA    _insystem_headForJumpPoint 001D38 RLA    
_jamison                  007FB2 RLA    _jump                     001E9E RLA    
_jumpmapSetDestination    00214A RLA    _jumpmapShow              0020AA RLA    
_kbhit                    005C0B RLA    _landAtShipyard           00380E RLA    
_landAtStarport           003D7C RLA    _liaison                  007824 RLA    
_ltoa                     005EC3 RLA    _main                     000ADB RLA    
_maneuver                 00280C RLA    _medic                    007825 RLA    
_memcpy                   006019 RLA    _menu_run                 002906 RLA    
_name_generate            002A64 RLA    _parsecDistance           000F53 RLA    
_pay_period               007A5F RLA    _pilot                    007826 RLA    
_playerAchievementLevel   007816 RLA    _playerDifficultyLevel    007817 RLA    
_pressReturnAndClear      001083 RLA    _printAlarmBar            000BC4 RLA    
_printBankedText          000D50 RLA    _rand                     0061FC RLA    
_readShip                 00378E RLA    _redline                  000FFA RLA    
_revers                   00622A RLA    _setWorldStatus           005000 RLA    
_ship                     007A03 RLA    _shipDamage               007A49 RLA    
_shipState                007A33 RLA    _ship_countEmplacements   0037CF RLA    
_ship_describe            00346C RLA    _ship_init                003457 RLA    
_ship_loadImageFromIndex  0035AA RLA    _showCurrentLocation      0027A0 RLA    
_showShipStatus           00333F RLA    _showShipSummary          003221 RLA    
_sleep                    0062BB RLA    _sprite_define            003A75 RLA    
_sprite_loadToVERA        003A4C RLA    _srand                    0061F0 RLA    
_starport                 007B33 RLA    _statusLine               001022 RLA    
_steward                  007827 RLA    _strcpy                   006375 RLA    
_streetwise               007828 RLA    _strlen                   006394 RLA    
_strlower                 0063AA RLA    _strncpy                  0063D1 RLA    
_survey                   00404C RLA    _textcolor                0059ED RLA    
_titleLine                00100E RLA    _toDefaultColor           00107E RLA    
_trade_calculateMarketPrices 0041E4 RLA    _trade_speculate          00439E RLA    
_ultoa                    005F02 RLA    _vcprintf                 006523 RLA    
_vera_sprites_enable      0062FE RLA    _wilderness_refuel        00492A RLA    
_world_describe           004EDC RLA    _world_drawPlanetoid      00509E RLA    
_world_setGasGiantPalette 004C74 RLA    _world_setRockballPalette 004C7F RLA    
addeq0sp                  00582F RLA    addeqysp                  005831 RLA    
addysp                    005841 RLA    addysp1                   005840 RLA    
aslax1                    00584E RLA    aslax2                    005856 RLA    
aslax3                    005861 RLA    aslax4                    00586F RLA    
asrax1                    0058B7 RLA    asrax4                    0058C1 RLA    
axlong                    0058DA RLA    axulong                   0058E0 RLA    
booleq                    005FF3 RLA    boolge                    006004 RLA    
boolgt                    006002 RLA    boolule                   00600A RLA    
callmain                  005925 RLA    chlinechar                000040 REZ    
cputdirect                005A65 RLA    ctypemaskdirect           005AD6 RLA    
cursor                    008AE0 RLA    decax1                    005AF0 RLA    
decax2                    005AF7 RLA    decax3                    005AFE RLA    
decaxy                    005B05 RLA    decsp1                    005B0E RLA    
decsp2                    005B17 RLA    decsp4                    005B24 RLA    
decsp6                    005B31 RLA    decsp7                    005B3E RLA    
decsp8                    005B4B RLA    donelib                   005A17 RLA    
getlop                    005F4D RLA    gotoxy                    005B73 RLA    
incax2                    005BB0 RLA    incax3                    005BB7 RLA    
incax4                    005BCB RLA    incax5                    005BBC RLA    
incax6                    005BC1 RLA    incax7                    005BC6 RLA    
incaxy                    005BCD RLA    inceaxy                   005D3E RLA    
incsp1                    005BD6 RLA    incsp2                    005BE4 RLA    
incsp3                    005BF2 RLA    incsp4                    005BF7 RLA    
incsp5                    005BFC RLA    incsp6                    005C01 RLA    
incsp7                    005C06 RLA    initclock                 0059CD  LAI   
initheap                  007A03  LAI   initlib                   007A13 RLA    
jmpvec                    0079F2 RLA    laddeq                    005C3C RLA    
laddeq0sp                 005C60 RLA    ldaidx                    005CBE RLA    
ldax0sp                   005CD7 RLA    ldaxi                     005CCA RLA    
ldaxidx                   005CCC RLA    ldaxysp                   005CD9 RLA    
ldeax0sp                  005CF7 RLA    ldeaxi                    005CE0 RLA    
ldeaxidx                  005CE2 RLA    ldeaxysp                  005CF9 RLA    
leaa0sp                   005D26 RLA    leaaxsp                   005D28 RLA    
lsubeq                    005E83 RLA    mul8x16                   0060AD RLA    
mul8x16a                  0060B7 RLA    mulax10                   0060E5 RLA    
mulax3                    0060FE RLA    mulax6                    00610F RLA    
mulax7                    006125 RLA    mulax9                    00613E RLA    
negax                     006159 RLA    negeax                    005DA8 RLA    
plot                      005A7E RLA    popa                      006178 RLA    
popax                     005BDD RLA    poplsargs                 005E05 RLA    
popptr1                   006182 RLA    popsargsudiv16            00623D RLA    
ptr1                      00002A RLZ    ptr2                      00002C RLZ    
ptr3                      00002E RLZ    ptr4                      000030 RLZ    
push0                     0061AB RLA    push1                     006190 RLA    
pusha                     006199 RLA    pusha0                    0061AD RLA    
pushax                    0061AF RLA    pusheax                   005DEE RLA    
pushl0                    005DE7 RLA    pushw                     0061C5 RLA    
pushw0sp                  0061D4 RLA    pushwysp                  0061D6 RLA    
regbank                   000036 RLZ    shlax1                    00584E RLA    
shlax2                    005856 RLA    shlax4                    00586F RLA    
shleax1                   005880 RLA    shleax3                   00588C RLA    
shleax4                   0058A6 RLA    shrax1                    00625D RLA    
shrax3                    006265 RLA    shrax4                    006273 RLA    
shreax1                   006284 RLA    shreax3                   006290 RLA    
shreax4                   0062AA RLA    sp                        000022 RLZ    
sreg                      000024 RLZ    staspidx                  00631D RLA    
stax0sp                   006333 RLA    staxysp                   006335 RLA    
steax0sp                  00633E RLA    steaxspidx                006353 RLA    
steaxysp                  006340 RLA    subeq0sp                  006427 RLA    
subeqysp                  006429 RLA    subysp                    00643C RLA    
tmp1                      000032 RLZ    tmp2                      000033 RLZ    
tmp3                      000034 RLZ    tmp4                      000035 RLZ    
tosadd0ax                 005C10 RLA    tosaddax                  005819 RLA    
tosaddeax                 005C16 RLA    tosdiv0ax                 005D0A RLA    
tosdiva0                  005B58 RLA    tosdivax                  005B5A RLA    
tosgeeax                  005D32 RLA    tosgteax                  005D38 RLA    
tosicmp                   005B84 RLA    tosicmp0                  005B82 RLA    
toslcmp                   005C83 RLA    tosmoda0                  006055 RLA    
tosmodax                  006057 RLA    tosmul0ax                 005D4F RLA    
tosmula0                  0060AB RLA    tosmulax                  006066 RLA    
tosmuleax                 005D53 RLA    tosorax                   006169 RLA    
tosoreax                  005DCA RLA    tossuba0                  006413 RLA    
tossubax                  006415 RLA    tossubeax                 005E5B RLA    
tosudiva0                 00647B RLA    tosulong                  006449 RLA    
tosumod0ax                005FB5 RLA    tosumoda0                 0064CA RLA    
tosumul0ax                005D4F RLA    tosumula0                 0060AB RLA    
tosumulax                 006066 RLA    tosumuleax                005D53 RLA    
tosxoreax                 005FD0 RLA    udiv16                    00648C RLA    
udiv32                    005F70 RLA    zerobss                   006553 RLA    



Exports list by value:
----------------------
__DESTRUCTOR_COUNT__      000000 REA    __EXEHDR__                000001 REA    
__STARTUP__               000001 REA    __LOADADDR__              000001 REA    
__CONSTRUCTOR_COUNT__     000002 REA    sp                        000022 RLZ    
sreg                      000024 RLZ    ptr1                      00002A RLZ    
ptr2                      00002C RLZ    ptr3                      00002E RLZ    
ptr4                      000030 RLZ    tmp1                      000032 RLZ    
tmp2                      000033 RLZ    tmp3                      000034 RLZ    
tmp4                      000035 RLZ    regbank                   000036 RLZ    
chlinechar                000040 REZ    __STACKSIZE__             000800 REA    
__MAIN_START__            00080D RLA    __HEADER_LAST__           00080D RLA    
_exit                     00081A RLA    _main                     000ADB RLA    
_printAlarmBar            000BC4 RLA    _getStatusLabel           000C29 RLA    
_printBankedText          000D50 RLA    _burtle32                 000F41 RLA    
_parsecDistance           000F53 RLA    _redline                  000FFA RLA    
_greenline                001004 RLA    _titleLine                00100E RLA    
_statusLine               001022 RLA    _toDefaultColor           00107E RLA    
_pressReturnAndClear      001083 RLA    _diceRoll2d               0010AB RLA    
_diceRoll3d               0010D3 RLA    __BSS_SIZE__              00110B REA    
_diceRoll                 00110E RLA    _getEmplacementName       001140 RLA    
_getWeaponName            0011B4 RLA    _getMinHits               0011C6 RLA    
_getMaxHits               0011EA RLA    _getHits                  00124A RLA    
_hitsInNextTurn           00127B RLA    _hire                     0012B2 RLA    
_findHighestSkillFor      0012C4 RLA    _insystem_headForJumpPoint 001D38 RLA    
_jump                     001E9E RLA    _jumpmapShow              0020AA RLA    
_jumpmapSetDestination    00214A RLA    _showCurrentLocation      0027A0 RLA    
_maneuver                 00280C RLA    _menu_run                 002906 RLA    
_name_generate            002A64 RLA    _drawPanel                002B49 RLA    
_bookPassengersAndPayCrew 002CB2 RLA    _showShipSummary          003221 RLA    
_showShipStatus           00333F RLA    _ship_init                003457 RLA    
_ship_describe            00346C RLA    _ship_loadImageFromIndex  0035AA RLA    
_readShip                 00378E RLA    _ship_countEmplacements   0037CF RLA    
_landAtShipyard           00380E RLA    _sprite_loadToVERA        003A4C RLA    
_sprite_define            003A75 RLA    _landAtStarport           003D7C RLA    
_survey                   00404C RLA    _getHoldFree              00418E RLA    
_trade_calculateMarketPrices 0041E4 RLA    _trade_speculate          00439E RLA    
_wilderness_refuel        00492A RLA    _world_setGasGiantPalette 004C74 RLA    
_world_setRockballPalette 004C7F RLA    _drawWorld                004CB4 RLA    
_getWorld                 004E0F RLA    _world_describe           004EDC RLA    
_setWorldStatus           005000 RLA    _world_drawPlanetoid      00509E RLA    
__heapmemavail            0053E0 RLA    __printf                  005521 RLA    
__sys                     0057D3 RLA    tosaddax                  005819 RLA    
addeq0sp                  00582F RLA    addeqysp                  005831 RLA    
addysp1                   005840 RLA    addysp                    005841 RLA    
shlax1                    00584E RLA    aslax1                    00584E RLA    
aslax2                    005856 RLA    shlax2                    005856 RLA    
aslax3                    005861 RLA    shlax4                    00586F RLA    
aslax4                    00586F RLA    shleax1                   005880 RLA    
shleax3                   00588C RLA    shleax4                   0058A6 RLA    
asrax1                    0058B7 RLA    asrax4                    0058C1 RLA    
axlong                    0058DA RLA    axulong                   0058E0 RLA    
_cbm_k_load               0058E7 RLA    _cbm_k_setlfs             005904 RLA    
_cbm_k_setnam             005912 RLA    callmain                  005925 RLA    
_cclearxy                 00593C RLA    _cclear                   005941 RLA    
_cgetc                    005951 RLA    _chlinexy                 0059B8 RLA    
_chline                   0059BD RLA    initclock                 0059CD  LAI   
_clock                    0059D4 RLA    _clrscr                   0059DC RLA    
_textcolor                0059ED RLA    _bgcolor                  005A00 RLA    
donelib                   005A17 RLA    _cprintf                  005A23 RLA    
_cputcxy                  005A4D RLA    _cputc                    005A52 RLA    
cputdirect                005A65 RLA    plot                      005A7E RLA    
_cputsxy                  005AAF RLA    _cputs                    005AB9 RLA    
ctypemaskdirect           005AD6 RLA    decax1                    005AF0 RLA    
decax2                    005AF7 RLA    decax3                    005AFE RLA    
decaxy                    005B05 RLA    decsp1                    005B0E RLA    
decsp2                    005B17 RLA    decsp4                    005B24 RLA    
decsp6                    005B31 RLA    decsp7                    005B3E RLA    
decsp8                    005B4B RLA    tosdiva0                  005B58 RLA    
tosdivax                  005B5A RLA    _gotox                    005B6D RLA    
gotoxy                    005B73 RLA    _gotoxy                   005B76 RLA    
tosicmp0                  005B82 RLA    tosicmp                   005B84 RLA    
incax2                    005BB0 RLA    incax3                    005BB7 RLA    
incax5                    005BBC RLA    incax6                    005BC1 RLA    
incax7                    005BC6 RLA    incax4                    005BCB RLA    
incaxy                    005BCD RLA    incsp1                    005BD6 RLA    
popax                     005BDD RLA    incsp2                    005BE4 RLA    
incsp3                    005BF2 RLA    incsp4                    005BF7 RLA    
incsp5                    005BFC RLA    incsp6                    005C01 RLA    
incsp7                    005C06 RLA    _kbhit                    005C0B RLA    
tosadd0ax                 005C10 RLA    tosaddeax                 005C16 RLA    
laddeq                    005C3C RLA    laddeq0sp                 005C60 RLA    
toslcmp                   005C83 RLA    ldaidx                    005CBE RLA    
ldaxi                     005CCA RLA    ldaxidx                   005CCC RLA    
ldax0sp                   005CD7 RLA    ldaxysp                   005CD9 RLA    
ldeaxi                    005CE0 RLA    ldeaxidx                  005CE2 RLA    
ldeax0sp                  005CF7 RLA    ldeaxysp                  005CF9 RLA    
tosdiv0ax                 005D0A RLA    leaa0sp                   005D26 RLA    
leaaxsp                   005D28 RLA    tosgeeax                  005D32 RLA    
tosgteax                  005D38 RLA    inceaxy                   005D3E RLA    
tosmul0ax                 005D4F RLA    tosumul0ax                005D4F RLA    
tosmuleax                 005D53 RLA    tosumuleax                005D53 RLA    
negeax                    005DA8 RLA    tosoreax                  005DCA RLA    
pushl0                    005DE7 RLA    pusheax                   005DEE RLA    
poplsargs                 005E05 RLA    tossubeax                 005E5B RLA    
lsubeq                    005E83 RLA    _ltoa                     005EC3 RLA    
_ultoa                    005F02 RLA    getlop                    005F4D RLA    
udiv32                    005F70 RLA    tosumod0ax                005FB5 RLA    
tosxoreax                 005FD0 RLA    booleq                    005FF3 RLA    
boolgt                    006002 RLA    boolge                    006004 RLA    
boolule                   00600A RLA    _memcpy                   006019 RLA    
tosmoda0                  006055 RLA    tosmodax                  006057 RLA    
tosmulax                  006066 RLA    tosumulax                 006066 RLA    
tosumula0                 0060AB RLA    tosmula0                  0060AB RLA    
mul8x16                   0060AD RLA    mul8x16a                  0060B7 RLA    
mulax10                   0060E5 RLA    mulax3                    0060FE RLA    
mulax6                    00610F RLA    mulax7                    006125 RLA    
mulax9                    00613E RLA    _abs                      006155 RLA    
negax                     006159 RLA    tosorax                   006169 RLA    
popa                      006178 RLA    popptr1                   006182 RLA    
push1                     006190 RLA    pusha                     006199 RLA    
push0                     0061AB RLA    pusha0                    0061AD RLA    
pushax                    0061AF RLA    pushw                     0061C5 RLA    
pushw0sp                  0061D4 RLA    pushwysp                  0061D6 RLA    
_srand                    0061F0 RLA    _rand                     0061FC RLA    
__randomize               006224 RLA    _revers                   00622A RLA    
popsargsudiv16            00623D RLA    shrax1                    00625D RLA    
shrax3                    006265 RLA    shrax4                    006273 RLA    
shreax1                   006284 RLA    shreax3                   006290 RLA    
shreax4                   0062AA RLA    _sleep                    0062BB RLA    
_vera_sprites_enable      0062FE RLA    staspidx                  00631D RLA    
stax0sp                   006333 RLA    staxysp                   006335 RLA    
steax0sp                  00633E RLA    steaxysp                  006340 RLA    
steaxspidx                006353 RLA    _strcpy                   006375 RLA    
_strlen                   006394 RLA    _strlower                 0063AA RLA    
_strncpy                  0063D1 RLA    tossuba0                  006413 RLA    
tossubax                  006415 RLA    subeq0sp                  006427 RLA    
subeqysp                  006429 RLA    subysp                    00643C RLA    
tosulong                  006449 RLA    tosudiva0                 00647B RLA    
udiv16                    00648C RLA    tosumoda0                 0064CA RLA    
_vcprintf                 006523 RLA    zerobss                   006553 RLA    
__hextab                  007767 RLA    __longminstr              007777 RLA    
__ctype                   00778B RLA    __ctypeidx                007796 RLA    
__DESTRUCTOR_TABLE__      007816 RLA    _playerAchievementLevel   007816 RLA    
_playerDifficultyLevel    007817 RLA    _hcr                      007818 RLA    
_admin                    007820 RLA    _astrogator               007821 RLA    
_engineer                 007822 RLA    _gunner                   007823 RLA    
_liaison                  007824 RLA    _medic                    007825 RLA    
_pilot                    007826 RLA    _steward                  007827 RLA    
_streetwise               007828 RLA    __heapptr                 0079BE RLA    
__heapend                 0079C0 RLA    __heapfirst               0079C2 RLA    
jmpvec                    0079F2 RLA    __BSS_RUN__               007A03 RLA    
initheap                  007A03  LAI   _ship                     007A03 RLA    
__ONCE_RUN__              007A03 RLA    initlib                   007A13 RLA    
_shipState                007A33 RLA    __CONSTRUCTOR_TABLE__     007A3A RLA    
_shipDamage               007A49 RLA    _pay_period               007A5F RLA    
_cargo                    007A60 RLA    _current                  007AA6 RLA    
_destination              007AEC RLA    _starport                 007B33 RLA    
_jamison                  007FB2 RLA    _cost                     007FC1 RLA    
cursor                    008AE0 RLA    __oserror                 008AE1 RLA    
__MAIN_SIZE__             0096F3 REA    __HIMEM__                 009F00 REA    
KBDBUF_PEEK               00FEBD RLA    ENTROPY_GET               00FECF RLA    
SETLFS                    00FFBA RLA    SETNAM                    00FFBD RLA    
_cbm_k_bsout              00FFD2 RLA    BSOUT                     00FFD2 RLA    
CHROUT                    00FFD2 RLA    LOAD                      00FFD5 RLA    
SETTIM                    00FFDB RLA    RDTIM                     00FFDE RLA    
GETIN                     00FFE4 RLA    PLOT                      00FFF0 RLA    



Imports list:
-------------
BSOUT (kernal.o):
    c_bsout.o                 cbm/cbm.inc:49
CHROUT (kernal.o):
    crt0.o                    cx16/crt0.s:10
    clrscr.o                  cx16/clrscr.s:10
    c_bsout.o                 cbm/cbm.inc:50
ENTROPY_GET (kernal.o):
    randomize.o               cx16/randomize.s:10
GETIN (kernal.o):
    cgetc.o                   cx16/cgetc.s:10
KBDBUF_PEEK (kernal.o):
    kbhit.o                   cx16/kbhit.s:10
LOAD (kernal.o):
    c_load.o                  cbm/cbm.inc:37
PLOT (kernal.o):
    cputc.o                   cx16/cputc.s:11
RDTIM (kernal.o):
    clock.o                   cx16/clock.s:11
SETLFS (kernal.o):
    c_setlfs.o                cbm/cbm.inc:33
SETNAM (kernal.o):
    c_setnam.o                cbm/cbm.inc:34
SETTIM (kernal.o):
    clock.o                   cx16/clock.s:11
__BSS_RUN__ ([linker generated]):
    _heap.o                   common/_heap.s:8
    zerobss.o                 common/zerobss.s:8
__BSS_SIZE__ ([linker generated]):
    _heap.o                   common/_heap.s:8
    zerobss.o                 common/zerobss.s:8
__CONSTRUCTOR_COUNT__ ([linker generated]):
    condes.o                  runtime/condes.s:18
__CONSTRUCTOR_TABLE__ ([linker generated]):
    condes.o                  runtime/condes.s:18
__DESTRUCTOR_COUNT__ ([linker generated]):
    condes.o                  runtime/condes.s:19
__DESTRUCTOR_TABLE__ ([linker generated]):
    condes.o                  runtime/condes.s:19
__EXEHDR__ (exehdr.o):
    [linker generated]        /Users/rje/git/cc65/cfg/cx16.cfg:6
__HEADER_LAST__ ([linker generated]):
    [linker generated]        /Users/rje/git/cc65/cfg/cx16.cfg:14
    [linker generated]        /Users/rje/git/cc65/cfg/cx16.cfg:14
__HIMEM__ ([linker generated]):
    [linker generated]        /Users/rje/git/cc65/cfg/cx16.cfg:15
    [linker generated]        /Users/rje/git/cc65/cfg/cx16.cfg:14
__LOADADDR__ (loadaddr.o):
    [linker generated]        /Users/rje/git/cc65/cfg/cx16.cfg:5
__MAIN_SIZE__ ([linker generated]):
    crt0.o                    cx16/crt0.s:11
__MAIN_START__ ([linker generated]):
    crt0.o                    cx16/crt0.s:11
__ONCE_RUN__ ([linker generated]):
    [linker generated]        /Users/rje/git/cc65/cfg/cx16.cfg:15
    [linker generated]        /Users/rje/git/cc65/cfg/cx16.cfg:15
__STACKSIZE__ ([linker generated]):
    _heap.o                   common/_heap.s:8
    [linker generated]        /Users/rje/git/cc65/cfg/cx16.cfg:15
__STARTUP__ (crt0.o):
    main.o                    main.s:13
__ctype (ctype.o):
    ctypemask.o               common/ctypemask.s:23
__ctypeidx (ctype.o):
    ctypemask.o               common/ctypemask.s:24
__heapend (_heap.o):
    _heapmemavail.o           /Users/rje/git/cc65/asminc/_heap.inc:33
__heapfirst (_heap.o):
    _heapmemavail.o           /Users/rje/git/cc65/asminc/_heap.inc:34
__heapmemavail (_heapmemavail.o):
    common.o                  common.s:13
__heapptr (_heap.o):
    _heapmemavail.o           /Users/rje/git/cc65/asminc/_heap.inc:32
__hextab (_hextab.o):
    ltoa.o                    common/ltoa.s:10
__longminstr (_longminstr.o):
    ltoa.o                    common/ltoa.s:10
__oserror (_oserror.o):
    c_load.o                  cbm/c_load.s:10
__printf (_printf.o):
    vcprintf.o                conio/vcprintf.s:9
__randomize (randomize.o):
    hiring_hall.o             hiring_hall.s:22
__sys (_sys.o):
    main.o                    main.s:20
_abs (negabs.o):
    passengers.o              passengers.s:20
    common.o                  common.s:14
_admin (main.o):
    passengers.o              passengers.s:33
_astrogator (main.o):
    passengers.o              passengers.s:34
    jump.o                    jump.s:30
_bgcolor (color.o):
    insystem.o                insystem.s:23
_bookPassengersAndPayCrew (passengers.o):
    jump.o                    jump.s:27
_burtle32 (burtle_jsf32.o):
    trade.o                   trade.s:29
    common.o                  common.s:34
_cargo (main.o):
    trade.o                   trade.s:32
_cbm_k_bsout (c_bsout.o):
    jump.o                    jump.s:13
    bankedText.o              bankedText.s:13
    alarm.o                   alarm.s:13
    main.o                    main.s:15
_cbm_k_load (c_load.o):
    sprite.o                  sprite.s:13
_cbm_k_setlfs (c_setlfs.o):
    sprite.o                  sprite.s:14
_cbm_k_setnam (c_setnam.o):
    sprite.o                  sprite.s:15
_cclear (cclear.o):
    trade.o                   trade.s:21
_cclearxy (cclear.o):
    starport.o                starport.s:20
    jump-map.o                jump-map.s:20
_cgetc (cgetc.o):
    wilderness.o              wilderness.s:19
    trade.o                   trade.s:18
    survey.o                  survey.s:18
    starport.o                starport.s:17
    shipyard.o                shipyard.s:17
    menu.o                    menu.s:17
    jump-map.o                jump-map.s:17
    insystem.o                insystem.s:21
    hiring_hall.o             hiring_hall.s:17
    common.o                  common.s:20
_chline (chline.o):
    jump-map.o                jump-map.s:19
    common.o                  common.s:22
_chlinexy (chline.o):
    hiring_hall.o             hiring_hall.s:19
    common.o                  common.s:23
_clock (clock.o):
    sleep.o                   ../libwrk/cx16/sleep.s:13
    burtle_jsf32.o            burtle_jsf32.s:13
_clrscr (clrscr.o):
    wilderness.o              wilderness.s:13
    trade.o                   trade.s:13
    survey.o                  survey.s:13
    starport.o                starport.s:13
    shipyard.o                shipyard.s:13
    passengers.o              passengers.s:13
    maneuver-map.o            maneuver-map.s:13
    jump.o                    jump.s:14
    insystem.o                insystem.s:15
    hiring_hall.o             hiring_hall.s:13
    common.o                  common.s:15
    main.o                    main.s:16
_cost (alarm.o):
    starport.o                starport.s:35
_cprintf (cprintf.o):
    world.o                   world.s:17
    trade.o                   trade.s:17
    survey.o                  survey.s:17
    starport.o                starport.s:16
    ship.o                    ship.s:14
    passengers.o              passengers.s:17
    jump-map.o                jump-map.s:16
    jump.o                    jump.s:18
    insystem.o                insystem.s:20
    hiring_hall.o             hiring_hall.s:16
    common.o                  common.s:19
    alarm.o                   alarm.s:16
_cputc (cputc.o):
    vcprintf.o                conio/vcprintf.s:9
    cputs.o                   conio/cputs.s:9
    world.o                   world.s:14
    wilderness.o              wilderness.s:15
    menu.o                    menu.s:14
    bankedText.o              bankedText.s:14
_cputcxy (cputc.o):
    world.o                   world.s:15
    wilderness.o              wilderness.s:16
    panel.o                   panel.s:13
    menu.o                    menu.s:15
    jump-map.o                jump-map.s:14
    jump.o                    jump.s:16
_cputs (cputs.o):
    world.o                   world.s:16
    wilderness.o              wilderness.s:17
    trade.o                   trade.s:15
    shipyard.o                shipyard.s:15
    ship.o                    ship.s:13
    passengers.o              passengers.s:16
    menu.o                    menu.s:16
    maneuver-map.o            maneuver-map.s:15
    insystem.o                insystem.s:18
    hiring_hall.o             hiring_hall.s:14
    bankedText.o              bankedText.s:15
_cputsxy (cputs.o):
    wilderness.o              wilderness.s:18
    trade.o                   trade.s:16
    survey.o                  survey.s:16
    starport.o                starport.s:15
    shipyard.o                shipyard.s:16
    panel.o                   panel.s:14
    maneuver-map.o            maneuver-map.s:16
    jump-map.o                jump-map.s:15
    jump.o                    jump.s:17
    insystem.o                insystem.s:19
    hiring_hall.o             hiring_hall.s:15
    common.o                  common.s:18
    alarm.o                   alarm.s:15
    main.o                    main.s:18
_current (main.o):
    wilderness.o              wilderness.s:30
    trade.o                   trade.s:31
    survey.o                  survey.s:26
    shipyard.o                shipyard.s:27
    passengers.o              passengers.s:29
    maneuver-map.o            maneuver-map.s:24
    jump-map.o                jump-map.s:34
    jump.o                    jump.s:31
    insystem.o                insystem.s:34
_destination (main.o):
    passengers.o              passengers.s:30
    maneuver-map.o            maneuver-map.s:25
    jump-map.o                jump-map.s:35
    jump.o                    jump.s:32
_diceRoll (common.o):
    trade.o                   trade.s:24
_diceRoll2d (common.o):
    survey.o                  survey.s:21
    hiring_hall.o             hiring_hall.s:26
_diceRoll3d (common.o):
    survey.o                  survey.s:22
    hiring_hall.o             hiring_hall.s:27
_drawPanel (panel.o):
    starport.o                starport.s:29
    maneuver-map.o            maneuver-map.s:23
    main.o                    main.s:40
_drawWorld (world.o):
    wilderness.o              wilderness.s:25
_engineer (main.o):
    passengers.o              passengers.s:35
_exit (crt0.o):
    insystem.o                insystem.s:14
_findHighestSkillFor (hiring_hall.o):
    main.o                    main.s:31
_getEmplacementName (emplacement.o):
    starport.o                starport.s:27
    ship.o                    ship.s:27
_getHits (emplacement.o):
    insystem.o                insystem.s:32
_getHoldFree (trade.o):
    passengers.o              passengers.s:26
_getMaxHits (emplacement.o):
    ship.o                    ship.s:30
_getMinHits (emplacement.o):
    ship.o                    ship.s:29
_getStatusLabel (alarm.o):
    starport.o                starport.s:26
_getWeaponName (emplacement.o):
    starport.o                starport.s:28
    ship.o                    ship.s:28
_getWorld (world.o):
    jump-map.o                jump-map.s:31
    jump.o                    jump.s:26
    main.o                    main.s:27
_gotox (gotox.o):
    trade.o                   trade.s:14
    survey.o                  survey.s:14
    passengers.o              passengers.s:14
    insystem.o                insystem.s:16
    common.o                  common.s:16
_gotoxy (gotoxy.o):
    world.o                   world.s:13
    wilderness.o              wilderness.s:14
    survey.o                  survey.s:15
    starport.o                starport.s:14
    shipyard.o                shipyard.s:14
    passengers.o              passengers.s:15
    menu.o                    menu.s:13
    maneuver-map.o            maneuver-map.s:14
    jump-map.o                jump-map.s:13
    jump.o                    jump.s:15
    insystem.o                insystem.s:17
    common.o                  common.s:17
    alarm.o                   alarm.s:14
    main.o                    main.s:17
_greenline (common.o):
    passengers.o              passengers.s:21
_gunner (main.o):
    passengers.o              passengers.s:36
_hcr (main.o):
    trade.o                   trade.s:34
    survey.o                  survey.s:28
    starport.o                starport.s:32
    passengers.o              passengers.s:32
    insystem.o                insystem.s:36
_hire (hiring_hall.o):
    main.o                    main.s:30
_hitsInNextTurn (emplacement.o):
    ship.o                    ship.s:31
    insystem.o                insystem.s:33
_insystem_headForJumpPoint (insystem.o):
    jump.o                    jump.s:28
_jamison (main.o):
    jump-map.o                jump-map.s:36
_jump (jump.o):
    main.o                    main.s:25
_jumpmapSetDestination (jump-map.o):
    main.o                    main.s:33
_jumpmapShow (jump-map.o):
    main.o                    main.s:32
_kbhit (kbhit.o):
    cgetc.o                   cx16/cgetc.s:10
_landAtShipyard (shipyard.o):
    main.o                    main.s:28
_landAtStarport (starport.o):
    main.o                    main.s:29
_liaison (main.o):
    passengers.o              passengers.s:37
_ltoa (ltoa.o):
    _printf.o                 common/_printf.s:12
_main (main.o):
    callmain.o                runtime/callmain.s:11
_maneuver (maneuver-map.o):
    main.o                    main.s:37
_medic (main.o):
    passengers.o              passengers.s:38
_memcpy (memcpy.o):
    world.o                   world.s:1533
    trade.o                   trade.s:1146
    ship.o                    ship.s:958
    hiring_hall.o             hiring_hall.s:21
_menu_run (menu.o):
    maneuver-map.o            maneuver-map.s:22
    main.o                    main.s:39
_name_generate (name.o):
    hiring_hall.o             hiring_hall.s:30
_parsecDistance (common.o):
    jump-map.o                jump-map.s:24
    jump.o                    jump.s:23
_pay_period (main.o):
    wilderness.o              wilderness.s:31
    survey.o                  survey.s:27
    passengers.o              passengers.s:31
    jump.o                    jump.s:36
    hiring_hall.o             hiring_hall.s:31
_pilot (main.o):
    world.o                   world.s:32
    passengers.o              passengers.s:39
_playerAchievementLevel (main.o):
    world.o                   world.s:31
    wilderness.o              wilderness.s:32
    maneuver-map.o            maneuver-map.s:26
    jump-map.o                jump-map.s:37
    jump.o                    jump.s:34
    common.o                  common.s:36
    alarm.o                   alarm.s:26
_playerDifficultyLevel (main.o):
    jump.o                    jump.s:35
_pressReturnAndClear (common.o):
    passengers.o              passengers.s:24
_printAlarmBar (alarm.o):
    wilderness.o              wilderness.s:27
    survey.o                  survey.s:23
    maneuver-map.o            maneuver-map.s:21
    jump-map.o                jump-map.s:28
_printBankedText (bankedText.o):
    starport.o                starport.s:30
    jump-map.o                jump-map.s:32
    jump.o                    jump.s:29
    main.o                    main.s:42
_rand (rand.o):
    world.o                   world.s:20
    passengers.o              passengers.s:19
    name.o                    name.s:13
    jump.o                    jump.s:20
    insystem.o                insystem.s:13
    emplacement.o             emplacement.s:13
_readShip (ship.o):
    shipyard.o                shipyard.s:25
    insystem.o                insystem.s:30
_redline (common.o):
    trade.o                   trade.s:22
    hiring_hall.o             hiring_hall.s:23
_revers (revers.o):
    world.o                   world.s:18
    trade.o                   trade.s:19
    starport.o                starport.s:18
_setWorldStatus (world.o):
    survey.o                  survey.s:25
_ship (main.o):
    wilderness.o              wilderness.s:28
    trade.o                   trade.s:30
    survey.o                  survey.s:29
    starport.o                starport.s:31
    shipyard.o                shipyard.s:26
    passengers.o              passengers.s:27
    jump-map.o                jump-map.s:33
    insystem.o                insystem.s:35
    alarm.o                   alarm.s:23
_shipDamage (main.o):
    starport.o                starport.s:34
    alarm.o                   alarm.s:25
_shipState (main.o):
    wilderness.o              wilderness.s:29
    starport.o                starport.s:33
    passengers.o              passengers.s:28
    jump.o                    jump.s:33
    alarm.o                   alarm.s:24
_ship_countEmplacements (ship.o):
    insystem.o                insystem.s:31
_ship_describe (ship.o):
    starport.o                starport.s:24
    shipyard.o                shipyard.s:23
_ship_init (ship.o):
    main.o                    main.s:26
_ship_loadImageFromIndex (ship.o):
    shipyard.o                shipyard.s:24
_showCurrentLocation (maneuver-map.o):
    main.o                    main.s:36
_showShipStatus (ship.o):
    insystem.o                insystem.s:29
_showShipSummary (ship.o):
    starport.o                starport.s:23
    shipyard.o                shipyard.s:22
    insystem.o                insystem.s:28
_sleep (sleep.o):
    world.o                   world.s:30
    jump.o                    jump.s:21
_sprite_define (sprite.o):
    jump-map.o                jump-map.s:30
    main.o                    main.s:35
_sprite_loadToVERA (sprite.o):
    ship.o                    ship.s:26
    jump-map.o                jump-map.s:29
    main.o                    main.s:34
_srand (rand.o):
    randomize.o               cx16/randomize.s:10
_starport (main.o):
    trade.o                   trade.s:33
_statusLine (common.o):
    wilderness.o              wilderness.s:22
    survey.o                  survey.s:20
    shipyard.o                shipyard.s:21
    passengers.o              passengers.s:23
    jump.o                    jump.s:25
    hiring_hall.o             hiring_hall.s:25
    main.o                    main.s:22
_steward (main.o):
    passengers.o              passengers.s:40
_strcpy (strcpy.o):
    hiring_hall.o             hiring_hall.s:20
_streetwise (main.o):
    passengers.o              passengers.s:41
_strlen (strlen.o):
    _printf.o                 common/_printf.s:13
    alarm.o                   alarm.s:17
_strlower (strlower.o):
    _printf.o                 common/_printf.s:13
_strncpy (strncpy.o):
    jump-map.o                jump-map.s:22
_survey (survey.o):
    main.o                    main.s:41
_textcolor (color.o):
    world.o                   world.s:19
    wilderness.o              wilderness.s:20
    trade.o                   trade.s:20
    survey.o                  survey.s:19
    starport.o                starport.s:19
    shipyard.o                shipyard.s:18
    ship.o                    ship.s:15
    passengers.o              passengers.s:18
    menu.o                    menu.s:18
    maneuver-map.o            maneuver-map.s:17
    jump-map.o                jump-map.s:18
    jump.o                    jump.s:19
    insystem.o                insystem.s:22
    hiring_hall.o             hiring_hall.s:18
    common.o                  common.s:21
    main.o                    main.s:19
_titleLine (common.o):
    starport.o                starport.s:22
    shipyard.o                shipyard.s:20
    passengers.o              passengers.s:22
    jump-map.o                jump-map.s:25
    jump.o                    jump.s:24
    insystem.o                insystem.s:24
    hiring_hall.o             hiring_hall.s:24
    alarm.o                   alarm.s:18
    main.o                    main.s:21
_toDefaultColor (common.o):
    trade.o                   trade.s:23
_trade_calculateMarketPrices (trade.o):
    main.o                    main.s:23
_trade_speculate (trade.o):
    main.o                    main.s:24
_ultoa (ltoa.o):
    _printf.o                 common/_printf.s:12
_vcprintf (vcprintf.o):
    cprintf.o                 conio/cprintf.s:8
_vera_sprites_enable (sprites_enable.o):
    main.o                    main.s:14
_wilderness_refuel (wilderness.o):
    main.o                    main.s:38
_world_describe (world.o):
    maneuver-map.o            maneuver-map.s:20
_world_drawPlanetoid (world.o):
    wilderness.o              wilderness.s:26
_world_setGasGiantPalette (world.o):
    wilderness.o              wilderness.s:23
_world_setRockballPalette (world.o):
    wilderness.o              wilderness.s:24
addeq0sp (addeqsp.o):
    world.o                   world.s:1533
    world.o                   world.s:1533
    trade.o                   trade.s:1146
    sprite.o                  sprite.s:503
    passengers.o              passengers.s:801
    passengers.o              passengers.s:801
    passengers.o              passengers.s:801
    panel.o                   panel.s:210
    jump-map.o                jump-map.s:971
    hiring_hall.o             hiring_hall.s:1118
    hiring_hall.o             hiring_hall.s:1118
    bankedText.o              bankedText.s:77
    main.o                    main.s:656
addeqysp (addeqsp.o):
    world.o                   world.s:1533
    world.o                   world.s:1533
    trade.o                   trade.s:1146
    trade.o                   trade.s:1146
    trade.o                   trade.s:1146
    shipyard.o                shipyard.s:372
    passengers.o              passengers.s:801
    name.o                    name.s:138
    jump-map.o                jump-map.s:971
    jump-map.o                jump-map.s:971
    insystem.o                insystem.s:692
    hiring_hall.o             hiring_hall.s:1118
addysp (addysp.o):
    incsp7.o                  runtime/incsp7.s:8
    incsp6.o                  runtime/incsp6.s:8
    incsp5.o                  runtime/incsp5.s:8
    incsp4.o                  runtime/incsp4.s:8
    incsp3.o                  runtime/incsp3.s:8
    cprintf.o                 conio/cprintf.s:8
    world.o                   world.s:1533
    world.o                   world.s:1533
    world.o                   world.s:1533
    passengers.o              passengers.s:801
    panel.o                   panel.s:210
    name.o                    name.s:138
    maneuver-map.o            maneuver-map.s:253
    jump-map.o                jump-map.s:971
    jump-map.o                jump-map.s:971
    jump.o                    jump.s:325
    insystem.o                insystem.s:692
    hiring_hall.o             hiring_hall.s:1118
    common.o                  common.s:415
    burtle_jsf32.o            burtle_jsf32.s:248
    alarm.o                   alarm.s:493
addysp1 (addysp.o):
    sub.o                     runtime/sub.s:8
    or.o                      runtime/or.s:9
    lxor.o                    runtime/lxor.s:9
    ludiv.o                   runtime/ludiv.s:9
    lsub.o                    runtime/lsub.s:11
    lor.o                     runtime/lor.s:9
    lmul.o                    runtime/lmul.s:9
    ladd.o                    runtime/ladd.s:8
aslax1 (aslax1.o):
    world.o                   world.s:1533
    maneuver-map.o            maneuver-map.s:253
    jump-map.o                jump-map.s:971
    hiring_hall.o             hiring_hall.s:1118
    main.o                    main.s:656
aslax2 (aslax2.o):
    world.o                   world.s:1533
    world.o                   world.s:1533
    jump-map.o                jump-map.s:971
    jump-map.o                jump-map.s:971
aslax3 (aslax3.o):
    sprite.o                  sprite.s:503
    sprite.o                  sprite.s:503
    sprite.o                  sprite.s:503
    sprite.o                  sprite.s:503
    sprite.o                  sprite.s:503
    jump-map.o                jump-map.s:971
aslax4 (aslax4.o):
    world.o                   world.s:1533
    world.o                   world.s:1533
    jump-map.o                jump-map.s:971
    jump-map.o                jump-map.s:971
    main.o                    main.s:656
asrax1 (asrax1.o):
    sprite.o                  sprite.s:503
    sprite.o                  sprite.s:503
asrax4 (asrax4.o):
    sprite.o                  sprite.s:503
    sprite.o                  sprite.s:503
axlong (axlong.o):
    _printf.o                 common/_printf.s:11
    passengers.o              passengers.s:801
    insystem.o                insystem.s:692
axulong (axlong.o):
    _printf.o                 common/_printf.s:11
    sleep.o                   ../libwrk/cx16/sleep.s:54
    trade.o                   trade.s:1146
    trade.o                   trade.s:1146
    trade.o                   trade.s:1146
    survey.o                  survey.s:197
    passengers.o              passengers.s:801
booleq (makebool.o):
    shipyard.o                shipyard.s:372
boolge (makebool.o):
    lge.o                     runtime/lge.s:8
boolgt (makebool.o):
    lgt.o                     runtime/lgt.s:8
boolule (makebool.o):
    jump-map.o                jump-map.s:971
callmain (callmain.o):
    crt0.o                    cx16/crt0.s:9
chlinechar (clinechars.o):
    chline.o                  cbm/chline.s:10
cputdirect (cputc.o):
    chline.o                  cbm/chline.s:9
    cclear.o                  cbm/cclear.s:9
ctypemaskdirect (ctypemask.o):
    strlower.o                common/strlower.s:14
cursor (_cursor.o):
    cgetc.o                   cx16/cgetc.s:10
decax1 (decax1.o):
    world.o                   world.s:1533
    maneuver-map.o            maneuver-map.s:253
decax2 (decax2.o):
    trade.o                   trade.s:1146
decax3 (decax3.o):
    hiring_hall.o             hiring_hall.s:1118
decaxy (decaxy.o):
    world.o                   world.s:1533
    ship.o                    ship.s:958
    ship.o                    ship.s:958
    menu.o                    menu.s:211
    insystem.o                insystem.s:692
decsp1 (decsp1.o):
    ship.o                    ship.s:958
    hiring_hall.o             hiring_hall.s:1118
    common.o                  common.s:415
    alarm.o                   alarm.s:493
decsp2 (decsp2.o):
    toslong.o                 runtime/toslong.s:8
    trade.o                   trade.s:1146
    trade.o                   trade.s:1146
    trade.o                   trade.s:1146
    trade.o                   trade.s:1146
    starport.o                starport.s:429
    ship.o                    ship.s:958
    panel.o                   panel.s:210
    jump-map.o                jump-map.s:971
    jump.o                    jump.s:325
    hiring_hall.o             hiring_hall.s:1118
    hiring_hall.o             hiring_hall.s:1118
    hiring_hall.o             hiring_hall.s:1118
    main.o                    main.s:656
decsp4 (decsp4.o):
    lpush.o                   runtime/lpush.s:12
    world.o                   world.s:1533
    world.o                   world.s:1533
    world.o                   world.s:1533
    trade.o                   trade.s:1146
    name.o                    name.s:138
    burtle_jsf32.o            burtle_jsf32.s:248
    main.o                    main.s:656
decsp6 (decsp6.o):
    _printf.o                 common/_printf.s:11
    main.o                    main.s:656
decsp7 (decsp7.o):
    insystem.o                insystem.s:692
decsp8 (decsp8.o):
    world.o                   world.s:1533
donelib (condes.o):
    crt0.o                    cx16/crt0.s:8
getlop (ludiv.o):
    lumod.o                   runtime/lumod.s:9
    lshelp.o                  runtime/lshelp.s:11
gotoxy (gotoxy.o):
    cputs.o                   conio/cputs.s:9
    cputc.o                   cx16/cputc.s:11
    chline.o                  cbm/chline.s:9
    cclear.o                  cbm/cclear.s:9
incax2 (incax2.o):
    sprite.o                  sprite.s:503
    passengers.o              passengers.s:801
    name.o                    name.s:138
    menu.o                    menu.s:211
    hiring_hall.o             hiring_hall.s:1118
incax3 (incax3.o):
    jump-map.o                jump-map.s:971
    hiring_hall.o             hiring_hall.s:1118
incax4 (incaxy.o):
    ship.o                    ship.s:958
    maneuver-map.o            maneuver-map.s:253
    jump-map.o                jump-map.s:971
    jump.o                    jump.s:325
    hiring_hall.o             hiring_hall.s:1118
incax5 (incax5.o):
    world.o                   world.s:1533
    hiring_hall.o             hiring_hall.s:1118
incax6 (incax6.o):
    sprite.o                  sprite.s:503
    sprite.o                  sprite.s:503
    ship.o                    ship.s:958
incax7 (incax7.o):
    ship.o                    ship.s:958
incaxy (incaxy.o):
    incax7.o                  runtime/incax7.s:8
    incax6.o                  runtime/incax6.s:8
    incax5.o                  runtime/incax5.s:8
    incax3.o                  runtime/incax3.s:8
    world.o                   world.s:1533
    world.o                   world.s:1533
    world.o                   world.s:1533
    world.o                   world.s:1533
    world.o                   world.s:1533
    starport.o                starport.s:429
    ship.o                    ship.s:958
    ship.o                    ship.s:958
    ship.o                    ship.s:958
    ship.o                    ship.s:958
    ship.o                    ship.s:958
    passengers.o              passengers.s:801
    menu.o                    menu.s:211
    jump-map.o                jump-map.s:971
    jump-map.o                jump-map.s:971
    jump.o                    jump.s:325
    insystem.o                insystem.s:692
    insystem.o                insystem.s:692
    hiring_hall.o             hiring_hall.s:1118
    hiring_hall.o             hiring_hall.s:1118
    hiring_hall.o             hiring_hall.s:1118
    hiring_hall.o             hiring_hall.s:1118
inceaxy (linc.o):
    common.o                  common.s:415
    common.o                  common.s:415
    common.o                  common.s:415
incsp1 (incsp1.o):
    world.o                   world.s:1533
    world.o                   world.s:1533
    world.o                   world.s:1533
    trade.o                   trade.s:1146
    survey.o                  survey.s:197
    starport.o                starport.s:429
    sprite.o                  sprite.s:503
    shipyard.o                shipyard.s:372
    ship.o                    ship.s:958
    ship.o                    ship.s:958
    jump-map.o                jump-map.s:971
    hiring_hall.o             hiring_hall.s:1118
    hiring_hall.o             hiring_hall.s:1118
    emplacement.o             emplacement.s:385
    emplacement.o             emplacement.s:385
    emplacement.o             emplacement.s:385
    emplacement.o             emplacement.s:385
    common.o                  common.s:415
    alarm.o                   alarm.s:493
    alarm.o                   alarm.s:493
    alarm.o                   alarm.s:493
    alarm.o                   alarm.s:493
incsp2 (incsp2.o):
    staspidx.o                runtime/staspidx.s:8
    popptr1.o                 runtime/popptr1.s:8
    world.o                   world.s:1533
    world.o                   world.s:1533
    world.o                   world.s:1533
    world.o                   world.s:1533
    world.o                   world.s:1533
    trade.o                   trade.s:1146
    trade.o                   trade.s:1146
    trade.o                   trade.s:1146
    trade.o                   trade.s:1146
    trade.o                   trade.s:1146
    trade.o                   trade.s:1146
    survey.o                  survey.s:197
    sprite.o                  sprite.s:503
    shipyard.o                shipyard.s:372
    shipyard.o                shipyard.s:372
    ship.o                    ship.s:958
    ship.o                    ship.s:958
    ship.o                    ship.s:958
    passengers.o              passengers.s:801
    jump-map.o                jump-map.s:971
    jump.o                    jump.s:325
    hiring_hall.o             hiring_hall.s:1118
    common.o                  common.s:415
    main.o                    main.s:656
incsp3 (incsp3.o):
    starport.o                starport.s:429
    starport.o                starport.s:429
    sprite.o                  sprite.s:503
    sprite.o                  sprite.s:503
    sprite.o                  sprite.s:503
    sprite.o                  sprite.s:503
    ship.o                    ship.s:958
    ship.o                    ship.s:958
    ship.o                    ship.s:958
    hiring_hall.o             hiring_hall.s:1118
    hiring_hall.o             hiring_hall.s:1118
    emplacement.o             emplacement.s:385
    emplacement.o             emplacement.s:385
incsp4 (incsp4.o):
    lcmp.o                    runtime/lcmp.s:9
    world.o                   world.s:1533
    trade.o                   trade.s:1146
    trade.o                   trade.s:1146
    sprite.o                  sprite.s:503
    shipyard.o                shipyard.s:372
[...]
    emplacement.o             emplacement.s:385
    common.o                  common.s:415
    burtle_jsf32.o            burtle_jsf32.s:248
    burtle_jsf32.o            burtle_jsf32.s:248
    alarm.o                   alarm.s:493
    main.o                    main.s:656
    main.o                    main.s:656
    main.o                    main.s:656
pusheax (lpush.o):
    _printf.o                 common/_printf.s:11
    sleep.o                   ../libwrk/cx16/sleep.s:54
    trade.o                   trade.s:1146
    trade.o                   trade.s:1146
    trade.o                   trade.s:1146
    trade.o                   trade.s:1146
    survey.o                  survey.s:197
    passengers.o              passengers.s:801
    passengers.o              passengers.s:801
    common.o                  common.s:415
    common.o                  common.s:415
    common.o                  common.s:415
    burtle_jsf32.o            burtle_jsf32.s:248
    burtle_jsf32.o            burtle_jsf32.s:248
    burtle_jsf32.o            burtle_jsf32.s:248
pushl0 (lpush.o):
    trade.o                   trade.s:1146
pushw (pushw.o):
    trade.o                   trade.s:1146
    hiring_hall.o             hiring_hall.s:1118
    alarm.o                   alarm.s:493
pushw0sp (pushwsp.o):
    world.o                   world.s:1533
    world.o                   world.s:1533
    world.o                   world.s:1533
    shipyard.o                shipyard.s:372
    shipyard.o                shipyard.s:372
    shipyard.o                shipyard.s:372
    ship.o                    ship.s:958
    passengers.o              passengers.s:801
    panel.o                   panel.s:210
    insystem.o                insystem.s:692
    hiring_hall.o             hiring_hall.s:1118
pushwysp (pushwsp.o):
    world.o                   world.s:1533
    world.o                   world.s:1533
    world.o                   world.s:1533
    world.o                   world.s:1533
    starport.o                starport.s:429
    shipyard.o                shipyard.s:372
    shipyard.o                shipyard.s:372
    ship.o                    ship.s:958
    passengers.o              passengers.s:801
    jump-map.o                jump-map.s:971
    jump-map.o                jump-map.s:971
    jump-map.o                jump-map.s:971
    hiring_hall.o             hiring_hall.s:1118
    hiring_hall.o             hiring_hall.s:1118
    burtle_jsf32.o            burtle_jsf32.s:248
    burtle_jsf32.o            burtle_jsf32.s:248
    bankedText.o              bankedText.s:77
    main.o                    main.s:656
regbank (zeropage.o):
    _printf.o                 /Users/rje/git/cc65/asminc/zeropage.inc:14
shlax1 (aslax1.o):
    jump.o                    jump.s:325
shlax2 (aslax2.o):
    world.o                   world.s:1533
    world.o                   world.s:1533
    jump-map.o                jump-map.s:971
    jump.o                    jump.s:325
shlax4 (aslax4.o):
    world.o                   world.s:1533
    world.o                   world.s:1533
    starport.o                starport.s:429
    jump-map.o                jump-map.s:971
    jump.o                    jump.s:325
shleax1 (asleax1.o):
    trade.o                   trade.s:1146
    burtle_jsf32.o            burtle_jsf32.s:248
shleax3 (asleax3.o):
    burtle_jsf32.o            burtle_jsf32.s:248
shleax4 (asleax4.o):
    trade.o                   trade.s:1146
shrax1 (shrax1.o):
    sprite.o                  sprite.s:503
    sprite.o                  sprite.s:503
shrax3 (shrax3.o):
    jump-map.o                jump-map.s:971
shrax4 (shrax4.o):
    sprite.o                  sprite.s:503
    sprite.o                  sprite.s:503
    jump-map.o                jump-map.s:971
shreax1 (shreax1.o):
    burtle_jsf32.o            burtle_jsf32.s:248
shreax3 (shreax3.o):
    burtle_jsf32.o            burtle_jsf32.s:248
shreax4 (shreax4.o):
    burtle_jsf32.o            burtle_jsf32.s:248
sp (zeropage.o):
    lcmp.o                    runtime/lcmp.s:10
    _printf.o                 /Users/rje/git/cc65/asminc/zeropage.inc:11
    _heap.o                   common/_heap.s:9
    vcprintf.o                conio/vcprintf.s:10
    toslong.o                 runtime/toslong.s:9
    subysp.o                  runtime/subysp.s:9
    subeqsp.o                 runtime/subeqsp.s:8
    sub.o                     runtime/sub.s:9
    steaxsp.o                 runtime/steaxsp.s:8
    staxsp.o                  runtime/staxsp.s:8
    staspidx.o                runtime/staspidx.s:9
    pushwsp.o                 runtime/pushwsp.s:8
    pushax.o                  runtime/pushax.s:8
    pusha.o                   runtime/pusha.s:8
    popptr1.o                 runtime/popptr1.s:9
    popa.o                    runtime/popa.s:8
    or.o                      runtime/or.s:10
    memcpy.o                  common/memcpy.s:15
    lxor.o                    runtime/lxor.s:10
    ludiv.o                   runtime/ludiv.s:10
    lsub.o                    runtime/lsub.s:12
    lpush.o                   runtime/lpush.s:13
    lor.o                     runtime/lor.s:10
    lmul.o                    runtime/lmul.s:10
    leaaxsp.o                 runtime/leaaxsp.s:8
    ldeaxysp.o                runtime/ldeaxysp.s:12
    ldaxsp.o                  runtime/ldaxsp.s:8
    laddeqsp.o                runtime/laddeqsp.s:8
    ladd.o                    runtime/ladd.s:9
    incsp2.o                  runtime/incsp2.s:8
    incsp1.o                  runtime/incsp1.s:8
    icmp.o                    runtime/icmp.s:9
    decsp8.o                  runtime/decsp8.s:8
    decsp7.o                  runtime/decsp7.s:8
    decsp6.o                  runtime/decsp6.s:8
    decsp4.o                  runtime/decsp4.s:8
    decsp2.o                  runtime/decsp2.s:8
    decsp1.o                  runtime/decsp1.s:8
    crt0.o                    /Users/rje/git/cc65/asminc/zeropage.inc:11
    cprintf.o                 conio/cprintf.s:9
    addysp.o                  runtime/addysp.s:8
    addeqsp.o                 runtime/addeqsp.s:8
    add.o                     runtime/add.s:12
    world.o                   world.s:10
    trade.o                   trade.s:10
    survey.o                  survey.s:10
    starport.o                starport.s:10
    sprite.o                  sprite.s:10
    shipyard.o                shipyard.s:10
    ship.o                    ship.s:10
    passengers.o              passengers.s:10
    panel.o                   panel.s:10
    name.o                    name.s:10
    menu.o                    menu.s:10
    maneuver-map.o            maneuver-map.s:10
    jump-map.o                jump-map.s:10
    jump.o                    jump.s:10
    insystem.o                insystem.s:10
    hiring_hall.o             hiring_hall.s:10
    emplacement.o             emplacement.s:10
    common.o                  common.s:10
    bankedText.o              bankedText.s:10
    alarm.o                   alarm.s:10
    main.o                    main.s:10
sreg (zeropage.o):
    ltoa.o                    common/ltoa.s:11
    lcmp.o                    runtime/lcmp.s:10
    _printf.o                 /Users/rje/git/cc65/asminc/zeropage.inc:11
    umod.o                    runtime/umod.s:9
    udiv.o                    runtime/udiv.s:10
    steaxspi.o                runtime/steaxspi.s:10
    steaxsp.o                 runtime/steaxsp.s:8
    sleep.o                   ../libwrk/cx16/sleep.s:10
    shreax4.o                 runtime/shreax4.s:8
    shreax3.o                 runtime/shreax3.s:8
    shreax1.o                 runtime/shreax1.s:8
    mod.o                     runtime/mod.s:12
    lxor.o                    runtime/lxor.s:10
    lumod.o                   runtime/lumod.s:10
    ludiv.o                   runtime/ludiv.s:10
    lsubeq.o                  runtime/lsubeq.s:12
    lsub.o                    runtime/lsub.s:12
    lshelp.o                  runtime/lshelp.s:12
    lpush.o                   runtime/lpush.s:13
    lor.o                     runtime/lor.s:10
    lneg.o                    runtime/lneg.s:11
    lmul.o                    runtime/lmul.s:10
    linc.o                    runtime/linc.s:8
    ldiv.o                    runtime/ldiv.s:12
    ldeaxysp.o                runtime/ldeaxysp.s:12
    ldeaxi.o                  runtime/ldeaxi.s:8
    laddeqsp.o                runtime/laddeqsp.s:8
    laddeq.o                  runtime/laddeq.s:12
    ladd.o                    runtime/ladd.s:9
    icmp.o                    runtime/icmp.s:9
    clock.o                   cx16/clock.s:12
    axlong.o                  runtime/axlong.s:9
    asleax4.o                 runtime/asleax4.s:8
    asleax3.o                 runtime/asleax3.s:8
    asleax1.o                 runtime/asleax1.s:8
    world.o                   world.s:10
    trade.o                   trade.s:10
    survey.o                  survey.s:10
    starport.o                starport.s:10
    sprite.o                  sprite.s:10
    passengers.o              passengers.s:10
    name.o                    name.s:10
    hiring_hall.o             hiring_hall.s:10
    burtle_jsf32.o            burtle_jsf32.s:10
staspidx (staspidx.o):
    hiring_hall.o             hiring_hall.s:1118
stax0sp (staxsp.o):
    world.o                   world.s:1533
    world.o                   world.s:1533
    world.o                   world.s:1533
    world.o                   world.s:1533
    trade.o                   trade.s:1146
    trade.o                   trade.s:1146
    trade.o                   trade.s:1146
    trade.o                   trade.s:1146
    shipyard.o                shipyard.s:372
    passengers.o              passengers.s:801
    panel.o                   panel.s:210
    maneuver-map.o            maneuver-map.s:253
    jump-map.o                jump-map.s:971
    jump.o                    jump.s:325
    insystem.o                insystem.s:692
    hiring_hall.o             hiring_hall.s:1118
    hiring_hall.o             hiring_hall.s:1118
    main.o                    main.s:656
    main.o                    main.s:656
staxysp (staxsp.o):
    world.o                   world.s:1533
    world.o                   world.s:1533
    world.o                   world.s:1533
    world.o                   world.s:1533
    trade.o                   trade.s:1146
    trade.o                   trade.s:1146
    trade.o                   trade.s:1146
    passengers.o              passengers.s:801
    name.o                    name.s:138
    maneuver-map.o            maneuver-map.s:253
    jump-map.o                jump-map.s:971
    jump-map.o                jump-map.s:971
    insystem.o                insystem.s:692
    hiring_hall.o             hiring_hall.s:1118
    main.o                    main.s:656
    main.o                    main.s:656
steax0sp (steaxsp.o):
    burtle_jsf32.o            burtle_jsf32.s:248
steaxspidx (steaxspi.o):
    trade.o                   trade.s:1146
    burtle_jsf32.o            burtle_jsf32.s:248
    burtle_jsf32.o            burtle_jsf32.s:248
steaxysp (steaxsp.o):
    passengers.o              passengers.s:801
subeq0sp (subeqsp.o):
    trade.o                   trade.s:1146
    trade.o                   trade.s:1146
    passengers.o              passengers.s:801
    passengers.o              passengers.s:801
    name.o                    name.s:138
    jump.o                    jump.s:325
subeqysp (subeqsp.o):
    shipyard.o                shipyard.s:372
    ship.o                    ship.s:958
    panel.o                   panel.s:210
    jump-map.o                jump-map.s:971
    jump.o                    jump.s:325
    insystem.o                insystem.s:692
subysp (subysp.o):
    passengers.o              passengers.s:801
    maneuver-map.o            maneuver-map.s:253
    jump-map.o                jump-map.s:971
    jump-map.o                jump-map.s:971
    jump.o                    jump.s:325
    hiring_hall.o             hiring_hall.s:1118
tmp1 (zeropage.o):
    ltoa.o                    common/ltoa.s:11
    _printf.o                 /Users/rje/git/cc65/asminc/zeropage.inc:13
    vcprintf.o                conio/vcprintf.s:10
    strncpy.o                 common/strncpy.s:9
    steaxspi.o                runtime/steaxspi.s:10
    staspidx.o                runtime/staspidx.s:9
    shreax4.o                 runtime/shreax4.s:8
    shreax3.o                 runtime/shreax3.s:8
    shreax1.o                 runtime/shreax1.s:8
    shrax4.o                  runtime/shrax4.s:8
    shrax3.o                  runtime/shrax3.s:8
    shrax1.o                  runtime/shrax1.s:8
    shelp.o                   runtime/shelp.s:12
    or.o                      runtime/or.s:10
    mul.o                     runtime/mul.s:10
    mod.o                     runtime/mod.s:12
    lxor.o                    runtime/lxor.s:10
    lshelp.o                  runtime/lshelp.s:12
    lor.o                     runtime/lor.s:10
    ldiv.o                    runtime/ldiv.s:12
    ladd.o                    runtime/ladd.s:9
    incaxy.o                  runtime/incaxy.s:8
    div.o                     runtime/div.s:12
    decaxy.o                  runtime/decaxy.s:8
    cputs.o                   conio/cputs.s:10
    color.o                   cx16/color.s:11
    chline.o                  cbm/chline.s:10
    cclear.o                  cbm/cclear.s:10
    c_setlfs.o                cbm/c_setlfs.s:13
    asrax4.o                  runtime/asrax4.s:9
    asrax1.o                  runtime/asrax1.s:8
    asleax4.o                 runtime/asleax4.s:8
    asleax3.o                 runtime/asleax3.s:8
    asleax1.o                 runtime/asleax1.s:8
    aslax4.o                  runtime/aslax4.s:8
    aslax3.o                  runtime/aslax3.s:8
    aslax2.o                  runtime/aslax2.s:8
    aslax1.o                  runtime/aslax1.s:8
    ship.o                    ship.s:11
    passengers.o              passengers.s:11
    panel.o                   panel.s:11
    name.o                    name.s:11
    jump-map.o                jump-map.s:11
    jump.o                    jump.s:11
tmp2 (zeropage.o):
    strncpy.o                 common/strncpy.s:9
    steaxspi.o                runtime/steaxspi.s:10
    shelp.o                   runtime/shelp.s:12
    lshelp.o                  runtime/lshelp.s:12
    lmul.o                    runtime/lmul.s:10
    ldiv.o                    runtime/ldiv.s:12
    div.o                     runtime/div.s:12
tmp3 (zeropage.o):
    strncpy.o                 common/strncpy.s:9
    steaxspi.o                runtime/steaxspi.s:10
    lumod.o                   runtime/lumod.s:10
    ludiv.o                   runtime/ludiv.s:10
    lmul.o                    runtime/lmul.s:10
tmp4 (zeropage.o):
    lumod.o                   runtime/lumod.s:10
    ludiv.o                   runtime/ludiv.s:10
    lmul.o                    runtime/lmul.s:10
tosadd0ax (ladd.o):
    trade.o                   trade.s:1146
    survey.o                  survey.s:197
tosaddax (add.o):
    world.o                   world.s:1533
    trade.o                   trade.s:1146
    shipyard.o                shipyard.s:372
    shipyard.o                shipyard.s:372
    ship.o                    ship.s:958
    passengers.o              passengers.s:801
    jump-map.o                jump-map.s:971
tosaddeax (ladd.o):
    sleep.o                   ../libwrk/cx16/sleep.s:54
    common.o                  common.s:415
    common.o                  common.s:415
    burtle_jsf32.o            burtle_jsf32.s:248
tosdiv0ax (ldiv.o):
    trade.o                   trade.s:1146
    trade.o                   trade.s:1146
tosdiva0 (div.o):
    world.o                   world.s:1533
    world.o                   world.s:1533
    world.o                   world.s:1533
tosdivax (div.o):
    jump.o                    jump.s:325
tosgeeax (lge.o):
    sleep.o                   ../libwrk/cx16/sleep.s:54
tosgteax (lgt.o):
    trade.o                   trade.s:1146
    starport.o                starport.s:429
tosicmp (icmp.o):
    world.o                   world.s:1533
    panel.o                   panel.s:210
    menu.o                    menu.s:211
    insystem.o                insystem.s:692
tosicmp0 (icmp.o):
    passengers.o              passengers.s:801
    insystem.o                insystem.s:692
toslcmp (lcmp.o):
    lge.o                     runtime/lge.s:8
    lgt.o                     runtime/lgt.s:8
tosmoda0 (mod.o):
    world.o                   world.s:1533
    world.o                   world.s:1533
    world.o                   world.s:1533
    world.o                   world.s:1533
    passengers.o              passengers.s:801
    passengers.o              passengers.s:801
    name.o                    name.s:138
    jump-map.o                jump-map.s:971
    jump-map.o                jump-map.s:971
    jump.o                    jump.s:325
    insystem.o                insystem.s:692
    insystem.o                insystem.s:692
tosmodax (mod.o):
    world.o                   world.s:1533
    emplacement.o             emplacement.s:385
tosmul0ax (lmul.o):
    passengers.o              passengers.s:801
tosmula0 (mul8.o):
    world.o                   world.s:1533
    world.o                   world.s:1533
    starport.o                starport.s:429
    shipyard.o                shipyard.s:372
    shipyard.o                shipyard.s:372
    shipyard.o                shipyard.s:372
    ship.o                    ship.s:958
    ship.o                    ship.s:958
    ship.o                    ship.s:958
    jump-map.o                jump-map.s:971
    hiring_hall.o             hiring_hall.s:1118
    hiring_hall.o             hiring_hall.s:1118
    hiring_hall.o             hiring_hall.s:1118
    hiring_hall.o             hiring_hall.s:1118
    main.o                    main.s:656
tosmulax (mul.o):
    world.o                   world.s:1533
    jump.o                    jump.s:325
tosmuleax (lmul.o):
    trade.o                   trade.s:1146
    trade.o                   trade.s:1146
tosorax (or.o):
    jump-map.o                jump-map.s:971
tosoreax (lor.o):
    burtle_jsf32.o            burtle_jsf32.s:248
tossuba0 (sub.o):
    starport.o                starport.s:429
tossubax (sub.o):
    jump-map.o                jump-map.s:971
    jump-map.o                jump-map.s:971
tossubeax (lsub.o):
    sleep.o                   ../libwrk/cx16/sleep.s:54
    burtle_jsf32.o            burtle_jsf32.s:248
tosudiva0 (udiv.o):
    passengers.o              passengers.s:801
    jump-map.o                jump-map.s:971
tosulong (toslong.o):
    starport.o                starport.s:429
tosumod0ax (lumod.o):
    trade.o                   trade.s:1146
    common.o                  common.s:415
    common.o                  common.s:415
    common.o                  common.s:415
tosumoda0 (umod.o):
    trade.o                   trade.s:1146
    trade.o                   trade.s:1146
    starport.o                starport.s:429
tosumul0ax (lmul.o):
    sleep.o                   ../libwrk/cx16/sleep.s:54
tosumula0 (mul8.o):
    trade.o                   trade.s:1146
    trade.o                   trade.s:1146
    survey.o                  survey.s:197
    starport.o                starport.s:429
    ship.o                    ship.s:958
    ship.o                    ship.s:958
    passengers.o              passengers.s:801
    insystem.o                insystem.s:692
tosumulax (mul.o):
    passengers.o              passengers.s:801
tosumuleax (lmul.o):
    trade.o                   trade.s:1146
tosxoreax (lxor.o):
    burtle_jsf32.o            burtle_jsf32.s:248
udiv16 (udiv.o):
    umod.o                    runtime/umod.s:8
    shelp.o                   runtime/shelp.s:11
udiv32 (ludiv.o):
    lumod.o                   runtime/lumod.s:9
    ldiv.o                    runtime/ldiv.s:11
zerobss (zerobss.o):
    crt0.o                    cx16/crt0.s:9

