Modules list:
-------------
main.o:
    CODE              Offs=000000  Size=000364  Align=00001  Fill=0000
    RODATA            Offs=000000  Size=0000DE  Align=00001  Fill=0000
    BSS               Offs=000000  Size=0005BE  Align=00001  Fill=0000
    DATA              Offs=000000  Size=00001B  Align=00001  Fill=0000
alarm.o:
    CODE              Offs=000364  Size=0001B0  Align=00001  Fill=0000
    RODATA            Offs=0000DE  Size=0000A4  Align=00001  Fill=0000
    BSS               Offs=0005BE  Size=000014  Align=00001  Fill=0000
    DATA              Offs=00001B  Size=000079  Align=00001  Fill=0000
bankedText.o:
    CODE              Offs=000514  Size=00005E  Align=00001  Fill=0000
    RODATA            Offs=000182  Size=000005  Align=00001  Fill=0000
burtle_jsf32.o:
    CODE              Offs=000572  Size=0001A5  Align=00001  Fill=0000
    BSS               Offs=0005D2  Size=000011  Align=00001  Fill=0000
common.o:
    CODE              Offs=000717  Size=00028A  Align=00001  Fill=0000
    RODATA            Offs=000187  Size=000052  Align=00001  Fill=0000
    DATA              Offs=000094  Size=000002  Align=00001  Fill=0000
damage.o:
    BSS               Offs=0005E3  Size=000001  Align=00001  Fill=0000
emplacement.o:
    CODE              Offs=0009A1  Size=000172  Align=00001  Fill=0000
    RODATA            Offs=0001D9  Size=0000B9  Align=00001  Fill=0000
    DATA              Offs=000096  Size=000050  Align=00001  Fill=0000
hiring_hall.o:
    CODE              Offs=000B13  Size=000758  Align=00001  Fill=0000
    RODATA            Offs=000292  Size=00012B  Align=00001  Fill=0000
    BSS               Offs=0005E4  Size=00015E  Align=00001  Fill=0000
    DATA              Offs=0000E6  Size=000024  Align=00001  Fill=0000
insystem.o:
    CODE              Offs=00126B  Size=000494  Align=00001  Fill=0000
    RODATA            Offs=0003BD  Size=0001A1  Align=00001  Fill=0000
    BSS               Offs=000742  Size=000031  Align=00001  Fill=0000
    DATA              Offs=00010A  Size=000011  Align=00001  Fill=0000
jump.o:
    CODE              Offs=0016FF  Size=00020F  Align=00001  Fill=0000
    RODATA            Offs=00055E  Size=000044  Align=00001  Fill=0000
jump-map.o:
    CODE              Offs=00190E  Size=000705  Align=00001  Fill=0000
    RODATA            Offs=0005A2  Size=000051  Align=00001  Fill=0000
    DATA              Offs=00011B  Size=000010  Align=00001  Fill=0000
maneuver-map.o:
    CODE              Offs=002013  Size=000166  Align=00001  Fill=0000
    RODATA            Offs=0005F3  Size=0000B5  Align=00001  Fill=0000
menu.o:
    CODE              Offs=002179  Size=00015E  Align=00001  Fill=0000
    RODATA            Offs=0006A8  Size=000003  Align=00001  Fill=0000
    BSS               Offs=000773  Size=000003  Align=00001  Fill=0000
name.o:
    CODE              Offs=0022D7  Size=0000E8  Align=00001  Fill=0000
panel.o:
    CODE              Offs=0023BF  Size=000169  Align=00001  Fill=0000
passengers.o:
    CODE              Offs=002528  Size=00056F  Align=00001  Fill=0000
    RODATA            Offs=0006AB  Size=0001B1  Align=00001  Fill=0000
ship.o:
    CODE              Offs=002A97  Size=0005F9  Align=00001  Fill=0000
    RODATA            Offs=00085C  Size=0002A9  Align=00001  Fill=0000
    DATA              Offs=00012B  Size=000006  Align=00001  Fill=0000
shipyard.o:
    CODE              Offs=003090  Size=000247  Align=00001  Fill=0000
    RODATA            Offs=000B05  Size=0000C9  Align=00001  Fill=0000
    BSS               Offs=000776  Size=000001  Align=00001  Fill=0000
sprite.o:
    CODE              Offs=0032D7  Size=000330  Align=00001  Fill=0000
    BSS               Offs=000777  Size=000006  Align=00001  Fill=0000
starport.o:
    CODE              Offs=003607  Size=0002D3  Align=00001  Fill=0000
    RODATA            Offs=000BCE  Size=000135  Align=00001  Fill=0000
survey.o:
    CODE              Offs=0038DA  Size=000142  Align=00001  Fill=0000
    RODATA            Offs=000D03  Size=0000CC  Align=00001  Fill=0000
trade.o:
    CODE              Offs=003A1C  Size=00079D  Align=00001  Fill=0000
    RODATA            Offs=000DCF  Size=0000BA  Align=00001  Fill=0000
    DATA              Offs=000131  Size=00000E  Align=00001  Fill=0000
wilderness.o:
    CODE              Offs=0041B9  Size=000160  Align=00001  Fill=0000
    RODATA            Offs=000E89  Size=000148  Align=00001  Fill=0000
world.o:
    CODE              Offs=004319  Size=00095A  Align=00001  Fill=0000
    RODATA            Offs=000FD1  Size=00021B  Align=00001  Fill=0000
    BSS               Offs=00077D  Size=000960  Align=00001  Fill=0000
    DATA              Offs=00013F  Size=000065  Align=00001  Fill=0000
/Users/rje/git/cc65/lib/cx16.lib(_cursor.o):
    BSS               Offs=0010DD  Size=000001  Align=00001  Fill=0000
/Users/rje/git/cc65/lib/cx16.lib(_heap.o):
    DATA              Offs=0001A4  Size=00000A  Align=00001  Fill=0000
    ONCE              Offs=000000  Size=000010  Align=00001  Fill=0000
/Users/rje/git/cc65/lib/cx16.lib(_heapmemavail.o):
    CODE              Offs=004C73  Size=00004E  Align=00001  Fill=0000
/Users/rje/git/cc65/lib/cx16.lib(_hextab.o):
    RODATA            Offs=0011EC  Size=000010  Align=00001  Fill=0000
/Users/rje/git/cc65/lib/cx16.lib(_longminstr.o):
    RODATA            Offs=0011FC  Size=00000C  Align=00001  Fill=0000
/Users/rje/git/cc65/lib/cx16.lib(_oserror.o):
    BSS               Offs=0010DE  Size=000001  Align=00001  Fill=0000
/Users/rje/git/cc65/lib/cx16.lib(_printf.o):
    CODE              Offs=004CC1  Size=0003A5  Align=00001  Fill=0000
    BSS               Offs=0010DF  Size=00002B  Align=00001  Fill=0000
    DATA              Offs=0001AE  Size=000003  Align=00001  Fill=0000
/Users/rje/git/cc65/lib/cx16.lib(add.o):
    CODE              Offs=005066  Size=000018  Align=00001  Fill=0000
/Users/rje/git/cc65/lib/cx16.lib(addeqsp.o):
    CODE              Offs=00507E  Size=000011  Align=00001  Fill=0000
/Users/rje/git/cc65/lib/cx16.lib(addysp.o):
    CODE              Offs=00508F  Size=00000E  Align=00001  Fill=0000
/Users/rje/git/cc65/lib/cx16.lib(aslax1.o):
    CODE              Offs=00509D  Size=000008  Align=00001  Fill=0000
/Users/rje/git/cc65/lib/cx16.lib(aslax2.o):
    CODE              Offs=0050A5  Size=00000B  Align=00001  Fill=0000
/Users/rje/git/cc65/lib/cx16.lib(aslax3.o):
    CODE              Offs=0050B0  Size=00000E  Align=00001  Fill=0000
/Users/rje/git/cc65/lib/cx16.lib(aslax4.o):
    CODE              Offs=0050BE  Size=000011  Align=00001  Fill=0000
/Users/rje/git/cc65/lib/cx16.lib(asleax1.o):
    CODE              Offs=0050CF  Size=00000C  Align=00001  Fill=0000
/Users/rje/git/cc65/lib/cx16.lib(asleax3.o):
    CODE              Offs=0050DB  Size=00001A  Align=00001  Fill=0000
/Users/rje/git/cc65/lib/cx16.lib(asleax4.o):
    CODE              Offs=0050F5  Size=000011  Align=00001  Fill=0000
/Users/rje/git/cc65/lib/cx16.lib(asrax1.o):
    CODE              Offs=005106  Size=00000A  Align=00001  Fill=0000
/Users/rje/git/cc65/lib/cx16.lib(asrax4.o):
    CODE              Offs=005110  Size=000019  Align=00001  Fill=0000
/Users/rje/git/cc65/lib/cx16.lib(axlong.o):
    CODE              Offs=005129  Size=00000D  Align=00001  Fill=0000
/Users/rje/git/cc65/lib/cx16.lib(c_bsout.o):
/Users/rje/git/cc65/lib/cx16.lib(c_load.o):
    CODE              Offs=005136  Size=00001D  Align=00001  Fill=0000
/Users/rje/git/cc65/lib/cx16.lib(c_setlfs.o):
    CODE              Offs=005153  Size=00000E  Align=00001  Fill=0000
/Users/rje/git/cc65/lib/cx16.lib(c_setnam.o):
    CODE              Offs=005161  Size=000013  Align=00001  Fill=0000
/Users/rje/git/cc65/lib/cx16.lib(callmain.o):
    CODE              Offs=005174  Size=000017  Align=00001  Fill=0000
    DATA              Offs=0001B1  Size=000004  Align=00001  Fill=0000
/Users/rje/git/cc65/lib/cx16.lib(cclear.o):
    CODE              Offs=00518B  Size=000015  Align=00001  Fill=0000
/Users/rje/git/cc65/lib/cx16.lib(cgetc.o):
    CODE              Offs=0051A0  Size=000067  Align=00001  Fill=0000
/Users/rje/git/cc65/lib/cx16.lib(chline.o):
    CODE              Offs=005207  Size=000015  Align=00001  Fill=0000
/Users/rje/git/cc65/lib/cx16.lib(clinechars.o):
/Users/rje/git/cc65/lib/cx16.lib(clock.o):
    CODE              Offs=00521C  Size=00000F  Align=00001  Fill=0000
/Users/rje/git/cc65/lib/cx16.lib(clrscr.o):
    CODE              Offs=00522B  Size=000011  Align=00001  Fill=0000
/Users/rje/git/cc65/lib/cx16.lib(color.o):
    CODE              Offs=00523C  Size=00002A  Align=00001  Fill=0000
/Users/rje/git/cc65/lib/cx16.lib(condes.o):
    CODE              Offs=005266  Size=00000C  Align=00001  Fill=0000
    DATA              Offs=0001B5  Size=000025  Align=00001  Fill=0000
    ONCE              Offs=000010  Size=00000C  Align=00001  Fill=0000
/Users/rje/git/cc65/lib/cx16.lib(cprintf.o):
    CODE              Offs=005272  Size=00002A  Align=00001  Fill=0000
    BSS               Offs=00110A  Size=000001  Align=00001  Fill=0000
/Users/rje/git/cc65/lib/cx16.lib(cputc.o):
    CODE              Offs=00529C  Size=000062  Align=00001  Fill=0000
    RODATA            Offs=001208  Size=000008  Align=00001  Fill=0000
/Users/rje/git/cc65/lib/cx16.lib(cputs.o):
    CODE              Offs=0052FE  Size=000023  Align=00001  Fill=0000
/Users/rje/git/cc65/lib/cx16.lib(crt0.o):
    STARTUP           Offs=000000  Size=000021  Align=00001  Fill=0000
    ONCE              Offs=00001C  Size=00001B  Align=00001  Fill=0000
    INIT              Offs=000000  Size=000002  Align=00001  Fill=0000
/Users/rje/git/cc65/lib/cx16.lib(ctype.o):
    RODATA            Offs=001210  Size=00008B  Align=00001  Fill=0000
/Users/rje/git/cc65/lib/cx16.lib(ctypemask.o):
    CODE              Offs=005321  Size=00001E  Align=00001  Fill=0000
/Users/rje/git/cc65/lib/cx16.lib(decax1.o):
    CODE              Offs=00533F  Size=000007  Align=00001  Fill=0000
/Users/rje/git/cc65/lib/cx16.lib(decax2.o):
    CODE              Offs=005346  Size=000007  Align=00001  Fill=0000
/Users/rje/git/cc65/lib/cx16.lib(decax3.o):
    CODE              Offs=00534D  Size=000007  Align=00001  Fill=0000
/Users/rje/git/cc65/lib/cx16.lib(decaxy.o):
    CODE              Offs=005354  Size=000009  Align=00001  Fill=0000
/Users/rje/git/cc65/lib/cx16.lib(decsp1.o):
    CODE              Offs=00535D  Size=000009  Align=00001  Fill=0000
/Users/rje/git/cc65/lib/cx16.lib(decsp2.o):
    CODE              Offs=005366  Size=00000D  Align=00001  Fill=0000
/Users/rje/git/cc65/lib/cx16.lib(decsp4.o):
    CODE              Offs=005373  Size=00000D  Align=00001  Fill=0000
/Users/rje/git/cc65/lib/cx16.lib(decsp6.o):
    CODE              Offs=005380  Size=00000D  Align=00001  Fill=0000
/Users/rje/git/cc65/lib/cx16.lib(decsp7.o):
    CODE              Offs=00538D  Size=00000D  Align=00001  Fill=0000
/Users/rje/git/cc65/lib/cx16.lib(decsp8.o):
    CODE              Offs=00539A  Size=00000D  Align=00001  Fill=0000
/Users/rje/git/cc65/lib/cx16.lib(div.o):
    CODE              Offs=0053A7  Size=000015  Align=00001  Fill=0000
/Users/rje/git/cc65/lib/cx16.lib(exehdr.o):
    EXEHDR            Offs=000000  Size=00000C  Align=00001  Fill=0000
/Users/rje/git/cc65/lib/cx16.lib(gotox.o):
    CODE              Offs=0053BC  Size=000006  Align=00001  Fill=0000
/Users/rje/git/cc65/lib/cx16.lib(gotoxy.o):
    CODE              Offs=0053C2  Size=00000F  Align=00001  Fill=0000
/Users/rje/git/cc65/lib/cx16.lib(icmp.o):
    CODE              Offs=0053D1  Size=00002E  Align=00001  Fill=0000
/Users/rje/git/cc65/lib/cx16.lib(incax2.o):
    CODE              Offs=0053FF  Size=000007  Align=00001  Fill=0000
/Users/rje/git/cc65/lib/cx16.lib(incax3.o):
    CODE              Offs=005406  Size=000005  Align=00001  Fill=0000
/Users/rje/git/cc65/lib/cx16.lib(incax5.o):
    CODE              Offs=00540B  Size=000005  Align=00001  Fill=0000
/Users/rje/git/cc65/lib/cx16.lib(incax6.o):
    CODE              Offs=005410  Size=000005  Align=00001  Fill=0000
/Users/rje/git/cc65/lib/cx16.lib(incax7.o):
    CODE              Offs=005415  Size=000005  Align=00001  Fill=0000
/Users/rje/git/cc65/lib/cx16.lib(incaxy.o):
    CODE              Offs=00541A  Size=00000B  Align=00001  Fill=0000
/Users/rje/git/cc65/lib/cx16.lib(incsp1.o):
    CODE              Offs=005425  Size=000007  Align=00001  Fill=0000
/Users/rje/git/cc65/lib/cx16.lib(incsp2.o):
    CODE              Offs=00542C  Size=000015  Align=00001  Fill=0000
/Users/rje/git/cc65/lib/cx16.lib(incsp3.o):
    CODE              Offs=005441  Size=000005  Align=00001  Fill=0000
/Users/rje/git/cc65/lib/cx16.lib(incsp4.o):
    CODE              Offs=005446  Size=000005  Align=00001  Fill=0000
/Users/rje/git/cc65/lib/cx16.lib(incsp5.o):
    CODE              Offs=00544B  Size=000005  Align=00001  Fill=0000
/Users/rje/git/cc65/lib/cx16.lib(incsp6.o):
    CODE              Offs=005450  Size=000005  Align=00001  Fill=0000
/Users/rje/git/cc65/lib/cx16.lib(incsp7.o):
    CODE              Offs=005455  Size=000005  Align=00001  Fill=0000
/Users/rje/git/cc65/lib/cx16.lib(kbhit.o):
    CODE              Offs=00545A  Size=000005  Align=00001  Fill=0000
/Users/rje/git/cc65/lib/cx16.lib(kernal.o):
/Users/rje/git/cc65/lib/cx16.lib(ladd.o):
    CODE              Offs=00545F  Size=000024  Align=00001  Fill=0000
/Users/rje/git/cc65/lib/cx16.lib(laddeq.o):
    CODE              Offs=005483  Size=00002C  Align=00001  Fill=0000
/Users/rje/git/cc65/lib/cx16.lib(laddeqsp.o):
    CODE              Offs=0054AF  Size=000023  Align=00001  Fill=0000
/Users/rje/git/cc65/lib/cx16.lib(lcmp.o):
    CODE              Offs=0054D2  Size=00003B  Align=00001  Fill=0000
/Users/rje/git/cc65/lib/cx16.lib(ldai.o):
    CODE              Offs=00550D  Size=00000C  Align=00001  Fill=0000
/Users/rje/git/cc65/lib/cx16.lib(ldaxi.o):
    CODE              Offs=005519  Size=00000D  Align=00001  Fill=0000
/Users/rje/git/cc65/lib/cx16.lib(ldaxsp.o):
    CODE              Offs=005526  Size=000009  Align=00001  Fill=0000
/Users/rje/git/cc65/lib/cx16.lib(ldeaxi.o):
    CODE              Offs=00552F  Size=000017  Align=00001  Fill=0000
/Users/rje/git/cc65/lib/cx16.lib(ldeaxysp.o):
    CODE              Offs=005546  Size=000013  Align=00001  Fill=0000
/Users/rje/git/cc65/lib/cx16.lib(ldiv.o):
    CODE              Offs=005559  Size=00001C  Align=00001  Fill=0000
/Users/rje/git/cc65/lib/cx16.lib(leaaxsp.o):
    CODE              Offs=005575  Size=00000C  Align=00001  Fill=0000
/Users/rje/git/cc65/lib/cx16.lib(lge.o):
    CODE              Offs=005581  Size=000006  Align=00001  Fill=0000
/Users/rje/git/cc65/lib/cx16.lib(lgt.o):
    CODE              Offs=005587  Size=000006  Align=00001  Fill=0000
/Users/rje/git/cc65/lib/cx16.lib(linc.o):
    CODE              Offs=00558D  Size=000011  Align=00001  Fill=0000
/Users/rje/git/cc65/lib/cx16.lib(lmul.o):
    CODE              Offs=00559E  Size=000059  Align=00001  Fill=0000
/Users/rje/git/cc65/lib/cx16.lib(lneg.o):
    CODE              Offs=0055F7  Size=00001E  Align=00001  Fill=0000
/Users/rje/git/cc65/lib/cx16.lib(loadaddr.o):
    LOADADDR          Offs=000000  Size=000002  Align=00001  Fill=0000
/Users/rje/git/cc65/lib/cx16.lib(lor.o):
    CODE              Offs=005615  Size=000021  Align=00001  Fill=0000
/Users/rje/git/cc65/lib/cx16.lib(lpush.o):
    CODE              Offs=005636  Size=00001E  Align=00001  Fill=0000
/Users/rje/git/cc65/lib/cx16.lib(lshelp.o):
    CODE              Offs=005654  Size=000052  Align=00001  Fill=0000
/Users/rje/git/cc65/lib/cx16.lib(lsub.o):
    CODE              Offs=0056A6  Size=000024  Align=00001  Fill=0000
/Users/rje/git/cc65/lib/cx16.lib(lsubeq.o):
    CODE              Offs=0056CA  Size=000030  Align=00001  Fill=0000
/Users/rje/git/cc65/lib/cx16.lib(ltoa.o):
    CODE              Offs=0056FA  Size=000093  Align=00001  Fill=0000
/Users/rje/git/cc65/lib/cx16.lib(ludiv.o):
    CODE              Offs=00578D  Size=000077  Align=00001  Fill=0000
/Users/rje/git/cc65/lib/cx16.lib(lumod.o):
    CODE              Offs=005804  Size=000017  Align=00001  Fill=0000
/Users/rje/git/cc65/lib/cx16.lib(lxor.o):
    CODE              Offs=00581B  Size=000021  Align=00001  Fill=0000
/Users/rje/git/cc65/lib/cx16.lib(makebool.o):
    CODE              Offs=00583C  Size=00002C  Align=00001  Fill=0000
/Users/rje/git/cc65/lib/cx16.lib(memcpy.o):
    CODE              Offs=005868  Size=00003C  Align=00001  Fill=0000
/Users/rje/git/cc65/lib/cx16.lib(mod.o):
    CODE              Offs=0058A4  Size=000011  Align=00001  Fill=0000
/Users/rje/git/cc65/lib/cx16.lib(mul.o):
    CODE              Offs=0058B5  Size=000045  Align=00001  Fill=0000
/Users/rje/git/cc65/lib/cx16.lib(mul8.o):
    CODE              Offs=0058FA  Size=00003A  Align=00001  Fill=0000
/Users/rje/git/cc65/lib/cx16.lib(mulax10.o):
    CODE              Offs=005934  Size=000019  Align=00001  Fill=0000
/Users/rje/git/cc65/lib/cx16.lib(mulax3.o):
    CODE              Offs=00594D  Size=000011  Align=00001  Fill=0000
/Users/rje/git/cc65/lib/cx16.lib(mulax6.o):
    CODE              Offs=00595E  Size=000016  Align=00001  Fill=0000
/Users/rje/git/cc65/lib/cx16.lib(mulax7.o):
    CODE              Offs=005974  Size=000019  Align=00001  Fill=0000
/Users/rje/git/cc65/lib/cx16.lib(mulax9.o):
    CODE              Offs=00598D  Size=000017  Align=00001  Fill=0000
/Users/rje/git/cc65/lib/cx16.lib(negabs.o):
    CODE              Offs=0059A4  Size=000012  Align=00001  Fill=0000
/Users/rje/git/cc65/lib/cx16.lib(or.o):
    CODE              Offs=0059B6  Size=000011  Align=00001  Fill=0000
/Users/rje/git/cc65/lib/cx16.lib(popa.o):
    CODE              Offs=0059C7  Size=00000A  Align=00001  Fill=0000
/Users/rje/git/cc65/lib/cx16.lib(popptr1.o):
    CODE              Offs=0059D1  Size=00000E  Align=00001  Fill=0000
/Users/rje/git/cc65/lib/cx16.lib(push1.o):
    CODE              Offs=0059DF  Size=000005  Align=00001  Fill=0000
/Users/rje/git/cc65/lib/cx16.lib(pusha.o):
    CODE              Offs=0059E4  Size=000016  Align=00001  Fill=0000
/Users/rje/git/cc65/lib/cx16.lib(pushax.o):
    CODE              Offs=0059FA  Size=00001A  Align=00001  Fill=0000
/Users/rje/git/cc65/lib/cx16.lib(pushw.o):
    CODE              Offs=005A14  Size=00000F  Align=00001  Fill=0000
/Users/rje/git/cc65/lib/cx16.lib(pushwsp.o):
    CODE              Offs=005A23  Size=00001C  Align=00001  Fill=0000
/Users/rje/git/cc65/lib/cx16.lib(rand.o):
    CODE              Offs=005A3F  Size=000034  Align=00001  Fill=0000
    DATA              Offs=0001DA  Size=000004  Align=00001  Fill=0000
/Users/rje/git/cc65/lib/cx16.lib(randomize.o):
    CODE              Offs=005A73  Size=000006  Align=00001  Fill=0000
/Users/rje/git/cc65/lib/cx16.lib(revers.o):
    CODE              Offs=005A79  Size=000013  Align=00001  Fill=0000
/Users/rje/git/cc65/lib/cx16.lib(shelp.o):
    CODE              Offs=005A8C  Size=000020  Align=00001  Fill=0000
/Users/rje/git/cc65/lib/cx16.lib(shrax1.o):
    CODE              Offs=005AAC  Size=000008  Align=00001  Fill=0000
/Users/rje/git/cc65/lib/cx16.lib(shrax3.o):
    CODE              Offs=005AB4  Size=00000E  Align=00001  Fill=0000
/Users/rje/git/cc65/lib/cx16.lib(shrax4.o):
    CODE              Offs=005AC2  Size=000011  Align=00001  Fill=0000
/Users/rje/git/cc65/lib/cx16.lib(shreax1.o):
    CODE              Offs=005AD3  Size=00000C  Align=00001  Fill=0000
/Users/rje/git/cc65/lib/cx16.lib(shreax3.o):
    CODE              Offs=005ADF  Size=00001A  Align=00001  Fill=0000
/Users/rje/git/cc65/lib/cx16.lib(shreax4.o):
    CODE              Offs=005AF9  Size=000011  Align=00001  Fill=0000
/Users/rje/git/cc65/lib/cx16.lib(sleep.o):
    CODE              Offs=005B0A  Size=000043  Align=00001  Fill=0000
/Users/rje/git/cc65/lib/cx16.lib(sprites_enable.o):
    CODE              Offs=005B4D  Size=00001F  Align=00001  Fill=0000
/Users/rje/git/cc65/lib/cx16.lib(staspidx.o):
    CODE              Offs=005B6C  Size=000016  Align=00001  Fill=0000
/Users/rje/git/cc65/lib/cx16.lib(staxsp.o):
    CODE              Offs=005B82  Size=00000B  Align=00001  Fill=0000
/Users/rje/git/cc65/lib/cx16.lib(steaxsp.o):
    CODE              Offs=005B8D  Size=000015  Align=00001  Fill=0000
/Users/rje/git/cc65/lib/cx16.lib(steaxspi.o):
    CODE              Offs=005BA2  Size=000022  Align=00001  Fill=0000
/Users/rje/git/cc65/lib/cx16.lib(strcpy.o):
    CODE              Offs=005BC4  Size=00001F  Align=00001  Fill=0000
/Users/rje/git/cc65/lib/cx16.lib(strlen.o):
    CODE              Offs=005BE3  Size=000016  Align=00001  Fill=0000
/Users/rje/git/cc65/lib/cx16.lib(strlower.o):
    CODE              Offs=005BF9  Size=000027  Align=00001  Fill=0000
/Users/rje/git/cc65/lib/cx16.lib(strncpy.o):
    CODE              Offs=005C20  Size=000042  Align=00001  Fill=0000
/Users/rje/git/cc65/lib/cx16.lib(sub.o):
    CODE              Offs=005C62  Size=000014  Align=00001  Fill=0000
/Users/rje/git/cc65/lib/cx16.lib(subeqsp.o):
    CODE              Offs=005C76  Size=000015  Align=00001  Fill=0000
/Users/rje/git/cc65/lib/cx16.lib(subysp.o):
    CODE              Offs=005C8B  Size=00000D  Align=00001  Fill=0000
/Users/rje/git/cc65/lib/cx16.lib(toslong.o):
    CODE              Offs=005C98  Size=000032  Align=00001  Fill=0000
/Users/rje/git/cc65/lib/cx16.lib(udiv.o):
    CODE              Offs=005CCA  Size=00004F  Align=00001  Fill=0000
/Users/rje/git/cc65/lib/cx16.lib(umod.o):
    CODE              Offs=005D19  Size=000011  Align=00001  Fill=0000
/Users/rje/git/cc65/lib/cx16.lib(vcprintf.o):
    CODE              Offs=005D2A  Size=000078  Align=00001  Fill=0000
    DATA              Offs=0001DE  Size=000008  Align=00001  Fill=0000
/Users/rje/git/cc65/lib/cx16.lib(zerobss.o):
    CODE              Offs=005DA2  Size=000023  Align=00001  Fill=0000
/Users/rje/git/cc65/lib/cx16.lib(zeropage.o):
    ZEROPAGE          Offs=000000  Size=00001A  Align=00001  Fill=0000


Segment list:
-------------
Name                   Start     End    Size  Align
----------------------------------------------------
ZEROPAGE              000022  00003B  00001A  00001
LOADADDR              0007FF  000800  000002  00001
EXEHDR                000801  00080C  00000C  00001
STARTUP               00080D  00082D  000021  00001
CODE                  00082E  0065F2  005DC5  00001
RODATA                0065F3  00788D  00129B  00001
DATA                  00788E  007A73  0001E6  00001
INIT                  007A74  007A75  000002  00001
BSS                   007A76  008B80  00110B  00001
ONCE                  007A76  007AB0  00003B  00001


Exports list by name:
---------------------
BSOUT                     00FFD2 RLA    CHROUT                    00FFD2 RLA    
ENTROPY_GET               00FECF RLA    GETIN                     00FFE4 RLA    
KBDBUF_PEEK               00FEBD RLA    LOAD                      00FFD5 RLA    
PLOT                      00FFF0 RLA    RDTIM                     00FFDE RLA    
SETLFS                    00FFBA RLA    SETNAM                    00FFBD RLA    
SETTIM                    00FFDB RLA    __BSS_RUN__               007A76 RLA    
__BSS_SIZE__              00110B REA    __CONSTRUCTOR_COUNT__     000002 REA    
__CONSTRUCTOR_TABLE__     007AAD RLA    __DESTRUCTOR_COUNT__      000000 REA    
__DESTRUCTOR_TABLE__      00788E RLA    __EXEHDR__                000001 REA    
__HEADER_LAST__           00080D RLA    __HIMEM__                 009F00 REA    
__LOADADDR__              000001 REA    __MAIN_SIZE__             0096F3 REA    
__MAIN_START__            00080D RLA    __ONCE_RUN__              007A76 RLA    
__STACKSIZE__             000800 REA    __STARTUP__               000001 REA    
__ctype                   007803 RLA    __ctypeidx                00780E RLA    
__heapend                 007A36 RLA    __heapfirst               007A38 RLA    
__heapmemavail            0054A1 RLA    __heapptr                 007A34 RLA    
__hextab                  0077DF RLA    __longminstr              0077EF RLA    
__oserror                 008B54 RLA    __printf                  0055E2 RLA    
__randomize               0062A1 RLA    _abs                      0061D2 RLA    
_admin                    007898 RLA    _astrogator               007899 RLA    
_bgcolor                  005A7D RLA    _bookPassengersAndPayCrew 002D56 RLA    
_burtle32                 000F33 RLA    _cargo                    007AD3 RLA    
_cbm_k_bsout              00FFD2 RLA    _cbm_k_load               005964 RLA    
_cbm_k_setlfs             005981 RLA    _cbm_k_setnam             00598F RLA    
_cclear                   0059BE RLA    _cclearxy                 0059B9 RLA    
_cgetc                    0059CE RLA    _chline                   005A3A RLA    
_chlinexy                 005A35 RLA    _clock                    005A51 RLA    
_clrscr                   005A59 RLA    _common_loadCharacterSet  000F45 RLA    
_cost                     008034 RLA    _cprintf                  005AA0 RLA    
_cputc                    005ACF RLA    _cputcxy                  005ACA RLA    
_cputs                    005B36 RLA    _cputsxy                  005B2C RLA    
_current                  007B19 RLA    _destination              007B5F RLA    
_diceRoll                 00119D RLA    _diceRoll2d               00113A RLA    
_diceRoll3d               001162 RLA    _drawPanel                002BED RLA    
_drawWorld                004D71 RLA    _engineer                 00789A RLA    
_exit                     00081A RLA    _findHighestSkillFor      001353 RLA    
_getEmplacementName       0011CF RLA    _getHits                  0012D9 RLA    
_getHoldFree              00424A RLA    _getMaxHits               001279 RLA    
_getMinHits               001255 RLA    _getStatusLabel           000C1B RLA    
_getWeaponName            001243 RLA    _getWorld                 004ECC RLA    
_gotox                    005BEA RLA    _gotoxy                   005BF3 RLA    
_greenline                00105E RLA    _gunner                   00789B RLA    
_hcr                      007890 RLA    _hire                     001341 RLA    
_hitsInNextTurn           00130A RLA    _insystem_headForJumpPoint 001DC7 RLA    
_jamison                  008025 RLA    _jump                     001F2D RLA    
_jumpmapSetDestination    0021DF RLA    _jumpmapShow              00213C RLA    
_kbhit                    005C88 RLA    _landAtShipyard           0038BE RLA    
_landAtStarport           003E35 RLA    _liaison                  00789C RLA    
_ltoa                     005F40 RLA    _main                     000ACD RLA    
_maneuver                 0028AD RLA    _medic                    00789D RLA    
_memcpy                   006096 RLA    _menu_run                 0029A7 RLA    
_name_generate            002B05 RLA    _parsecDistance           000FAD RLA    
_pay_period               007AD2 RLA    _pilot                    00789E RLA    
_playerAchievementLevel   00788E RLA    _playerDifficultyLevel    00788F RLA    
_pressReturnAndClear      001112 RLA    _printAlarmBar            000BB6 RLA    
_printBankedText          000D42 RLA    _rand                     006279 RLA    
_readShip                 00383B RLA    _redline                  001054 RLA    
_revers                   0062A7 RLA    _setBank                  000F6C RLA    
_setWorldStatus           0050BF RLA    _ship                     007A76 RLA    
_shipDamage               007ABC RLA    _shipState                007AA6 RLA    
_ship_countEmplacements   00387F RLA    _ship_describe            003516 RLA    
_ship_init                003501 RLA    _ship_loadImageFromIndex  003657 RLA    
_showCurrentLocation      002841 RLA    _showShipStatus           0033E6 RLA    
_showShipSummary          0032C5 RLA    _sleep                    006338 RLA    
_sprite_define            003B2E RLA    _sprite_loadToVERA        003B05 RLA    
_srand                    00626D RLA    _starport                 007BA6 RLA    
_statusLine               00107C RLA    _steward                  00789F RLA    
_strcpy                   0063F2 RLA    _streetwise               0078A0 RLA    
_strlen                   006411 RLA    _strlower                 006427 RLA    
_strncpy                  00644E RLA    _survey                   004108 RLA    
_textcolor                005A6A RLA    _titleLine                001068 RLA    
_toDefaultColor           0010D8 RLA    _trade_calculateMarketPrices 0042A0 RLA    
_trade_speculate          00445B RLA    _ultoa                    005F7F RLA    
_vcprintf                 0065A0 RLA    _vera_sprites_enable      00637B RLA    
_wilderness_refuel        0049E7 RLA    _world_describe           004F9B RLA    
_world_drawPlanetoid      00515F RLA    _world_setGasGiantPalette 004D31 RLA    
_world_setRockballPalette 004D3C RLA    addeq0sp                  0058AC RLA    
addeqysp                  0058AE RLA    addysp                    0058BE RLA    
addysp1                   0058BD RLA    aslax1                    0058CB RLA    
aslax2                    0058D3 RLA    aslax3                    0058DE RLA    
aslax4                    0058EC RLA    asrax1                    005934 RLA    
asrax4                    00593E RLA    axlong                    005957 RLA    
axulong                   00595D RLA    booleq                    006070 RLA    
boolge                    006081 RLA    boolgt                    00607F RLA    
boolule                   006087 RLA    callmain                  0059A2 RLA    
chlinechar                000040 REZ    cputdirect                005AE2 RLA    
ctypemaskdirect           005B53 RLA    cursor                    008B53 RLA    
decax1                    005B6D RLA    decax2                    005B74 RLA    
decax3                    005B7B RLA    decaxy                    005B82 RLA    
decsp1                    005B8B RLA    decsp2                    005B94 RLA    
decsp4                    005BA1 RLA    decsp6                    005BAE RLA    
decsp7                    005BBB RLA    decsp8                    005BC8 RLA    
donelib                   005A94 RLA    getlop                    005FCA RLA    
gotoxy                    005BF0 RLA    incax2                    005C2D RLA    
incax3                    005C34 RLA    incax4                    005C48 RLA    
incax5                    005C39 RLA    incax6                    005C3E RLA    
incax7                    005C43 RLA    incaxy                    005C4A RLA    
inceaxy                   005DBB RLA    incsp1                    005C53 RLA    
incsp2                    005C61 RLA    incsp3                    005C6F RLA    
incsp4                    005C74 RLA    incsp5                    005C79 RLA    
incsp6                    005C7E RLA    incsp7                    005C83 RLA    
initclock                 005A4A  LAI   initheap                  007A76  LAI   
initlib                   007A86 RLA    laddeq                    005CB9 RLA    
laddeq0sp                 005CDD RLA    ldaidx                    005D3B RLA    
ldax0sp                   005D54 RLA    ldaxi                     005D47 RLA    
ldaxidx                   005D49 RLA    ldaxysp                   005D56 RLA    
ldeax0sp                  005D74 RLA    ldeaxi                    005D5D RLA    
ldeaxidx                  005D5F RLA    ldeaxysp                  005D76 RLA    
leaa0sp                   005DA3 RLA    leaaxsp                   005DA5 RLA    
lsubeq                    005F00 RLA    mul8x16                   00612A RLA    
mul8x16a                  006134 RLA    mulax10                   006162 RLA    
mulax3                    00617B RLA    mulax6                    00618C RLA    
mulax7                    0061A2 RLA    mulax9                    0061BB RLA    
negax                     0061D6 RLA    negeax                    005E25 RLA    
plot                      005AFB RLA    popa                      0061F5 RLA    
popax                     005C5A RLA    poplsargs                 005E82 RLA    
popptr1                   0061FF RLA    popsargsudiv16            0062BA RLA    
ptr1                      00002A RLZ    ptr2                      00002C RLZ    
ptr3                      00002E RLZ    ptr4                      000030 RLZ    
push0                     006228 RLA    push1                     00620D RLA    
pusha                     006216 RLA    pusha0                    00622A RLA    
pushax                    00622C RLA    pusheax                   005E6B RLA    
pushl0                    005E64 RLA    pushw                     006242 RLA    
pushw0sp                  006251 RLA    pushwysp                  006253 RLA    
regbank                   000036 RLZ    shlax1                    0058CB RLA    
shlax2                    0058D3 RLA    shlax4                    0058EC RLA    
shleax1                   0058FD RLA    shleax3                   005909 RLA    
shleax4                   005923 RLA    shrax1                    0062DA RLA    
shrax3                    0062E2 RLA    shrax4                    0062F0 RLA    
shreax1                   006301 RLA    shreax3                   00630D RLA    
shreax4                   006327 RLA    sp                        000022 RLZ    
sreg                      000024 RLZ    staspidx                  00639A RLA    
stax0sp                   0063B0 RLA    staxysp                   0063B2 RLA    
steax0sp                  0063BB RLA    steaxspidx                0063D0 RLA    
steaxysp                  0063BD RLA    subeq0sp                  0064A4 RLA    
subeqysp                  0064A6 RLA    subysp                    0064B9 RLA    
tmp1                      000032 RLZ    tmp2                      000033 RLZ    
tmp3                      000034 RLZ    tmp4                      000035 RLZ    
tosadd0ax                 005C8D RLA    tosaddax                  005896 RLA    
tosaddeax                 005C93 RLA    tosdiv0ax                 005D87 RLA    
tosdiva0                  005BD5 RLA    tosdivax                  005BD7 RLA    
tosgeeax                  005DAF RLA    tosgteax                  005DB5 RLA    
tosicmp                   005C01 RLA    tosicmp0                  005BFF RLA    
toslcmp                   005D00 RLA    tosmoda0                  0060D2 RLA    
tosmodax                  0060D4 RLA    tosmul0ax                 005DCC RLA    
tosmula0                  006128 RLA    tosmulax                  0060E3 RLA    
tosmuleax                 005DD0 RLA    tosorax                   0061E6 RLA    
tosoreax                  005E47 RLA    tossuba0                  006490 RLA    
tossubax                  006492 RLA    tossubeax                 005ED8 RLA    
tosudiva0                 0064F8 RLA    tosulong                  0064C6 RLA    
tosumod0ax                006032 RLA    tosumoda0                 006547 RLA    
tosumul0ax                005DCC RLA    tosumula0                 006128 RLA    
tosumulax                 0060E3 RLA    tosumuleax                005DD0 RLA    
tosxoreax                 00604D RLA    udiv16                    006509 RLA    
udiv32                    005FED RLA    zerobss                   0065D0 RLA    



Exports list by value:
----------------------
__DESTRUCTOR_COUNT__      000000 REA    __STARTUP__               000001 REA    
__LOADADDR__              000001 REA    __EXEHDR__                000001 REA    
__CONSTRUCTOR_COUNT__     000002 REA    sp                        000022 RLZ    
sreg                      000024 RLZ    ptr1                      00002A RLZ    
ptr2                      00002C RLZ    ptr3                      00002E RLZ    
ptr4                      000030 RLZ    tmp1                      000032 RLZ    
tmp2                      000033 RLZ    tmp3                      000034 RLZ    
tmp4                      000035 RLZ    regbank                   000036 RLZ    
chlinechar                000040 REZ    __STACKSIZE__             000800 REA    
__HEADER_LAST__           00080D RLA    __MAIN_START__            00080D RLA    
_exit                     00081A RLA    _main                     000ACD RLA    
_printAlarmBar            000BB6 RLA    _getStatusLabel           000C1B RLA    
_printBankedText          000D42 RLA    _burtle32                 000F33 RLA    
_common_loadCharacterSet  000F45 RLA    _setBank                  000F6C RLA    
_parsecDistance           000FAD RLA    _redline                  001054 RLA    
_greenline                00105E RLA    _titleLine                001068 RLA    
_statusLine               00107C RLA    _toDefaultColor           0010D8 RLA    
__BSS_SIZE__              00110B REA    _pressReturnAndClear      001112 RLA    
_diceRoll2d               00113A RLA    _diceRoll3d               001162 RLA    
_diceRoll                 00119D RLA    _getEmplacementName       0011CF RLA    
_getWeaponName            001243 RLA    _getMinHits               001255 RLA    
_getMaxHits               001279 RLA    _getHits                  0012D9 RLA    
_hitsInNextTurn           00130A RLA    _hire                     001341 RLA    
_findHighestSkillFor      001353 RLA    _insystem_headForJumpPoint 001DC7 RLA    
_jump                     001F2D RLA    _jumpmapShow              00213C RLA    
_jumpmapSetDestination    0021DF RLA    _showCurrentLocation      002841 RLA    
_maneuver                 0028AD RLA    _menu_run                 0029A7 RLA    
_name_generate            002B05 RLA    _drawPanel                002BED RLA    
_bookPassengersAndPayCrew 002D56 RLA    _showShipSummary          0032C5 RLA    
_showShipStatus           0033E6 RLA    _ship_init                003501 RLA    
_ship_describe            003516 RLA    _ship_loadImageFromIndex  003657 RLA    
_readShip                 00383B RLA    _ship_countEmplacements   00387F RLA    
_landAtShipyard           0038BE RLA    _sprite_loadToVERA        003B05 RLA    
_sprite_define            003B2E RLA    _landAtStarport           003E35 RLA    
_survey                   004108 RLA    _getHoldFree              00424A RLA    
_trade_calculateMarketPrices 0042A0 RLA    _trade_speculate          00445B RLA    
_wilderness_refuel        0049E7 RLA    _world_setGasGiantPalette 004D31 RLA    
_world_setRockballPalette 004D3C RLA    _drawWorld                004D71 RLA    
_getWorld                 004ECC RLA    _world_describe           004F9B RLA    
_setWorldStatus           0050BF RLA    _world_drawPlanetoid      00515F RLA    
__heapmemavail            0054A1 RLA    __printf                  0055E2 RLA    
tosaddax                  005896 RLA    addeq0sp                  0058AC RLA    
addeqysp                  0058AE RLA    addysp1                   0058BD RLA    
addysp                    0058BE RLA    shlax1                    0058CB RLA    
aslax1                    0058CB RLA    aslax2                    0058D3 RLA    
shlax2                    0058D3 RLA    aslax3                    0058DE RLA    
shlax4                    0058EC RLA    aslax4                    0058EC RLA    
shleax1                   0058FD RLA    shleax3                   005909 RLA    
shleax4                   005923 RLA    asrax1                    005934 RLA    
asrax4                    00593E RLA    axlong                    005957 RLA    
axulong                   00595D RLA    _cbm_k_load               005964 RLA    
_cbm_k_setlfs             005981 RLA    _cbm_k_setnam             00598F RLA    
callmain                  0059A2 RLA    _cclearxy                 0059B9 RLA    
_cclear                   0059BE RLA    _cgetc                    0059CE RLA    
_chlinexy                 005A35 RLA    _chline                   005A3A RLA    
initclock                 005A4A  LAI   _clock                    005A51 RLA    
_clrscr                   005A59 RLA    _textcolor                005A6A RLA    
_bgcolor                  005A7D RLA    donelib                   005A94 RLA    
_cprintf                  005AA0 RLA    _cputcxy                  005ACA RLA    
_cputc                    005ACF RLA    cputdirect                005AE2 RLA    
plot                      005AFB RLA    _cputsxy                  005B2C RLA    
_cputs                    005B36 RLA    ctypemaskdirect           005B53 RLA    
decax1                    005B6D RLA    decax2                    005B74 RLA    
decax3                    005B7B RLA    decaxy                    005B82 RLA    
decsp1                    005B8B RLA    decsp2                    005B94 RLA    
decsp4                    005BA1 RLA    decsp6                    005BAE RLA    
decsp7                    005BBB RLA    decsp8                    005BC8 RLA    
tosdiva0                  005BD5 RLA    tosdivax                  005BD7 RLA    
_gotox                    005BEA RLA    gotoxy                    005BF0 RLA    
_gotoxy                   005BF3 RLA    tosicmp0                  005BFF RLA    
tosicmp                   005C01 RLA    incax2                    005C2D RLA    
incax3                    005C34 RLA    incax5                    005C39 RLA    
incax6                    005C3E RLA    incax7                    005C43 RLA    
incax4                    005C48 RLA    incaxy                    005C4A RLA    
incsp1                    005C53 RLA    popax                     005C5A RLA    
incsp2                    005C61 RLA    incsp3                    005C6F RLA    
incsp4                    005C74 RLA    incsp5                    005C79 RLA    
incsp6                    005C7E RLA    incsp7                    005C83 RLA    
_kbhit                    005C88 RLA    tosadd0ax                 005C8D RLA    
tosaddeax                 005C93 RLA    laddeq                    005CB9 RLA    
laddeq0sp                 005CDD RLA    toslcmp                   005D00 RLA    
ldaidx                    005D3B RLA    ldaxi                     005D47 RLA    
ldaxidx                   005D49 RLA    ldax0sp                   005D54 RLA    
ldaxysp                   005D56 RLA    ldeaxi                    005D5D RLA    
ldeaxidx                  005D5F RLA    ldeax0sp                  005D74 RLA    
ldeaxysp                  005D76 RLA    tosdiv0ax                 005D87 RLA    
leaa0sp                   005DA3 RLA    leaaxsp                   005DA5 RLA    
tosgeeax                  005DAF RLA    tosgteax                  005DB5 RLA    
inceaxy                   005DBB RLA    tosmul0ax                 005DCC RLA    
tosumul0ax                005DCC RLA    tosmuleax                 005DD0 RLA    
tosumuleax                005DD0 RLA    negeax                    005E25 RLA    
tosoreax                  005E47 RLA    pushl0                    005E64 RLA    
pusheax                   005E6B RLA    poplsargs                 005E82 RLA    
tossubeax                 005ED8 RLA    lsubeq                    005F00 RLA    
_ltoa                     005F40 RLA    _ultoa                    005F7F RLA    
getlop                    005FCA RLA    udiv32                    005FED RLA    
tosumod0ax                006032 RLA    tosxoreax                 00604D RLA    
booleq                    006070 RLA    boolgt                    00607F RLA    
boolge                    006081 RLA    boolule                   006087 RLA    
_memcpy                   006096 RLA    tosmoda0                  0060D2 RLA    
tosmodax                  0060D4 RLA    tosmulax                  0060E3 RLA    
tosumulax                 0060E3 RLA    tosumula0                 006128 RLA    
tosmula0                  006128 RLA    mul8x16                   00612A RLA    
mul8x16a                  006134 RLA    mulax10                   006162 RLA    
mulax3                    00617B RLA    mulax6                    00618C RLA    
mulax7                    0061A2 RLA    mulax9                    0061BB RLA    
_abs                      0061D2 RLA    negax                     0061D6 RLA    
tosorax                   0061E6 RLA    popa                      0061F5 RLA    
popptr1                   0061FF RLA    push1                     00620D RLA    
pusha                     006216 RLA    push0                     006228 RLA    
pusha0                    00622A RLA    pushax                    00622C RLA    
pushw                     006242 RLA    pushw0sp                  006251 RLA    
pushwysp                  006253 RLA    _srand                    00626D RLA    
_rand                     006279 RLA    __randomize               0062A1 RLA    
_revers                   0062A7 RLA    popsargsudiv16            0062BA RLA    
shrax1                    0062DA RLA    shrax3                    0062E2 RLA    
shrax4                    0062F0 RLA    shreax1                   006301 RLA    
shreax3                   00630D RLA    shreax4                   006327 RLA    
_sleep                    006338 RLA    _vera_sprites_enable      00637B RLA    
staspidx                  00639A RLA    stax0sp                   0063B0 RLA    
staxysp                   0063B2 RLA    steax0sp                  0063BB RLA    
steaxysp                  0063BD RLA    steaxspidx                0063D0 RLA    
_strcpy                   0063F2 RLA    _strlen                   006411 RLA    
_strlower                 006427 RLA    _strncpy                  00644E RLA    
tossuba0                  006490 RLA    tossubax                  006492 RLA    
subeq0sp                  0064A4 RLA    subeqysp                  0064A6 RLA    
subysp                    0064B9 RLA    tosulong                  0064C6 RLA    
tosudiva0                 0064F8 RLA    udiv16                    006509 RLA    
tosumoda0                 006547 RLA    _vcprintf                 0065A0 RLA    
zerobss                   0065D0 RLA    __hextab                  0077DF RLA    
__longminstr              0077EF RLA    __ctype                   007803 RLA    
__ctypeidx                00780E RLA    __DESTRUCTOR_TABLE__      00788E RLA    
_playerAchievementLevel   00788E RLA    _playerDifficultyLevel    00788F RLA    
_hcr                      007890 RLA    _admin                    007898 RLA    
_astrogator               007899 RLA    _engineer                 00789A RLA    
_gunner                   00789B RLA    _liaison                  00789C RLA    
_medic                    00789D RLA    _pilot                    00789E RLA    
_steward                  00789F RLA    _streetwise               0078A0 RLA    
__heapptr                 007A34 RLA    __heapend                 007A36 RLA    
__heapfirst               007A38 RLA    initheap                  007A76  LAI   
__ONCE_RUN__              007A76 RLA    _ship                     007A76 RLA    
__BSS_RUN__               007A76 RLA    initlib                   007A86 RLA    
_shipState                007AA6 RLA    __CONSTRUCTOR_TABLE__     007AAD RLA    
_shipDamage               007ABC RLA    _pay_period               007AD2 RLA    
_cargo                    007AD3 RLA    _current                  007B19 RLA    
_destination              007B5F RLA    _starport                 007BA6 RLA    
_jamison                  008025 RLA    _cost                     008034 RLA    
cursor                    008B53 RLA    __oserror                 008B54 RLA    
__MAIN_SIZE__             0096F3 REA    __HIMEM__                 009F00 REA    
KBDBUF_PEEK               00FEBD RLA    ENTROPY_GET               00FECF RLA    
SETLFS                    00FFBA RLA    SETNAM                    00FFBD RLA    
CHROUT                    00FFD2 RLA    BSOUT                     00FFD2 RLA    
_cbm_k_bsout              00FFD2 RLA    LOAD                      00FFD5 RLA    
SETTIM                    00FFDB RLA    RDTIM                     00FFDE RLA    
GETIN                     00FFE4 RLA    PLOT                      00FFF0 RLA    



Imports list:
-------------
BSOUT (kernal.o):
    c_bsout.o                 cbm/cbm.inc:49
CHROUT (kernal.o):
    crt0.o                    cx16/crt0.s:10
    clrscr.o                  cx16/clrscr.s:10
    c_bsout.o                 cbm/cbm.inc:50
ENTROPY_GET (kernal.o):
    randomize.o               cx16/randomize.s:10
GETIN (kernal.o):
    cgetc.o                   cx16/cgetc.s:10
KBDBUF_PEEK (kernal.o):
    kbhit.o                   cx16/kbhit.s:10
LOAD (kernal.o):
    c_load.o                  cbm/cbm.inc:37
PLOT (kernal.o):
    cputc.o                   cx16/cputc.s:11
RDTIM (kernal.o):
    clock.o                   cx16/clock.s:11
SETLFS (kernal.o):
    c_setlfs.o                cbm/cbm.inc:33
SETNAM (kernal.o):
    c_setnam.o                cbm/cbm.inc:34
SETTIM (kernal.o):
    clock.o                   cx16/clock.s:11
__BSS_RUN__ ([linker generated]):
    _heap.o                   common/_heap.s:8
    zerobss.o                 common/zerobss.s:8
__BSS_SIZE__ ([linker generated]):
    _heap.o                   common/_heap.s:8
    zerobss.o                 common/zerobss.s:8
__CONSTRUCTOR_COUNT__ ([linker generated]):
    condes.o                  runtime/condes.s:18
__CONSTRUCTOR_TABLE__ ([linker generated]):
    condes.o                  runtime/condes.s:18
__DESTRUCTOR_COUNT__ ([linker generated]):
    condes.o                  runtime/condes.s:19
__DESTRUCTOR_TABLE__ ([linker generated]):
    condes.o                  runtime/condes.s:19
__EXEHDR__ (exehdr.o):
    [linker generated]        /Users/rje/git/cc65/cfg/cx16.cfg:6
__HEADER_LAST__ ([linker generated]):
    [linker generated]        /Users/rje/git/cc65/cfg/cx16.cfg:14
    [linker generated]        /Users/rje/git/cc65/cfg/cx16.cfg:14
__HIMEM__ ([linker generated]):
    [linker generated]        /Users/rje/git/cc65/cfg/cx16.cfg:15
    [linker generated]        /Users/rje/git/cc65/cfg/cx16.cfg:14
__LOADADDR__ (loadaddr.o):
    [linker generated]        /Users/rje/git/cc65/cfg/cx16.cfg:5
__MAIN_SIZE__ ([linker generated]):
    crt0.o                    cx16/crt0.s:11
__MAIN_START__ ([linker generated]):
    crt0.o                    cx16/crt0.s:11
__ONCE_RUN__ ([linker generated]):
    [linker generated]        /Users/rje/git/cc65/cfg/cx16.cfg:15
    [linker generated]        /Users/rje/git/cc65/cfg/cx16.cfg:15
__STACKSIZE__ ([linker generated]):
    _heap.o                   common/_heap.s:8
    [linker generated]        /Users/rje/git/cc65/cfg/cx16.cfg:15
__STARTUP__ (crt0.o):
    main.o                    main.s:13
__ctype (ctype.o):
    ctypemask.o               common/ctypemask.s:23
__ctypeidx (ctype.o):
    ctypemask.o               common/ctypemask.s:24
__heapend (_heap.o):
    _heapmemavail.o           /Users/rje/git/cc65/asminc/_heap.inc:33
__heapfirst (_heap.o):
    _heapmemavail.o           /Users/rje/git/cc65/asminc/_heap.inc:34
__heapmemavail (_heapmemavail.o):
    common.o                  common.s:13
__heapptr (_heap.o):
    _heapmemavail.o           /Users/rje/git/cc65/asminc/_heap.inc:32
__hextab (_hextab.o):
    ltoa.o                    common/ltoa.s:10
__longminstr (_longminstr.o):
    ltoa.o                    common/ltoa.s:10
__oserror (_oserror.o):
    c_load.o                  cbm/c_load.s:10
__printf (_printf.o):
    vcprintf.o                conio/vcprintf.s:9
__randomize (randomize.o):
    hiring_hall.o             hiring_hall.s:22
_abs (negabs.o):
    passengers.o              passengers.s:20
    common.o                  common.s:14
_admin (main.o):
    passengers.o              passengers.s:33
_astrogator (main.o):
    passengers.o              passengers.s:34
    jump.o                    jump.s:31
_bgcolor (color.o):
    insystem.o                insystem.s:23
_bookPassengersAndPayCrew (passengers.o):
    jump.o                    jump.s:28
_burtle32 (burtle_jsf32.o):
    trade.o                   trade.s:30
    common.o                  common.s:41
_cargo (main.o):
    trade.o                   trade.s:33
_cbm_k_bsout (c_bsout.o):
    jump.o                    jump.s:13
    bankedText.o              bankedText.s:13
    alarm.o                   alarm.s:13
    main.o                    main.s:15
_cbm_k_load (c_load.o):
    sprite.o                  sprite.s:13
    common.o                  common.s:15
_cbm_k_setlfs (c_setlfs.o):
    sprite.o                  sprite.s:14
    common.o                  common.s:16
_cbm_k_setnam (c_setnam.o):
    sprite.o                  sprite.s:15
    common.o                  common.s:17
_cclear (cclear.o):
    trade.o                   trade.s:21
_cclearxy (cclear.o):
    starport.o                starport.s:20
    jump-map.o                jump-map.s:20
_cgetc (cgetc.o):
    wilderness.o              wilderness.s:19
    trade.o                   trade.s:18
    survey.o                  survey.s:18
    starport.o                starport.s:17
    shipyard.o                shipyard.s:17
    menu.o                    menu.s:17
    jump-map.o                jump-map.s:17
    insystem.o                insystem.s:21
    hiring_hall.o             hiring_hall.s:17
    common.o                  common.s:23
_chline (chline.o):
    jump-map.o                jump-map.s:19
    common.o                  common.s:25
_chlinexy (chline.o):
    hiring_hall.o             hiring_hall.s:19
    common.o                  common.s:26
_clock (clock.o):
    sleep.o                   ../libwrk/cx16/sleep.s:13
    burtle_jsf32.o            burtle_jsf32.s:13
_clrscr (clrscr.o):
    wilderness.o              wilderness.s:13
    trade.o                   trade.s:13
    survey.o                  survey.s:13
    starport.o                starport.s:13
    shipyard.o                shipyard.s:13
    passengers.o              passengers.s:13
    maneuver-map.o            maneuver-map.s:13
    jump.o                    jump.s:14
    insystem.o                insystem.s:15
    hiring_hall.o             hiring_hall.s:13
    common.o                  common.s:18
    main.o                    main.s:16
_common_loadCharacterSet (common.o):
    main.o                    main.s:20
_cost (alarm.o):
    starport.o                starport.s:36
_cprintf (cprintf.o):
    world.o                   world.s:17
    trade.o                   trade.s:17
    survey.o                  survey.s:17
    starport.o                starport.s:16
    ship.o                    ship.s:14
    passengers.o              passengers.s:17
    jump-map.o                jump-map.s:16
    jump.o                    jump.s:18
    insystem.o                insystem.s:20
    hiring_hall.o             hiring_hall.s:16
    common.o                  common.s:22
    alarm.o                   alarm.s:16
_cputc (cputc.o):
    vcprintf.o                conio/vcprintf.s:9
    cputs.o                   conio/cputs.s:9
    world.o                   world.s:14
    wilderness.o              wilderness.s:15
    menu.o                    menu.s:14
    bankedText.o              bankedText.s:14
_cputcxy (cputc.o):
    world.o                   world.s:15
    wilderness.o              wilderness.s:16
    panel.o                   panel.s:13
    menu.o                    menu.s:15
    jump-map.o                jump-map.s:14
    jump.o                    jump.s:16
_cputs (cputs.o):
    world.o                   world.s:16
    wilderness.o              wilderness.s:17
    trade.o                   trade.s:15
    shipyard.o                shipyard.s:15
    ship.o                    ship.s:13
    passengers.o              passengers.s:16
    menu.o                    menu.s:16
    maneuver-map.o            maneuver-map.s:15
    insystem.o                insystem.s:18
    hiring_hall.o             hiring_hall.s:14
    bankedText.o              bankedText.s:15
_cputsxy (cputs.o):
    wilderness.o              wilderness.s:18
    trade.o                   trade.s:16
    survey.o                  survey.s:16
    starport.o                starport.s:15
    shipyard.o                shipyard.s:16
    panel.o                   panel.s:14
    maneuver-map.o            maneuver-map.s:16
    jump-map.o                jump-map.s:15
    jump.o                    jump.s:17
    insystem.o                insystem.s:19
    hiring_hall.o             hiring_hall.s:15
    common.o                  common.s:21
    alarm.o                   alarm.s:15
    main.o                    main.s:18
_current (main.o):
    wilderness.o              wilderness.s:30
    trade.o                   trade.s:32
    survey.o                  survey.s:26
    shipyard.o                shipyard.s:28
    passengers.o              passengers.s:29
    maneuver-map.o            maneuver-map.s:24
    jump-map.o                jump-map.s:35
    jump.o                    jump.s:32
    insystem.o                insystem.s:34
_destination (main.o):
    passengers.o              passengers.s:30
    maneuver-map.o            maneuver-map.s:25
    jump-map.o                jump-map.s:36
    jump.o                    jump.s:33
_diceRoll (common.o):
    trade.o                   trade.s:25
_diceRoll2d (common.o):
    survey.o                  survey.s:21
    hiring_hall.o             hiring_hall.s:26
_diceRoll3d (common.o):
    survey.o                  survey.s:22
    hiring_hall.o             hiring_hall.s:27
_drawPanel (panel.o):
    starport.o                starport.s:30
    maneuver-map.o            maneuver-map.s:23
    main.o                    main.s:41
_drawWorld (world.o):
    wilderness.o              wilderness.s:25
_engineer (main.o):
    passengers.o              passengers.s:35
_exit (crt0.o):
    insystem.o                insystem.s:14
_findHighestSkillFor (hiring_hall.o):
    main.o                    main.s:32
_getEmplacementName (emplacement.o):
    starport.o                starport.s:28
    ship.o                    ship.s:28
_getHits (emplacement.o):
    insystem.o                insystem.s:32
_getHoldFree (trade.o):
    passengers.o              passengers.s:26
_getMaxHits (emplacement.o):
    ship.o                    ship.s:31
_getMinHits (emplacement.o):
    ship.o                    ship.s:30
_getStatusLabel (alarm.o):
    starport.o                starport.s:27
_getWeaponName (emplacement.o):
    starport.o                starport.s:29
    ship.o                    ship.s:29
_getWorld (world.o):
    jump-map.o                jump-map.s:32
    jump.o                    jump.s:27
    main.o                    main.s:28
_gotox (gotox.o):
    trade.o                   trade.s:14
    survey.o                  survey.s:14
    passengers.o              passengers.s:14
    insystem.o                insystem.s:16
    common.o                  common.s:19
_gotoxy (gotoxy.o):
    world.o                   world.s:13
    wilderness.o              wilderness.s:14
    survey.o                  survey.s:15
    starport.o                starport.s:14
    shipyard.o                shipyard.s:14
    passengers.o              passengers.s:15
    menu.o                    menu.s:13
    maneuver-map.o            maneuver-map.s:14
    jump-map.o                jump-map.s:13
    jump.o                    jump.s:15
    insystem.o                insystem.s:17
    common.o                  common.s:20
    alarm.o                   alarm.s:14
    main.o                    main.s:17
_greenline (common.o):
    passengers.o              passengers.s:21
_gunner (main.o):
    passengers.o              passengers.s:36
_hcr (main.o):
    trade.o                   trade.s:35
    survey.o                  survey.s:28
    starport.o                starport.s:33
    passengers.o              passengers.s:32
    insystem.o                insystem.s:36
_hire (hiring_hall.o):
    main.o                    main.s:31
_hitsInNextTurn (emplacement.o):
    ship.o                    ship.s:32
    insystem.o                insystem.s:33
_insystem_headForJumpPoint (insystem.o):
    jump.o                    jump.s:29
_jamison (main.o):
    jump-map.o                jump-map.s:37
_jump (jump.o):
    main.o                    main.s:26
_jumpmapSetDestination (jump-map.o):
    main.o                    main.s:34
_jumpmapShow (jump-map.o):
    main.o                    main.s:33
_kbhit (kbhit.o):
    cgetc.o                   cx16/cgetc.s:10
_landAtShipyard (shipyard.o):
    main.o                    main.s:29
_landAtStarport (starport.o):
    main.o                    main.s:30
_liaison (main.o):
    passengers.o              passengers.s:37
_ltoa (ltoa.o):
    _printf.o                 common/_printf.s:12
_main (main.o):
    callmain.o                runtime/callmain.s:11
_maneuver (maneuver-map.o):
    main.o                    main.s:38
_medic (main.o):
    passengers.o              passengers.s:38
_memcpy (memcpy.o):
    world.o                   world.s:1534
    trade.o                   trade.s:1144
    ship.o                    ship.s:963
    hiring_hall.o             hiring_hall.s:21
_menu_run (menu.o):
    maneuver-map.o            maneuver-map.s:22
    main.o                    main.s:40
_name_generate (name.o):
    hiring_hall.o             hiring_hall.s:30
_parsecDistance (common.o):
    jump-map.o                jump-map.s:25
    jump.o                    jump.s:24
_pay_period (main.o):
    wilderness.o              wilderness.s:31
    survey.o                  survey.s:27
    passengers.o              passengers.s:31
    jump.o                    jump.s:37
    hiring_hall.o             hiring_hall.s:31
_pilot (main.o):
    world.o                   world.s:33
    passengers.o              passengers.s:39
_playerAchievementLevel (main.o):
    world.o                   world.s:32
    wilderness.o              wilderness.s:32
    maneuver-map.o            maneuver-map.s:26
    jump-map.o                jump-map.s:38
    jump.o                    jump.s:35
    common.o                  common.s:43
    alarm.o                   alarm.s:26
_playerDifficultyLevel (main.o):
    jump.o                    jump.s:36
_pressReturnAndClear (common.o):
    passengers.o              passengers.s:24
_printAlarmBar (alarm.o):
    wilderness.o              wilderness.s:27
    survey.o                  survey.s:23
    maneuver-map.o            maneuver-map.s:21
    jump-map.o                jump-map.s:29
_printBankedText (bankedText.o):
    starport.o                starport.s:31
    jump-map.o                jump-map.s:33
    jump.o                    jump.s:30
    main.o                    main.s:43
_rand (rand.o):
    world.o                   world.s:20
    passengers.o              passengers.s:19
    name.o                    name.s:13
    jump.o                    jump.s:20
    insystem.o                insystem.s:13
    emplacement.o             emplacement.s:13
_readShip (ship.o):
    shipyard.o                shipyard.s:26
    insystem.o                insystem.s:30
_redline (common.o):
    trade.o                   trade.s:23
    hiring_hall.o             hiring_hall.s:23
_revers (revers.o):
    world.o                   world.s:18
    trade.o                   trade.s:19
    starport.o                starport.s:18
_setBank (common.o):
    world.o                   world.s:21
    trade.o                   trade.s:22
    starport.o                starport.s:22
    shipyard.o                shipyard.s:20
    ship.o                    ship.s:16
    name.o                    name.s:14
    jump-map.o                jump-map.s:24
    jump.o                    jump.s:23
    main.o                    main.s:21
_setWorldStatus (world.o):
    survey.o                  survey.s:25
_ship (main.o):
    wilderness.o              wilderness.s:28
    trade.o                   trade.s:31
    survey.o                  survey.s:29
    starport.o                starport.s:32
    shipyard.o                shipyard.s:27
    passengers.o              passengers.s:27
    jump-map.o                jump-map.s:34
    insystem.o                insystem.s:35
    alarm.o                   alarm.s:23
_shipDamage (main.o):
    starport.o                starport.s:35
    alarm.o                   alarm.s:25
_shipState (main.o):
    wilderness.o              wilderness.s:29
    starport.o                starport.s:34
    passengers.o              passengers.s:28
    jump.o                    jump.s:34
    alarm.o                   alarm.s:24
_ship_countEmplacements (ship.o):
    insystem.o                insystem.s:31
_ship_describe (ship.o):
    starport.o                starport.s:25
    shipyard.o                shipyard.s:24
_ship_init (ship.o):
    main.o                    main.s:27
_ship_loadImageFromIndex (ship.o):
    shipyard.o                shipyard.s:25
_showCurrentLocation (maneuver-map.o):
    main.o                    main.s:37
_showShipStatus (ship.o):
    insystem.o                insystem.s:29
_showShipSummary (ship.o):
    starport.o                starport.s:24
    shipyard.o                shipyard.s:23
    insystem.o                insystem.s:28
_sleep (sleep.o):
    world.o                   world.s:31
    jump.o                    jump.s:21
_sprite_define (sprite.o):
    jump-map.o                jump-map.s:31
    main.o                    main.s:36
_sprite_loadToVERA (sprite.o):
    ship.o                    ship.s:27
    jump-map.o                jump-map.s:30
    main.o                    main.s:35
_srand (rand.o):
    randomize.o               cx16/randomize.s:10
_starport (main.o):
    trade.o                   trade.s:34
_statusLine (common.o):
    wilderness.o              wilderness.s:22
    survey.o                  survey.s:20
    shipyard.o                shipyard.s:22
    passengers.o              passengers.s:23
    jump.o                    jump.s:26
    hiring_hall.o             hiring_hall.s:25
    main.o                    main.s:23
_steward (main.o):
    passengers.o              passengers.s:40
_strcpy (strcpy.o):
    hiring_hall.o             hiring_hall.s:20
_streetwise (main.o):
    passengers.o              passengers.s:41
_strlen (strlen.o):
    _printf.o                 common/_printf.s:13
    alarm.o                   alarm.s:17
_strlower (strlower.o):
    _printf.o                 common/_printf.s:13
_strncpy (strncpy.o):
    jump-map.o                jump-map.s:22
_survey (survey.o):
    main.o                    main.s:42
_textcolor (color.o):
    world.o                   world.s:19
    wilderness.o              wilderness.s:20
    trade.o                   trade.s:20
    survey.o                  survey.s:19
    starport.o                starport.s:19
    shipyard.o                shipyard.s:18
    ship.o                    ship.s:15
    passengers.o              passengers.s:18
    menu.o                    menu.s:18
    maneuver-map.o            maneuver-map.s:17
    jump-map.o                jump-map.s:18
    jump.o                    jump.s:19
    insystem.o                insystem.s:22
    hiring_hall.o             hiring_hall.s:18
    common.o                  common.s:24
    main.o                    main.s:19
_titleLine (common.o):
    starport.o                starport.s:23
    shipyard.o                shipyard.s:21
    passengers.o              passengers.s:22
    jump-map.o                jump-map.s:26
    jump.o                    jump.s:25
    insystem.o                insystem.s:24
    hiring_hall.o             hiring_hall.s:24
    alarm.o                   alarm.s:18
    main.o                    main.s:22
_toDefaultColor (common.o):
    trade.o                   trade.s:24
_trade_calculateMarketPrices (trade.o):
    main.o                    main.s:24
_trade_speculate (trade.o):
    main.o                    main.s:25
_ultoa (ltoa.o):
    _printf.o                 common/_printf.s:12
_vcprintf (vcprintf.o):
    cprintf.o                 conio/cprintf.s:8
_vera_sprites_enable (sprites_enable.o):
    main.o                    main.s:14
_wilderness_refuel (wilderness.o):
    main.o                    main.s:39
_world_describe (world.o):
    maneuver-map.o            maneuver-map.s:20
_world_drawPlanetoid (world.o):
    wilderness.o              wilderness.s:26
_world_setGasGiantPalette (world.o):
    wilderness.o              wilderness.s:23
_world_setRockballPalette (world.o):
    wilderness.o              wilderness.s:24
addeq0sp (addeqsp.o):
    world.o                   world.s:1534
    world.o                   world.s:1534
    trade.o                   trade.s:1144
    sprite.o                  sprite.s:503
    passengers.o              passengers.s:801
    passengers.o              passengers.s:801
    passengers.o              passengers.s:801
    panel.o                   panel.s:210
    jump-map.o                jump-map.s:981
    hiring_hall.o             hiring_hall.s:1118
    hiring_hall.o             hiring_hall.s:1118
    bankedText.o              bankedText.s:77
    main.o                    main.s:639
addeqysp (addeqsp.o):
    world.o                   world.s:1534
    world.o                   world.s:1534
    trade.o                   trade.s:1144
    trade.o                   trade.s:1144
    trade.o                   trade.s:1144
    shipyard.o                shipyard.s:376
    passengers.o              passengers.s:801
    name.o                    name.s:140
    jump-map.o                jump-map.s:981
    jump-map.o                jump-map.s:981
    insystem.o                insystem.s:692
    hiring_hall.o             hiring_hall.s:1118
addysp (addysp.o):
    incsp7.o                  runtime/incsp7.s:8
    incsp6.o                  runtime/incsp6.s:8
    incsp5.o                  runtime/incsp5.s:8
    incsp4.o                  runtime/incsp4.s:8
    incsp3.o                  runtime/incsp3.s:8
    cprintf.o                 conio/cprintf.s:8
    world.o                   world.s:1534
    world.o                   world.s:1534
    world.o                   world.s:1534
    passengers.o              passengers.s:801
    panel.o                   panel.s:210
    name.o                    name.s:140
    maneuver-map.o            maneuver-map.s:253
    jump-map.o                jump-map.s:981
    jump-map.o                jump-map.s:981
    jump.o                    jump.s:327
    insystem.o                insystem.s:692
    hiring_hall.o             hiring_hall.s:1118
    common.o                  common.s:537
    burtle_jsf32.o            burtle_jsf32.s:248
    alarm.o                   alarm.s:493
addysp1 (addysp.o):
    sub.o                     runtime/sub.s:8
    or.o                      runtime/or.s:9
    lxor.o                    runtime/lxor.s:9
    ludiv.o                   runtime/ludiv.s:9
    lsub.o                    runtime/lsub.s:11
    lor.o                     runtime/lor.s:9
    lmul.o                    runtime/lmul.s:9
    ladd.o                    runtime/ladd.s:8
aslax1 (aslax1.o):
    world.o                   world.s:1534
    maneuver-map.o            maneuver-map.s:253
    jump-map.o                jump-map.s:981
    hiring_hall.o             hiring_hall.s:1118
    main.o                    main.s:639
aslax2 (aslax2.o):
    world.o                   world.s:1534
    world.o                   world.s:1534
    jump-map.o                jump-map.s:981
    jump-map.o                jump-map.s:981
aslax3 (aslax3.o):
    sprite.o                  sprite.s:503
    sprite.o                  sprite.s:503
    sprite.o                  sprite.s:503
    sprite.o                  sprite.s:503
    sprite.o                  sprite.s:503
    jump-map.o                jump-map.s:981
aslax4 (aslax4.o):
    world.o                   world.s:1534
    world.o                   world.s:1534
    jump-map.o                jump-map.s:981
    jump-map.o                jump-map.s:981
    main.o                    main.s:639
asrax1 (asrax1.o):
    sprite.o                  sprite.s:503
    sprite.o                  sprite.s:503
asrax4 (asrax4.o):
    sprite.o                  sprite.s:503
    sprite.o                  sprite.s:503
axlong (axlong.o):
    _printf.o                 common/_printf.s:11
    passengers.o              passengers.s:801
    insystem.o                insystem.s:692
axulong (axlong.o):
    _printf.o                 common/_printf.s:11
    sleep.o                   ../libwrk/cx16/sleep.s:54
    trade.o                   trade.s:1144
    trade.o                   trade.s:1144
    trade.o                   trade.s:1144
    survey.o                  survey.s:197
    passengers.o              passengers.s:801
booleq (makebool.o):
    shipyard.o                shipyard.s:376
boolge (makebool.o):
    lge.o                     runtime/lge.s:8
boolgt (makebool.o):
    lgt.o                     runtime/lgt.s:8
boolule (makebool.o):
    jump-map.o                jump-map.s:981
callmain (callmain.o):
    crt0.o                    cx16/crt0.s:9
chlinechar (clinechars.o):
    chline.o                  cbm/chline.s:10
cputdirect (cputc.o):
    chline.o                  cbm/chline.s:9
    cclear.o                  cbm/cclear.s:9
ctypemaskdirect (ctypemask.o):
    strlower.o                common/strlower.s:14
cursor (_cursor.o):
    cgetc.o                   cx16/cgetc.s:10
decax1 (decax1.o):
    world.o                   world.s:1534
    maneuver-map.o            maneuver-map.s:253
decax2 (decax2.o):
    trade.o                   trade.s:1144
decax3 (decax3.o):
    hiring_hall.o             hiring_hall.s:1118
decaxy (decaxy.o):
    world.o                   world.s:1534
    ship.o                    ship.s:963
    ship.o                    ship.s:963
    menu.o                    menu.s:211
    insystem.o                insystem.s:692
decsp1 (decsp1.o):
    ship.o                    ship.s:963
    hiring_hall.o             hiring_hall.s:1118
    common.o                  common.s:537
    alarm.o                   alarm.s:493
decsp2 (decsp2.o):
    toslong.o                 runtime/toslong.s:8
    trade.o                   trade.s:1144
    trade.o                   trade.s:1144
    trade.o                   trade.s:1144
    trade.o                   trade.s:1144
    starport.o                starport.s:431
    ship.o                    ship.s:963
    panel.o                   panel.s:210
    jump-map.o                jump-map.s:981
    jump.o                    jump.s:327
    hiring_hall.o             hiring_hall.s:1118
    hiring_hall.o             hiring_hall.s:1118
    hiring_hall.o             hiring_hall.s:1118
    main.o                    main.s:639
decsp4 (decsp4.o):
    lpush.o                   runtime/lpush.s:12
    world.o                   world.s:1534
    world.o                   world.s:1534
    world.o                   world.s:1534
    trade.o                   trade.s:1144
    name.o                    name.s:140
    burtle_jsf32.o            burtle_jsf32.s:248
    main.o                    main.s:639
decsp6 (decsp6.o):
    _printf.o                 common/_printf.s:11
decsp7 (decsp7.o):
    insystem.o                insystem.s:692
decsp8 (decsp8.o):
    world.o                   world.s:1534
donelib (condes.o):
    crt0.o                    cx16/crt0.s:8
getlop (ludiv.o):
    lumod.o                   runtime/lumod.s:9
    lshelp.o                  runtime/lshelp.s:11
gotoxy (gotoxy.o):
    cputs.o                   conio/cputs.s:9
    cputc.o                   cx16/cputc.s:11
    chline.o                  cbm/chline.s:9
    cclear.o                  cbm/cclear.s:9
incax2 (incax2.o):
    sprite.o                  sprite.s:503
    passengers.o              passengers.s:801
    name.o                    name.s:140
    menu.o                    menu.s:211
    hiring_hall.o             hiring_hall.s:1118
incax3 (incax3.o):
    jump-map.o                jump-map.s:981
    hiring_hall.o             hiring_hall.s:1118
incax4 (incaxy.o):
    ship.o                    ship.s:963
    maneuver-map.o            maneuver-map.s:253
    jump-map.o                jump-map.s:981
    jump.o                    jump.s:327
    hiring_hall.o             hiring_hall.s:1118
incax5 (incax5.o):
    world.o                   world.s:1534
    hiring_hall.o             hiring_hall.s:1118
incax6 (incax6.o):
    sprite.o                  sprite.s:503
    sprite.o                  sprite.s:503
    ship.o                    ship.s:963
incax7 (incax7.o):
    ship.o                    ship.s:963
incaxy (incaxy.o):
    incax7.o                  runtime/incax7.s:8
    incax6.o                  runtime/incax6.s:8
    incax5.o                  runtime/incax5.s:8
    incax3.o                  runtime/incax3.s:8
    world.o                   world.s:1534
    world.o                   world.s:1534
    world.o                   world.s:1534
    world.o                   world.s:1534
    world.o                   world.s:1534
    starport.o                starport.s:431
    ship.o                    ship.s:963
    ship.o                    ship.s:963
    ship.o                    ship.s:963
    ship.o                    ship.s:963
    ship.o                    ship.s:963
    passengers.o              passengers.s:801
    menu.o                    menu.s:211
    jump-map.o                jump-map.s:981
    jump-map.o                jump-map.s:981
    jump.o                    jump.s:327
    insystem.o                insystem.s:692
    insystem.o                insystem.s:692
    hiring_hall.o             hiring_hall.s:1118
    hiring_hall.o             hiring_hall.s:1118
    hiring_hall.o             hiring_hall.s:1118
    hiring_hall.o             hiring_hall.s:1118
inceaxy (linc.o):
    common.o                  common.s:537
    common.o                  common.s:537
    common.o                  common.s:537
incsp1 (incsp1.o):
    world.o                   world.s:1534
    world.o                   world.s:1534
    world.o                   world.s:1534
    trade.o                   trade.s:1144
    survey.o                  survey.s:197
    starport.o                starport.s:431
    sprite.o                  sprite.s:503
    shipyard.o                shipyard.s:376
    ship.o                    ship.s:963
    ship.o                    ship.s:963
    jump-map.o                jump-map.s:981
    hiring_hall.o             hiring_hall.s:1118
    hiring_hall.o             hiring_hall.s:1118
    emplacement.o             emplacement.s:385
    emplacement.o             emplacement.s:385
    emplacement.o             emplacement.s:385
    emplacement.o             emplacement.s:385
    common.o                  common.s:537
    alarm.o                   alarm.s:493
    alarm.o                   alarm.s:493
    alarm.o                   alarm.s:493
    alarm.o                   alarm.s:493
incsp2 (incsp2.o):
    staspidx.o                runtime/staspidx.s:8
    popptr1.o                 runtime/popptr1.s:8
    world.o                   world.s:1534
    world.o                   world.s:1534
    world.o                   world.s:1534
    world.o                   world.s:1534
    world.o                   world.s:1534
    trade.o                   trade.s:1144
    trade.o                   trade.s:1144
    trade.o                   trade.s:1144
    trade.o                   trade.s:1144
    trade.o                   trade.s:1144
    trade.o                   trade.s:1144
    survey.o                  survey.s:197
    sprite.o                  sprite.s:503
    shipyard.o                shipyard.s:376
    shipyard.o                shipyard.s:376
    ship.o                    ship.s:963
    ship.o                    ship.s:963
    ship.o                    ship.s:963
    passengers.o              passengers.s:801
    jump-map.o                jump-map.s:981
    jump.o                    jump.s:327
    hiring_hall.o             hiring_hall.s:1118
    common.o                  common.s:537
    common.o                  common.s:537
    common.o                  common.s:537
    main.o                    main.s:639
incsp3 (incsp3.o):
    starport.o                starport.s:431
    starport.o                starport.s:431
    sprite.o                  sprite.s:503
    sprite.o                  sprite.s:503
    sprite.o                  sprite.s:503
    sprite.o                  sprite.s:503
    ship.o                    ship.s:963
    ship.o                    ship.s:963
    ship.o                    ship.s:963
    hiring_hall.o             hiring_hall.s:1118
    hiring_hall.o             hiring_hall.s:1118
[...]
    common.o                  common.s:537
    common.o                  common.s:537
    burtle_jsf32.o            burtle_jsf32.s:248
    burtle_jsf32.o            burtle_jsf32.s:248
    alarm.o                   alarm.s:493
    main.o                    main.s:639
    main.o                    main.s:639
    main.o                    main.s:639
pusheax (lpush.o):
    _printf.o                 common/_printf.s:11
    sleep.o                   ../libwrk/cx16/sleep.s:54
    trade.o                   trade.s:1144
    trade.o                   trade.s:1144
    trade.o                   trade.s:1144
    trade.o                   trade.s:1144
    survey.o                  survey.s:197
    passengers.o              passengers.s:801
    passengers.o              passengers.s:801
    common.o                  common.s:537
    common.o                  common.s:537
    common.o                  common.s:537
    burtle_jsf32.o            burtle_jsf32.s:248
    burtle_jsf32.o            burtle_jsf32.s:248
    burtle_jsf32.o            burtle_jsf32.s:248
pushl0 (lpush.o):
    trade.o                   trade.s:1144
pushw (pushw.o):
    trade.o                   trade.s:1144
    hiring_hall.o             hiring_hall.s:1118
    alarm.o                   alarm.s:493
pushw0sp (pushwsp.o):
    world.o                   world.s:1534
    world.o                   world.s:1534
    world.o                   world.s:1534
    shipyard.o                shipyard.s:376
    shipyard.o                shipyard.s:376
    shipyard.o                shipyard.s:376
    ship.o                    ship.s:963
    passengers.o              passengers.s:801
    panel.o                   panel.s:210
    insystem.o                insystem.s:692
    hiring_hall.o             hiring_hall.s:1118
pushwysp (pushwsp.o):
    world.o                   world.s:1534
    world.o                   world.s:1534
    world.o                   world.s:1534
    world.o                   world.s:1534
    starport.o                starport.s:431
    shipyard.o                shipyard.s:376
    shipyard.o                shipyard.s:376
    ship.o                    ship.s:963
    passengers.o              passengers.s:801
    jump-map.o                jump-map.s:981
    jump-map.o                jump-map.s:981
    jump-map.o                jump-map.s:981
    hiring_hall.o             hiring_hall.s:1118
    hiring_hall.o             hiring_hall.s:1118
    burtle_jsf32.o            burtle_jsf32.s:248
    burtle_jsf32.o            burtle_jsf32.s:248
    bankedText.o              bankedText.s:77
    main.o                    main.s:639
regbank (zeropage.o):
    _printf.o                 /Users/rje/git/cc65/asminc/zeropage.inc:14
shlax1 (aslax1.o):
    jump.o                    jump.s:327
shlax2 (aslax2.o):
    world.o                   world.s:1534
    world.o                   world.s:1534
    jump-map.o                jump-map.s:981
    jump.o                    jump.s:327
shlax4 (aslax4.o):
    world.o                   world.s:1534
    world.o                   world.s:1534
    starport.o                starport.s:431
    jump-map.o                jump-map.s:981
    jump.o                    jump.s:327
shleax1 (asleax1.o):
    trade.o                   trade.s:1144
    burtle_jsf32.o            burtle_jsf32.s:248
shleax3 (asleax3.o):
    burtle_jsf32.o            burtle_jsf32.s:248
shleax4 (asleax4.o):
    trade.o                   trade.s:1144
shrax1 (shrax1.o):
    sprite.o                  sprite.s:503
    sprite.o                  sprite.s:503
shrax3 (shrax3.o):
    jump-map.o                jump-map.s:981
shrax4 (shrax4.o):
    sprite.o                  sprite.s:503
    sprite.o                  sprite.s:503
    jump-map.o                jump-map.s:981
shreax1 (shreax1.o):
    burtle_jsf32.o            burtle_jsf32.s:248
shreax3 (shreax3.o):
    burtle_jsf32.o            burtle_jsf32.s:248
shreax4 (shreax4.o):
    burtle_jsf32.o            burtle_jsf32.s:248
sp (zeropage.o):
    lcmp.o                    runtime/lcmp.s:10
    decsp6.o                  runtime/decsp6.s:8
    _printf.o                 /Users/rje/git/cc65/asminc/zeropage.inc:11
    _heap.o                   common/_heap.s:9
    vcprintf.o                conio/vcprintf.s:10
    toslong.o                 runtime/toslong.s:9
    subysp.o                  runtime/subysp.s:9
    subeqsp.o                 runtime/subeqsp.s:8
    sub.o                     runtime/sub.s:9
    steaxsp.o                 runtime/steaxsp.s:8
    staxsp.o                  runtime/staxsp.s:8
    staspidx.o                runtime/staspidx.s:9
    pushwsp.o                 runtime/pushwsp.s:8
    pushax.o                  runtime/pushax.s:8
    pusha.o                   runtime/pusha.s:8
    popptr1.o                 runtime/popptr1.s:9
    popa.o                    runtime/popa.s:8
    or.o                      runtime/or.s:10
    memcpy.o                  common/memcpy.s:15
    lxor.o                    runtime/lxor.s:10
    ludiv.o                   runtime/ludiv.s:10
    lsub.o                    runtime/lsub.s:12
    lpush.o                   runtime/lpush.s:13
    lor.o                     runtime/lor.s:10
    lmul.o                    runtime/lmul.s:10
    leaaxsp.o                 runtime/leaaxsp.s:8
    ldeaxysp.o                runtime/ldeaxysp.s:12
    ldaxsp.o                  runtime/ldaxsp.s:8
    laddeqsp.o                runtime/laddeqsp.s:8
    ladd.o                    runtime/ladd.s:9
    incsp2.o                  runtime/incsp2.s:8
    incsp1.o                  runtime/incsp1.s:8
    icmp.o                    runtime/icmp.s:9
    decsp8.o                  runtime/decsp8.s:8
    decsp7.o                  runtime/decsp7.s:8
    decsp4.o                  runtime/decsp4.s:8
    decsp2.o                  runtime/decsp2.s:8
    decsp1.o                  runtime/decsp1.s:8
    crt0.o                    /Users/rje/git/cc65/asminc/zeropage.inc:11
    cprintf.o                 conio/cprintf.s:9
    addysp.o                  runtime/addysp.s:8
    addeqsp.o                 runtime/addeqsp.s:8
    add.o                     runtime/add.s:12
    world.o                   world.s:10
    trade.o                   trade.s:10
    survey.o                  survey.s:10
    starport.o                starport.s:10
    sprite.o                  sprite.s:10
    shipyard.o                shipyard.s:10
    ship.o                    ship.s:10
    passengers.o              passengers.s:10
    panel.o                   panel.s:10
    name.o                    name.s:10
    menu.o                    menu.s:10
    maneuver-map.o            maneuver-map.s:10
    jump-map.o                jump-map.s:10
    jump.o                    jump.s:10
    insystem.o                insystem.s:10
    hiring_hall.o             hiring_hall.s:10
    emplacement.o             emplacement.s:10
    common.o                  common.s:10
    bankedText.o              bankedText.s:10
    alarm.o                   alarm.s:10
    main.o                    main.s:10
sreg (zeropage.o):
    ltoa.o                    common/ltoa.s:11
    lcmp.o                    runtime/lcmp.s:10
    _printf.o                 /Users/rje/git/cc65/asminc/zeropage.inc:11
    umod.o                    runtime/umod.s:9
    udiv.o                    runtime/udiv.s:10
    steaxspi.o                runtime/steaxspi.s:10
    steaxsp.o                 runtime/steaxsp.s:8
    sleep.o                   ../libwrk/cx16/sleep.s:10
    shreax4.o                 runtime/shreax4.s:8
    shreax3.o                 runtime/shreax3.s:8
    shreax1.o                 runtime/shreax1.s:8
    mod.o                     runtime/mod.s:12
    lxor.o                    runtime/lxor.s:10
    lumod.o                   runtime/lumod.s:10
    ludiv.o                   runtime/ludiv.s:10
    lsubeq.o                  runtime/lsubeq.s:12
    lsub.o                    runtime/lsub.s:12
    lshelp.o                  runtime/lshelp.s:12
    lpush.o                   runtime/lpush.s:13
    lor.o                     runtime/lor.s:10
    lneg.o                    runtime/lneg.s:11
    lmul.o                    runtime/lmul.s:10
    linc.o                    runtime/linc.s:8
    ldiv.o                    runtime/ldiv.s:12
    ldeaxysp.o                runtime/ldeaxysp.s:12
    ldeaxi.o                  runtime/ldeaxi.s:8
    laddeqsp.o                runtime/laddeqsp.s:8
    laddeq.o                  runtime/laddeq.s:12
    ladd.o                    runtime/ladd.s:9
    icmp.o                    runtime/icmp.s:9
    clock.o                   cx16/clock.s:12
    axlong.o                  runtime/axlong.s:9
    asleax4.o                 runtime/asleax4.s:8
    asleax3.o                 runtime/asleax3.s:8
    asleax1.o                 runtime/asleax1.s:8
    world.o                   world.s:10
    trade.o                   trade.s:10
    survey.o                  survey.s:10
    starport.o                starport.s:10
    sprite.o                  sprite.s:10
    passengers.o              passengers.s:10
    name.o                    name.s:10
    jump-map.o                jump-map.s:10
    hiring_hall.o             hiring_hall.s:10
    burtle_jsf32.o            burtle_jsf32.s:10
staspidx (staspidx.o):
    hiring_hall.o             hiring_hall.s:1118
stax0sp (staxsp.o):
    world.o                   world.s:1534
    world.o                   world.s:1534
    world.o                   world.s:1534
    world.o                   world.s:1534
    trade.o                   trade.s:1144
    trade.o                   trade.s:1144
    trade.o                   trade.s:1144
    trade.o                   trade.s:1144
    shipyard.o                shipyard.s:376
    passengers.o              passengers.s:801
    panel.o                   panel.s:210
    maneuver-map.o            maneuver-map.s:253
    jump-map.o                jump-map.s:981
    jump.o                    jump.s:327
    insystem.o                insystem.s:692
    hiring_hall.o             hiring_hall.s:1118
    hiring_hall.o             hiring_hall.s:1118
    common.o                  common.s:537
    main.o                    main.s:639
    main.o                    main.s:639
staxysp (staxsp.o):
    world.o                   world.s:1534
    world.o                   world.s:1534
    world.o                   world.s:1534
    world.o                   world.s:1534
    trade.o                   trade.s:1144
    trade.o                   trade.s:1144
    trade.o                   trade.s:1144
    passengers.o              passengers.s:801
    name.o                    name.s:140
    maneuver-map.o            maneuver-map.s:253
    jump-map.o                jump-map.s:981
    jump-map.o                jump-map.s:981
    insystem.o                insystem.s:692
    hiring_hall.o             hiring_hall.s:1118
    main.o                    main.s:639
steax0sp (steaxsp.o):
    burtle_jsf32.o            burtle_jsf32.s:248
steaxspidx (steaxspi.o):
    trade.o                   trade.s:1144
    burtle_jsf32.o            burtle_jsf32.s:248
    burtle_jsf32.o            burtle_jsf32.s:248
steaxysp (steaxsp.o):
    passengers.o              passengers.s:801
subeq0sp (subeqsp.o):
    trade.o                   trade.s:1144
    trade.o                   trade.s:1144
    passengers.o              passengers.s:801
    passengers.o              passengers.s:801
    name.o                    name.s:140
    jump.o                    jump.s:327
subeqysp (subeqsp.o):
    shipyard.o                shipyard.s:376
    ship.o                    ship.s:963
    panel.o                   panel.s:210
    jump-map.o                jump-map.s:981
    jump.o                    jump.s:327
    insystem.o                insystem.s:692
subysp (subysp.o):
    passengers.o              passengers.s:801
    maneuver-map.o            maneuver-map.s:253
    jump-map.o                jump-map.s:981
    jump-map.o                jump-map.s:981
    jump.o                    jump.s:327
    hiring_hall.o             hiring_hall.s:1118
tmp1 (zeropage.o):
    ltoa.o                    common/ltoa.s:11
    _printf.o                 /Users/rje/git/cc65/asminc/zeropage.inc:13
    vcprintf.o                conio/vcprintf.s:10
    strncpy.o                 common/strncpy.s:9
    steaxspi.o                runtime/steaxspi.s:10
    staspidx.o                runtime/staspidx.s:9
    shreax4.o                 runtime/shreax4.s:8
    shreax3.o                 runtime/shreax3.s:8
    shreax1.o                 runtime/shreax1.s:8
    shrax4.o                  runtime/shrax4.s:8
    shrax3.o                  runtime/shrax3.s:8
    shrax1.o                  runtime/shrax1.s:8
    shelp.o                   runtime/shelp.s:12
    or.o                      runtime/or.s:10
    mul.o                     runtime/mul.s:10
    mod.o                     runtime/mod.s:12
    lxor.o                    runtime/lxor.s:10
    lshelp.o                  runtime/lshelp.s:12
    lor.o                     runtime/lor.s:10
    ldiv.o                    runtime/ldiv.s:12
    ladd.o                    runtime/ladd.s:9
    incaxy.o                  runtime/incaxy.s:8
    div.o                     runtime/div.s:12
    decaxy.o                  runtime/decaxy.s:8
    cputs.o                   conio/cputs.s:10
    color.o                   cx16/color.s:11
    chline.o                  cbm/chline.s:10
    cclear.o                  cbm/cclear.s:10
    c_setlfs.o                cbm/c_setlfs.s:13
    asrax4.o                  runtime/asrax4.s:9
    asrax1.o                  runtime/asrax1.s:8
    asleax4.o                 runtime/asleax4.s:8
    asleax3.o                 runtime/asleax3.s:8
    asleax1.o                 runtime/asleax1.s:8
    aslax4.o                  runtime/aslax4.s:8
    aslax3.o                  runtime/aslax3.s:8
    aslax2.o                  runtime/aslax2.s:8
    aslax1.o                  runtime/aslax1.s:8
    ship.o                    ship.s:11
    passengers.o              passengers.s:11
    panel.o                   panel.s:11
    name.o                    name.s:11
    jump-map.o                jump-map.s:11
    jump.o                    jump.s:11
tmp2 (zeropage.o):
    strncpy.o                 common/strncpy.s:9
    steaxspi.o                runtime/steaxspi.s:10
    shelp.o                   runtime/shelp.s:12
    lshelp.o                  runtime/lshelp.s:12
    lmul.o                    runtime/lmul.s:10
    ldiv.o                    runtime/ldiv.s:12
    div.o                     runtime/div.s:12
tmp3 (zeropage.o):
    strncpy.o                 common/strncpy.s:9
    steaxspi.o                runtime/steaxspi.s:10
    lumod.o                   runtime/lumod.s:10
    ludiv.o                   runtime/ludiv.s:10
    lmul.o                    runtime/lmul.s:10
tmp4 (zeropage.o):
    lumod.o                   runtime/lumod.s:10
    ludiv.o                   runtime/ludiv.s:10
    lmul.o                    runtime/lmul.s:10
tosadd0ax (ladd.o):
    trade.o                   trade.s:1144
    survey.o                  survey.s:197
tosaddax (add.o):
    world.o                   world.s:1534
    trade.o                   trade.s:1144
    shipyard.o                shipyard.s:376
    shipyard.o                shipyard.s:376
    ship.o                    ship.s:963
    passengers.o              passengers.s:801
tosaddeax (ladd.o):
    sleep.o                   ../libwrk/cx16/sleep.s:54
    common.o                  common.s:537
    common.o                  common.s:537
    burtle_jsf32.o            burtle_jsf32.s:248
tosdiv0ax (ldiv.o):
    trade.o                   trade.s:1144
    trade.o                   trade.s:1144
tosdiva0 (div.o):
    world.o                   world.s:1534
    world.o                   world.s:1534
    world.o                   world.s:1534
tosdivax (div.o):
    jump.o                    jump.s:327
tosgeeax (lge.o):
    sleep.o                   ../libwrk/cx16/sleep.s:54
tosgteax (lgt.o):
    trade.o                   trade.s:1144
    starport.o                starport.s:431
tosicmp (icmp.o):
    world.o                   world.s:1534
    panel.o                   panel.s:210
    menu.o                    menu.s:211
    insystem.o                insystem.s:692
tosicmp0 (icmp.o):
    passengers.o              passengers.s:801
    insystem.o                insystem.s:692
toslcmp (lcmp.o):
    lge.o                     runtime/lge.s:8
    lgt.o                     runtime/lgt.s:8
tosmoda0 (mod.o):
    world.o                   world.s:1534
    world.o                   world.s:1534
    world.o                   world.s:1534
    world.o                   world.s:1534
    passengers.o              passengers.s:801
    passengers.o              passengers.s:801
    name.o                    name.s:140
    jump-map.o                jump-map.s:981
    jump-map.o                jump-map.s:981
    jump.o                    jump.s:327
    insystem.o                insystem.s:692
    insystem.o                insystem.s:692
tosmodax (mod.o):
    world.o                   world.s:1534
    emplacement.o             emplacement.s:385
tosmul0ax (lmul.o):
    passengers.o              passengers.s:801
tosmula0 (mul8.o):
    world.o                   world.s:1534
    world.o                   world.s:1534
    starport.o                starport.s:431
    shipyard.o                shipyard.s:376
    shipyard.o                shipyard.s:376
    shipyard.o                shipyard.s:376
    ship.o                    ship.s:963
    ship.o                    ship.s:963
    ship.o                    ship.s:963
    jump-map.o                jump-map.s:981
    hiring_hall.o             hiring_hall.s:1118
    hiring_hall.o             hiring_hall.s:1118
    hiring_hall.o             hiring_hall.s:1118
    hiring_hall.o             hiring_hall.s:1118
    main.o                    main.s:639
tosmulax (mul.o):
    world.o                   world.s:1534
    jump.o                    jump.s:327
tosmuleax (lmul.o):
    trade.o                   trade.s:1144
    trade.o                   trade.s:1144
tosorax (or.o):
    jump-map.o                jump-map.s:981
tosoreax (lor.o):
    burtle_jsf32.o            burtle_jsf32.s:248
tossuba0 (sub.o):
    starport.o                starport.s:431
tossubax (sub.o):
    jump-map.o                jump-map.s:981
    jump-map.o                jump-map.s:981
tossubeax (lsub.o):
    sleep.o                   ../libwrk/cx16/sleep.s:54
    burtle_jsf32.o            burtle_jsf32.s:248
tosudiva0 (udiv.o):
    passengers.o              passengers.s:801
    jump-map.o                jump-map.s:981
tosulong (toslong.o):
    starport.o                starport.s:431
tosumod0ax (lumod.o):
    trade.o                   trade.s:1144
    common.o                  common.s:537
    common.o                  common.s:537
    common.o                  common.s:537
tosumoda0 (umod.o):
    trade.o                   trade.s:1144
    trade.o                   trade.s:1144
    starport.o                starport.s:431
tosumul0ax (lmul.o):
    sleep.o                   ../libwrk/cx16/sleep.s:54
tosumula0 (mul8.o):
    trade.o                   trade.s:1144
    trade.o                   trade.s:1144
    survey.o                  survey.s:197
    starport.o                starport.s:431
    ship.o                    ship.s:963
    ship.o                    ship.s:963
    passengers.o              passengers.s:801
    insystem.o                insystem.s:692
tosumulax (mul.o):
    passengers.o              passengers.s:801
tosumuleax (lmul.o):
    trade.o                   trade.s:1144
tosxoreax (lxor.o):
    burtle_jsf32.o            burtle_jsf32.s:248
udiv16 (udiv.o):
    umod.o                    runtime/umod.s:8
    shelp.o                   runtime/shelp.s:11
udiv32 (ludiv.o):
    lumod.o                   runtime/lumod.s:9
    ldiv.o                    runtime/ldiv.s:11
zerobss (zerobss.o):
    crt0.o                    cx16/crt0.s:9

