Modules list:
-------------
main.o:
    CODE              Offs=000000  Size=0003E0  Align=00001  Fill=0000
    RODATA            Offs=000000  Size=0000EC  Align=00001  Fill=0000
    BSS               Offs=000000  Size=000690  Align=00001  Fill=0000
    DATA              Offs=000000  Size=000019  Align=00001  Fill=0000
alarm.o:
    CODE              Offs=0003E0  Size=0001BC  Align=00001  Fill=0000
    RODATA            Offs=0000EC  Size=0000A4  Align=00001  Fill=0000
    BSS               Offs=000690  Size=000014  Align=00001  Fill=0000
    DATA              Offs=000019  Size=000079  Align=00001  Fill=0000
bankedText.o:
    CODE              Offs=00059C  Size=00005E  Align=00001  Fill=0000
    RODATA            Offs=000190  Size=000005  Align=00001  Fill=0000
burtle_jsf32.o:
    CODE              Offs=0005FA  Size=0001A5  Align=00001  Fill=0000
    BSS               Offs=0006A4  Size=000011  Align=00001  Fill=0000
combat.o:
    CODE              Offs=00079F  Size=000001  Align=00001  Fill=0000
    BSS               Offs=0006B5  Size=00004A  Align=00001  Fill=0000
common.o:
    CODE              Offs=0007A0  Size=0002CF  Align=00001  Fill=0000
    RODATA            Offs=000195  Size=000046  Align=00001  Fill=0000
    DATA              Offs=000092  Size=000002  Align=00001  Fill=0000
damage.o:
    CODE              Offs=000A6F  Size=000073  Align=00001  Fill=0000
    RODATA            Offs=0001DB  Size=00000A  Align=00001  Fill=0000
    BSS               Offs=0006FF  Size=000001  Align=00001  Fill=0000
emplacement.o:
    CODE              Offs=000AE2  Size=000086  Align=00001  Fill=0000
    RODATA            Offs=0001E5  Size=0000B9  Align=00001  Fill=0000
    DATA              Offs=000094  Size=000040  Align=00001  Fill=0000
hiring_hall.o:
    CODE              Offs=000B68  Size=000755  Align=00001  Fill=0000
    RODATA            Offs=00029E  Size=00012B  Align=00001  Fill=0000
    BSS               Offs=000700  Size=00015E  Align=00001  Fill=0000
    DATA              Offs=0000D4  Size=000024  Align=00001  Fill=0000
insystem.o:
    CODE              Offs=0012BD  Size=000322  Align=00001  Fill=0000
    RODATA            Offs=0003C9  Size=0001C1  Align=00001  Fill=0000
    BSS               Offs=00085E  Size=000031  Align=00001  Fill=0000
    DATA              Offs=0000F8  Size=000011  Align=00001  Fill=0000
jump.o:
    CODE              Offs=0015DF  Size=0001F3  Align=00001  Fill=0000
    RODATA            Offs=00058A  Size=000041  Align=00001  Fill=0000
jump-map.o:
    CODE              Offs=0017D2  Size=0006EC  Align=00001  Fill=0000
    RODATA            Offs=0005CB  Size=000051  Align=00001  Fill=0000
    DATA              Offs=000109  Size=000010  Align=00001  Fill=0000
maneuver-map.o:
    CODE              Offs=001EBE  Size=000166  Align=00001  Fill=0000
    RODATA            Offs=00061C  Size=0000B5  Align=00001  Fill=0000
menu.o:
    CODE              Offs=002024  Size=00015E  Align=00001  Fill=0000
    RODATA            Offs=0006D1  Size=000003  Align=00001  Fill=0000
    BSS               Offs=00088F  Size=000003  Align=00001  Fill=0000
name.o:
    CODE              Offs=002182  Size=0000E8  Align=00001  Fill=0000
panel.o:
    CODE              Offs=00226A  Size=000169  Align=00001  Fill=0000
passengers.o:
    CODE              Offs=0023D3  Size=0005B3  Align=00001  Fill=0000
    RODATA            Offs=0006D4  Size=00022D  Align=00001  Fill=0000
ship.o:
    CODE              Offs=002986  Size=00048F  Align=00001  Fill=0000
    RODATA            Offs=000901  Size=00022B  Align=00001  Fill=0000
    DATA              Offs=000119  Size=000006  Align=00001  Fill=0000
shipyard.o:
    CODE              Offs=002E15  Size=000247  Align=00001  Fill=0000
    RODATA            Offs=000B2C  Size=0000BD  Align=00001  Fill=0000
    BSS               Offs=000892  Size=000001  Align=00001  Fill=0000
sprite.o:
    CODE              Offs=00305C  Size=000330  Align=00001  Fill=0000
    BSS               Offs=000893  Size=000006  Align=00001  Fill=0000
starport.o:
    CODE              Offs=00338C  Size=000391  Align=00001  Fill=0000
    RODATA            Offs=000BE9  Size=000190  Align=00001  Fill=0000
survey.o:
    CODE              Offs=00371D  Size=0000F5  Align=00001  Fill=0000
    RODATA            Offs=000D79  Size=000097  Align=00001  Fill=0000
trade.o:
    CODE              Offs=003812  Size=000716  Align=00001  Fill=0000
    RODATA            Offs=000E10  Size=0000B3  Align=00001  Fill=0000
    DATA              Offs=00011F  Size=00000E  Align=00001  Fill=0000
wilderness.o:
    CODE              Offs=003F28  Size=0000FA  Align=00001  Fill=0000
    RODATA            Offs=000EC3  Size=000136  Align=00001  Fill=0000
world.o:
    CODE              Offs=004022  Size=000954  Align=00001  Fill=0000
    RODATA            Offs=000FF9  Size=000218  Align=00001  Fill=0000
    BSS               Offs=000899  Size=000960  Align=00001  Fill=0000
    DATA              Offs=00012D  Size=000065  Align=00001  Fill=0000
/Users/rje/git/cc65/lib/cx16.lib(_cursor.o):
    BSS               Offs=0011F9  Size=000001  Align=00001  Fill=0000
/Users/rje/git/cc65/lib/cx16.lib(_heap.o):
    DATA              Offs=000192  Size=00000A  Align=00001  Fill=0000
    ONCE              Offs=000000  Size=000010  Align=00001  Fill=0000
/Users/rje/git/cc65/lib/cx16.lib(_heapmemavail.o):
    CODE              Offs=004976  Size=00004E  Align=00001  Fill=0000
/Users/rje/git/cc65/lib/cx16.lib(_hextab.o):
    RODATA            Offs=001211  Size=000010  Align=00001  Fill=0000
/Users/rje/git/cc65/lib/cx16.lib(_longminstr.o):
    RODATA            Offs=001221  Size=00000C  Align=00001  Fill=0000
/Users/rje/git/cc65/lib/cx16.lib(_oserror.o):
    BSS               Offs=0011FA  Size=000001  Align=00001  Fill=0000
/Users/rje/git/cc65/lib/cx16.lib(_printf.o):
    CODE              Offs=0049C4  Size=0003A5  Align=00001  Fill=0000
    BSS               Offs=0011FB  Size=00002B  Align=00001  Fill=0000
    DATA              Offs=00019C  Size=000003  Align=00001  Fill=0000
/Users/rje/git/cc65/lib/cx16.lib(add.o):
    CODE              Offs=004D69  Size=000018  Align=00001  Fill=0000
/Users/rje/git/cc65/lib/cx16.lib(addeqsp.o):
    CODE              Offs=004D81  Size=000011  Align=00001  Fill=0000
/Users/rje/git/cc65/lib/cx16.lib(addysp.o):
    CODE              Offs=004D92  Size=00000E  Align=00001  Fill=0000
/Users/rje/git/cc65/lib/cx16.lib(aslax1.o):
    CODE              Offs=004DA0  Size=000008  Align=00001  Fill=0000
/Users/rje/git/cc65/lib/cx16.lib(aslax2.o):
    CODE              Offs=004DA8  Size=00000B  Align=00001  Fill=0000
/Users/rje/git/cc65/lib/cx16.lib(aslax3.o):
    CODE              Offs=004DB3  Size=00000E  Align=00001  Fill=0000
/Users/rje/git/cc65/lib/cx16.lib(aslax4.o):
    CODE              Offs=004DC1  Size=000011  Align=00001  Fill=0000
/Users/rje/git/cc65/lib/cx16.lib(asleax1.o):
    CODE              Offs=004DD2  Size=00000C  Align=00001  Fill=0000
/Users/rje/git/cc65/lib/cx16.lib(asleax3.o):
    CODE              Offs=004DDE  Size=00001A  Align=00001  Fill=0000
/Users/rje/git/cc65/lib/cx16.lib(asleax4.o):
    CODE              Offs=004DF8  Size=000011  Align=00001  Fill=0000
/Users/rje/git/cc65/lib/cx16.lib(asrax1.o):
    CODE              Offs=004E09  Size=00000A  Align=00001  Fill=0000
/Users/rje/git/cc65/lib/cx16.lib(asrax4.o):
    CODE              Offs=004E13  Size=000019  Align=00001  Fill=0000
/Users/rje/git/cc65/lib/cx16.lib(axlong.o):
    CODE              Offs=004E2C  Size=00000D  Align=00001  Fill=0000
/Users/rje/git/cc65/lib/cx16.lib(c_bsout.o):
/Users/rje/git/cc65/lib/cx16.lib(c_load.o):
    CODE              Offs=004E39  Size=00001D  Align=00001  Fill=0000
/Users/rje/git/cc65/lib/cx16.lib(c_setlfs.o):
    CODE              Offs=004E56  Size=00000E  Align=00001  Fill=0000
/Users/rje/git/cc65/lib/cx16.lib(c_setnam.o):
    CODE              Offs=004E64  Size=000013  Align=00001  Fill=0000
/Users/rje/git/cc65/lib/cx16.lib(callmain.o):
    CODE              Offs=004E77  Size=000017  Align=00001  Fill=0000
    DATA              Offs=00019F  Size=000004  Align=00001  Fill=0000
/Users/rje/git/cc65/lib/cx16.lib(cclear.o):
    CODE              Offs=004E8E  Size=000015  Align=00001  Fill=0000
/Users/rje/git/cc65/lib/cx16.lib(cgetc.o):
    CODE              Offs=004EA3  Size=000067  Align=00001  Fill=0000
/Users/rje/git/cc65/lib/cx16.lib(chline.o):
    CODE              Offs=004F0A  Size=000015  Align=00001  Fill=0000
/Users/rje/git/cc65/lib/cx16.lib(clinechars.o):
/Users/rje/git/cc65/lib/cx16.lib(clock.o):
    CODE              Offs=004F1F  Size=00000F  Align=00001  Fill=0000
/Users/rje/git/cc65/lib/cx16.lib(clrscr.o):
    CODE              Offs=004F2E  Size=000011  Align=00001  Fill=0000
/Users/rje/git/cc65/lib/cx16.lib(color.o):
    CODE              Offs=004F3F  Size=00002A  Align=00001  Fill=0000
/Users/rje/git/cc65/lib/cx16.lib(condes.o):
    CODE              Offs=004F69  Size=00000C  Align=00001  Fill=0000
    DATA              Offs=0001A3  Size=000025  Align=00001  Fill=0000
    ONCE              Offs=000010  Size=00000C  Align=00001  Fill=0000
/Users/rje/git/cc65/lib/cx16.lib(cprintf.o):
    CODE              Offs=004F75  Size=00002A  Align=00001  Fill=0000
    BSS               Offs=001226  Size=000001  Align=00001  Fill=0000
/Users/rje/git/cc65/lib/cx16.lib(cputc.o):
    CODE              Offs=004F9F  Size=000062  Align=00001  Fill=0000
    RODATA            Offs=00122D  Size=000008  Align=00001  Fill=0000
/Users/rje/git/cc65/lib/cx16.lib(cputs.o):
    CODE              Offs=005001  Size=000023  Align=00001  Fill=0000
/Users/rje/git/cc65/lib/cx16.lib(crt0.o):
    STARTUP           Offs=000000  Size=000021  Align=00001  Fill=0000
    ONCE              Offs=00001C  Size=00001B  Align=00001  Fill=0000
    INIT              Offs=000000  Size=000002  Align=00001  Fill=0000
/Users/rje/git/cc65/lib/cx16.lib(ctype.o):
    RODATA            Offs=001235  Size=00008B  Align=00001  Fill=0000
/Users/rje/git/cc65/lib/cx16.lib(ctypemask.o):
    CODE              Offs=005024  Size=00001E  Align=00001  Fill=0000
/Users/rje/git/cc65/lib/cx16.lib(decax1.o):
    CODE              Offs=005042  Size=000007  Align=00001  Fill=0000
/Users/rje/git/cc65/lib/cx16.lib(decax2.o):
    CODE              Offs=005049  Size=000007  Align=00001  Fill=0000
/Users/rje/git/cc65/lib/cx16.lib(decax3.o):
    CODE              Offs=005050  Size=000007  Align=00001  Fill=0000
/Users/rje/git/cc65/lib/cx16.lib(decaxy.o):
    CODE              Offs=005057  Size=000009  Align=00001  Fill=0000
/Users/rje/git/cc65/lib/cx16.lib(decsp1.o):
    CODE              Offs=005060  Size=000009  Align=00001  Fill=0000
/Users/rje/git/cc65/lib/cx16.lib(decsp2.o):
    CODE              Offs=005069  Size=00000D  Align=00001  Fill=0000
/Users/rje/git/cc65/lib/cx16.lib(decsp4.o):
    CODE              Offs=005076  Size=00000D  Align=00001  Fill=0000
/Users/rje/git/cc65/lib/cx16.lib(decsp5.o):
    CODE              Offs=005083  Size=00000D  Align=00001  Fill=0000
/Users/rje/git/cc65/lib/cx16.lib(decsp6.o):
    CODE              Offs=005090  Size=00000D  Align=00001  Fill=0000
/Users/rje/git/cc65/lib/cx16.lib(decsp8.o):
    CODE              Offs=00509D  Size=00000D  Align=00001  Fill=0000
/Users/rje/git/cc65/lib/cx16.lib(div.o):
    CODE              Offs=0050AA  Size=000015  Align=00001  Fill=0000
/Users/rje/git/cc65/lib/cx16.lib(exehdr.o):
    EXEHDR            Offs=000000  Size=00000C  Align=00001  Fill=0000
/Users/rje/git/cc65/lib/cx16.lib(gotox.o):
    CODE              Offs=0050BF  Size=000006  Align=00001  Fill=0000
/Users/rje/git/cc65/lib/cx16.lib(gotoxy.o):
    CODE              Offs=0050C5  Size=00000F  Align=00001  Fill=0000
/Users/rje/git/cc65/lib/cx16.lib(icmp.o):
    CODE              Offs=0050D4  Size=00002E  Align=00001  Fill=0000
/Users/rje/git/cc65/lib/cx16.lib(incax2.o):
    CODE              Offs=005102  Size=000007  Align=00001  Fill=0000
/Users/rje/git/cc65/lib/cx16.lib(incax3.o):
    CODE              Offs=005109  Size=000005  Align=00001  Fill=0000
/Users/rje/git/cc65/lib/cx16.lib(incax5.o):
    CODE              Offs=00510E  Size=000005  Align=00001  Fill=0000
/Users/rje/git/cc65/lib/cx16.lib(incax6.o):
    CODE              Offs=005113  Size=000005  Align=00001  Fill=0000
/Users/rje/git/cc65/lib/cx16.lib(incax7.o):
    CODE              Offs=005118  Size=000005  Align=00001  Fill=0000
/Users/rje/git/cc65/lib/cx16.lib(incaxy.o):
    CODE              Offs=00511D  Size=00000B  Align=00001  Fill=0000
/Users/rje/git/cc65/lib/cx16.lib(incsp1.o):
    CODE              Offs=005128  Size=000007  Align=00001  Fill=0000
/Users/rje/git/cc65/lib/cx16.lib(incsp2.o):
    CODE              Offs=00512F  Size=000015  Align=00001  Fill=0000
/Users/rje/git/cc65/lib/cx16.lib(incsp3.o):
    CODE              Offs=005144  Size=000005  Align=00001  Fill=0000
/Users/rje/git/cc65/lib/cx16.lib(incsp4.o):
    CODE              Offs=005149  Size=000005  Align=00001  Fill=0000
/Users/rje/git/cc65/lib/cx16.lib(incsp5.o):
    CODE              Offs=00514E  Size=000005  Align=00001  Fill=0000
/Users/rje/git/cc65/lib/cx16.lib(incsp6.o):
    CODE              Offs=005153  Size=000005  Align=00001  Fill=0000
/Users/rje/git/cc65/lib/cx16.lib(kbhit.o):
    CODE              Offs=005158  Size=000005  Align=00001  Fill=0000
/Users/rje/git/cc65/lib/cx16.lib(kernal.o):
/Users/rje/git/cc65/lib/cx16.lib(ladd.o):
    CODE              Offs=00515D  Size=000024  Align=00001  Fill=0000
/Users/rje/git/cc65/lib/cx16.lib(laddeq.o):
    CODE              Offs=005181  Size=00002C  Align=00001  Fill=0000
/Users/rje/git/cc65/lib/cx16.lib(laddeqsp.o):
    CODE              Offs=0051AD  Size=000023  Align=00001  Fill=0000
/Users/rje/git/cc65/lib/cx16.lib(lcmp.o):
    CODE              Offs=0051D0  Size=00003B  Align=00001  Fill=0000
/Users/rje/git/cc65/lib/cx16.lib(ldai.o):
    CODE              Offs=00520B  Size=00000C  Align=00001  Fill=0000
/Users/rje/git/cc65/lib/cx16.lib(ldaxi.o):
    CODE              Offs=005217  Size=00000D  Align=00001  Fill=0000
/Users/rje/git/cc65/lib/cx16.lib(ldaxsp.o):
    CODE              Offs=005224  Size=000009  Align=00001  Fill=0000
/Users/rje/git/cc65/lib/cx16.lib(ldeaxi.o):
    CODE              Offs=00522D  Size=000017  Align=00001  Fill=0000
/Users/rje/git/cc65/lib/cx16.lib(ldeaxysp.o):
    CODE              Offs=005244  Size=000013  Align=00001  Fill=0000
/Users/rje/git/cc65/lib/cx16.lib(ldiv.o):
    CODE              Offs=005257  Size=00001C  Align=00001  Fill=0000
/Users/rje/git/cc65/lib/cx16.lib(leaaxsp.o):
    CODE              Offs=005273  Size=00000C  Align=00001  Fill=0000
/Users/rje/git/cc65/lib/cx16.lib(lge.o):
    CODE              Offs=00527F  Size=000006  Align=00001  Fill=0000
/Users/rje/git/cc65/lib/cx16.lib(lgt.o):
    CODE              Offs=005285  Size=000006  Align=00001  Fill=0000
/Users/rje/git/cc65/lib/cx16.lib(linc.o):
    CODE              Offs=00528B  Size=000011  Align=00001  Fill=0000
/Users/rje/git/cc65/lib/cx16.lib(llt.o):
    CODE              Offs=00529C  Size=000006  Align=00001  Fill=0000
/Users/rje/git/cc65/lib/cx16.lib(lmul.o):
    CODE              Offs=0052A2  Size=000059  Align=00001  Fill=0000
/Users/rje/git/cc65/lib/cx16.lib(lneg.o):
    CODE              Offs=0052FB  Size=00001E  Align=00001  Fill=0000
/Users/rje/git/cc65/lib/cx16.lib(loadaddr.o):
    LOADADDR          Offs=000000  Size=000002  Align=00001  Fill=0000
/Users/rje/git/cc65/lib/cx16.lib(lor.o):
    CODE              Offs=005319  Size=000021  Align=00001  Fill=0000
/Users/rje/git/cc65/lib/cx16.lib(lpush.o):
    CODE              Offs=00533A  Size=00001E  Align=00001  Fill=0000
/Users/rje/git/cc65/lib/cx16.lib(lshelp.o):
    CODE              Offs=005358  Size=000052  Align=00001  Fill=0000
/Users/rje/git/cc65/lib/cx16.lib(lsub.o):
    CODE              Offs=0053AA  Size=000024  Align=00001  Fill=0000
/Users/rje/git/cc65/lib/cx16.lib(lsubeq.o):
    CODE              Offs=0053CE  Size=000030  Align=00001  Fill=0000
/Users/rje/git/cc65/lib/cx16.lib(ltoa.o):
    CODE              Offs=0053FE  Size=000093  Align=00001  Fill=0000
/Users/rje/git/cc65/lib/cx16.lib(ludiv.o):
    CODE              Offs=005491  Size=000077  Align=00001  Fill=0000
/Users/rje/git/cc65/lib/cx16.lib(lumod.o):
    CODE              Offs=005508  Size=000017  Align=00001  Fill=0000
/Users/rje/git/cc65/lib/cx16.lib(lxor.o):
    CODE              Offs=00551F  Size=000021  Align=00001  Fill=0000
/Users/rje/git/cc65/lib/cx16.lib(makebool.o):
    CODE              Offs=005540  Size=00002C  Align=00001  Fill=0000
/Users/rje/git/cc65/lib/cx16.lib(memcpy.o):
    CODE              Offs=00556C  Size=00003C  Align=00001  Fill=0000
/Users/rje/git/cc65/lib/cx16.lib(mod.o):
    CODE              Offs=0055A8  Size=000011  Align=00001  Fill=0000
/Users/rje/git/cc65/lib/cx16.lib(mul.o):
    CODE              Offs=0055B9  Size=000045  Align=00001  Fill=0000
/Users/rje/git/cc65/lib/cx16.lib(mul8.o):
    CODE              Offs=0055FE  Size=00003A  Align=00001  Fill=0000
/Users/rje/git/cc65/lib/cx16.lib(mulax10.o):
    CODE              Offs=005638  Size=000019  Align=00001  Fill=0000
/Users/rje/git/cc65/lib/cx16.lib(mulax3.o):
    CODE              Offs=005651  Size=000011  Align=00001  Fill=0000
/Users/rje/git/cc65/lib/cx16.lib(mulax6.o):
    CODE              Offs=005662  Size=000016  Align=00001  Fill=0000
/Users/rje/git/cc65/lib/cx16.lib(mulax7.o):
    CODE              Offs=005678  Size=000019  Align=00001  Fill=0000
/Users/rje/git/cc65/lib/cx16.lib(mulax9.o):
    CODE              Offs=005691  Size=000017  Align=00001  Fill=0000
/Users/rje/git/cc65/lib/cx16.lib(negabs.o):
    CODE              Offs=0056A8  Size=000012  Align=00001  Fill=0000
/Users/rje/git/cc65/lib/cx16.lib(or.o):
    CODE              Offs=0056BA  Size=000011  Align=00001  Fill=0000
/Users/rje/git/cc65/lib/cx16.lib(popa.o):
    CODE              Offs=0056CB  Size=00000A  Align=00001  Fill=0000
/Users/rje/git/cc65/lib/cx16.lib(popptr1.o):
    CODE              Offs=0056D5  Size=00000E  Align=00001  Fill=0000
/Users/rje/git/cc65/lib/cx16.lib(push1.o):
    CODE              Offs=0056E3  Size=000005  Align=00001  Fill=0000
/Users/rje/git/cc65/lib/cx16.lib(pusha.o):
    CODE              Offs=0056E8  Size=000016  Align=00001  Fill=0000
/Users/rje/git/cc65/lib/cx16.lib(pushax.o):
    CODE              Offs=0056FE  Size=00001A  Align=00001  Fill=0000
/Users/rje/git/cc65/lib/cx16.lib(pushw.o):
    CODE              Offs=005718  Size=00000F  Align=00001  Fill=0000
/Users/rje/git/cc65/lib/cx16.lib(pushwsp.o):
    CODE              Offs=005727  Size=00001C  Align=00001  Fill=0000
/Users/rje/git/cc65/lib/cx16.lib(rand.o):
    CODE              Offs=005743  Size=000034  Align=00001  Fill=0000
    DATA              Offs=0001C8  Size=000004  Align=00001  Fill=0000
/Users/rje/git/cc65/lib/cx16.lib(randomize.o):
    CODE              Offs=005777  Size=000006  Align=00001  Fill=0000
/Users/rje/git/cc65/lib/cx16.lib(revers.o):
    CODE              Offs=00577D  Size=000013  Align=00001  Fill=0000
/Users/rje/git/cc65/lib/cx16.lib(shelp.o):
    CODE              Offs=005790  Size=000020  Align=00001  Fill=0000
/Users/rje/git/cc65/lib/cx16.lib(shrax1.o):
    CODE              Offs=0057B0  Size=000008  Align=00001  Fill=0000
/Users/rje/git/cc65/lib/cx16.lib(shrax3.o):
    CODE              Offs=0057B8  Size=00000E  Align=00001  Fill=0000
/Users/rje/git/cc65/lib/cx16.lib(shrax4.o):
    CODE              Offs=0057C6  Size=000011  Align=00001  Fill=0000
/Users/rje/git/cc65/lib/cx16.lib(shreax1.o):
    CODE              Offs=0057D7  Size=00000C  Align=00001  Fill=0000
/Users/rje/git/cc65/lib/cx16.lib(shreax3.o):
    CODE              Offs=0057E3  Size=00001A  Align=00001  Fill=0000
/Users/rje/git/cc65/lib/cx16.lib(shreax4.o):
    CODE              Offs=0057FD  Size=000011  Align=00001  Fill=0000
/Users/rje/git/cc65/lib/cx16.lib(sleep.o):
    CODE              Offs=00580E  Size=000043  Align=00001  Fill=0000
/Users/rje/git/cc65/lib/cx16.lib(sprites_enable.o):
    CODE              Offs=005851  Size=00001F  Align=00001  Fill=0000
/Users/rje/git/cc65/lib/cx16.lib(staspidx.o):
    CODE              Offs=005870  Size=000016  Align=00001  Fill=0000
/Users/rje/git/cc65/lib/cx16.lib(staxsp.o):
    CODE              Offs=005886  Size=00000B  Align=00001  Fill=0000
/Users/rje/git/cc65/lib/cx16.lib(steaxsp.o):
    CODE              Offs=005891  Size=000015  Align=00001  Fill=0000
/Users/rje/git/cc65/lib/cx16.lib(steaxspi.o):
    CODE              Offs=0058A6  Size=000022  Align=00001  Fill=0000
/Users/rje/git/cc65/lib/cx16.lib(strcpy.o):
    CODE              Offs=0058C8  Size=00001F  Align=00001  Fill=0000
/Users/rje/git/cc65/lib/cx16.lib(strlen.o):
    CODE              Offs=0058E7  Size=000016  Align=00001  Fill=0000
/Users/rje/git/cc65/lib/cx16.lib(strlower.o):
    CODE              Offs=0058FD  Size=000027  Align=00001  Fill=0000
/Users/rje/git/cc65/lib/cx16.lib(strncpy.o):
    CODE              Offs=005924  Size=000042  Align=00001  Fill=0000
/Users/rje/git/cc65/lib/cx16.lib(sub.o):
    CODE              Offs=005966  Size=000014  Align=00001  Fill=0000
/Users/rje/git/cc65/lib/cx16.lib(subeqsp.o):
    CODE              Offs=00597A  Size=000015  Align=00001  Fill=0000
/Users/rje/git/cc65/lib/cx16.lib(subysp.o):
    CODE              Offs=00598F  Size=00000D  Align=00001  Fill=0000
/Users/rje/git/cc65/lib/cx16.lib(toslong.o):
    CODE              Offs=00599C  Size=000032  Align=00001  Fill=0000
/Users/rje/git/cc65/lib/cx16.lib(udiv.o):
    CODE              Offs=0059CE  Size=00004F  Align=00001  Fill=0000
/Users/rje/git/cc65/lib/cx16.lib(umod.o):
    CODE              Offs=005A1D  Size=000011  Align=00001  Fill=0000
/Users/rje/git/cc65/lib/cx16.lib(vcprintf.o):
    CODE              Offs=005A2E  Size=000078  Align=00001  Fill=0000
    DATA              Offs=0001CC  Size=000008  Align=00001  Fill=0000
/Users/rje/git/cc65/lib/cx16.lib(zerobss.o):
    CODE              Offs=005AA6  Size=000023  Align=00001  Fill=0000
/Users/rje/git/cc65/lib/cx16.lib(zeropage.o):
    ZEROPAGE          Offs=000000  Size=00001A  Align=00001  Fill=0000


Segment list:
-------------
Name                   Start     End    Size  Align
----------------------------------------------------
ZEROPAGE              000022  00003B  00001A  00001
LOADADDR              0007FF  000800  000002  00001
EXEHDR                000801  00080C  00000C  00001
STARTUP               00080D  00082D  000021  00001
CODE                  00082E  0062F6  005AC9  00001
RODATA                0062F7  0075B6  0012C0  00001
DATA                  0075B7  00778A  0001D4  00001
INIT                  00778B  00778C  000002  00001
BSS                   00778D  0089B3  001227  00001
ONCE                  00778D  0077C7  00003B  00001


Exports list by name:
---------------------
BSOUT                     00FFD2 RLA    CHROUT                    00FFD2 RLA    
ENTROPY_GET               00FECF RLA    GETIN                     00FFE4 RLA    
KBDBUF_PEEK               00FEBD RLA    LOAD                      00FFD5 RLA    
PLOT                      00FFF0 RLA    RDTIM                     00FFDE RLA    
SETLFS                    00FFBA RLA    SETNAM                    00FFBD RLA    
SETTIM                    00FFDB RLA    __BSS_RUN__               00778D RLA    
__BSS_SIZE__              001227 REA    __CONSTRUCTOR_COUNT__     000002 REA    
__CONSTRUCTOR_TABLE__     0077C4 RLA    __DESTRUCTOR_COUNT__      000000 REA    
__DESTRUCTOR_TABLE__      0075B7 RLA    __EXEHDR__                000001 REA    
__HEADER_LAST__           00080D RLA    __HIMEM__                 009F00 REA    
__LOADADDR__              000001 REA    __MAIN_SIZE__             0096F3 REA    
__MAIN_START__            00080D RLA    __ONCE_RUN__              00778D RLA    
__STACKSIZE__             000800 REA    __STARTUP__               000001 REA    
__ctype                   00752C RLA    __ctypeidx                007537 RLA    
__heapend                 00774D RLA    __heapfirst               00774F RLA    
__heapmemavail            0051A4 RLA    __heapptr                 00774B RLA    
__hextab                  007508 RLA    __longminstr              007518 RLA    
__oserror                 008987 RLA    __printf                  0052E5 RLA    
__randomize               005FA5 RLA    _abs                      005ED6 RLA    
_admin                    0075C0 RLA    _astrogator               0075C1 RLA    
_bookPassengersAndPayCrew 002C01 RLA    _burtle32                 000FBB RLA    
_cargo                    0077EA RLA    _cbm_k_bsout              00FFD2 RLA    
_cbm_k_load               005667 RLA    _cbm_k_setlfs             005684 RLA    
_cbm_k_setnam             005692 RLA    _cclear                   0056C1 RLA    
_cclearxy                 0056BC RLA    _cgetc                    0056D1 RLA    
_chline                   00573D RLA    _chlinexy                 005738 RLA    
_clearComponentState      000C1C RLA    _clock                    005754 RLA    
_clrscr                   00575C RLA    _common_loadCharacterSet  000FCE RLA    
_cost                     007E1D RLA    _cprintf                  0057A3 RLA    
_cputc                    0057D2 RLA    _cputcxy                  0057CD RLA    
_cputs                    005839 RLA    _cputsxy                  00582F RLA    
_current                  007876 RLA    _damage_ship              00129D RLA    
_destination              0078BC RLA    _diceRoll                 00126B RLA    
_diceRoll2d               001208 RLA    _diceRoll3d               001230 RLA    
_drawPanel                002A98 RLA    _drawWorld                004A7A RLA    
_engineer                 0075C2 RLA    _findHighestSkillFor      0013A8 RLA    
_getEmplacementName       001310 RLA    _getHoldFree              004040 RLA    
_getStatusLabel           000CA3 RLA    _getWeaponName            001384 RLA    
_getWorld                 004BC3 RLA    _gotox                    0058ED RLA    
_gotoxy                   0058F6 RLA    _gunner                   0075C3 RLA    
_hcr                      0075B8 RLA    _hire                     001396 RLA    
_insystem_headForJumpPoint 001BFB RLA    _jamison                  007E0E RLA    
_jump                     001E0D RLA    _jumpmapSetDestination    0020A3 RLA    
_jumpmapShow              002000 RLA    _kbhit                    005986 RLA    
_landAtShipyard           003643 RLA    _landAtStarport           003BBA RLA    
_liaison                  0075C4 RLA    _loadFileToBank           001192 RLA    
_ltoa                     005C44 RLA    _main                     000B4E RLA    
_maneuver                 002758 RLA    _medic                    0075C5 RLA    
_memcpy                   005D9A RLA    _menu_run                 002852 RLA    
_name_generate            0029B0 RLA    _parsecDistance           001036 RLA    
_pay_period               0077E9 RLA    _pilot                    0075C6 RLA    
_playerAchievementLevel   0075B7 RLA    _pressReturnAndClear      0011E0 RLA    
_printAlarmBar            000C32 RLA    _printBankedText          000DCA RLA    
_rand                     005F7D RLA    _readShip                 0035FF RLA    
_redline                  0010E2 RLA    _revers                   005FAB RLA    
_setBank                  000FF5 RLA    _setWorldSurveyed         004DC6 RLA    
_ship                     00778D RLA    _shipDamage               0077D3 RLA    
_shipState                0077BD RLA    _ship_combatStrength      00358D RLA    
_ship_describe            0032DA RLA    _ship_init                0032C5 RLA    
_ship_loadImageFromIndex  00341B RLA    _showCurrentLocation      0026EC RLA    
_showShipSummary          0031B4 RLA    _sleep                    00603C RLA    
_sprite_define            0038B3 RLA    _sprite_loadToVERA        00388A RLA    
_srand                    005F71 RLA    _starport                 007903 RLA    
_statusLine               001100 RLA    _steward                  0075C7 RLA    
_strcpy                   0060F6 RLA    _streetwise               0075C8 RLA    
_strlen                   006115 RLA    _strlower                 00612B RLA    
_strncpy                  006152 RLA    _survey                   003F4B RLA    
_textcolor                00576D RLA    _titleLine                0010EC RLA    
_toDefaultColor           001163 RLA    _trade_calculateMarketPrices 004096 RLA    
_trade_speculate          004251 RLA    _ultoa                    005C83 RLA    
_vcprintf                 0062A4 RLA    _vera_sprites_enable      00607F RLA    
_wilderness_refuel        004756 RLA    _world_describe           004C92 RLA    
_world_drawPlanetoid      004E62 RLA    _world_setGasGiantPalette 004A3A RLA    
_world_setRockballPalette 004A45 RLA    addeq0sp                  0055AF RLA    
addeqysp                  0055B1 RLA    addysp                    0055C1 RLA    
addysp1                   0055C0 RLA    aslax1                    0055CE RLA    
aslax2                    0055D6 RLA    aslax3                    0055E1 RLA    
aslax4                    0055EF RLA    asrax1                    005637 RLA    
asrax4                    005641 RLA    axlong                    00565A RLA    
axulong                   005660 RLA    booleq                    005D74 RLA    
boolge                    005D85 RLA    boolgt                    005D83 RLA    
boollt                    005D7D RLA    boolule                   005D8B RLA    
callmain                  0056A5 RLA    chlinechar                000040 REZ    
cputdirect                0057E5 RLA    ctypemaskdirect           005856 RLA    
cursor                    008986 RLA    decax1                    005870 RLA    
decax2                    005877 RLA    decax3                    00587E RLA    
decaxy                    005885 RLA    decsp1                    00588E RLA    
decsp2                    005897 RLA    decsp4                    0058A4 RLA    
decsp5                    0058B1 RLA    decsp6                    0058BE RLA    
decsp8                    0058CB RLA    donelib                   005797 RLA    
getlop                    005CCE RLA    gotoxy                    0058F3 RLA    
incax2                    005930 RLA    incax3                    005937 RLA    
incax4                    00594B RLA    incax5                    00593C RLA    
incax6                    005941 RLA    incax7                    005946 RLA    
incaxy                    00594D RLA    inceaxy                   005AB9 RLA    
incsp1                    005956 RLA    incsp2                    005964 RLA    
incsp3                    005972 RLA    incsp4                    005977 RLA    
incsp5                    00597C RLA    incsp6                    005981 RLA    
initclock                 00574D  LAI   initheap                  00778D  LAI   
initlib                   00779D RLA    laddeq                    0059B7 RLA    
laddeq0sp                 0059DB RLA    ldaidx                    005A39 RLA    
ldax0sp                   005A52 RLA    ldaxi                     005A45 RLA    
ldaxidx                   005A47 RLA    ldaxysp                   005A54 RLA    
ldeax0sp                  005A72 RLA    ldeaxi                    005A5B RLA    
ldeaxidx                  005A5D RLA    ldeaxysp                  005A74 RLA    
leaa0sp                   005AA1 RLA    leaaxsp                   005AA3 RLA    
lsubeq                    005C04 RLA    mul8x16                   005E2E RLA    
mul8x16a                  005E38 RLA    mulax10                   005E66 RLA    
mulax3                    005E7F RLA    mulax6                    005E90 RLA    
mulax7                    005EA6 RLA    mulax9                    005EBF RLA    
negax                     005EDA RLA    negeax                    005B29 RLA    
plot                      0057FE RLA    popa                      005EF9 RLA    
popax                     00595D RLA    poplsargs                 005B86 RLA    
popptr1                   005F03 RLA    popsargsudiv16            005FBE RLA    
ptr1                      00002A RLZ    ptr2                      00002C RLZ    
ptr3                      00002E RLZ    ptr4                      000030 RLZ    
push0                     005F2C RLA    push1                     005F11 RLA    
pusha                     005F1A RLA    pusha0                    005F2E RLA    
pushax                    005F30 RLA    pusheax                   005B6F RLA    
pushw                     005F46 RLA    pushw0sp                  005F55 RLA    
pushwysp                  005F57 RLA    regbank                   000036 RLZ    
shlax1                    0055CE RLA    shlax2                    0055D6 RLA    
shlax4                    0055EF RLA    shleax1                   005600 RLA    
shleax3                   00560C RLA    shleax4                   005626 RLA    
shrax1                    005FDE RLA    shrax3                    005FE6 RLA    
shrax4                    005FF4 RLA    shreax1                   006005 RLA    
shreax3                   006011 RLA    shreax4                   00602B RLA    
sp                        000022 RLZ    sreg                      000024 RLZ    
staspidx                  00609E RLA    stax0sp                   0060B4 RLA    
staxysp                   0060B6 RLA    steax0sp                  0060BF RLA    
steaxspidx                0060D4 RLA    steaxysp                  0060C1 RLA    
subeq0sp                  0061A8 RLA    subeqysp                  0061AA RLA    
subysp                    0061BD RLA    tmp1                      000032 RLZ    
tmp2                      000033 RLZ    tmp3                      000034 RLZ    
tmp4                      000035 RLZ    tosadd0ax                 00598B RLA    
tosaddax                  005599 RLA    tosaddeax                 005991 RLA    
tosdiv0ax                 005A85 RLA    tosdiva0                  0058D8 RLA    
tosdivax                  0058DA RLA    tosgeeax                  005AAD RLA    
tosgteax                  005AB3 RLA    tosicmp                   005904 RLA    
tosicmp0                  005902 RLA    toslcmp                   0059FE RLA    
toslteax                  005ACA RLA    tosmoda0                  005DD6 RLA    
tosmodax                  005DD8 RLA    tosmul0ax                 005AD0 RLA    
tosmula0                  005E2C RLA    tosmulax                  005DE7 RLA    
tosmuleax                 005AD4 RLA    tosorax                   005EEA RLA    
tosoreax                  005B4B RLA    tossuba0                  006194 RLA    
tossubax                  006196 RLA    tossubeax                 005BDC RLA    
tosudiva0                 0061FC RLA    tosudivax                 0061FE RLA    
tosulong                  0061CA RLA    tosumod0ax                005D36 RLA    
tosumoda0                 00624B RLA    tosumodax                 00624D RLA    
tosumul0ax                005AD0 RLA    tosumula0                 005E2C RLA    
tosumulax                 005DE7 RLA    tosumuleax                005AD4 RLA    
tosxoreax                 005D51 RLA    udiv16                    00620D RLA    
udiv32                    005CF1 RLA    zerobss                   0062D4 RLA    



Exports list by value:
----------------------
__DESTRUCTOR_COUNT__      000000 REA    __STARTUP__               000001 REA    
__LOADADDR__              000001 REA    __EXEHDR__                000001 REA    
__CONSTRUCTOR_COUNT__     000002 REA    sp                        000022 RLZ    
sreg                      000024 RLZ    ptr1                      00002A RLZ    
ptr2                      00002C RLZ    ptr3                      00002E RLZ    
ptr4                      000030 RLZ    tmp1                      000032 RLZ    
tmp2                      000033 RLZ    tmp3                      000034 RLZ    
tmp4                      000035 RLZ    regbank                   000036 RLZ    
chlinechar                000040 REZ    __STACKSIZE__             000800 REA    
__MAIN_START__            00080D RLA    __HEADER_LAST__           00080D RLA    
_main                     000B4E RLA    _clearComponentState      000C1C RLA    
_printAlarmBar            000C32 RLA    _getStatusLabel           000CA3 RLA    
_printBankedText          000DCA RLA    _burtle32                 000FBB RLA    
_common_loadCharacterSet  000FCE RLA    _setBank                  000FF5 RLA    
_parsecDistance           001036 RLA    _redline                  0010E2 RLA    
_titleLine                0010EC RLA    _statusLine               001100 RLA    
_toDefaultColor           001163 RLA    _loadFileToBank           001192 RLA    
_pressReturnAndClear      0011E0 RLA    _diceRoll2d               001208 RLA    
__BSS_SIZE__              001227 REA    _diceRoll3d               001230 RLA    
_diceRoll                 00126B RLA    _damage_ship              00129D RLA    
_getEmplacementName       001310 RLA    _getWeaponName            001384 RLA    
_hire                     001396 RLA    _findHighestSkillFor      0013A8 RLA    
_insystem_headForJumpPoint 001BFB RLA    _jump                     001E0D RLA    
_jumpmapShow              002000 RLA    _jumpmapSetDestination    0020A3 RLA    
_showCurrentLocation      0026EC RLA    _maneuver                 002758 RLA    
_menu_run                 002852 RLA    _name_generate            0029B0 RLA    
_drawPanel                002A98 RLA    _bookPassengersAndPayCrew 002C01 RLA    
_showShipSummary          0031B4 RLA    _ship_init                0032C5 RLA    
_ship_describe            0032DA RLA    _ship_loadImageFromIndex  00341B RLA    
_ship_combatStrength      00358D RLA    _readShip                 0035FF RLA    
_landAtShipyard           003643 RLA    _sprite_loadToVERA        00388A RLA    
_sprite_define            0038B3 RLA    _landAtStarport           003BBA RLA    
_survey                   003F4B RLA    _getHoldFree              004040 RLA    
_trade_calculateMarketPrices 004096 RLA    _trade_speculate          004251 RLA    
_wilderness_refuel        004756 RLA    _world_setGasGiantPalette 004A3A RLA    
_world_setRockballPalette 004A45 RLA    _drawWorld                004A7A RLA    
_getWorld                 004BC3 RLA    _world_describe           004C92 RLA    
_setWorldSurveyed         004DC6 RLA    _world_drawPlanetoid      004E62 RLA    
__heapmemavail            0051A4 RLA    __printf                  0052E5 RLA    
tosaddax                  005599 RLA    addeq0sp                  0055AF RLA    
addeqysp                  0055B1 RLA    addysp1                   0055C0 RLA    
addysp                    0055C1 RLA    shlax1                    0055CE RLA    
aslax1                    0055CE RLA    shlax2                    0055D6 RLA    
aslax2                    0055D6 RLA    aslax3                    0055E1 RLA    
aslax4                    0055EF RLA    shlax4                    0055EF RLA    
shleax1                   005600 RLA    shleax3                   00560C RLA    
shleax4                   005626 RLA    asrax1                    005637 RLA    
asrax4                    005641 RLA    axlong                    00565A RLA    
axulong                   005660 RLA    _cbm_k_load               005667 RLA    
_cbm_k_setlfs             005684 RLA    _cbm_k_setnam             005692 RLA    
callmain                  0056A5 RLA    _cclearxy                 0056BC RLA    
_cclear                   0056C1 RLA    _cgetc                    0056D1 RLA    
_chlinexy                 005738 RLA    _chline                   00573D RLA    
initclock                 00574D  LAI   _clock                    005754 RLA    
_clrscr                   00575C RLA    _textcolor                00576D RLA    
donelib                   005797 RLA    _cprintf                  0057A3 RLA    
_cputcxy                  0057CD RLA    _cputc                    0057D2 RLA    
cputdirect                0057E5 RLA    plot                      0057FE RLA    
_cputsxy                  00582F RLA    _cputs                    005839 RLA    
ctypemaskdirect           005856 RLA    decax1                    005870 RLA    
decax2                    005877 RLA    decax3                    00587E RLA    
decaxy                    005885 RLA    decsp1                    00588E RLA    
decsp2                    005897 RLA    decsp4                    0058A4 RLA    
decsp5                    0058B1 RLA    decsp6                    0058BE RLA    
decsp8                    0058CB RLA    tosdiva0                  0058D8 RLA    
tosdivax                  0058DA RLA    _gotox                    0058ED RLA    
gotoxy                    0058F3 RLA    _gotoxy                   0058F6 RLA    
tosicmp0                  005902 RLA    tosicmp                   005904 RLA    
incax2                    005930 RLA    incax3                    005937 RLA    
incax5                    00593C RLA    incax6                    005941 RLA    
incax7                    005946 RLA    incax4                    00594B RLA    
incaxy                    00594D RLA    incsp1                    005956 RLA    
popax                     00595D RLA    incsp2                    005964 RLA    
incsp3                    005972 RLA    incsp4                    005977 RLA    
incsp5                    00597C RLA    incsp6                    005981 RLA    
_kbhit                    005986 RLA    tosadd0ax                 00598B RLA    
tosaddeax                 005991 RLA    laddeq                    0059B7 RLA    
laddeq0sp                 0059DB RLA    toslcmp                   0059FE RLA    
ldaidx                    005A39 RLA    ldaxi                     005A45 RLA    
ldaxidx                   005A47 RLA    ldax0sp                   005A52 RLA    
ldaxysp                   005A54 RLA    ldeaxi                    005A5B RLA    
ldeaxidx                  005A5D RLA    ldeax0sp                  005A72 RLA    
ldeaxysp                  005A74 RLA    tosdiv0ax                 005A85 RLA    
leaa0sp                   005AA1 RLA    leaaxsp                   005AA3 RLA    
tosgeeax                  005AAD RLA    tosgteax                  005AB3 RLA    
inceaxy                   005AB9 RLA    toslteax                  005ACA RLA    
tosumul0ax                005AD0 RLA    tosmul0ax                 005AD0 RLA    
tosumuleax                005AD4 RLA    tosmuleax                 005AD4 RLA    
negeax                    005B29 RLA    tosoreax                  005B4B RLA    
pusheax                   005B6F RLA    poplsargs                 005B86 RLA    
tossubeax                 005BDC RLA    lsubeq                    005C04 RLA    
_ltoa                     005C44 RLA    _ultoa                    005C83 RLA    
getlop                    005CCE RLA    udiv32                    005CF1 RLA    
tosumod0ax                005D36 RLA    tosxoreax                 005D51 RLA    
booleq                    005D74 RLA    boollt                    005D7D RLA    
boolgt                    005D83 RLA    boolge                    005D85 RLA    
boolule                   005D8B RLA    _memcpy                   005D9A RLA    
tosmoda0                  005DD6 RLA    tosmodax                  005DD8 RLA    
tosmulax                  005DE7 RLA    tosumulax                 005DE7 RLA    
tosmula0                  005E2C RLA    tosumula0                 005E2C RLA    
mul8x16                   005E2E RLA    mul8x16a                  005E38 RLA    
mulax10                   005E66 RLA    mulax3                    005E7F RLA    
mulax6                    005E90 RLA    mulax7                    005EA6 RLA    
mulax9                    005EBF RLA    _abs                      005ED6 RLA    
negax                     005EDA RLA    tosorax                   005EEA RLA    
popa                      005EF9 RLA    popptr1                   005F03 RLA    
push1                     005F11 RLA    pusha                     005F1A RLA    
push0                     005F2C RLA    pusha0                    005F2E RLA    
pushax                    005F30 RLA    pushw                     005F46 RLA    
pushw0sp                  005F55 RLA    pushwysp                  005F57 RLA    
_srand                    005F71 RLA    _rand                     005F7D RLA    
__randomize               005FA5 RLA    _revers                   005FAB RLA    
popsargsudiv16            005FBE RLA    shrax1                    005FDE RLA    
shrax3                    005FE6 RLA    shrax4                    005FF4 RLA    
shreax1                   006005 RLA    shreax3                   006011 RLA    
shreax4                   00602B RLA    _sleep                    00603C RLA    
_vera_sprites_enable      00607F RLA    staspidx                  00609E RLA    
stax0sp                   0060B4 RLA    staxysp                   0060B6 RLA    
steax0sp                  0060BF RLA    steaxysp                  0060C1 RLA    
steaxspidx                0060D4 RLA    _strcpy                   0060F6 RLA    
_strlen                   006115 RLA    _strlower                 00612B RLA    
_strncpy                  006152 RLA    tossuba0                  006194 RLA    
tossubax                  006196 RLA    subeq0sp                  0061A8 RLA    
subeqysp                  0061AA RLA    subysp                    0061BD RLA    
tosulong                  0061CA RLA    tosudiva0                 0061FC RLA    
tosudivax                 0061FE RLA    udiv16                    00620D RLA    
tosumoda0                 00624B RLA    tosumodax                 00624D RLA    
_vcprintf                 0062A4 RLA    zerobss                   0062D4 RLA    
__hextab                  007508 RLA    __longminstr              007518 RLA    
__ctype                   00752C RLA    __ctypeidx                007537 RLA    
__DESTRUCTOR_TABLE__      0075B7 RLA    _playerAchievementLevel   0075B7 RLA    
_hcr                      0075B8 RLA    _admin                    0075C0 RLA    
_astrogator               0075C1 RLA    _engineer                 0075C2 RLA    
_gunner                   0075C3 RLA    _liaison                  0075C4 RLA    
_medic                    0075C5 RLA    _pilot                    0075C6 RLA    
_steward                  0075C7 RLA    _streetwise               0075C8 RLA    
__heapptr                 00774B RLA    __heapend                 00774D RLA    
__heapfirst               00774F RLA    _ship                     00778D RLA    
__BSS_RUN__               00778D RLA    __ONCE_RUN__              00778D RLA    
initheap                  00778D  LAI   initlib                   00779D RLA    
_shipState                0077BD RLA    __CONSTRUCTOR_TABLE__     0077C4 RLA    
_shipDamage               0077D3 RLA    _pay_period               0077E9 RLA    
_cargo                    0077EA RLA    _current                  007876 RLA    
_destination              0078BC RLA    _starport                 007903 RLA    
_jamison                  007E0E RLA    _cost                     007E1D RLA    
cursor                    008986 RLA    __oserror                 008987 RLA    
__MAIN_SIZE__             0096F3 REA    __HIMEM__                 009F00 REA    
KBDBUF_PEEK               00FEBD RLA    ENTROPY_GET               00FECF RLA    
SETLFS                    00FFBA RLA    SETNAM                    00FFBD RLA    
CHROUT                    00FFD2 RLA    BSOUT                     00FFD2 RLA    
_cbm_k_bsout              00FFD2 RLA    LOAD                      00FFD5 RLA    
SETTIM                    00FFDB RLA    RDTIM                     00FFDE RLA    
GETIN                     00FFE4 RLA    PLOT                      00FFF0 RLA    



Imports list:
-------------
BSOUT (kernal.o):
    c_bsout.o                 cbm/cbm.inc:49
CHROUT (kernal.o):
    crt0.o                    cx16/crt0.s:10
    clrscr.o                  cx16/clrscr.s:10
    c_bsout.o                 cbm/cbm.inc:50
ENTROPY_GET (kernal.o):
    randomize.o               cx16/randomize.s:10
GETIN (kernal.o):
    cgetc.o                   cx16/cgetc.s:10
KBDBUF_PEEK (kernal.o):
    kbhit.o                   cx16/kbhit.s:10
LOAD (kernal.o):
    c_load.o                  cbm/cbm.inc:37
PLOT (kernal.o):
    cputc.o                   cx16/cputc.s:11
RDTIM (kernal.o):
    clock.o                   cx16/clock.s:11
SETLFS (kernal.o):
    c_setlfs.o                cbm/cbm.inc:33
SETNAM (kernal.o):
    c_setnam.o                cbm/cbm.inc:34
SETTIM (kernal.o):
    clock.o                   cx16/clock.s:11
__BSS_RUN__ ([linker generated]):
    _heap.o                   common/_heap.s:8
    zerobss.o                 common/zerobss.s:8
__BSS_SIZE__ ([linker generated]):
    _heap.o                   common/_heap.s:8
    zerobss.o                 common/zerobss.s:8
__CONSTRUCTOR_COUNT__ ([linker generated]):
    condes.o                  runtime/condes.s:18
__CONSTRUCTOR_TABLE__ ([linker generated]):
    condes.o                  runtime/condes.s:18
__DESTRUCTOR_COUNT__ ([linker generated]):
    condes.o                  runtime/condes.s:19
__DESTRUCTOR_TABLE__ ([linker generated]):
    condes.o                  runtime/condes.s:19
__EXEHDR__ (exehdr.o):
    [linker generated]        /Users/rje/git/cc65/cfg/cx16.cfg:6
__HEADER_LAST__ ([linker generated]):
    [linker generated]        /Users/rje/git/cc65/cfg/cx16.cfg:14
    [linker generated]        /Users/rje/git/cc65/cfg/cx16.cfg:14
__HIMEM__ ([linker generated]):
    [linker generated]        /Users/rje/git/cc65/cfg/cx16.cfg:15
    [linker generated]        /Users/rje/git/cc65/cfg/cx16.cfg:14
__LOADADDR__ (loadaddr.o):
    [linker generated]        /Users/rje/git/cc65/cfg/cx16.cfg:5
__MAIN_SIZE__ ([linker generated]):
    crt0.o                    cx16/crt0.s:11
__MAIN_START__ ([linker generated]):
    crt0.o                    cx16/crt0.s:11
__ONCE_RUN__ ([linker generated]):
    [linker generated]        /Users/rje/git/cc65/cfg/cx16.cfg:15
    [linker generated]        /Users/rje/git/cc65/cfg/cx16.cfg:15
__STACKSIZE__ ([linker generated]):
    _heap.o                   common/_heap.s:8
    [linker generated]        /Users/rje/git/cc65/cfg/cx16.cfg:15
__STARTUP__ (crt0.o):
    main.o                    main.s:13
__ctype (ctype.o):
    ctypemask.o               common/ctypemask.s:23
__ctypeidx (ctype.o):
    ctypemask.o               common/ctypemask.s:24
__heapend (_heap.o):
    _heapmemavail.o           /Users/rje/git/cc65/asminc/_heap.inc:33
__heapfirst (_heap.o):
    _heapmemavail.o           /Users/rje/git/cc65/asminc/_heap.inc:34
__heapmemavail (_heapmemavail.o):
    common.o                  common.s:13
__heapptr (_heap.o):
    _heapmemavail.o           /Users/rje/git/cc65/asminc/_heap.inc:32
__hextab (_hextab.o):
    ltoa.o                    common/ltoa.s:10
__longminstr (_longminstr.o):
    ltoa.o                    common/ltoa.s:10
__oserror (_oserror.o):
    c_load.o                  cbm/c_load.s:10
__printf (_printf.o):
    vcprintf.o                conio/vcprintf.s:9
__randomize (randomize.o):
    hiring_hall.o             hiring_hall.s:22
_abs (negabs.o):
    passengers.o              passengers.s:18
    common.o                  common.s:14
_admin (main.o):
    passengers.o              passengers.s:30
_astrogator (main.o):
    passengers.o              passengers.s:31
    jump.o                    jump.s:30
_bookPassengersAndPayCrew (passengers.o):
    jump.o                    jump.s:27
_burtle32 (burtle_jsf32.o):
    trade.o                   trade.s:28
    common.o                  common.s:43
_cargo (main.o):
    trade.o                   trade.s:31
_cbm_k_bsout (c_bsout.o):
    jump.o                    jump.s:13
    common.o                  common.s:15
    bankedText.o              bankedText.s:13
    alarm.o                   alarm.s:13
    main.o                    main.s:15
_cbm_k_load (c_load.o):
    sprite.o                  sprite.s:13
    common.o                  common.s:16
_cbm_k_setlfs (c_setlfs.o):
    sprite.o                  sprite.s:14
    common.o                  common.s:17
_cbm_k_setnam (c_setnam.o):
    sprite.o                  sprite.s:15
    common.o                  common.s:18
_cclear (cclear.o):
    trade.o                   trade.s:20
_cclearxy (cclear.o):
    starport.o                starport.s:20
    jump-map.o                jump-map.s:20
_cgetc (cgetc.o):
    wilderness.o              wilderness.s:16
    trade.o                   trade.s:17
    survey.o                  survey.s:17
    starport.o                starport.s:17
    shipyard.o                shipyard.s:17
    menu.o                    menu.s:17
    jump-map.o                jump-map.s:17
    insystem.o                insystem.s:17
    hiring_hall.o             hiring_hall.s:17
    common.o                  common.s:23
_chline (chline.o):
    jump-map.o                jump-map.s:19
    common.o                  common.s:25
_chlinexy (chline.o):
    hiring_hall.o             hiring_hall.s:19
    common.o                  common.s:26
_clearComponentState (alarm.o):
    starport.o                starport.s:27
_clock (clock.o):
    sleep.o                   ../libwrk/cx16/sleep.s:13
    burtle_jsf32.o            burtle_jsf32.s:13
_clrscr (clrscr.o):
    wilderness.o              wilderness.s:13
    trade.o                   trade.s:13
    survey.o                  survey.s:13
    starport.o                starport.s:13
    shipyard.o                shipyard.s:13
    passengers.o              passengers.s:13
    maneuver-map.o            maneuver-map.s:13
    jump.o                    jump.s:14
    insystem.o                insystem.s:14
    hiring_hall.o             hiring_hall.s:13
    common.o                  common.s:19
    main.o                    main.s:16
_common_loadCharacterSet (common.o):
    main.o                    main.s:20
_cost (alarm.o):
    starport.o                starport.s:38
_cprintf (cprintf.o):
    world.o                   world.s:17
    trade.o                   trade.s:16
    survey.o                  survey.s:16
    starport.o                starport.s:16
    ship.o                    ship.s:14
    passengers.o              passengers.s:15
    jump-map.o                jump-map.s:16
    hiring_hall.o             hiring_hall.s:16
    common.o                  common.s:22
    alarm.o                   alarm.s:16
_cputc (cputc.o):
    vcprintf.o                conio/vcprintf.s:9
    cputs.o                   conio/cputs.s:9
    world.o                   world.s:14
    menu.o                    menu.s:14
    bankedText.o              bankedText.s:14
_cputcxy (cputc.o):
    world.o                   world.s:15
    panel.o                   panel.s:13
    menu.o                    menu.s:15
    jump-map.o                jump-map.s:14
    jump.o                    jump.s:16
_cputs (cputs.o):
    world.o                   world.s:16
    shipyard.o                shipyard.s:15
    ship.o                    ship.s:13
    menu.o                    menu.s:16
    maneuver-map.o            maneuver-map.s:15
    hiring_hall.o             hiring_hall.s:14
    damage.o                  damage.s:14
    bankedText.o              bankedText.s:15
_cputsxy (cputs.o):
    wilderness.o              wilderness.s:15
    trade.o                   trade.s:15
    survey.o                  survey.s:15
    starport.o                starport.s:15
    shipyard.o                shipyard.s:16
    panel.o                   panel.s:14
    maneuver-map.o            maneuver-map.s:16
    jump-map.o                jump-map.s:15
    jump.o                    jump.s:17
    insystem.o                insystem.s:16
    hiring_hall.o             hiring_hall.s:15
    common.o                  common.s:21
    alarm.o                   alarm.s:15
    main.o                    main.s:18
_current (main.o):
    wilderness.o              wilderness.s:27
    trade.o                   trade.s:30
    survey.o                  survey.s:25
    shipyard.o                shipyard.s:28
    passengers.o              passengers.s:26
    maneuver-map.o            maneuver-map.s:24
    jump-map.o                jump-map.s:35
    jump.o                    jump.s:31
    insystem.o                insystem.s:28
_damage_ship (damage.o):
    insystem.o                insystem.s:27
_destination (main.o):
    passengers.o              passengers.s:27
    maneuver-map.o            maneuver-map.s:25
    jump-map.o                jump-map.s:36
    jump.o                    jump.s:32
_diceRoll (common.o):
    trade.o                   trade.s:24
_diceRoll2d (common.o):
    survey.o                  survey.s:20
    hiring_hall.o             hiring_hall.s:26
_diceRoll3d (common.o):
    survey.o                  survey.s:21
    hiring_hall.o             hiring_hall.s:27
_drawPanel (panel.o):
    starport.o                starport.s:32
    maneuver-map.o            maneuver-map.s:23
    main.o                    main.s:42
_drawWorld (world.o):
    wilderness.o              wilderness.s:22
_engineer (main.o):
    passengers.o              passengers.s:32
_findHighestSkillFor (hiring_hall.o):
    main.o                    main.s:33
_getEmplacementName (emplacement.o):
    starport.o                starport.s:30
_getHoldFree (trade.o):
    passengers.o              passengers.s:23
_getStatusLabel (alarm.o):
    starport.o                starport.s:29
_getWeaponName (emplacement.o):
    starport.o                starport.s:31
_getWorld (world.o):
    jump-map.o                jump-map.s:32
    jump.o                    jump.s:26
    main.o                    main.s:29
_gotox (gotox.o):
    trade.o                   trade.s:14
_gotoxy (gotoxy.o):
    world.o                   world.s:13
    wilderness.o              wilderness.s:14
    survey.o                  survey.s:14
    starport.o                starport.s:14
    shipyard.o                shipyard.s:14
    passengers.o              passengers.s:14
    menu.o                    menu.s:13
    maneuver-map.o            maneuver-map.s:14
    jump-map.o                jump-map.s:13
    jump.o                    jump.s:15
    insystem.o                insystem.s:15
    common.o                  common.s:20
    alarm.o                   alarm.s:14
    main.o                    main.s:17
_gunner (main.o):
    passengers.o              passengers.s:33
_hcr (main.o):
    trade.o                   trade.s:33
    survey.o                  survey.s:27
    starport.o                starport.s:35
    passengers.o              passengers.s:29
_hire (hiring_hall.o):
    main.o                    main.s:32
_insystem_headForJumpPoint (insystem.o):
    jump.o                    jump.s:28
_jamison (main.o):
    jump-map.o                jump-map.s:37
_jump (jump.o):
    main.o                    main.s:27
_jumpmapSetDestination (jump-map.o):
    main.o                    main.s:35
_jumpmapShow (jump-map.o):
    main.o                    main.s:34
_kbhit (kbhit.o):
    cgetc.o                   cx16/cgetc.s:10
_landAtShipyard (shipyard.o):
    main.o                    main.s:30
_landAtStarport (starport.o):
    main.o                    main.s:31
_liaison (main.o):
    passengers.o              passengers.s:34
_loadFileToBank (common.o):
    main.o                    main.s:24
_ltoa (ltoa.o):
    _printf.o                 common/_printf.s:12
_main (main.o):
    callmain.o                runtime/callmain.s:11
_maneuver (maneuver-map.o):
    main.o                    main.s:39
_medic (main.o):
    passengers.o              passengers.s:35
_memcpy (memcpy.o):
    world.o                   world.s:1526
    trade.o                   trade.s:1065
    ship.o                    ship.s:751
    hiring_hall.o             hiring_hall.s:21
_menu_run (menu.o):
    maneuver-map.o            maneuver-map.s:22
    main.o                    main.s:41
_name_generate (name.o):
    hiring_hall.o             hiring_hall.s:30
_parsecDistance (common.o):
    jump-map.o                jump-map.s:25
    jump.o                    jump.s:23
_pay_period (main.o):
    wilderness.o              wilderness.s:28
    survey.o                  survey.s:26
    passengers.o              passengers.s:28
    jump.o                    jump.s:35
_pilot (main.o):
    passengers.o              passengers.s:36
_playerAchievementLevel (main.o):
    world.o                   world.s:31
    maneuver-map.o            maneuver-map.s:26
    jump-map.o                jump-map.s:38
    jump.o                    jump.s:34
    insystem.o                insystem.s:30
    alarm.o                   alarm.s:26
_pressReturnAndClear (common.o):
    starport.o                starport.s:24
    passengers.o              passengers.s:21
_printAlarmBar (alarm.o):
    wilderness.o              wilderness.s:24
    survey.o                  survey.s:22
    maneuver-map.o            maneuver-map.s:21
    jump-map.o                jump-map.s:29
_printBankedText (bankedText.o):
    starport.o                starport.s:33
    jump-map.o                jump-map.s:33
    jump.o                    jump.s:29
    damage.o                  damage.s:17
    main.o                    main.s:44
_rand (rand.o):
    world.o                   world.s:20
    passengers.o              passengers.s:17
    name.o                    name.s:13
    jump.o                    jump.s:19
    insystem.o                insystem.s:13
    damage.o                  damage.s:13
_readShip (ship.o):
    shipyard.o                shipyard.s:26
    insystem.o                insystem.s:26
_redline (common.o):
    trade.o                   trade.s:22
    hiring_hall.o             hiring_hall.s:23
_revers (revers.o):
    world.o                   world.s:18
    trade.o                   trade.s:18
    starport.o                starport.s:18
_setBank (common.o):
    world.o                   world.s:21
    trade.o                   trade.s:21
    starport.o                starport.s:22
    shipyard.o                shipyard.s:20
    ship.o                    ship.s:15
    name.o                    name.s:14
    jump-map.o                jump-map.s:24
    jump.o                    jump.s:22
    damage.o                  damage.s:15
    main.o                    main.s:21
_setWorldSurveyed (world.o):
    survey.o                  survey.s:24
_ship (main.o):
    wilderness.o              wilderness.s:25
    trade.o                   trade.s:29
    starport.o                starport.s:34
    shipyard.o                shipyard.s:27
    passengers.o              passengers.s:24
    jump-map.o                jump-map.s:34
    insystem.o                insystem.s:29
    alarm.o                   alarm.s:23
_shipDamage (main.o):
    starport.o                starport.s:37
    insystem.o                insystem.s:31
    alarm.o                   alarm.s:25
_shipState (main.o):
    wilderness.o              wilderness.s:26
    starport.o                starport.s:36
    passengers.o              passengers.s:25
    jump.o                    jump.s:33
    alarm.o                   alarm.s:24
_ship_combatStrength (ship.o):
    insystem.o                insystem.s:25
_ship_describe (ship.o):
    starport.o                starport.s:26
    shipyard.o                shipyard.s:24
_ship_init (ship.o):
    main.o                    main.s:28
_ship_loadImageFromIndex (ship.o):
    shipyard.o                shipyard.s:25
_showCurrentLocation (maneuver-map.o):
    main.o                    main.s:38
_showShipSummary (ship.o):
    starport.o                starport.s:25
    shipyard.o                shipyard.s:23
    insystem.o                insystem.s:24
_sleep (sleep.o):
    jump.o                    jump.s:20
_sprite_define (sprite.o):
    jump-map.o                jump-map.s:31
    main.o                    main.s:37
_sprite_loadToVERA (sprite.o):
    ship.o                    ship.s:24
    jump-map.o                jump-map.s:30
    main.o                    main.s:36
_srand (rand.o):
    randomize.o               cx16/randomize.s:10
_starport (main.o):
    trade.o                   trade.s:32
_statusLine (common.o):
    wilderness.o              wilderness.s:19
    survey.o                  survey.s:19
    shipyard.o                shipyard.s:22
    passengers.o              passengers.s:20
    jump.o                    jump.s:25
    hiring_hall.o             hiring_hall.s:25
    main.o                    main.s:23
_steward (main.o):
    passengers.o              passengers.s:37
_strcpy (strcpy.o):
    hiring_hall.o             hiring_hall.s:20
_streetwise (main.o):
    passengers.o              passengers.s:38
_strlen (strlen.o):
    _printf.o                 common/_printf.s:13
    alarm.o                   alarm.s:17
_strlower (strlower.o):
    _printf.o                 common/_printf.s:13
_strncpy (strncpy.o):
    jump-map.o                jump-map.s:22
_survey (survey.o):
    main.o                    main.s:43
_textcolor (color.o):
    world.o                   world.s:19
    wilderness.o              wilderness.s:17
    trade.o                   trade.s:19
    survey.o                  survey.s:18
    starport.o                starport.s:19
    shipyard.o                shipyard.s:18
    passengers.o              passengers.s:16
    menu.o                    menu.s:18
    maneuver-map.o            maneuver-map.s:17
    jump-map.o                jump-map.s:18
    jump.o                    jump.s:18
    insystem.o                insystem.s:18
    hiring_hall.o             hiring_hall.s:18
    common.o                  common.s:24
    main.o                    main.s:19
_titleLine (common.o):
    starport.o                starport.s:23
    shipyard.o                shipyard.s:21
    passengers.o              passengers.s:19
    jump-map.o                jump-map.s:26
    jump.o                    jump.s:24
    insystem.o                insystem.s:19
    hiring_hall.o             hiring_hall.s:24
    alarm.o                   alarm.s:18
    main.o                    main.s:22
_toDefaultColor (common.o):
    trade.o                   trade.s:23
_trade_calculateMarketPrices (trade.o):
    main.o                    main.s:25
_trade_speculate (trade.o):
    main.o                    main.s:26
_ultoa (ltoa.o):
    _printf.o                 common/_printf.s:12
_vcprintf (vcprintf.o):
    cprintf.o                 conio/cprintf.s:8
_vera_sprites_enable (sprites_enable.o):
    main.o                    main.s:14
_wilderness_refuel (wilderness.o):
    main.o                    main.s:40
_world_describe (world.o):
    maneuver-map.o            maneuver-map.s:20
_world_drawPlanetoid (world.o):
    wilderness.o              wilderness.s:23
_world_setGasGiantPalette (world.o):
    wilderness.o              wilderness.s:20
_world_setRockballPalette (world.o):
    wilderness.o              wilderness.s:21
addeq0sp (addeqsp.o):
    world.o                   world.s:1526
    world.o                   world.s:1526
    trade.o                   trade.s:1065
    sprite.o                  sprite.s:503
    passengers.o              passengers.s:823
    passengers.o              passengers.s:823
    passengers.o              passengers.s:823
    panel.o                   panel.s:210
    jump-map.o                jump-map.s:969
    hiring_hall.o             hiring_hall.s:1116
    hiring_hall.o             hiring_hall.s:1116
    bankedText.o              bankedText.s:77
    main.o                    main.s:713
addeqysp (addeqsp.o):
    world.o                   world.s:1526
    world.o                   world.s:1526
    trade.o                   trade.s:1065
    trade.o                   trade.s:1065
    shipyard.o                shipyard.s:375
    passengers.o              passengers.s:823
    name.o                    name.s:140
    jump-map.o                jump-map.s:969
    jump-map.o                jump-map.s:969
    insystem.o                insystem.s:518
    hiring_hall.o             hiring_hall.s:1116
addysp (addysp.o):
    incsp6.o                  runtime/incsp6.s:8
    incsp5.o                  runtime/incsp5.s:8
    incsp4.o                  runtime/incsp4.s:8
    incsp3.o                  runtime/incsp3.s:8
    cprintf.o                 conio/cprintf.s:8
    world.o                   world.s:1526
    world.o                   world.s:1526
    world.o                   world.s:1526
    passengers.o              passengers.s:823
    panel.o                   panel.s:210
    name.o                    name.s:140
    maneuver-map.o            maneuver-map.s:253
    jump-map.o                jump-map.s:969
    jump-map.o                jump-map.s:969
    jump.o                    jump.s:315
    hiring_hall.o             hiring_hall.s:1116
    common.o                  common.s:592
    burtle_jsf32.o            burtle_jsf32.s:248
    alarm.o                   alarm.s:499
addysp1 (addysp.o):
    sub.o                     runtime/sub.s:8
    or.o                      runtime/or.s:9
    lxor.o                    runtime/lxor.s:9
    ludiv.o                   runtime/ludiv.s:9
    lsub.o                    runtime/lsub.s:11
    lor.o                     runtime/lor.s:9
    lmul.o                    runtime/lmul.s:9
    ladd.o                    runtime/ladd.s:8
aslax1 (aslax1.o):
    world.o                   world.s:1526
    maneuver-map.o            maneuver-map.s:253
    jump-map.o                jump-map.s:969
    hiring_hall.o             hiring_hall.s:1116
    main.o                    main.s:713
aslax2 (aslax2.o):
    world.o                   world.s:1526
    world.o                   world.s:1526
    jump-map.o                jump-map.s:969
    jump-map.o                jump-map.s:969
aslax3 (aslax3.o):
    sprite.o                  sprite.s:503
    sprite.o                  sprite.s:503
    sprite.o                  sprite.s:503
    sprite.o                  sprite.s:503
    sprite.o                  sprite.s:503
    jump-map.o                jump-map.s:969
aslax4 (aslax4.o):
    world.o                   world.s:1526
    world.o                   world.s:1526
    jump-map.o                jump-map.s:969
    jump-map.o                jump-map.s:969
    main.o                    main.s:713
asrax1 (asrax1.o):
    sprite.o                  sprite.s:503
    sprite.o                  sprite.s:503
asrax4 (asrax4.o):
    sprite.o                  sprite.s:503
    sprite.o                  sprite.s:503
axlong (axlong.o):
    _printf.o                 common/_printf.s:11
    passengers.o              passengers.s:823
axulong (axlong.o):
    _printf.o                 common/_printf.s:11
    sleep.o                   ../libwrk/cx16/sleep.s:54
    trade.o                   trade.s:1065
    trade.o                   trade.s:1065
    trade.o                   trade.s:1065
    survey.o                  survey.s:160
    starport.o                starport.s:537
    passengers.o              passengers.s:823
booleq (makebool.o):
    shipyard.o                shipyard.s:375
boolge (makebool.o):
    lge.o                     runtime/lge.s:8
boolgt (makebool.o):
    lgt.o                     runtime/lgt.s:8
boollt (makebool.o):
    llt.o                     runtime/llt.s:8
boolule (makebool.o):
    jump-map.o                jump-map.s:969
callmain (callmain.o):
    crt0.o                    cx16/crt0.s:9
chlinechar (clinechars.o):
    chline.o                  cbm/chline.s:10
cputdirect (cputc.o):
    chline.o                  cbm/chline.s:9
    cclear.o                  cbm/cclear.s:9
ctypemaskdirect (ctypemask.o):
    strlower.o                common/strlower.s:14
cursor (_cursor.o):
    cgetc.o                   cx16/cgetc.s:10
decax1 (decax1.o):
    world.o                   world.s:1526
    maneuver-map.o            maneuver-map.s:253
decax2 (decax2.o):
    trade.o                   trade.s:1065
decax3 (decax3.o):
    hiring_hall.o             hiring_hall.s:1116
decaxy (decaxy.o):
    world.o                   world.s:1526
    ship.o                    ship.s:751
    menu.o                    menu.s:211
decsp1 (decsp1.o):
    hiring_hall.o             hiring_hall.s:1116
    common.o                  common.s:592
    alarm.o                   alarm.s:499
decsp2 (decsp2.o):
    toslong.o                 runtime/toslong.s:8
    trade.o                   trade.s:1065
    trade.o                   trade.s:1065
    trade.o                   trade.s:1065
    starport.o                starport.s:537
    panel.o                   panel.s:210
    jump-map.o                jump-map.s:969
    jump.o                    jump.s:315
    insystem.o                insystem.s:518
    hiring_hall.o             hiring_hall.s:1116
    hiring_hall.o             hiring_hall.s:1116
    hiring_hall.o             hiring_hall.s:1116
    main.o                    main.s:713
decsp4 (decsp4.o):
    lpush.o                   runtime/lpush.s:12
    world.o                   world.s:1526
    world.o                   world.s:1526
    world.o                   world.s:1526
    trade.o                   trade.s:1065
    name.o                    name.s:140
    burtle_jsf32.o            burtle_jsf32.s:248
    main.o                    main.s:713
decsp5 (decsp5.o):
    common.o                  common.s:592
decsp6 (decsp6.o):
    _printf.o                 common/_printf.s:11
decsp8 (decsp8.o):
    world.o                   world.s:1526
donelib (condes.o):
    crt0.o                    cx16/crt0.s:8
getlop (ludiv.o):
    lumod.o                   runtime/lumod.s:9
    lshelp.o                  runtime/lshelp.s:11
gotoxy (gotoxy.o):
    cputs.o                   conio/cputs.s:9
    cputc.o                   cx16/cputc.s:11
    chline.o                  cbm/chline.s:9
    cclear.o                  cbm/cclear.s:9
incax2 (incax2.o):
    sprite.o                  sprite.s:503
    passengers.o              passengers.s:823
    name.o                    name.s:140
    menu.o                    menu.s:211
    hiring_hall.o             hiring_hall.s:1116
incax3 (incax3.o):
    jump-map.o                jump-map.s:969
    hiring_hall.o             hiring_hall.s:1116
incax4 (incaxy.o):
    ship.o                    ship.s:751
    maneuver-map.o            maneuver-map.s:253
    jump-map.o                jump-map.s:969
    jump.o                    jump.s:315
    hiring_hall.o             hiring_hall.s:1116
incax5 (incax5.o):
    world.o                   world.s:1526
    hiring_hall.o             hiring_hall.s:1116
incax6 (incax6.o):
    sprite.o                  sprite.s:503
    sprite.o                  sprite.s:503
    ship.o                    ship.s:751
incax7 (incax7.o):
    ship.o                    ship.s:751
incaxy (incaxy.o):
    incax7.o                  runtime/incax7.s:8
    incax6.o                  runtime/incax6.s:8
    incax5.o                  runtime/incax5.s:8
    incax3.o                  runtime/incax3.s:8
    world.o                   world.s:1526
    world.o                   world.s:1526
    world.o                   world.s:1526
    world.o                   world.s:1526
    world.o                   world.s:1526
    starport.o                starport.s:537
    ship.o                    ship.s:751
    ship.o                    ship.s:751
    ship.o                    ship.s:751
    passengers.o              passengers.s:823
    menu.o                    menu.s:211
    jump-map.o                jump-map.s:969
    jump-map.o                jump-map.s:969
    jump.o                    jump.s:315
    insystem.o                insystem.s:518
    hiring_hall.o             hiring_hall.s:1116
    hiring_hall.o             hiring_hall.s:1116
    hiring_hall.o             hiring_hall.s:1116
    hiring_hall.o             hiring_hall.s:1116
    damage.o                  damage.s:94
inceaxy (linc.o):
    common.o                  common.s:592
    common.o                  common.s:592
    common.o                  common.s:592
incsp1 (incsp1.o):
    world.o                   world.s:1526
    world.o                   world.s:1526
    world.o                   world.s:1526
    trade.o                   trade.s:1065
    survey.o                  survey.s:160
    starport.o                starport.s:537
    sprite.o                  sprite.s:503
    shipyard.o                shipyard.s:375
    ship.o                    ship.s:751
    ship.o                    ship.s:751
    jump-map.o                jump-map.s:969
    hiring_hall.o             hiring_hall.s:1116
    hiring_hall.o             hiring_hall.s:1116
    emplacement.o             emplacement.s:188
    emplacement.o             emplacement.s:188
    common.o                  common.s:592
    common.o                  common.s:592
    common.o                  common.s:592
    alarm.o                   alarm.s:499
    alarm.o                   alarm.s:499
    alarm.o                   alarm.s:499
    alarm.o                   alarm.s:499
incsp2 (incsp2.o):
    staspidx.o                runtime/staspidx.s:8
    popptr1.o                 runtime/popptr1.s:8
    world.o                   world.s:1526
    world.o                   world.s:1526
    world.o                   world.s:1526
    world.o                   world.s:1526
    world.o                   world.s:1526
    trade.o                   trade.s:1065
    trade.o                   trade.s:1065
    trade.o                   trade.s:1065
    trade.o                   trade.s:1065
    trade.o                   trade.s:1065
    survey.o                  survey.s:160
    sprite.o                  sprite.s:503
    shipyard.o                shipyard.s:375
    shipyard.o                shipyard.s:375
    ship.o                    ship.s:751
    ship.o                    ship.s:751
    ship.o                    ship.s:751
    passengers.o              passengers.s:823
    jump-map.o                jump-map.s:969
    jump.o                    jump.s:315
    insystem.o                insystem.s:518
    hiring_hall.o             hiring_hall.s:1116
    common.o                  common.s:592
    common.o                  common.s:592
    common.o                  common.s:592
    main.o                    main.s:713
incsp3 (incsp3.o):
    trade.o                   trade.s:1065
    starport.o                starport.s:537
    starport.o                starport.s:537
    sprite.o                  sprite.s:503
    sprite.o                  sprite.s:503
    sprite.o                  sprite.s:503
    sprite.o                  sprite.s:503
    ship.o                    ship.s:751
    ship.o                    ship.s:751
    hiring_hall.o             hiring_hall.s:1116
    hiring_hall.o             hiring_hall.s:1116
incsp4 (incsp4.o):
    lcmp.o                    runtime/lcmp.s:9
    world.o                   world.s:1526
    trade.o                   trade.s:1065
    trade.o                   trade.s:1065
    sprite.o                  sprite.s:503
    shipyard.o                shipyard.s:375
    shipyard.o                shipyard.s:375
    jump-map.o                jump-map.s:969
    hiring_hall.o             hiring_hall.s:1116
    hiring_hall.o             hiring_hall.s:1116
    damage.o                  damage.s:94
    common.o                  common.s:592
    burtle_jsf32.o            burtle_jsf32.s:248
    main.o                    main.s:713
incsp5 (incsp5.o):
    starport.o                starport.s:537
    ship.o                    ship.s:751
    ship.o                    ship.s:751
    common.o                  common.s:592
    bankedText.o              bankedText.s:77
incsp6 (incsp6.o):
    sleep.o                   ../libwrk/cx16/sleep.s:54
    world.o                   world.s:1526
    trade.o                   trade.s:1065
    passengers.o              passengers.s:823
    menu.o                    menu.s:211
    jump-map.o                jump-map.s:969
    insystem.o                insystem.s:518
    burtle_jsf32.o            burtle_jsf32.s:248
initlib (condes.o):
    crt0.o                    cx16/crt0.s:8
laddeq (laddeq.o):
    trade.o                   trade.s:1065
    survey.o                  survey.s:160
    passengers.o              passengers.s:823
[...]
    main.o                    main.s:713
    main.o                    main.s:713
pusheax (lpush.o):
    _printf.o                 common/_printf.s:11
    sleep.o                   ../libwrk/cx16/sleep.s:54
    trade.o                   trade.s:1065
    trade.o                   trade.s:1065
    trade.o                   trade.s:1065
    trade.o                   trade.s:1065
    survey.o                  survey.s:160
    passengers.o              passengers.s:823
    common.o                  common.s:592
    common.o                  common.s:592
    common.o                  common.s:592
    burtle_jsf32.o            burtle_jsf32.s:248
    burtle_jsf32.o            burtle_jsf32.s:248
    burtle_jsf32.o            burtle_jsf32.s:248
pushw (pushw.o):
    trade.o                   trade.s:1065
    hiring_hall.o             hiring_hall.s:1116
    alarm.o                   alarm.s:499
pushw0sp (pushwsp.o):
    world.o                   world.s:1526
    world.o                   world.s:1526
    world.o                   world.s:1526
    shipyard.o                shipyard.s:375
    shipyard.o                shipyard.s:375
    shipyard.o                shipyard.s:375
    ship.o                    ship.s:751
    passengers.o              passengers.s:823
    panel.o                   panel.s:210
    insystem.o                insystem.s:518
    hiring_hall.o             hiring_hall.s:1116
pushwysp (pushwsp.o):
    world.o                   world.s:1526
    world.o                   world.s:1526
    world.o                   world.s:1526
    world.o                   world.s:1526
    starport.o                starport.s:537
    starport.o                starport.s:537
    shipyard.o                shipyard.s:375
    shipyard.o                shipyard.s:375
    ship.o                    ship.s:751
    passengers.o              passengers.s:823
    jump-map.o                jump-map.s:969
    jump-map.o                jump-map.s:969
    jump-map.o                jump-map.s:969
    hiring_hall.o             hiring_hall.s:1116
    hiring_hall.o             hiring_hall.s:1116
    common.o                  common.s:592
    burtle_jsf32.o            burtle_jsf32.s:248
    burtle_jsf32.o            burtle_jsf32.s:248
    bankedText.o              bankedText.s:77
    main.o                    main.s:713
regbank (zeropage.o):
    _printf.o                 /Users/rje/git/cc65/asminc/zeropage.inc:14
shlax1 (aslax1.o):
    jump.o                    jump.s:315
shlax2 (aslax2.o):
    world.o                   world.s:1526
    world.o                   world.s:1526
    jump-map.o                jump-map.s:969
    jump.o                    jump.s:315
shlax4 (aslax4.o):
    world.o                   world.s:1526
    world.o                   world.s:1526
    starport.o                starport.s:537
    jump-map.o                jump-map.s:969
    jump.o                    jump.s:315
shleax1 (asleax1.o):
    trade.o                   trade.s:1065
    burtle_jsf32.o            burtle_jsf32.s:248
shleax3 (asleax3.o):
    burtle_jsf32.o            burtle_jsf32.s:248
shleax4 (asleax4.o):
    trade.o                   trade.s:1065
shrax1 (shrax1.o):
    sprite.o                  sprite.s:503
    sprite.o                  sprite.s:503
shrax3 (shrax3.o):
    jump-map.o                jump-map.s:969
shrax4 (shrax4.o):
    sprite.o                  sprite.s:503
    sprite.o                  sprite.s:503
    jump-map.o                jump-map.s:969
shreax1 (shreax1.o):
    burtle_jsf32.o            burtle_jsf32.s:248
shreax3 (shreax3.o):
    burtle_jsf32.o            burtle_jsf32.s:248
shreax4 (shreax4.o):
    burtle_jsf32.o            burtle_jsf32.s:248
sp (zeropage.o):
    lcmp.o                    runtime/lcmp.s:10
    decsp6.o                  runtime/decsp6.s:8
    _printf.o                 /Users/rje/git/cc65/asminc/zeropage.inc:11
    _heap.o                   common/_heap.s:9
    vcprintf.o                conio/vcprintf.s:10
    toslong.o                 runtime/toslong.s:9
    subysp.o                  runtime/subysp.s:9
    subeqsp.o                 runtime/subeqsp.s:8
    sub.o                     runtime/sub.s:9
    steaxsp.o                 runtime/steaxsp.s:8
    staxsp.o                  runtime/staxsp.s:8
    staspidx.o                runtime/staspidx.s:9
    pushwsp.o                 runtime/pushwsp.s:8
    pushax.o                  runtime/pushax.s:8
    pusha.o                   runtime/pusha.s:8
    popptr1.o                 runtime/popptr1.s:9
    popa.o                    runtime/popa.s:8
    or.o                      runtime/or.s:10
    memcpy.o                  common/memcpy.s:15
    lxor.o                    runtime/lxor.s:10
    ludiv.o                   runtime/ludiv.s:10
    lsub.o                    runtime/lsub.s:12
    lpush.o                   runtime/lpush.s:13
    lor.o                     runtime/lor.s:10
    lmul.o                    runtime/lmul.s:10
    leaaxsp.o                 runtime/leaaxsp.s:8
    ldeaxysp.o                runtime/ldeaxysp.s:12
    ldaxsp.o                  runtime/ldaxsp.s:8
    laddeqsp.o                runtime/laddeqsp.s:8
    ladd.o                    runtime/ladd.s:9
    incsp2.o                  runtime/incsp2.s:8
    incsp1.o                  runtime/incsp1.s:8
    icmp.o                    runtime/icmp.s:9
    decsp8.o                  runtime/decsp8.s:8
    decsp5.o                  runtime/decsp5.s:8
    decsp4.o                  runtime/decsp4.s:8
    decsp2.o                  runtime/decsp2.s:8
    decsp1.o                  runtime/decsp1.s:8
    crt0.o                    /Users/rje/git/cc65/asminc/zeropage.inc:11
    cprintf.o                 conio/cprintf.s:9
    addysp.o                  runtime/addysp.s:8
    addeqsp.o                 runtime/addeqsp.s:8
    add.o                     runtime/add.s:12
    world.o                   world.s:10
    trade.o                   trade.s:10
    survey.o                  survey.s:10
    starport.o                starport.s:10
    sprite.o                  sprite.s:10
    shipyard.o                shipyard.s:10
    ship.o                    ship.s:10
    passengers.o              passengers.s:10
    panel.o                   panel.s:10
    name.o                    name.s:10
    menu.o                    menu.s:10
    maneuver-map.o            maneuver-map.s:10
    jump-map.o                jump-map.s:10
    jump.o                    jump.s:10
    insystem.o                insystem.s:10
    hiring_hall.o             hiring_hall.s:10
    emplacement.o             emplacement.s:10
    common.o                  common.s:10
    bankedText.o              bankedText.s:10
    alarm.o                   alarm.s:10
    main.o                    main.s:10
sreg (zeropage.o):
    ltoa.o                    common/ltoa.s:11
    lcmp.o                    runtime/lcmp.s:10
    _printf.o                 /Users/rje/git/cc65/asminc/zeropage.inc:11
    umod.o                    runtime/umod.s:9
    udiv.o                    runtime/udiv.s:10
    steaxspi.o                runtime/steaxspi.s:10
    steaxsp.o                 runtime/steaxsp.s:8
    sleep.o                   ../libwrk/cx16/sleep.s:10
    shreax4.o                 runtime/shreax4.s:8
    shreax3.o                 runtime/shreax3.s:8
    shreax1.o                 runtime/shreax1.s:8
    mod.o                     runtime/mod.s:12
    lxor.o                    runtime/lxor.s:10
    lumod.o                   runtime/lumod.s:10
    ludiv.o                   runtime/ludiv.s:10
    lsubeq.o                  runtime/lsubeq.s:12
    lsub.o                    runtime/lsub.s:12
    lshelp.o                  runtime/lshelp.s:12
    lpush.o                   runtime/lpush.s:13
    lor.o                     runtime/lor.s:10
    lneg.o                    runtime/lneg.s:11
    lmul.o                    runtime/lmul.s:10
    linc.o                    runtime/linc.s:8
    ldiv.o                    runtime/ldiv.s:12
    ldeaxysp.o                runtime/ldeaxysp.s:12
    ldeaxi.o                  runtime/ldeaxi.s:8
    laddeqsp.o                runtime/laddeqsp.s:8
    laddeq.o                  runtime/laddeq.s:12
    ladd.o                    runtime/ladd.s:9
    icmp.o                    runtime/icmp.s:9
    clock.o                   cx16/clock.s:12
    axlong.o                  runtime/axlong.s:9
    asleax4.o                 runtime/asleax4.s:8
    asleax3.o                 runtime/asleax3.s:8
    asleax1.o                 runtime/asleax1.s:8
    world.o                   world.s:10
    trade.o                   trade.s:10
    survey.o                  survey.s:10
    starport.o                starport.s:10
    sprite.o                  sprite.s:10
    passengers.o              passengers.s:10
    name.o                    name.s:10
    jump-map.o                jump-map.s:10
    hiring_hall.o             hiring_hall.s:10
    damage.o                  damage.s:10
    burtle_jsf32.o            burtle_jsf32.s:10
staspidx (staspidx.o):
    hiring_hall.o             hiring_hall.s:1116
stax0sp (staxsp.o):
    world.o                   world.s:1526
    world.o                   world.s:1526
    world.o                   world.s:1526
    world.o                   world.s:1526
    trade.o                   trade.s:1065
    trade.o                   trade.s:1065
    trade.o                   trade.s:1065
    trade.o                   trade.s:1065
    shipyard.o                shipyard.s:375
    passengers.o              passengers.s:823
    panel.o                   panel.s:210
    maneuver-map.o            maneuver-map.s:253
    jump-map.o                jump-map.s:969
    jump.o                    jump.s:315
    insystem.o                insystem.s:518
    hiring_hall.o             hiring_hall.s:1116
    hiring_hall.o             hiring_hall.s:1116
    common.o                  common.s:592
    main.o                    main.s:713
    main.o                    main.s:713
staxysp (staxsp.o):
    world.o                   world.s:1526
    world.o                   world.s:1526
    world.o                   world.s:1526
    world.o                   world.s:1526
    trade.o                   trade.s:1065
    trade.o                   trade.s:1065
    starport.o                starport.s:537
    passengers.o              passengers.s:823
    name.o                    name.s:140
    maneuver-map.o            maneuver-map.s:253
    jump-map.o                jump-map.s:969
    jump-map.o                jump-map.s:969
    insystem.o                insystem.s:518
    hiring_hall.o             hiring_hall.s:1116
    main.o                    main.s:713
steax0sp (steaxsp.o):
    burtle_jsf32.o            burtle_jsf32.s:248
steaxspidx (steaxspi.o):
    trade.o                   trade.s:1065
    burtle_jsf32.o            burtle_jsf32.s:248
    burtle_jsf32.o            burtle_jsf32.s:248
steaxysp (steaxsp.o):
    passengers.o              passengers.s:823
subeq0sp (subeqsp.o):
    trade.o                   trade.s:1065
    trade.o                   trade.s:1065
    passengers.o              passengers.s:823
    passengers.o              passengers.s:823
    name.o                    name.s:140
    jump.o                    jump.s:315
subeqysp (subeqsp.o):
    shipyard.o                shipyard.s:375
    ship.o                    ship.s:751
    panel.o                   panel.s:210
    jump-map.o                jump-map.s:969
    jump.o                    jump.s:315
    insystem.o                insystem.s:518
subysp (subysp.o):
    passengers.o              passengers.s:823
    maneuver-map.o            maneuver-map.s:253
    jump-map.o                jump-map.s:969
    jump-map.o                jump-map.s:969
    jump.o                    jump.s:315
    hiring_hall.o             hiring_hall.s:1116
tmp1 (zeropage.o):
    ltoa.o                    common/ltoa.s:11
    _printf.o                 /Users/rje/git/cc65/asminc/zeropage.inc:13
    vcprintf.o                conio/vcprintf.s:10
    strncpy.o                 common/strncpy.s:9
    steaxspi.o                runtime/steaxspi.s:10
    staspidx.o                runtime/staspidx.s:9
    shreax4.o                 runtime/shreax4.s:8
    shreax3.o                 runtime/shreax3.s:8
    shreax1.o                 runtime/shreax1.s:8
    shrax4.o                  runtime/shrax4.s:8
    shrax3.o                  runtime/shrax3.s:8
    shrax1.o                  runtime/shrax1.s:8
    shelp.o                   runtime/shelp.s:12
    or.o                      runtime/or.s:10
    mul.o                     runtime/mul.s:10
    mod.o                     runtime/mod.s:12
    lxor.o                    runtime/lxor.s:10
    lshelp.o                  runtime/lshelp.s:12
    lor.o                     runtime/lor.s:10
    ldiv.o                    runtime/ldiv.s:12
    ladd.o                    runtime/ladd.s:9
    incaxy.o                  runtime/incaxy.s:8
    div.o                     runtime/div.s:12
    decaxy.o                  runtime/decaxy.s:8
    cputs.o                   conio/cputs.s:10
    color.o                   cx16/color.s:11
    chline.o                  cbm/chline.s:10
    cclear.o                  cbm/cclear.s:10
    c_setlfs.o                cbm/c_setlfs.s:13
    asrax4.o                  runtime/asrax4.s:9
    asrax1.o                  runtime/asrax1.s:8
    asleax4.o                 runtime/asleax4.s:8
    asleax3.o                 runtime/asleax3.s:8
    asleax1.o                 runtime/asleax1.s:8
    aslax4.o                  runtime/aslax4.s:8
    aslax3.o                  runtime/aslax3.s:8
    aslax2.o                  runtime/aslax2.s:8
    aslax1.o                  runtime/aslax1.s:8
    ship.o                    ship.s:11
    passengers.o              passengers.s:11
    panel.o                   panel.s:11
    name.o                    name.s:11
    jump-map.o                jump-map.s:11
    jump.o                    jump.s:11
tmp2 (zeropage.o):
    strncpy.o                 common/strncpy.s:9
    steaxspi.o                runtime/steaxspi.s:10
    shelp.o                   runtime/shelp.s:12
    lshelp.o                  runtime/lshelp.s:12
    lmul.o                    runtime/lmul.s:10
    ldiv.o                    runtime/ldiv.s:12
    div.o                     runtime/div.s:12
tmp3 (zeropage.o):
    strncpy.o                 common/strncpy.s:9
    steaxspi.o                runtime/steaxspi.s:10
    lumod.o                   runtime/lumod.s:10
    ludiv.o                   runtime/ludiv.s:10
    lmul.o                    runtime/lmul.s:10
tmp4 (zeropage.o):
    lumod.o                   runtime/lumod.s:10
    ludiv.o                   runtime/ludiv.s:10
    lmul.o                    runtime/lmul.s:10
tosadd0ax (ladd.o):
    trade.o                   trade.s:1065
    survey.o                  survey.s:160
tosaddax (add.o):
    world.o                   world.s:1526
    trade.o                   trade.s:1065
    shipyard.o                shipyard.s:375
    shipyard.o                shipyard.s:375
    ship.o                    ship.s:751
    passengers.o              passengers.s:823
tosaddeax (ladd.o):
    sleep.o                   ../libwrk/cx16/sleep.s:54
    common.o                  common.s:592
    common.o                  common.s:592
    burtle_jsf32.o            burtle_jsf32.s:248
tosdiv0ax (ldiv.o):
    trade.o                   trade.s:1065
    trade.o                   trade.s:1065
tosdiva0 (div.o):
    world.o                   world.s:1526
    world.o                   world.s:1526
    world.o                   world.s:1526
tosdivax (div.o):
    jump.o                    jump.s:315
tosgeeax (lge.o):
    sleep.o                   ../libwrk/cx16/sleep.s:54
tosgteax (lgt.o):
    trade.o                   trade.s:1065
    starport.o                starport.s:537
tosicmp (icmp.o):
    world.o                   world.s:1526
    panel.o                   panel.s:210
    menu.o                    menu.s:211
    insystem.o                insystem.s:518
tosicmp0 (icmp.o):
    passengers.o              passengers.s:823
toslcmp (lcmp.o):
    lge.o                     runtime/lge.s:8
    llt.o                     runtime/llt.s:8
    lgt.o                     runtime/lgt.s:8
toslteax (llt.o):
    starport.o                starport.s:537
tosmoda0 (mod.o):
    world.o                   world.s:1526
    world.o                   world.s:1526
    world.o                   world.s:1526
    world.o                   world.s:1526
    passengers.o              passengers.s:823
    passengers.o              passengers.s:823
    name.o                    name.s:140
    jump-map.o                jump-map.s:969
    jump-map.o                jump-map.s:969
    jump.o                    jump.s:315
    insystem.o                insystem.s:518
    insystem.o                insystem.s:518
    damage.o                  damage.s:94
tosmodax (mod.o):
    world.o                   world.s:1526
tosmul0ax (lmul.o):
    passengers.o              passengers.s:823
tosmula0 (mul8.o):
    world.o                   world.s:1526
    world.o                   world.s:1526
    starport.o                starport.s:537
    starport.o                starport.s:537
    shipyard.o                shipyard.s:375
    shipyard.o                shipyard.s:375
    shipyard.o                shipyard.s:375
    ship.o                    ship.s:751
    ship.o                    ship.s:751
    jump-map.o                jump-map.s:969
    hiring_hall.o             hiring_hall.s:1116
    hiring_hall.o             hiring_hall.s:1116
    hiring_hall.o             hiring_hall.s:1116
    hiring_hall.o             hiring_hall.s:1116
    main.o                    main.s:713
tosmulax (mul.o):
    world.o                   world.s:1526
tosmuleax (lmul.o):
    trade.o                   trade.s:1065
    trade.o                   trade.s:1065
tosorax (or.o):
    jump-map.o                jump-map.s:969
tosoreax (lor.o):
    burtle_jsf32.o            burtle_jsf32.s:248
tossuba0 (sub.o):
    starport.o                starport.s:537
tossubax (sub.o):
    jump-map.o                jump-map.s:969
    jump-map.o                jump-map.s:969
tossubeax (lsub.o):
    sleep.o                   ../libwrk/cx16/sleep.s:54
    burtle_jsf32.o            burtle_jsf32.s:248
tosudiva0 (udiv.o):
    passengers.o              passengers.s:823
    jump-map.o                jump-map.s:969
    common.o                  common.s:592
tosudivax (udiv.o):
    common.o                  common.s:592
tosulong (toslong.o):
    starport.o                starport.s:537
    starport.o                starport.s:537
tosumod0ax (lumod.o):
    trade.o                   trade.s:1065
    common.o                  common.s:592
    common.o                  common.s:592
    common.o                  common.s:592
tosumoda0 (umod.o):
    trade.o                   trade.s:1065
    starport.o                starport.s:537
tosumodax (umod.o):
    common.o                  common.s:592
tosumul0ax (lmul.o):
    sleep.o                   ../libwrk/cx16/sleep.s:54
tosumula0 (mul8.o):
    trade.o                   trade.s:1065
    trade.o                   trade.s:1065
    survey.o                  survey.s:160
    starport.o                starport.s:537
    ship.o                    ship.s:751
    ship.o                    ship.s:751
    passengers.o              passengers.s:823
    damage.o                  damage.s:94
    alarm.o                   alarm.s:499
tosumulax (mul.o):
    passengers.o              passengers.s:823
tosumuleax (lmul.o):
    trade.o                   trade.s:1065
tosxoreax (lxor.o):
    burtle_jsf32.o            burtle_jsf32.s:248
udiv16 (udiv.o):
    umod.o                    runtime/umod.s:8
    shelp.o                   runtime/shelp.s:11
udiv32 (ludiv.o):
    lumod.o                   runtime/lumod.s:9
    ldiv.o                    runtime/ldiv.s:11
zerobss (zerobss.o):
    crt0.o                    cx16/crt0.s:9

