Modules list:
-------------
main.o:
    CODE              Offs=000000  Size=00041E  Align=00001  Fill=0000
    RODATA            Offs=000000  Size=00019C  Align=00001  Fill=0000
    BSS               Offs=000000  Size=000690  Align=00001  Fill=0000
    DATA              Offs=000000  Size=000027  Align=00001  Fill=0000
alarm.o:
    CODE              Offs=00041E  Size=0001B5  Align=00001  Fill=0000
    RODATA            Offs=00019C  Size=000183  Align=00001  Fill=0000
    BSS               Offs=000690  Size=000014  Align=00001  Fill=0000
    DATA              Offs=000027  Size=0000A5  Align=00001  Fill=0000
burtle_jsf32.o:
    CODE              Offs=0005D3  Size=0001A5  Align=00001  Fill=0000
    BSS               Offs=0006A4  Size=000011  Align=00001  Fill=0000
combat.o:
    CODE              Offs=000778  Size=000001  Align=00001  Fill=0000
    BSS               Offs=0006B5  Size=00004A  Align=00001  Fill=0000
common.o:
    CODE              Offs=000779  Size=000259  Align=00001  Fill=0000
    RODATA            Offs=00031F  Size=00001B  Align=00001  Fill=0000
    DATA              Offs=0000CC  Size=000002  Align=00001  Fill=0000
console.o:
    CODE              Offs=0009D2  Size=000001  Align=00001  Fill=0000
damage.o:
    CODE              Offs=0009D3  Size=000063  Align=00001  Fill=0000
    RODATA            Offs=00033A  Size=000274  Align=00001  Fill=0000
    BSS               Offs=0006FF  Size=000001  Align=00001  Fill=0000
    DATA              Offs=0000CE  Size=00002C  Align=00001  Fill=0000
emplacement.o:
    CODE              Offs=000A36  Size=00007D  Align=00001  Fill=0000
    RODATA            Offs=0005AE  Size=0000B9  Align=00001  Fill=0000
    DATA              Offs=0000FA  Size=000040  Align=00001  Fill=0000
hiring_hall.o:
    CODE              Offs=000AB3  Size=000532  Align=00001  Fill=0000
    RODATA            Offs=000667  Size=00022D  Align=00001  Fill=0000
    BSS               Offs=000700  Size=0000C8  Align=00001  Fill=0000
    DATA              Offs=00013A  Size=00006C  Align=00001  Fill=0000
jump.o:
    CODE              Offs=000FE5  Size=0001E4  Align=00001  Fill=0000
    RODATA            Offs=000894  Size=000303  Align=00001  Fill=0000
    DATA              Offs=0001A6  Size=000020  Align=00001  Fill=0000
jump-map.o:
    CODE              Offs=0011C9  Size=000736  Align=00001  Fill=0000
    RODATA            Offs=000B97  Size=0000DB  Align=00001  Fill=0000
    DATA              Offs=0001C6  Size=000010  Align=00001  Fill=0000
maneuver-map.o:
    CODE              Offs=0018FF  Size=000150  Align=00001  Fill=0000
    RODATA            Offs=000C72  Size=0000A1  Align=00001  Fill=0000
menu.o:
    CODE              Offs=001A4F  Size=000112  Align=00001  Fill=0000
    BSS               Offs=0007C8  Size=000003  Align=00001  Fill=0000
passengers.o:
    CODE              Offs=001B61  Size=000524  Align=00001  Fill=0000
    RODATA            Offs=000D13  Size=000222  Align=00001  Fill=0000
piracy.o:
    CODE              Offs=002085  Size=000001  Align=00001  Fill=0000
ship.o:
    CODE              Offs=002086  Size=000656  Align=00001  Fill=0000
    RODATA            Offs=000F35  Size=000573  Align=00001  Fill=0000
    DATA              Offs=0001D6  Size=00004C  Align=00001  Fill=0000
shipyard.o:
    CODE              Offs=0026DC  Size=000221  Align=00001  Fill=0000
    RODATA            Offs=0014A8  Size=0000BD  Align=00001  Fill=0000
    BSS               Offs=0007CB  Size=000001  Align=00001  Fill=0000
sprite.o:
    CODE              Offs=0028FD  Size=000330  Align=00001  Fill=0000
    BSS               Offs=0007CC  Size=000006  Align=00001  Fill=0000
starport.o:
    CODE              Offs=002C2D  Size=000341  Align=00001  Fill=0000
    RODATA            Offs=001565  Size=00015F  Align=00001  Fill=0000
trade.o:
    CODE              Offs=002F6E  Size=000722  Align=00001  Fill=0000
    RODATA            Offs=0016C4  Size=0000B3  Align=00001  Fill=0000
    DATA              Offs=000222  Size=00000E  Align=00001  Fill=0000
wilderness.o:
    CODE              Offs=003690  Size=0000FC  Align=00001  Fill=0000
    RODATA            Offs=001777  Size=000136  Align=00001  Fill=0000
world.o:
    CODE              Offs=00378C  Size=0008A5  Align=00001  Fill=0000
    RODATA            Offs=0018AD  Size=000209  Align=00001  Fill=0000
    BSS               Offs=0007D2  Size=000960  Align=00001  Fill=0000
    DATA              Offs=000230  Size=000065  Align=00001  Fill=0000
/Users/rje/git/cc65/lib/cx16.lib(_cursor.o):
    BSS               Offs=001132  Size=000001  Align=00001  Fill=0000
/Users/rje/git/cc65/lib/cx16.lib(_hextab.o):
    RODATA            Offs=001AB6  Size=000010  Align=00001  Fill=0000
/Users/rje/git/cc65/lib/cx16.lib(_longminstr.o):
    RODATA            Offs=001AC6  Size=00000C  Align=00001  Fill=0000
/Users/rje/git/cc65/lib/cx16.lib(_oserror.o):
    BSS               Offs=001133  Size=000001  Align=00001  Fill=0000
/Users/rje/git/cc65/lib/cx16.lib(_printf.o):
    CODE              Offs=004031  Size=0003A5  Align=00001  Fill=0000
    BSS               Offs=001134  Size=00002B  Align=00001  Fill=0000
    DATA              Offs=000295  Size=000003  Align=00001  Fill=0000
/Users/rje/git/cc65/lib/cx16.lib(add.o):
    CODE              Offs=0043D6  Size=000018  Align=00001  Fill=0000
/Users/rje/git/cc65/lib/cx16.lib(addeqsp.o):
    CODE              Offs=0043EE  Size=000011  Align=00001  Fill=0000
/Users/rje/git/cc65/lib/cx16.lib(addysp.o):
    CODE              Offs=0043FF  Size=00000E  Align=00001  Fill=0000
/Users/rje/git/cc65/lib/cx16.lib(aslax1.o):
    CODE              Offs=00440D  Size=000008  Align=00001  Fill=0000
/Users/rje/git/cc65/lib/cx16.lib(aslax2.o):
    CODE              Offs=004415  Size=00000B  Align=00001  Fill=0000
/Users/rje/git/cc65/lib/cx16.lib(aslax3.o):
    CODE              Offs=004420  Size=00000E  Align=00001  Fill=0000
/Users/rje/git/cc65/lib/cx16.lib(aslax4.o):
    CODE              Offs=00442E  Size=000011  Align=00001  Fill=0000
/Users/rje/git/cc65/lib/cx16.lib(asleax1.o):
    CODE              Offs=00443F  Size=00000C  Align=00001  Fill=0000
/Users/rje/git/cc65/lib/cx16.lib(asleax3.o):
    CODE              Offs=00444B  Size=00001A  Align=00001  Fill=0000
/Users/rje/git/cc65/lib/cx16.lib(asleax4.o):
    CODE              Offs=004465  Size=000011  Align=00001  Fill=0000
/Users/rje/git/cc65/lib/cx16.lib(asrax1.o):
    CODE              Offs=004476  Size=00000A  Align=00001  Fill=0000
/Users/rje/git/cc65/lib/cx16.lib(asrax4.o):
    CODE              Offs=004480  Size=000019  Align=00001  Fill=0000
/Users/rje/git/cc65/lib/cx16.lib(axlong.o):
    CODE              Offs=004499  Size=00000D  Align=00001  Fill=0000
/Users/rje/git/cc65/lib/cx16.lib(c_bsout.o):
/Users/rje/git/cc65/lib/cx16.lib(c_load.o):
    CODE              Offs=0044A6  Size=00001D  Align=00001  Fill=0000
/Users/rje/git/cc65/lib/cx16.lib(c_setlfs.o):
    CODE              Offs=0044C3  Size=00000E  Align=00001  Fill=0000
/Users/rje/git/cc65/lib/cx16.lib(c_setnam.o):
    CODE              Offs=0044D1  Size=000013  Align=00001  Fill=0000
/Users/rje/git/cc65/lib/cx16.lib(callmain.o):
    CODE              Offs=0044E4  Size=000017  Align=00001  Fill=0000
    DATA              Offs=000298  Size=000004  Align=00001  Fill=0000
/Users/rje/git/cc65/lib/cx16.lib(cclear.o):
    CODE              Offs=0044FB  Size=000015  Align=00001  Fill=0000
/Users/rje/git/cc65/lib/cx16.lib(cgetc.o):
    CODE              Offs=004510  Size=000064  Align=00001  Fill=0000
/Users/rje/git/cc65/lib/cx16.lib(chline.o):
    CODE              Offs=004574  Size=000015  Align=00001  Fill=0000
/Users/rje/git/cc65/lib/cx16.lib(clinechars.o):
/Users/rje/git/cc65/lib/cx16.lib(clock.o):
    CODE              Offs=004589  Size=00000F  Align=00001  Fill=0000
/Users/rje/git/cc65/lib/cx16.lib(clrscr.o):
    CODE              Offs=004598  Size=000011  Align=00001  Fill=0000
/Users/rje/git/cc65/lib/cx16.lib(color.o):
    CODE              Offs=0045A9  Size=00002A  Align=00001  Fill=0000
/Users/rje/git/cc65/lib/cx16.lib(condes.o):
    CODE              Offs=0045D3  Size=00000C  Align=00001  Fill=0000
    DATA              Offs=00029C  Size=000025  Align=00001  Fill=0000
    ONCE              Offs=000000  Size=00000C  Align=00001  Fill=0000
/Users/rje/git/cc65/lib/cx16.lib(cprintf.o):
    CODE              Offs=0045DF  Size=00002A  Align=00001  Fill=0000
    BSS               Offs=00115F  Size=000001  Align=00001  Fill=0000
/Users/rje/git/cc65/lib/cx16.lib(cputc.o):
    CODE              Offs=004609  Size=00005F  Align=00001  Fill=0000
    RODATA            Offs=001AD2  Size=000008  Align=00001  Fill=0000
/Users/rje/git/cc65/lib/cx16.lib(cputs.o):
    CODE              Offs=004668  Size=000023  Align=00001  Fill=0000
/Users/rje/git/cc65/lib/cx16.lib(crt0.o):
    STARTUP           Offs=000000  Size=000028  Align=00001  Fill=0000
    ONCE              Offs=00000C  Size=000023  Align=00001  Fill=0000
    INIT              Offs=000000  Size=000002  Align=00001  Fill=0000
/Users/rje/git/cc65/lib/cx16.lib(ctype.o):
    RODATA            Offs=001ADA  Size=00008B  Align=00001  Fill=0000
/Users/rje/git/cc65/lib/cx16.lib(ctypemask.o):
    CODE              Offs=00468B  Size=00001E  Align=00001  Fill=0000
/Users/rje/git/cc65/lib/cx16.lib(decax1.o):
    CODE              Offs=0046A9  Size=000007  Align=00001  Fill=0000
/Users/rje/git/cc65/lib/cx16.lib(decax2.o):
    CODE              Offs=0046B0  Size=000007  Align=00001  Fill=0000
/Users/rje/git/cc65/lib/cx16.lib(decax3.o):
    CODE              Offs=0046B7  Size=000007  Align=00001  Fill=0000
/Users/rje/git/cc65/lib/cx16.lib(decaxy.o):
    CODE              Offs=0046BE  Size=000009  Align=00001  Fill=0000
/Users/rje/git/cc65/lib/cx16.lib(decsp1.o):
    CODE              Offs=0046C7  Size=000009  Align=00001  Fill=0000
/Users/rje/git/cc65/lib/cx16.lib(decsp2.o):
    CODE              Offs=0046D0  Size=00000D  Align=00001  Fill=0000
/Users/rje/git/cc65/lib/cx16.lib(decsp4.o):
    CODE              Offs=0046DD  Size=00000D  Align=00001  Fill=0000
/Users/rje/git/cc65/lib/cx16.lib(decsp5.o):
    CODE              Offs=0046EA  Size=00000D  Align=00001  Fill=0000
/Users/rje/git/cc65/lib/cx16.lib(decsp6.o):
    CODE              Offs=0046F7  Size=00000D  Align=00001  Fill=0000
/Users/rje/git/cc65/lib/cx16.lib(decsp8.o):
    CODE              Offs=004704  Size=00000D  Align=00001  Fill=0000
/Users/rje/git/cc65/lib/cx16.lib(div.o):
    CODE              Offs=004711  Size=000015  Align=00001  Fill=0000
/Users/rje/git/cc65/lib/cx16.lib(exehdr.o):
    EXEHDR            Offs=000000  Size=00000C  Align=00001  Fill=0000
/Users/rje/git/cc65/lib/cx16.lib(gotox.o):
    CODE              Offs=004726  Size=000006  Align=00001  Fill=0000
/Users/rje/git/cc65/lib/cx16.lib(gotoxy.o):
    CODE              Offs=00472C  Size=00000F  Align=00001  Fill=0000
/Users/rje/git/cc65/lib/cx16.lib(icmp.o):
    CODE              Offs=00473B  Size=00002E  Align=00001  Fill=0000
/Users/rje/git/cc65/lib/cx16.lib(incax2.o):
    CODE              Offs=004769  Size=000007  Align=00001  Fill=0000
/Users/rje/git/cc65/lib/cx16.lib(incax3.o):
    CODE              Offs=004770  Size=000005  Align=00001  Fill=0000
/Users/rje/git/cc65/lib/cx16.lib(incax5.o):
    CODE              Offs=004775  Size=000005  Align=00001  Fill=0000
/Users/rje/git/cc65/lib/cx16.lib(incax6.o):
    CODE              Offs=00477A  Size=000005  Align=00001  Fill=0000
/Users/rje/git/cc65/lib/cx16.lib(incax7.o):
    CODE              Offs=00477F  Size=000005  Align=00001  Fill=0000
/Users/rje/git/cc65/lib/cx16.lib(incax8.o):
    CODE              Offs=004784  Size=000005  Align=00001  Fill=0000
/Users/rje/git/cc65/lib/cx16.lib(incaxy.o):
    CODE              Offs=004789  Size=00000B  Align=00001  Fill=0000
/Users/rje/git/cc65/lib/cx16.lib(incsp1.o):
    CODE              Offs=004794  Size=000007  Align=00001  Fill=0000
/Users/rje/git/cc65/lib/cx16.lib(incsp2.o):
    CODE              Offs=00479B  Size=000015  Align=00001  Fill=0000
/Users/rje/git/cc65/lib/cx16.lib(incsp3.o):
    CODE              Offs=0047B0  Size=000005  Align=00001  Fill=0000
/Users/rje/git/cc65/lib/cx16.lib(incsp4.o):
    CODE              Offs=0047B5  Size=000005  Align=00001  Fill=0000
/Users/rje/git/cc65/lib/cx16.lib(incsp5.o):
    CODE              Offs=0047BA  Size=000005  Align=00001  Fill=0000
/Users/rje/git/cc65/lib/cx16.lib(incsp6.o):
    CODE              Offs=0047BF  Size=000005  Align=00001  Fill=0000
/Users/rje/git/cc65/lib/cx16.lib(kbhit.o):
    CODE              Offs=0047C4  Size=00000E  Align=00001  Fill=0000
/Users/rje/git/cc65/lib/cx16.lib(kernal.o):
/Users/rje/git/cc65/lib/cx16.lib(ladd.o):
    CODE              Offs=0047D2  Size=000024  Align=00001  Fill=0000
/Users/rje/git/cc65/lib/cx16.lib(laddeq.o):
    CODE              Offs=0047F6  Size=00002C  Align=00001  Fill=0000
/Users/rje/git/cc65/lib/cx16.lib(laddeqsp.o):
    CODE              Offs=004822  Size=000023  Align=00001  Fill=0000
/Users/rje/git/cc65/lib/cx16.lib(lcmp.o):
    CODE              Offs=004845  Size=00003B  Align=00001  Fill=0000
/Users/rje/git/cc65/lib/cx16.lib(ldai.o):
    CODE              Offs=004880  Size=00000C  Align=00001  Fill=0000
/Users/rje/git/cc65/lib/cx16.lib(ldaxi.o):
    CODE              Offs=00488C  Size=00000D  Align=00001  Fill=0000
/Users/rje/git/cc65/lib/cx16.lib(ldaxsp.o):
    CODE              Offs=004899  Size=000009  Align=00001  Fill=0000
/Users/rje/git/cc65/lib/cx16.lib(ldeaxi.o):
    CODE              Offs=0048A2  Size=000017  Align=00001  Fill=0000
/Users/rje/git/cc65/lib/cx16.lib(ldeaxysp.o):
    CODE              Offs=0048B9  Size=000013  Align=00001  Fill=0000
/Users/rje/git/cc65/lib/cx16.lib(ldiv.o):
    CODE              Offs=0048CC  Size=00001C  Align=00001  Fill=0000
/Users/rje/git/cc65/lib/cx16.lib(leaaxsp.o):
    CODE              Offs=0048E8  Size=00000C  Align=00001  Fill=0000
/Users/rje/git/cc65/lib/cx16.lib(lge.o):
    CODE              Offs=0048F4  Size=000006  Align=00001  Fill=0000
/Users/rje/git/cc65/lib/cx16.lib(lgt.o):
    CODE              Offs=0048FA  Size=000006  Align=00001  Fill=0000
/Users/rje/git/cc65/lib/cx16.lib(linc.o):
    CODE              Offs=004900  Size=000011  Align=00001  Fill=0000
/Users/rje/git/cc65/lib/cx16.lib(llt.o):
    CODE              Offs=004911  Size=000006  Align=00001  Fill=0000
/Users/rje/git/cc65/lib/cx16.lib(lmul.o):
    CODE              Offs=004917  Size=000059  Align=00001  Fill=0000
/Users/rje/git/cc65/lib/cx16.lib(lneg.o):
    CODE              Offs=004970  Size=00001E  Align=00001  Fill=0000
/Users/rje/git/cc65/lib/cx16.lib(loadaddr.o):
    LOADADDR          Offs=000000  Size=000002  Align=00001  Fill=0000
/Users/rje/git/cc65/lib/cx16.lib(lor.o):
    CODE              Offs=00498E  Size=000021  Align=00001  Fill=0000
/Users/rje/git/cc65/lib/cx16.lib(lpush.o):
    CODE              Offs=0049AF  Size=00001E  Align=00001  Fill=0000
/Users/rje/git/cc65/lib/cx16.lib(lshelp.o):
    CODE              Offs=0049CD  Size=000052  Align=00001  Fill=0000
/Users/rje/git/cc65/lib/cx16.lib(lsub.o):
    CODE              Offs=004A1F  Size=000024  Align=00001  Fill=0000
/Users/rje/git/cc65/lib/cx16.lib(lsubeq.o):
    CODE              Offs=004A43  Size=000030  Align=00001  Fill=0000
/Users/rje/git/cc65/lib/cx16.lib(ltoa.o):
    CODE              Offs=004A73  Size=000093  Align=00001  Fill=0000
/Users/rje/git/cc65/lib/cx16.lib(ludiv.o):
    CODE              Offs=004B06  Size=000077  Align=00001  Fill=0000
/Users/rje/git/cc65/lib/cx16.lib(lumod.o):
    CODE              Offs=004B7D  Size=000017  Align=00001  Fill=0000
/Users/rje/git/cc65/lib/cx16.lib(lxor.o):
    CODE              Offs=004B94  Size=000021  Align=00001  Fill=0000
/Users/rje/git/cc65/lib/cx16.lib(makebool.o):
    CODE              Offs=004BB5  Size=00002C  Align=00001  Fill=0000
/Users/rje/git/cc65/lib/cx16.lib(memcpy.o):
    CODE              Offs=004BE1  Size=00003C  Align=00001  Fill=0000
/Users/rje/git/cc65/lib/cx16.lib(mod.o):
    CODE              Offs=004C1D  Size=000011  Align=00001  Fill=0000
/Users/rje/git/cc65/lib/cx16.lib(mul.o):
    CODE              Offs=004C2E  Size=000045  Align=00001  Fill=0000
/Users/rje/git/cc65/lib/cx16.lib(mul8.o):
    CODE              Offs=004C73  Size=00003A  Align=00001  Fill=0000
/Users/rje/git/cc65/lib/cx16.lib(mulax10.o):
    CODE              Offs=004CAD  Size=000019  Align=00001  Fill=0000
/Users/rje/git/cc65/lib/cx16.lib(mulax6.o):
    CODE              Offs=004CC6  Size=000016  Align=00001  Fill=0000
/Users/rje/git/cc65/lib/cx16.lib(mulax7.o):
    CODE              Offs=004CDC  Size=000019  Align=00001  Fill=0000
/Users/rje/git/cc65/lib/cx16.lib(mulax9.o):
    CODE              Offs=004CF5  Size=000017  Align=00001  Fill=0000
/Users/rje/git/cc65/lib/cx16.lib(negabs.o):
    CODE              Offs=004D0C  Size=000012  Align=00001  Fill=0000
/Users/rje/git/cc65/lib/cx16.lib(or.o):
    CODE              Offs=004D1E  Size=000011  Align=00001  Fill=0000
/Users/rje/git/cc65/lib/cx16.lib(popa.o):
    CODE              Offs=004D2F  Size=00000A  Align=00001  Fill=0000
/Users/rje/git/cc65/lib/cx16.lib(popptr1.o):
    CODE              Offs=004D39  Size=00000E  Align=00001  Fill=0000
/Users/rje/git/cc65/lib/cx16.lib(push1.o):
    CODE              Offs=004D47  Size=000005  Align=00001  Fill=0000
/Users/rje/git/cc65/lib/cx16.lib(pusha.o):
    CODE              Offs=004D4C  Size=000016  Align=00001  Fill=0000
/Users/rje/git/cc65/lib/cx16.lib(pushax.o):
    CODE              Offs=004D62  Size=00001A  Align=00001  Fill=0000
/Users/rje/git/cc65/lib/cx16.lib(pushw.o):
    CODE              Offs=004D7C  Size=00000F  Align=00001  Fill=0000
/Users/rje/git/cc65/lib/cx16.lib(pushwsp.o):
    CODE              Offs=004D8B  Size=00001C  Align=00001  Fill=0000
/Users/rje/git/cc65/lib/cx16.lib(rand.o):
    CODE              Offs=004DA7  Size=000034  Align=00001  Fill=0000
    DATA              Offs=0002C1  Size=000004  Align=00001  Fill=0000
/Users/rje/git/cc65/lib/cx16.lib(randomize.o):
    CODE              Offs=004DDB  Size=000006  Align=00001  Fill=0000
/Users/rje/git/cc65/lib/cx16.lib(revers.o):
    CODE              Offs=004DE1  Size=000013  Align=00001  Fill=0000
/Users/rje/git/cc65/lib/cx16.lib(shelp.o):
    CODE              Offs=004DF4  Size=000020  Align=00001  Fill=0000
/Users/rje/git/cc65/lib/cx16.lib(shrax1.o):
    CODE              Offs=004E14  Size=000008  Align=00001  Fill=0000
/Users/rje/git/cc65/lib/cx16.lib(shrax3.o):
    CODE              Offs=004E1C  Size=00000E  Align=00001  Fill=0000
/Users/rje/git/cc65/lib/cx16.lib(shrax4.o):
    CODE              Offs=004E2A  Size=000011  Align=00001  Fill=0000
/Users/rje/git/cc65/lib/cx16.lib(shreax1.o):
    CODE              Offs=004E3B  Size=00000C  Align=00001  Fill=0000
/Users/rje/git/cc65/lib/cx16.lib(shreax3.o):
    CODE              Offs=004E47  Size=00001A  Align=00001  Fill=0000
/Users/rje/git/cc65/lib/cx16.lib(shreax4.o):
    CODE              Offs=004E61  Size=000011  Align=00001  Fill=0000
/Users/rje/git/cc65/lib/cx16.lib(sleep.o):
    CODE              Offs=004E72  Size=000043  Align=00001  Fill=0000
/Users/rje/git/cc65/lib/cx16.lib(sprites_enable.o):
    CODE              Offs=004EB5  Size=00001F  Align=00001  Fill=0000
/Users/rje/git/cc65/lib/cx16.lib(staspidx.o):
    CODE              Offs=004ED4  Size=000016  Align=00001  Fill=0000
/Users/rje/git/cc65/lib/cx16.lib(staxsp.o):
    CODE              Offs=004EEA  Size=00000B  Align=00001  Fill=0000
/Users/rje/git/cc65/lib/cx16.lib(staxspi.o):
    CODE              Offs=004EF5  Size=00001A  Align=00001  Fill=0000
/Users/rje/git/cc65/lib/cx16.lib(steaxsp.o):
    CODE              Offs=004F0F  Size=000015  Align=00001  Fill=0000
/Users/rje/git/cc65/lib/cx16.lib(steaxspi.o):
    CODE              Offs=004F24  Size=000022  Align=00001  Fill=0000
/Users/rje/git/cc65/lib/cx16.lib(strlen.o):
    CODE              Offs=004F46  Size=000016  Align=00001  Fill=0000
/Users/rje/git/cc65/lib/cx16.lib(strlower.o):
    CODE              Offs=004F5C  Size=000027  Align=00001  Fill=0000
/Users/rje/git/cc65/lib/cx16.lib(strncpy.o):
    CODE              Offs=004F83  Size=000042  Align=00001  Fill=0000
/Users/rje/git/cc65/lib/cx16.lib(sub.o):
    CODE              Offs=004FC5  Size=000014  Align=00001  Fill=0000
/Users/rje/git/cc65/lib/cx16.lib(subeqsp.o):
    CODE              Offs=004FD9  Size=000015  Align=00001  Fill=0000
/Users/rje/git/cc65/lib/cx16.lib(subysp.o):
    CODE              Offs=004FEE  Size=00000D  Align=00001  Fill=0000
/Users/rje/git/cc65/lib/cx16.lib(toslong.o):
    CODE              Offs=004FFB  Size=000032  Align=00001  Fill=0000
/Users/rje/git/cc65/lib/cx16.lib(udiv.o):
    CODE              Offs=00502D  Size=00004F  Align=00001  Fill=0000
/Users/rje/git/cc65/lib/cx16.lib(umod.o):
    CODE              Offs=00507C  Size=000011  Align=00001  Fill=0000
/Users/rje/git/cc65/lib/cx16.lib(vcprintf.o):
    CODE              Offs=00508D  Size=000078  Align=00001  Fill=0000
    DATA              Offs=0002C5  Size=000008  Align=00001  Fill=0000
/Users/rje/git/cc65/lib/cx16.lib(zerobss.o):
    CODE              Offs=005105  Size=000023  Align=00001  Fill=0000
/Users/rje/git/cc65/lib/cx16.lib(zeropage.o):
    ZEROPAGE          Offs=000000  Size=00001A  Align=00001  Fill=0000


Segment list:
-------------
Name                   Start     End    Size  Align
----------------------------------------------------
ZEROPAGE              000022  00003B  00001A  00001
LOADADDR              0007FF  000800  000002  00001
EXEHDR                000801  00080C  00000C  00001
STARTUP               00080D  000834  000028  00001
CODE                  000835  00595C  005128  00001
RODATA                00595D  0074C1  001B65  00001
DATA                  0074C2  00778E  0002CD  00001
INIT                  00778F  007790  000002  00001
BSS                   007791  0088F0  001160  00001
ONCE                  007791  0077C1  000031  00001


Exports list by name:
---------------------
BSOUT                     00FFD2 RLA    CHROUT                    00FFD2 RLA    
ENTROPY_GET               00FECF RLA    GETIN                     00FFE4 RLA    
LOAD                      00FFD5 RLA    PLOT                      00FFF0 RLA    
RDTIM                     00FFDE RLA    SETLFS                    00FFBA RLA    
SETNAM                    00FFBD RLA    SETTIM                    00FFDB RLA    
__BSS_RUN__               007791 RLA    __BSS_SIZE__              001160 REA    
__CONSTRUCTOR_COUNT__     000001 REA    __CONSTRUCTOR_TABLE__     0077C0 RLA    
__DESTRUCTOR_COUNT__      000000 REA    __DESTRUCTOR_TABLE__      0074C2 RLA    
__EXEHDR__                000001 REA    __HEADER_LAST__           00080D RLA    
__HIMEM__                 009F00 REA    __LOADADDR__              000001 REA    
__MAIN_SIZE__             0096F3 REA    __MAIN_START__            00080D RLA    
__ONCE_RUN__              007791 RLA    __STACKSIZE__             000800 REA    
__STARTUP__               000001 REA    __ctype                   007437 RLA    
__ctypeidx                007442 RLA    __hextab                  007413 RLA    
__longminstr              007423 RLA    __oserror                 0088C4 RLA    
__printf                  004959 RLA    __randomize               005610 RLA    
_abs                      005541 RLA    _admin                    0074CB RLA    
_astrogator               0074CC RLA    _bookPassengersAndPayCrew 002396 RLA    
_burtle32                 000F9B RLA    _cargo                    0077EE RLA    
_cbm_k_bsout              00FFD2 RLA    _cbm_k_load               004CDB RLA    
_cbm_k_setlfs             004CF8 RLA    _cbm_k_setnam             004D06 RLA    
_cclear                   004D35 RLA    _cclearxy                 004D30 RLA    
_cgetc                    004D45 RLA    _chline                   004DAE RLA    
_chlinexy                 004DA9 RLA    _clearComponentState      000C61 RLA    
_clock                    004DC5 RLA    _clrscr                   004DCD RLA    
_componentLabel           007562 RLA    _cost                     007E21 RLA    
_cprintf                  004E14 RLA    _cputc                    004E43 RLA    
_cputcxy                  004E3E RLA    _cputs                    004EA7 RLA    
_cputsxy                  004E9D RLA    _current                  00787A RLA    
_destination              0078C0 RLA    _diceRoll                 0011D5 RLA    
_diceRoll2d               001172 RLA    _diceRoll3d               00119A RLA    
_drawWorld                004201 RLA    _engineer                 0074CD RLA    
_findHighestSkillFor      0012F7 RLA    _getEmplacementName       00126B RLA    
_getHoldFree              0037A3 RLA    _getStatusLabel           000CE8 RLA    
_getWeaponName            0012D6 RLA    _getWorld                 00434A RLA    
_gotox                    004F5B RLA    _gotoxy                   004F64 RLA    
_gunner                   0074CE RLA    _hcr                      0074C3 RLA    
_hire                     0012E8 RLA    _jamison                  007E12 RLA    
_jump                     00181A RLA    _jumpmapSetDestination    001AA1 RLA    
_jumpmapShow              0019FE RLA    _kbhit                    004FF9 RLA    
_landAtShipyard           002F11 RLA    _landAtStarport           003462 RLA    
_liaison                  0074CF RLA    _loadFileToBank           0010FC RLA    
_ltoa                     0052C0 RLA    _main                     000B9B RLA    
_maneuver                 0021A0 RLA    _medic                    0074D0 RLA    
_memcpy                   005416 RLA    _menu_run                 002284 RLA    
_parsecDistance           000FEF RLA    _pay_period               0077ED RLA    
_pilot                    0074D1 RLA    _piracy                   0028BA RLA    
_playerAchievementLevel   0074C2 RLA    _pressReturnAndClear      00114A RLA    
_printAlarmBar            000C77 RLA    _rand                     0055E8 RLA    
_readShip                 002D49 RLA    _redline                  00109B RLA    
_revers                   005616 RLA    _setBank                  000FAE RLA    
_ship                     007791 RLA    _shipDamage               0077D7 RLA    
_shipState                0077C1 RLA    _ship_describe            0029E3 RLA    
_ship_init                0029CE RLA    _ship_loadImageFromIndex  002C9C RLA    
_showCurrentLocation      002134 RLA    _showShipSummary          0028BB RLA    
_sleep                    0056A7 RLA    _sprite_define            00315B RLA    
_sprite_loadToVERA        003132 RLA    _srand                    0055DC RLA    
_starport                 007907 RLA    _statusLine               0010B9 RLA    
_steward                  0074D2 RLA    _streetwise               0074D3 RLA    
_strlen                   00577B RLA    _strlower                 005791 RLA    
_strncpy                  0057B8 RLA    _textcolor                004DDE RLA    
_titleLine                0010A5 RLA    _toDefaultColor           0010CD RLA    
_trade_calculateMarketPrices 0037F9 RLA    _trade_speculate          0039B4 RLA    
_ultoa                    0052FF RLA    _vcprintf                 00590A RLA    
_vera_sprites_enable      0056EA RLA    _wilderness_refuel        003EC5 RLA    
_world_describe           004419 RLA    _world_drawPlanetoid      00453F RLA    
_world_setGasGiantPalette 0041C1 RLA    _world_setRockballPalette 0041CC RLA    
addeq0sp                  004C23 RLA    addeqysp                  004C25 RLA    
addysp                    004C35 RLA    addysp1                   004C34 RLA    
aslax1                    004C42 RLA    aslax2                    004C4A RLA    
aslax3                    004C55 RLA    aslax4                    004C63 RLA    
asrax1                    004CAB RLA    asrax4                    004CB5 RLA    
axlong                    004CCE RLA    axulong                   004CD4 RLA    
booleq                    0053F0 RLA    boolge                    005401 RLA    
boolgt                    0053FF RLA    boollt                    0053F9 RLA    
boolule                   005407 RLA    callmain                  004D19 RLA    
chlinechar                000040 REZ    cputdirect                004E56 RLA    
ctypemaskdirect           004EC4 RLA    cursor                    0088C3 RLA    
decax1                    004EDE RLA    decax2                    004EE5 RLA    
decax3                    004EEC RLA    decaxy                    004EF3 RLA    
decsp1                    004EFC RLA    decsp2                    004F05 RLA    
decsp4                    004F12 RLA    decsp5                    004F1F RLA    
decsp6                    004F2C RLA    decsp8                    004F39 RLA    
donelib                   004E08 RLA    getlop                    00534A RLA    
gotoxy                    004F61 RLA    incax2                    004F9E RLA    
incax3                    004FA5 RLA    incax4                    004FBE RLA    
incax5                    004FAA RLA    incax6                    004FAF RLA    
incax7                    004FB4 RLA    incax8                    004FB9 RLA    
incaxy                    004FC0 RLA    inceaxy                   005135 RLA    
incsp1                    004FC9 RLA    incsp2                    004FD7 RLA    
incsp3                    004FE5 RLA    incsp4                    004FEA RLA    
incsp5                    004FEF RLA    incsp6                    004FF4 RLA    
initclock                 004DBE  LAI   initlib                   007791 RLA    
laddeq                    005033 RLA    laddeq0sp                 005057 RLA    
ldaidx                    0050B5 RLA    ldax0sp                   0050CE RLA    
ldaxi                     0050C1 RLA    ldaxidx                   0050C3 RLA    
ldaxysp                   0050D0 RLA    ldeax0sp                  0050EE RLA    
ldeaxi                    0050D7 RLA    ldeaxidx                  0050D9 RLA    
ldeaxysp                  0050F0 RLA    leaa0sp                   00511D RLA    
leaaxsp                   00511F RLA    lsubeq                    005280 RLA    
mul8x16                   0054AA RLA    mul8x16a                  0054B4 RLA    
mulax10                   0054E2 RLA    mulax6                    0054FB RLA    
mulax7                    005511 RLA    mulax9                    00552A RLA    
negax                     005545 RLA    negeax                    0051A5 RLA    
plot                      004E6F RLA    popa                      005564 RLA    
popax                     004FD0 RLA    poplsargs                 005202 RLA    
popptr1                   00556E RLA    popsargsudiv16            005629 RLA    
ptr1                      00002A RLZ    ptr2                      00002C RLZ    
ptr3                      00002E RLZ    ptr4                      000030 RLZ    
push0                     005597 RLA    push1                     00557C RLA    
pusha                     005585 RLA    pusha0                    005599 RLA    
pushax                    00559B RLA    pusheax                   0051EB RLA    
pushw                     0055B1 RLA    pushw0sp                  0055C0 RLA    
pushwysp                  0055C2 RLA    regbank                   000036 RLZ    
shlax1                    004C42 RLA    shlax2                    004C4A RLA    
shlax4                    004C63 RLA    shleax1                   004C74 RLA    
shleax3                   004C80 RLA    shleax4                   004C9A RLA    
shrax1                    005649 RLA    shrax3                    005651 RLA    
shrax4                    00565F RLA    shreax1                   005670 RLA    
shreax3                   00567C RLA    shreax4                   005696 RLA    
sp                        000022 RLZ    sreg                      000024 RLZ    
staspidx                  005709 RLA    stax0sp                   00571F RLA    
staxspidx                 00572A RLA    staxysp                   005721 RLA    
steax0sp                  005744 RLA    steaxspidx                005759 RLA    
subeq0sp                  00580E RLA    subeqysp                  005810 RLA    
subysp                    005823 RLA    tmp1                      000032 RLZ    
tmp2                      000033 RLZ    tmp3                      000034 RLZ    
tmp4                      000035 RLZ    tosadd0ax                 005007 RLA    
tosaddax                  004C0D RLA    tosaddeax                 00500D RLA    
tosdiv0ax                 005101 RLA    tosdiva0                  004F46 RLA    
tosdivax                  004F48 RLA    tosgeeax                  005129 RLA    
tosgteax                  00512F RLA    tosicmp                   004F72 RLA    
tosicmp0                  004F70 RLA    toslcmp                   00507A RLA    
toslong                   00584B RLA    toslteax                  005146 RLA    
tosmoda0                  005452 RLA    tosmodax                  005454 RLA    
tosmul0ax                 00514C RLA    tosmula0                  0054A8 RLA    
tosmulax                  005463 RLA    tosmuleax                 005150 RLA    
tosorax                   005555 RLA    tosoreax                  0051C7 RLA    
tossuba0                  0057FA RLA    tossubax                  0057FC RLA    
tossubeax                 005258 RLA    tosudiva0                 005862 RLA    
tosumod0ax                0053B2 RLA    tosumoda0                 0058B1 RLA    
tosumul0ax                00514C RLA    tosumula0                 0054A8 RLA    
tosumulax                 005463 RLA    tosumuleax                005150 RLA    
tosxoreax                 0053CD RLA    udiv16                    005873 RLA    
udiv32                    00536D RLA    zerobss                   00593A RLA    



Exports list by value:
----------------------
__DESTRUCTOR_COUNT__      000000 REA    __LOADADDR__              000001 REA    
__EXEHDR__                000001 REA    __STARTUP__               000001 REA    
__CONSTRUCTOR_COUNT__     000001 REA    sp                        000022 RLZ    
sreg                      000024 RLZ    ptr1                      00002A RLZ    
ptr2                      00002C RLZ    ptr3                      00002E RLZ    
ptr4                      000030 RLZ    tmp1                      000032 RLZ    
tmp2                      000033 RLZ    tmp3                      000034 RLZ    
tmp4                      000035 RLZ    regbank                   000036 RLZ    
chlinechar                000040 REZ    __STACKSIZE__             000800 REA    
__MAIN_START__            00080D RLA    __HEADER_LAST__           00080D RLA    
_main                     000B9B RLA    _clearComponentState      000C61 RLA    
_printAlarmBar            000C77 RLA    _getStatusLabel           000CE8 RLA    
_burtle32                 000F9B RLA    _setBank                  000FAE RLA    
_parsecDistance           000FEF RLA    _redline                  00109B RLA    
_titleLine                0010A5 RLA    _statusLine               0010B9 RLA    
_toDefaultColor           0010CD RLA    _loadFileToBank           0010FC RLA    
_pressReturnAndClear      00114A RLA    __BSS_SIZE__              001160 REA    
_diceRoll2d               001172 RLA    _diceRoll3d               00119A RLA    
_diceRoll                 0011D5 RLA    _getEmplacementName       00126B RLA    
_getWeaponName            0012D6 RLA    _hire                     0012E8 RLA    
_findHighestSkillFor      0012F7 RLA    _jump                     00181A RLA    
_jumpmapShow              0019FE RLA    _jumpmapSetDestination    001AA1 RLA    
_showCurrentLocation      002134 RLA    _maneuver                 0021A0 RLA    
_menu_run                 002284 RLA    _bookPassengersAndPayCrew 002396 RLA    
_piracy                   0028BA RLA    _showShipSummary          0028BB RLA    
_ship_init                0029CE RLA    _ship_describe            0029E3 RLA    
_ship_loadImageFromIndex  002C9C RLA    _readShip                 002D49 RLA    
_landAtShipyard           002F11 RLA    _sprite_loadToVERA        003132 RLA    
_sprite_define            00315B RLA    _landAtStarport           003462 RLA    
_getHoldFree              0037A3 RLA    _trade_calculateMarketPrices 0037F9 RLA    
_trade_speculate          0039B4 RLA    _wilderness_refuel        003EC5 RLA    
_world_setGasGiantPalette 0041C1 RLA    _world_setRockballPalette 0041CC RLA    
_drawWorld                004201 RLA    _getWorld                 00434A RLA    
_world_describe           004419 RLA    _world_drawPlanetoid      00453F RLA    
__printf                  004959 RLA    tosaddax                  004C0D RLA    
addeq0sp                  004C23 RLA    addeqysp                  004C25 RLA    
addysp1                   004C34 RLA    addysp                    004C35 RLA    
shlax1                    004C42 RLA    aslax1                    004C42 RLA    
shlax2                    004C4A RLA    aslax2                    004C4A RLA    
aslax3                    004C55 RLA    shlax4                    004C63 RLA    
aslax4                    004C63 RLA    shleax1                   004C74 RLA    
shleax3                   004C80 RLA    shleax4                   004C9A RLA    
asrax1                    004CAB RLA    asrax4                    004CB5 RLA    
axlong                    004CCE RLA    axulong                   004CD4 RLA    
_cbm_k_load               004CDB RLA    _cbm_k_setlfs             004CF8 RLA    
_cbm_k_setnam             004D06 RLA    callmain                  004D19 RLA    
_cclearxy                 004D30 RLA    _cclear                   004D35 RLA    
_cgetc                    004D45 RLA    _chlinexy                 004DA9 RLA    
_chline                   004DAE RLA    initclock                 004DBE  LAI   
_clock                    004DC5 RLA    _clrscr                   004DCD RLA    
_textcolor                004DDE RLA    donelib                   004E08 RLA    
_cprintf                  004E14 RLA    _cputcxy                  004E3E RLA    
_cputc                    004E43 RLA    cputdirect                004E56 RLA    
plot                      004E6F RLA    _cputsxy                  004E9D RLA    
_cputs                    004EA7 RLA    ctypemaskdirect           004EC4 RLA    
decax1                    004EDE RLA    decax2                    004EE5 RLA    
decax3                    004EEC RLA    decaxy                    004EF3 RLA    
decsp1                    004EFC RLA    decsp2                    004F05 RLA    
decsp4                    004F12 RLA    decsp5                    004F1F RLA    
decsp6                    004F2C RLA    decsp8                    004F39 RLA    
tosdiva0                  004F46 RLA    tosdivax                  004F48 RLA    
_gotox                    004F5B RLA    gotoxy                    004F61 RLA    
_gotoxy                   004F64 RLA    tosicmp0                  004F70 RLA    
tosicmp                   004F72 RLA    incax2                    004F9E RLA    
incax3                    004FA5 RLA    incax5                    004FAA RLA    
incax6                    004FAF RLA    incax7                    004FB4 RLA    
incax8                    004FB9 RLA    incax4                    004FBE RLA    
incaxy                    004FC0 RLA    incsp1                    004FC9 RLA    
popax                     004FD0 RLA    incsp2                    004FD7 RLA    
incsp3                    004FE5 RLA    incsp4                    004FEA RLA    
incsp5                    004FEF RLA    incsp6                    004FF4 RLA    
_kbhit                    004FF9 RLA    tosadd0ax                 005007 RLA    
tosaddeax                 00500D RLA    laddeq                    005033 RLA    
laddeq0sp                 005057 RLA    toslcmp                   00507A RLA    
ldaidx                    0050B5 RLA    ldaxi                     0050C1 RLA    
ldaxidx                   0050C3 RLA    ldax0sp                   0050CE RLA    
ldaxysp                   0050D0 RLA    ldeaxi                    0050D7 RLA    
ldeaxidx                  0050D9 RLA    ldeax0sp                  0050EE RLA    
ldeaxysp                  0050F0 RLA    tosdiv0ax                 005101 RLA    
leaa0sp                   00511D RLA    leaaxsp                   00511F RLA    
tosgeeax                  005129 RLA    tosgteax                  00512F RLA    
inceaxy                   005135 RLA    toslteax                  005146 RLA    
tosumul0ax                00514C RLA    tosmul0ax                 00514C RLA    
tosmuleax                 005150 RLA    tosumuleax                005150 RLA    
negeax                    0051A5 RLA    tosoreax                  0051C7 RLA    
pusheax                   0051EB RLA    poplsargs                 005202 RLA    
tossubeax                 005258 RLA    lsubeq                    005280 RLA    
_ltoa                     0052C0 RLA    _ultoa                    0052FF RLA    
getlop                    00534A RLA    udiv32                    00536D RLA    
tosumod0ax                0053B2 RLA    tosxoreax                 0053CD RLA    
booleq                    0053F0 RLA    boollt                    0053F9 RLA    
boolgt                    0053FF RLA    boolge                    005401 RLA    
boolule                   005407 RLA    _memcpy                   005416 RLA    
tosmoda0                  005452 RLA    tosmodax                  005454 RLA    
tosmulax                  005463 RLA    tosumulax                 005463 RLA    
tosumula0                 0054A8 RLA    tosmula0                  0054A8 RLA    
mul8x16                   0054AA RLA    mul8x16a                  0054B4 RLA    
mulax10                   0054E2 RLA    mulax6                    0054FB RLA    
mulax7                    005511 RLA    mulax9                    00552A RLA    
_abs                      005541 RLA    negax                     005545 RLA    
tosorax                   005555 RLA    popa                      005564 RLA    
popptr1                   00556E RLA    push1                     00557C RLA    
pusha                     005585 RLA    push0                     005597 RLA    
pusha0                    005599 RLA    pushax                    00559B RLA    
pushw                     0055B1 RLA    pushw0sp                  0055C0 RLA    
pushwysp                  0055C2 RLA    _srand                    0055DC RLA    
_rand                     0055E8 RLA    __randomize               005610 RLA    
_revers                   005616 RLA    popsargsudiv16            005629 RLA    
shrax1                    005649 RLA    shrax3                    005651 RLA    
shrax4                    00565F RLA    shreax1                   005670 RLA    
shreax3                   00567C RLA    shreax4                   005696 RLA    
_sleep                    0056A7 RLA    _vera_sprites_enable      0056EA RLA    
staspidx                  005709 RLA    stax0sp                   00571F RLA    
staxysp                   005721 RLA    staxspidx                 00572A RLA    
steax0sp                  005744 RLA    steaxspidx                005759 RLA    
_strlen                   00577B RLA    _strlower                 005791 RLA    
_strncpy                  0057B8 RLA    tossuba0                  0057FA RLA    
tossubax                  0057FC RLA    subeq0sp                  00580E RLA    
subeqysp                  005810 RLA    subysp                    005823 RLA    
toslong                   00584B RLA    tosudiva0                 005862 RLA    
udiv16                    005873 RLA    tosumoda0                 0058B1 RLA    
_vcprintf                 00590A RLA    zerobss                   00593A RLA    
__hextab                  007413 RLA    __longminstr              007423 RLA    
__ctype                   007437 RLA    __ctypeidx                007442 RLA    
_playerAchievementLevel   0074C2 RLA    __DESTRUCTOR_TABLE__      0074C2 RLA    
_hcr                      0074C3 RLA    _admin                    0074CB RLA    
_astrogator               0074CC RLA    _engineer                 0074CD RLA    
_gunner                   0074CE RLA    _liaison                  0074CF RLA    
_medic                    0074D0 RLA    _pilot                    0074D1 RLA    
_steward                  0074D2 RLA    _streetwise               0074D3 RLA    
_componentLabel           007562 RLA    __ONCE_RUN__              007791 RLA    
initlib                   007791 RLA    _ship                     007791 RLA    
__BSS_RUN__               007791 RLA    __CONSTRUCTOR_TABLE__     0077C0 RLA    
_shipState                0077C1 RLA    _shipDamage               0077D7 RLA    
_pay_period               0077ED RLA    _cargo                    0077EE RLA    
_current                  00787A RLA    _destination              0078C0 RLA    
_starport                 007907 RLA    _jamison                  007E12 RLA    
_cost                     007E21 RLA    cursor                    0088C3 RLA    
__oserror                 0088C4 RLA    __MAIN_SIZE__             0096F3 REA    
__HIMEM__                 009F00 REA    ENTROPY_GET               00FECF RLA    
SETLFS                    00FFBA RLA    SETNAM                    00FFBD RLA    
BSOUT                     00FFD2 RLA    CHROUT                    00FFD2 RLA    
_cbm_k_bsout              00FFD2 RLA    LOAD                      00FFD5 RLA    
SETTIM                    00FFDB RLA    RDTIM                     00FFDE RLA    
GETIN                     00FFE4 RLA    PLOT                      00FFF0 RLA    



Imports list:
-------------
BSOUT (kernal.o):
    c_bsout.o                 cbm/cbm.inc:49
CHROUT (kernal.o):
    crt0.o                    cx16/crt0.s:10
    clrscr.o                  cx16/clrscr.s:10
    c_bsout.o                 cbm/cbm.inc:50
ENTROPY_GET (kernal.o):
    randomize.o               cx16/randomize.s:10
GETIN (kernal.o):
    cgetc.o                   cx16/cgetc.s:10
LOAD (kernal.o):
    c_load.o                  cbm/cbm.inc:37
PLOT (kernal.o):
    cputc.o                   cx16/cputc.s:11
RDTIM (kernal.o):
    clock.o                   cx16/clock.s:11
SETLFS (kernal.o):
    c_setlfs.o                cbm/cbm.inc:33
SETNAM (kernal.o):
    c_setnam.o                cbm/cbm.inc:34
SETTIM (kernal.o):
    clock.o                   cx16/clock.s:11
__BSS_RUN__ ([linker generated]):
    zerobss.o                 common/zerobss.s:8
__BSS_SIZE__ ([linker generated]):
    zerobss.o                 common/zerobss.s:8
__CONSTRUCTOR_COUNT__ ([linker generated]):
    condes.o                  runtime/condes.s:18
__CONSTRUCTOR_TABLE__ ([linker generated]):
    condes.o                  runtime/condes.s:18
__DESTRUCTOR_COUNT__ ([linker generated]):
    condes.o                  runtime/condes.s:19
__DESTRUCTOR_TABLE__ ([linker generated]):
    condes.o                  runtime/condes.s:19
__EXEHDR__ (exehdr.o):
    [linker generated]        /Users/rje/git/cc65/cfg/cx16.cfg:6
__HEADER_LAST__ ([linker generated]):
    [linker generated]        /Users/rje/git/cc65/cfg/cx16.cfg:14
    [linker generated]        /Users/rje/git/cc65/cfg/cx16.cfg:14
__HIMEM__ ([linker generated]):
    [linker generated]        /Users/rje/git/cc65/cfg/cx16.cfg:15
    [linker generated]        /Users/rje/git/cc65/cfg/cx16.cfg:14
__LOADADDR__ (loadaddr.o):
    [linker generated]        /Users/rje/git/cc65/cfg/cx16.cfg:5
__MAIN_SIZE__ ([linker generated]):
    crt0.o                    cx16/crt0.s:11
__MAIN_START__ ([linker generated]):
    crt0.o                    cx16/crt0.s:11
__ONCE_RUN__ ([linker generated]):
    [linker generated]        /Users/rje/git/cc65/cfg/cx16.cfg:15
    [linker generated]        /Users/rje/git/cc65/cfg/cx16.cfg:15
__STACKSIZE__ ([linker generated]):
    [linker generated]        /Users/rje/git/cc65/cfg/cx16.cfg:15
__STARTUP__ (crt0.o):
    main.o                    main.s:13
__ctype (ctype.o):
    ctypemask.o               common/ctypemask.s:23
__ctypeidx (ctype.o):
    ctypemask.o               common/ctypemask.s:24
__hextab (_hextab.o):
    ltoa.o                    common/ltoa.s:10
__longminstr (_longminstr.o):
    ltoa.o                    common/ltoa.s:10
__oserror (_oserror.o):
    c_load.o                  cbm/c_load.s:10
__printf (_printf.o):
    vcprintf.o                conio/vcprintf.s:9
__randomize (randomize.o):
    hiring_hall.o             hiring_hall.s:20
_abs (negabs.o):
    passengers.o              passengers.s:18
    common.o                  common.s:13
_admin (main.o):
    passengers.o              passengers.s:28
_astrogator (main.o):
    passengers.o              passengers.s:29
    jump.o                    jump.s:26
_bookPassengersAndPayCrew (passengers.o):
    jump.o                    jump.s:24
_burtle32 (burtle_jsf32.o):
    trade.o                   trade.s:28
    hiring_hall.o             hiring_hall.s:27
    common.o                  common.s:39
_cargo (main.o):
    trade.o                   trade.s:31
_cbm_k_bsout (c_bsout.o):
    jump.o                    jump.s:13
    common.o                  common.s:14
    alarm.o                   alarm.s:13
    main.o                    main.s:15
_cbm_k_load (c_load.o):
    sprite.o                  sprite.s:13
    common.o                  common.s:15
    main.o                    main.s:16
_cbm_k_setlfs (c_setlfs.o):
    sprite.o                  sprite.s:14
    common.o                  common.s:16
    main.o                    main.s:17
_cbm_k_setnam (c_setnam.o):
    sprite.o                  sprite.s:15
    common.o                  common.s:17
    main.o                    main.s:18
_cclear (cclear.o):
    trade.o                   trade.s:20
_cclearxy (cclear.o):
    starport.o                starport.s:20
    jump-map.o                jump-map.s:21
_cgetc (cgetc.o):
    wilderness.o              wilderness.s:16
    trade.o                   trade.s:17
    starport.o                starport.s:17
    shipyard.o                shipyard.s:16
    menu.o                    menu.s:15
    jump-map.o                jump-map.s:18
    hiring_hall.o             hiring_hall.s:17
    common.o                  common.s:20
_chline (chline.o):
    jump-map.o                jump-map.s:20
    common.o                  common.s:22
_chlinexy (chline.o):
    menu.o                    menu.s:16
    hiring_hall.o             hiring_hall.s:19
    common.o                  common.s:23
_clearComponentState (alarm.o):
    starport.o                starport.s:26
_clock (clock.o):
    sleep.o                   ../libwrk/cx16/sleep.s:13
    burtle_jsf32.o            burtle_jsf32.s:13
_clrscr (clrscr.o):
    wilderness.o              wilderness.s:13
    trade.o                   trade.s:13
    starport.o                starport.s:13
    shipyard.o                shipyard.s:13
    passengers.o              passengers.s:13
    maneuver-map.o            maneuver-map.s:13
    jump.o                    jump.s:14
    hiring_hall.o             hiring_hall.s:13
    common.o                  common.s:18
    main.o                    main.s:19
_componentLabel (alarm.o):
    starport.o                starport.s:35
_cost (alarm.o):
    starport.o                starport.s:36
_cprintf (cprintf.o):
    world.o                   world.s:17
    trade.o                   trade.s:16
    starport.o                starport.s:16
    ship.o                    ship.s:13
    passengers.o              passengers.s:15
    jump-map.o                jump-map.s:17
    hiring_hall.o             hiring_hall.s:16
    damage.o                  damage.s:14
    alarm.o                   alarm.s:16
_cputc (cputc.o):
    vcprintf.o                conio/vcprintf.s:9
    cputs.o                   conio/cputs.s:9
    world.o                   world.s:14
_cputcxy (cputc.o):
    world.o                   world.s:15
    menu.o                    menu.s:13
    jump-map.o                jump-map.s:14
    jump.o                    jump.s:15
_cputs (cputs.o):
    world.o                   world.s:16
    shipyard.o                shipyard.s:14
    maneuver-map.o            maneuver-map.s:15
    jump-map.o                jump-map.s:15
    hiring_hall.o             hiring_hall.s:14
    main.o                    main.s:21
_cputsxy (cputs.o):
    wilderness.o              wilderness.s:15
    trade.o                   trade.s:15
    starport.o                starport.s:15
    shipyard.o                shipyard.s:15
    menu.o                    menu.s:14
    maneuver-map.o            maneuver-map.s:16
    jump-map.o                jump-map.s:16
    jump.o                    jump.s:16
    hiring_hall.o             hiring_hall.s:15
    common.o                  common.s:19
    alarm.o                   alarm.s:15
    main.o                    main.s:22
_current (main.o):
    wilderness.o              wilderness.s:26
    trade.o                   trade.s:30
    shipyard.o                shipyard.s:25
    passengers.o              passengers.s:24
    maneuver-map.o            maneuver-map.s:23
    jump-map.o                jump-map.s:35
    jump.o                    jump.s:27
_destination (main.o):
    passengers.o              passengers.s:25
    maneuver-map.o            maneuver-map.s:24
    jump-map.o                jump-map.s:36
    jump.o                    jump.s:28
_diceRoll (common.o):
    trade.o                   trade.s:24
_diceRoll2d (common.o):
    hiring_hall.o             hiring_hall.s:23
_diceRoll3d (common.o):
    hiring_hall.o             hiring_hall.s:24
_drawWorld (world.o):
    wilderness.o              wilderness.s:21
_engineer (main.o):
    passengers.o              passengers.s:30
_findHighestSkillFor (hiring_hall.o):
    main.o                    main.s:35
_getEmplacementName (emplacement.o):
    starport.o                starport.s:29
_getHoldFree (trade.o):
    passengers.o              passengers.s:22
_getStatusLabel (alarm.o):
    starport.o                starport.s:28
_getWeaponName (emplacement.o):
    starport.o                starport.s:30
_getWorld (world.o):
    jump-map.o                jump-map.s:33
    jump.o                    jump.s:23
    main.o                    main.s:31
_gotox (gotox.o):
    trade.o                   trade.s:14
_gotoxy (gotoxy.o):
    world.o                   world.s:13
    wilderness.o              wilderness.s:14
    starport.o                starport.s:14
    passengers.o              passengers.s:14
    maneuver-map.o            maneuver-map.s:14
    jump-map.o                jump-map.s:13
    alarm.o                   alarm.s:14
    main.o                    main.s:20
_gunner (main.o):
    passengers.o              passengers.s:31
_hcr (main.o):
    trade.o                   trade.s:33
    starport.o                starport.s:32
    passengers.o              passengers.s:27
_hire (hiring_hall.o):
    main.o                    main.s:34
_jamison (main.o):
    jump-map.o                jump-map.s:37
_jump (jump.o):
    main.o                    main.s:29
_jumpmapSetDestination (jump-map.o):
    main.o                    main.s:37
_jumpmapShow (jump-map.o):
    main.o                    main.s:36
_kbhit (kbhit.o):
    cgetc.o                   cx16/cgetc.s:10
_landAtShipyard (shipyard.o):
    main.o                    main.s:32
_landAtStarport (starport.o):
    main.o                    main.s:33
_liaison (main.o):
    passengers.o              passengers.s:32
_loadFileToBank (common.o):
    main.o                    main.s:26
_ltoa (ltoa.o):
    _printf.o                 common/_printf.s:12
_main (main.o):
    callmain.o                runtime/callmain.s:11
_maneuver (maneuver-map.o):
    main.o                    main.s:41
_medic (main.o):
    passengers.o              passengers.s:33
_memcpy (memcpy.o):
    world.o                   world.s:1455
    trade.o                   trade.s:1077
    ship.o                    ship.s:1157
    hiring_hall.o             hiring_hall.s:963
_menu_run (menu.o):
    maneuver-map.o            maneuver-map.s:22
    main.o                    main.s:43
_parsecDistance (common.o):
    jump-map.o                jump-map.s:26
    jump.o                    jump.s:21
_pay_period (main.o):
    wilderness.o              wilderness.s:27
    passengers.o              passengers.s:26
    jump.o                    jump.s:31
_pilot (main.o):
    passengers.o              passengers.s:34
_piracy (piracy.o):
    jump.o                    jump.s:25
_playerAchievementLevel (main.o):
    world.o                   world.s:30
    maneuver-map.o            maneuver-map.s:25
    jump-map.o                jump-map.s:38
    jump.o                    jump.s:30
    alarm.o                   alarm.s:26
_pressReturnAndClear (common.o):
    starport.o                starport.s:24
    passengers.o              passengers.s:20
_printAlarmBar (alarm.o):
    wilderness.o              wilderness.s:23
    maneuver-map.o            maneuver-map.s:21
    jump-map.o                jump-map.s:30
_rand (rand.o):
    world.o                   world.s:20
    passengers.o              passengers.s:17
    jump.o                    jump.s:18
    damage.o                  damage.s:13
_readShip (ship.o):
    shipyard.o                shipyard.s:23
_redline (common.o):
    trade.o                   trade.s:22
    hiring_hall.o             hiring_hall.s:21
_revers (revers.o):
    world.o                   world.s:18
    trade.o                   trade.s:18
    starport.o                starport.s:18
_setBank (common.o):
    world.o                   world.s:21
    trade.o                   trade.s:21
    shipyard.o                shipyard.s:19
    ship.o                    ship.s:14
    jump-map.o                jump-map.s:25
    main.o                    main.s:24
_ship (main.o):
    wilderness.o              wilderness.s:24
    trade.o                   trade.s:29
    starport.o                starport.s:31
    shipyard.o                shipyard.s:24
    passengers.o              passengers.s:23
    jump-map.o                jump-map.s:34
    alarm.o                   alarm.s:23
_shipDamage (main.o):
    starport.o                starport.s:34
    alarm.o                   alarm.s:25
_shipState (main.o):
    wilderness.o              wilderness.s:25
    starport.o                starport.s:33
    jump.o                    jump.s:29
    alarm.o                   alarm.s:24
_ship_describe (ship.o):
    shipyard.o                shipyard.s:21
_ship_init (ship.o):
    main.o                    main.s:30
_ship_loadImageFromIndex (ship.o):
    shipyard.o                shipyard.s:22
_showCurrentLocation (maneuver-map.o):
    main.o                    main.s:40
_showShipSummary (ship.o):
    starport.o                starport.s:25
_sleep (sleep.o):
    jump.o                    jump.s:19
_sprite_define (sprite.o):
    jump-map.o                jump-map.s:32
    main.o                    main.s:39
_sprite_loadToVERA (sprite.o):
    ship.o                    ship.s:23
    jump-map.o                jump-map.s:31
    main.o                    main.s:38
_srand (rand.o):
    randomize.o               cx16/randomize.s:10
_starport (main.o):
    trade.o                   trade.s:32
_statusLine (common.o):
    starport.o                starport.s:23
_steward (main.o):
    passengers.o              passengers.s:35
_streetwise (main.o):
    passengers.o              passengers.s:36
_strlen (strlen.o):
    _printf.o                 common/_printf.s:13
    alarm.o                   alarm.s:17
_strlower (strlower.o):
    _printf.o                 common/_printf.s:13
_strncpy (strncpy.o):
    jump-map.o                jump-map.s:23
_textcolor (color.o):
    world.o                   world.s:19
    wilderness.o              wilderness.s:17
    trade.o                   trade.s:19
    starport.o                starport.s:19
    shipyard.o                shipyard.s:17
    passengers.o              passengers.s:16
    maneuver-map.o            maneuver-map.s:17
    jump-map.o                jump-map.s:19
    jump.o                    jump.s:17
    hiring_hall.o             hiring_hall.s:18
    common.o                  common.s:21
    main.o                    main.s:23
_titleLine (common.o):
    starport.o                starport.s:22
    shipyard.o                shipyard.s:20
    passengers.o              passengers.s:19
    jump-map.o                jump-map.s:27
    jump.o                    jump.s:22
    hiring_hall.o             hiring_hall.s:22
    alarm.o                   alarm.s:18
    main.o                    main.s:25
_toDefaultColor (common.o):
    trade.o                   trade.s:23
_trade_calculateMarketPrices (trade.o):
    main.o                    main.s:27
_trade_speculate (trade.o):
    main.o                    main.s:28
_ultoa (ltoa.o):
    _printf.o                 common/_printf.s:12
_vcprintf (vcprintf.o):
    cprintf.o                 conio/cprintf.s:8
_vera_sprites_enable (sprites_enable.o):
    main.o                    main.s:14
_wilderness_refuel (wilderness.o):
    main.o                    main.s:42
_world_describe (world.o):
    maneuver-map.o            maneuver-map.s:20
_world_drawPlanetoid (world.o):
    wilderness.o              wilderness.s:22
_world_setGasGiantPalette (world.o):
    wilderness.o              wilderness.s:19
_world_setRockballPalette (world.o):
    wilderness.o              wilderness.s:20
addeq0sp (addeqsp.o):
    world.o                   world.s:1455
    world.o                   world.s:1455
    trade.o                   trade.s:1077
    sprite.o                  sprite.s:503
    passengers.o              passengers.s:755
    passengers.o              passengers.s:755
    passengers.o              passengers.s:755
    jump-map.o                jump-map.s:1019
    jump-map.o                jump-map.s:1019
    hiring_hall.o             hiring_hall.s:963
    hiring_hall.o             hiring_hall.s:963
    main.o                    main.s:769
addeqysp (addeqsp.o):
    world.o                   world.s:1455
    world.o                   world.s:1455
    trade.o                   trade.s:1077
    trade.o                   trade.s:1077
    shipyard.o                shipyard.s:358
    passengers.o              passengers.s:755
    jump-map.o                jump-map.s:1019
    jump-map.o                jump-map.s:1019
    hiring_hall.o             hiring_hall.s:963
addysp (addysp.o):
    incsp6.o                  runtime/incsp6.s:8
    incsp5.o                  runtime/incsp5.s:8
    incsp4.o                  runtime/incsp4.s:8
    incsp3.o                  runtime/incsp3.s:8
    cprintf.o                 conio/cprintf.s:8
    world.o                   world.s:1455
    world.o                   world.s:1455
    passengers.o              passengers.s:755
    maneuver-map.o            maneuver-map.s:241
    jump-map.o                jump-map.s:1019
    jump-map.o                jump-map.s:1019
    jump.o                    jump.s:393
    hiring_hall.o             hiring_hall.s:963
    common.o                  common.s:523
    burtle_jsf32.o            burtle_jsf32.s:248
    alarm.o                   alarm.s:559
addysp1 (addysp.o):
    sub.o                     runtime/sub.s:8
    or.o                      runtime/or.s:9
    lxor.o                    runtime/lxor.s:9
    ludiv.o                   runtime/ludiv.s:9
    lsub.o                    runtime/lsub.s:11
    lor.o                     runtime/lor.s:9
    lmul.o                    runtime/lmul.s:9
    ladd.o                    runtime/ladd.s:8
aslax1 (aslax1.o):
    world.o                   world.s:1455
    jump-map.o                jump-map.s:1019
    hiring_hall.o             hiring_hall.s:963
    hiring_hall.o             hiring_hall.s:963
    main.o                    main.s:769
    main.o                    main.s:769
aslax2 (aslax2.o):
    world.o                   world.s:1455
    jump-map.o                jump-map.s:1019
    jump-map.o                jump-map.s:1019
aslax3 (aslax3.o):
    sprite.o                  sprite.s:503
    sprite.o                  sprite.s:503
    sprite.o                  sprite.s:503
    sprite.o                  sprite.s:503
    sprite.o                  sprite.s:503
    jump-map.o                jump-map.s:1019
aslax4 (aslax4.o):
    world.o                   world.s:1455
    jump-map.o                jump-map.s:1019
    jump-map.o                jump-map.s:1019
    main.o                    main.s:769
asrax1 (asrax1.o):
    sprite.o                  sprite.s:503
    sprite.o                  sprite.s:503
asrax4 (asrax4.o):
    sprite.o                  sprite.s:503
    sprite.o                  sprite.s:503
axlong (axlong.o):
    _printf.o                 common/_printf.s:11
axulong (axlong.o):
    _printf.o                 common/_printf.s:11
    sleep.o                   ../libwrk/cx16/sleep.s:54
    trade.o                   trade.s:1077
    trade.o                   trade.s:1077
    trade.o                   trade.s:1077
    starport.o                starport.s:506
    passengers.o              passengers.s:755
booleq (makebool.o):
    shipyard.o                shipyard.s:358
boolge (makebool.o):
    lge.o                     runtime/lge.s:8
boolgt (makebool.o):
    lgt.o                     runtime/lgt.s:8
boollt (makebool.o):
    llt.o                     runtime/llt.s:8
boolule (makebool.o):
    jump-map.o                jump-map.s:1019
callmain (callmain.o):
    crt0.o                    cx16/crt0.s:9
chlinechar (clinechars.o):
    chline.o                  cbm/chline.s:10
cputdirect (cputc.o):
    chline.o                  cbm/chline.s:9
    cclear.o                  cbm/cclear.s:9
ctypemaskdirect (ctypemask.o):
    strlower.o                common/strlower.s:14
cursor (_cursor.o):
    cgetc.o                   cx16/cgetc.s:10
decax1 (decax1.o):
    world.o                   world.s:1455
decax2 (decax2.o):
    trade.o                   trade.s:1077
decax3 (decax3.o):
    hiring_hall.o             hiring_hall.s:963
decaxy (decaxy.o):
    world.o                   world.s:1455
decsp1 (decsp1.o):
    hiring_hall.o             hiring_hall.s:963
    common.o                  common.s:523
    alarm.o                   alarm.s:559
decsp2 (decsp2.o):
    toslong.o                 runtime/toslong.s:8
    trade.o                   trade.s:1077
    trade.o                   trade.s:1077
    trade.o                   trade.s:1077
    starport.o                starport.s:506
    jump-map.o                jump-map.s:1019
    jump-map.o                jump-map.s:1019
    jump.o                    jump.s:393
    hiring_hall.o             hiring_hall.s:963
    hiring_hall.o             hiring_hall.s:963
    hiring_hall.o             hiring_hall.s:963
    main.o                    main.s:769
decsp4 (decsp4.o):
    lpush.o                   runtime/lpush.s:12
    world.o                   world.s:1455
    world.o                   world.s:1455
    trade.o                   trade.s:1077
    burtle_jsf32.o            burtle_jsf32.s:248
    main.o                    main.s:769
decsp5 (decsp5.o):
    common.o                  common.s:523
decsp6 (decsp6.o):
    _printf.o                 common/_printf.s:11
decsp8 (decsp8.o):
    world.o                   world.s:1455
donelib (condes.o):
    crt0.o                    cx16/crt0.s:8
getlop (ludiv.o):
    lumod.o                   runtime/lumod.s:9
    lshelp.o                  runtime/lshelp.s:11
gotoxy (gotoxy.o):
    cputs.o                   conio/cputs.s:9
    cputc.o                   cx16/cputc.s:11
    chline.o                  cbm/chline.s:9
    cclear.o                  cbm/cclear.s:9
incax2 (incax2.o):
    sprite.o                  sprite.s:503
    ship.o                    ship.s:1157
    passengers.o              passengers.s:755
    menu.o                    menu.s:175
    hiring_hall.o             hiring_hall.s:963
    hiring_hall.o             hiring_hall.s:963
incax3 (incax3.o):
    ship.o                    ship.s:1157
    jump-map.o                jump-map.s:1019
    hiring_hall.o             hiring_hall.s:963
incax4 (incaxy.o):
    ship.o                    ship.s:1157
    jump-map.o                jump-map.s:1019
    jump.o                    jump.s:393
    hiring_hall.o             hiring_hall.s:963
incax5 (incax5.o):
    world.o                   world.s:1455
    hiring_hall.o             hiring_hall.s:963
incax6 (incax6.o):
    sprite.o                  sprite.s:503
    sprite.o                  sprite.s:503
    ship.o                    ship.s:1157
incax7 (incax7.o):
    ship.o                    ship.s:1157
incax8 (incax8.o):
    ship.o                    ship.s:1157
incaxy (incaxy.o):
    incax8.o                  runtime/incax8.s:8
    incax7.o                  runtime/incax7.s:8
    incax6.o                  runtime/incax6.s:8
    incax5.o                  runtime/incax5.s:8
    incax3.o                  runtime/incax3.s:8
    world.o                   world.s:1455
    world.o                   world.s:1455
    world.o                   world.s:1455
    world.o                   world.s:1455
    ship.o                    ship.s:1157
    ship.o                    ship.s:1157
    passengers.o              passengers.s:755
    jump-map.o                jump-map.s:1019
    jump-map.o                jump-map.s:1019
    jump.o                    jump.s:393
    hiring_hall.o             hiring_hall.s:963
    hiring_hall.o             hiring_hall.s:963
    hiring_hall.o             hiring_hall.s:963
    damage.o                  damage.s:178
    main.o                    main.s:769
inceaxy (linc.o):
    common.o                  common.s:523
    common.o                  common.s:523
    common.o                  common.s:523
incsp1 (incsp1.o):
    world.o                   world.s:1455
    world.o                   world.s:1455
    world.o                   world.s:1455
    trade.o                   trade.s:1077
    starport.o                starport.s:506
    sprite.o                  sprite.s:503
    shipyard.o                shipyard.s:358
    ship.o                    ship.s:1157
    ship.o                    ship.s:1157
    ship.o                    ship.s:1157
    jump-map.o                jump-map.s:1019
    hiring_hall.o             hiring_hall.s:963
    emplacement.o             emplacement.s:188
    emplacement.o             emplacement.s:188
    common.o                  common.s:523
    common.o                  common.s:523
    common.o                  common.s:523
    alarm.o                   alarm.s:559
    alarm.o                   alarm.s:559
    alarm.o                   alarm.s:559
    alarm.o                   alarm.s:559
incsp2 (incsp2.o):
    staxspi.o                 runtime/staxspi.s:9
    staspidx.o                runtime/staspidx.s:8
    popptr1.o                 runtime/popptr1.s:8
    world.o                   world.s:1455
    world.o                   world.s:1455
    world.o                   world.s:1455
    world.o                   world.s:1455
    world.o                   world.s:1455
    trade.o                   trade.s:1077
    trade.o                   trade.s:1077
    trade.o                   trade.s:1077
    trade.o                   trade.s:1077
    trade.o                   trade.s:1077
    sprite.o                  sprite.s:503
    shipyard.o                shipyard.s:358
    shipyard.o                shipyard.s:358
    ship.o                    ship.s:1157
    ship.o                    ship.s:1157
    ship.o                    ship.s:1157
    passengers.o              passengers.s:755
    jump-map.o                jump-map.s:1019
    jump-map.o                jump-map.s:1019
    jump.o                    jump.s:393
    hiring_hall.o             hiring_hall.s:963
    common.o                  common.s:523
    common.o                  common.s:523
    main.o                    main.s:769
incsp3 (incsp3.o):
    trade.o                   trade.s:1077
    starport.o                starport.s:506
    starport.o                starport.s:506
    sprite.o                  sprite.s:503
    sprite.o                  sprite.s:503
    sprite.o                  sprite.s:503
    sprite.o                  sprite.s:503
    ship.o                    ship.s:1157
    hiring_hall.o             hiring_hall.s:963
incsp4 (incsp4.o):
    lcmp.o                    runtime/lcmp.s:9
    world.o                   world.s:1455
    trade.o                   trade.s:1077
    trade.o                   trade.s:1077
    sprite.o                  sprite.s:503
    shipyard.o                shipyard.s:358
    shipyard.o                shipyard.s:358
    jump-map.o                jump-map.s:1019
    hiring_hall.o             hiring_hall.s:963
    hiring_hall.o             hiring_hall.s:963
    damage.o                  damage.s:178
    common.o                  common.s:523
    burtle_jsf32.o            burtle_jsf32.s:248
    main.o                    main.s:769
incsp5 (incsp5.o):
    starport.o                starport.s:506
    ship.o                    ship.s:1157
    menu.o                    menu.s:175
    common.o                  common.s:523
incsp6 (incsp6.o):
    sleep.o                   ../libwrk/cx16/sleep.s:54
    world.o                   world.s:1455
    trade.o                   trade.s:1077
    passengers.o              passengers.s:755
    jump-map.o                jump-map.s:1019
    burtle_jsf32.o            burtle_jsf32.s:248
initlib (condes.o):
    crt0.o                    cx16/crt0.s:8
laddeq (laddeq.o):
    trade.o                   trade.s:1077
    passengers.o              passengers.s:755
laddeq0sp (laddeqsp.o):
    burtle_jsf32.o            burtle_jsf32.s:248
ldaidx (ldai.o):
    trade.o                   trade.s:1077
    sprite.o                  sprite.s:503
ldax0sp (ldaxsp.o):
    world.o                   world.s:1455
    world.o                   world.s:1455
    world.o                   world.s:1455
    world.o                   world.s:1455
    world.o                   world.s:1455
    world.o                   world.s:1455
    world.o                   world.s:1455
    trade.o                   trade.s:1077
    trade.o                   trade.s:1077
    trade.o                   trade.s:1077
    trade.o                   trade.s:1077
    trade.o                   trade.s:1077
    starport.o                starport.s:506
    sprite.o                  sprite.s:503
    sprite.o                  sprite.s:503
    sprite.o                  sprite.s:503
    sprite.o                  sprite.s:503
    sprite.o                  sprite.s:503
    shipyard.o                shipyard.s:358
    shipyard.o                shipyard.s:358
    passengers.o              passengers.s:755
    passengers.o              passengers.s:755
    passengers.o              passengers.s:755
    jump-map.o                jump-map.s:1019
    jump-map.o                jump-map.s:1019
    jump-map.o                jump-map.s:1019
    jump.o                    jump.s:393
    hiring_hall.o             hiring_hall.s:963
    hiring_hall.o             hiring_hall.s:963
    damage.o                  damage.s:178
    common.o                  common.s:523
    burtle_jsf32.o            burtle_jsf32.s:248
    alarm.o                   alarm.s:559
    main.o                    main.s:769
    main.o                    main.s:769
ldaxi (ldaxi.o):
    trade.o                   trade.s:1077
    trade.o                   trade.s:1077
    trade.o                   trade.s:1077
    trade.o                   trade.s:1077
    trade.o                   trade.s:1077
    sprite.o                  sprite.s:503
    sprite.o                  sprite.s:503
    menu.o                    menu.s:175
    jump.o                    jump.s:393
    hiring_hall.o             hiring_hall.s:963
    hiring_hall.o             hiring_hall.s:963
    main.o                    main.s:769
ldaxidx (ldaxi.o):
    trade.o                   trade.s:1077
    sprite.o                  sprite.s:503
    sprite.o                  sprite.s:503
ldaxysp (ldaxsp.o):
    sleep.o                   ../libwrk/cx16/sleep.s:54
    world.o                   world.s:1455
    world.o                   world.s:1455
    world.o                   world.s:1455
    world.o                   world.s:1455
    trade.o                   trade.s:1077
    trade.o                   trade.s:1077
    trade.o                   trade.s:1077
    trade.o                   trade.s:1077
    starport.o                starport.s:506
    sprite.o                  sprite.s:503
    shipyard.o                shipyard.s:358
    shipyard.o                shipyard.s:358
    ship.o                    ship.s:1157
    ship.o                    ship.s:1157
    ship.o                    ship.s:1157
    ship.o                    ship.s:1157
    passengers.o              passengers.s:755
    passengers.o              passengers.s:755
    maneuver-map.o            maneuver-map.s:241
    jump-map.o                jump-map.s:1019
    jump-map.o                jump-map.s:1019
    jump.o                    jump.s:393
    hiring_hall.o             hiring_hall.s:963
    hiring_hall.o             hiring_hall.s:963
    hiring_hall.o             hiring_hall.s:963
    damage.o                  damage.s:178
    common.o                  common.s:523
    common.o                  common.s:523
    burtle_jsf32.o            burtle_jsf32.s:248
    burtle_jsf32.o            burtle_jsf32.s:248
    alarm.o                   alarm.s:559
    main.o                    main.s:769
    main.o                    main.s:769
ldeax0sp (ldeaxysp.o):
    sleep.o                   ../libwrk/cx16/sleep.s:54
    trade.o                   trade.s:1077
    burtle_jsf32.o            burtle_jsf32.s:248
ldeaxi (ldeaxi.o):
    burtle_jsf32.o            burtle_jsf32.s:248
ldeaxidx (ldeaxi.o):
    trade.o                   trade.s:1077
    trade.o                   trade.s:1077
    trade.o                   trade.s:1077
    trade.o                   trade.s:1077
    burtle_jsf32.o            burtle_jsf32.s:248
ldeaxysp (ldeaxysp.o):
    burtle_jsf32.o            burtle_jsf32.s:248
    burtle_jsf32.o            burtle_jsf32.s:248
    burtle_jsf32.o            burtle_jsf32.s:248
leaa0sp (leaaxsp.o):
    maneuver-map.o            maneuver-map.s:241
    jump-map.o                jump-map.s:1019
    jump-map.o                jump-map.s:1019
    hiring_hall.o             hiring_hall.s:963
leaaxsp (leaaxsp.o):
    jump.o                    jump.s:393
lsubeq (lsubeq.o):
    trade.o                   trade.s:1077
    starport.o                starport.s:506
    passengers.o              passengers.s:755
mul8x16 (mul8.o):
    mul.o                     runtime/mul.s:8
mul8x16a (mul8.o):
    mul.o                     runtime/mul.s:8
mulax10 (mulax10.o):
    starport.o                starport.s:506
    passengers.o              passengers.s:755
mulax6 (mulax6.o):
    alarm.o                   alarm.s:559
mulax7 (mulax7.o):
    trade.o                   trade.s:1077
    trade.o                   trade.s:1077
    trade.o                   trade.s:1077
    trade.o                   trade.s:1077
    trade.o                   trade.s:1077
    trade.o                   trade.s:1077
mulax9 (mulax9.o):
    jump-map.o                jump-map.s:1019
negax (negabs.o):
    shelp.o                   runtime/shelp.s:11
    mod.o                     runtime/mod.s:11
    div.o                     runtime/div.s:11
negeax (lneg.o):
    ltoa.o                    common/ltoa.s:9
    ldiv.o                    runtime/ldiv.s:11
plot (cputc.o):
    gotoxy.o                  cx16/gotoxy.s:9
    gotox.o                   cx16/gotox.s:9
popa (popa.o):
    gotoxy.o                  cx16/gotoxy.s:9
    c_setlfs.o                cbm/c_setlfs.s:12
    c_load.o                  cbm/c_load.s:11
popax (incsp2.o):
    ltoa.o                    common/ltoa.s:9
    _printf.o                 common/_printf.s:11
    vcprintf.o                conio/vcprintf.s:8
    strncpy.o                 common/strncpy.s:8
    shelp.o                   runtime/shelp.s:11
    memcpy.o                  common/memcpy.s:14
[...]
    starport.o                starport.s:506
    starport.o                starport.s:506
    sprite.o                  sprite.s:503
    sprite.o                  sprite.s:503
    sprite.o                  sprite.s:503
    sprite.o                  sprite.s:503
    sprite.o                  sprite.s:503
    sprite.o                  sprite.s:503
    shipyard.o                shipyard.s:358
    shipyard.o                shipyard.s:358
    shipyard.o                shipyard.s:358
    shipyard.o                shipyard.s:358
    ship.o                    ship.s:1157
    ship.o                    ship.s:1157
    ship.o                    ship.s:1157
    ship.o                    ship.s:1157
    ship.o                    ship.s:1157
    passengers.o              passengers.s:755
    passengers.o              passengers.s:755
    passengers.o              passengers.s:755
    menu.o                    menu.s:175
    jump-map.o                jump-map.s:1019
    jump-map.o                jump-map.s:1019
    jump-map.o                jump-map.s:1019
    jump-map.o                jump-map.s:1019
    jump-map.o                jump-map.s:1019
    jump-map.o                jump-map.s:1019
    jump.o                    jump.s:393
    jump.o                    jump.s:393
    hiring_hall.o             hiring_hall.s:963
    hiring_hall.o             hiring_hall.s:963
    hiring_hall.o             hiring_hall.s:963
    hiring_hall.o             hiring_hall.s:963
    damage.o                  damage.s:178
    common.o                  common.s:523
    common.o                  common.s:523
    common.o                  common.s:523
    burtle_jsf32.o            burtle_jsf32.s:248
    burtle_jsf32.o            burtle_jsf32.s:248
    alarm.o                   alarm.s:559
    main.o                    main.s:769
    main.o                    main.s:769
    main.o                    main.s:769
    main.o                    main.s:769
pusheax (lpush.o):
    _printf.o                 common/_printf.s:11
    sleep.o                   ../libwrk/cx16/sleep.s:54
    trade.o                   trade.s:1077
    trade.o                   trade.s:1077
    trade.o                   trade.s:1077
    trade.o                   trade.s:1077
    passengers.o              passengers.s:755
    hiring_hall.o             hiring_hall.s:963
    common.o                  common.s:523
    common.o                  common.s:523
    common.o                  common.s:523
    burtle_jsf32.o            burtle_jsf32.s:248
    burtle_jsf32.o            burtle_jsf32.s:248
    burtle_jsf32.o            burtle_jsf32.s:248
pushw (pushw.o):
    trade.o                   trade.s:1077
    starport.o                starport.s:506
    starport.o                starport.s:506
    hiring_hall.o             hiring_hall.s:963
    damage.o                  damage.s:178
    alarm.o                   alarm.s:559
pushw0sp (pushwsp.o):
    world.o                   world.s:1455
    world.o                   world.s:1455
    shipyard.o                shipyard.s:358
    shipyard.o                shipyard.s:358
    shipyard.o                shipyard.s:358
    ship.o                    ship.s:1157
    passengers.o              passengers.s:755
    hiring_hall.o             hiring_hall.s:963
pushwysp (pushwsp.o):
    world.o                   world.s:1455
    world.o                   world.s:1455
    world.o                   world.s:1455
    starport.o                starport.s:506
    starport.o                starport.s:506
    shipyard.o                shipyard.s:358
    shipyard.o                shipyard.s:358
    ship.o                    ship.s:1157
    passengers.o              passengers.s:755
    jump-map.o                jump-map.s:1019
    jump-map.o                jump-map.s:1019
    jump-map.o                jump-map.s:1019
    hiring_hall.o             hiring_hall.s:963
    hiring_hall.o             hiring_hall.s:963
    common.o                  common.s:523
    burtle_jsf32.o            burtle_jsf32.s:248
    burtle_jsf32.o            burtle_jsf32.s:248
    main.o                    main.s:769
regbank (zeropage.o):
    _printf.o                 /Users/rje/git/cc65/asminc/zeropage.inc:14
shlax1 (aslax1.o):
    jump.o                    jump.s:393
shlax2 (aslax2.o):
    world.o                   world.s:1455
    jump-map.o                jump-map.s:1019
shlax4 (aslax4.o):
    world.o                   world.s:1455
    jump-map.o                jump-map.s:1019
shleax1 (asleax1.o):
    trade.o                   trade.s:1077
    burtle_jsf32.o            burtle_jsf32.s:248
shleax3 (asleax3.o):
    burtle_jsf32.o            burtle_jsf32.s:248
shleax4 (asleax4.o):
    trade.o                   trade.s:1077
shrax1 (shrax1.o):
    sprite.o                  sprite.s:503
    sprite.o                  sprite.s:503
shrax3 (shrax3.o):
    jump-map.o                jump-map.s:1019
shrax4 (shrax4.o):
    sprite.o                  sprite.s:503
    sprite.o                  sprite.s:503
    jump-map.o                jump-map.s:1019
shreax1 (shreax1.o):
    burtle_jsf32.o            burtle_jsf32.s:248
shreax3 (shreax3.o):
    burtle_jsf32.o            burtle_jsf32.s:248
shreax4 (shreax4.o):
    burtle_jsf32.o            burtle_jsf32.s:248
sp (zeropage.o):
    lcmp.o                    runtime/lcmp.s:10
    decsp6.o                  runtime/decsp6.s:8
    _printf.o                 /Users/rje/git/cc65/asminc/zeropage.inc:11
    vcprintf.o                conio/vcprintf.s:10
    toslong.o                 runtime/toslong.s:9
    subysp.o                  runtime/subysp.s:9
    subeqsp.o                 runtime/subeqsp.s:8
    sub.o                     runtime/sub.s:9
    steaxsp.o                 runtime/steaxsp.s:8
    staxspi.o                 runtime/staxspi.s:10
    staxsp.o                  runtime/staxsp.s:8
    staspidx.o                runtime/staspidx.s:9
    pushwsp.o                 runtime/pushwsp.s:8
    pushax.o                  runtime/pushax.s:8
    pusha.o                   runtime/pusha.s:8
    popptr1.o                 runtime/popptr1.s:9
    popa.o                    runtime/popa.s:8
    or.o                      runtime/or.s:10
    memcpy.o                  common/memcpy.s:15
    lxor.o                    runtime/lxor.s:10
    ludiv.o                   runtime/ludiv.s:10
    lsub.o                    runtime/lsub.s:12
    lpush.o                   runtime/lpush.s:13
    lor.o                     runtime/lor.s:10
    lmul.o                    runtime/lmul.s:10
    leaaxsp.o                 runtime/leaaxsp.s:8
    ldeaxysp.o                runtime/ldeaxysp.s:12
    ldaxsp.o                  runtime/ldaxsp.s:8
    laddeqsp.o                runtime/laddeqsp.s:8
    ladd.o                    runtime/ladd.s:9
    incsp2.o                  runtime/incsp2.s:8
    incsp1.o                  runtime/incsp1.s:8
    icmp.o                    runtime/icmp.s:9
    decsp8.o                  runtime/decsp8.s:8
    decsp5.o                  runtime/decsp5.s:8
    decsp4.o                  runtime/decsp4.s:8
    decsp2.o                  runtime/decsp2.s:8
    decsp1.o                  runtime/decsp1.s:8
    crt0.o                    /Users/rje/git/cc65/asminc/zeropage.inc:11
    cprintf.o                 conio/cprintf.s:9
    addysp.o                  runtime/addysp.s:8
    addeqsp.o                 runtime/addeqsp.s:8
    add.o                     runtime/add.s:12
    world.o                   world.s:10
    trade.o                   trade.s:10
    starport.o                starport.s:10
    sprite.o                  sprite.s:10
    shipyard.o                shipyard.s:10
    ship.o                    ship.s:10
    passengers.o              passengers.s:10
    menu.o                    menu.s:10
    maneuver-map.o            maneuver-map.s:10
    jump-map.o                jump-map.s:10
    jump.o                    jump.s:10
    hiring_hall.o             hiring_hall.s:10
    emplacement.o             emplacement.s:10
    common.o                  common.s:10
    alarm.o                   alarm.s:10
    main.o                    main.s:10
sreg (zeropage.o):
    ltoa.o                    common/ltoa.s:11
    lcmp.o                    runtime/lcmp.s:10
    _printf.o                 /Users/rje/git/cc65/asminc/zeropage.inc:11
    umod.o                    runtime/umod.s:9
    udiv.o                    runtime/udiv.s:10
    steaxspi.o                runtime/steaxspi.s:10
    steaxsp.o                 runtime/steaxsp.s:8
    sleep.o                   ../libwrk/cx16/sleep.s:10
    shreax4.o                 runtime/shreax4.s:8
    shreax3.o                 runtime/shreax3.s:8
    shreax1.o                 runtime/shreax1.s:8
    mod.o                     runtime/mod.s:12
    lxor.o                    runtime/lxor.s:10
    lumod.o                   runtime/lumod.s:10
    ludiv.o                   runtime/ludiv.s:10
    lsubeq.o                  runtime/lsubeq.s:12
    lsub.o                    runtime/lsub.s:12
    lshelp.o                  runtime/lshelp.s:12
    lpush.o                   runtime/lpush.s:13
    lor.o                     runtime/lor.s:10
    lneg.o                    runtime/lneg.s:11
    lmul.o                    runtime/lmul.s:10
    linc.o                    runtime/linc.s:8
    ldiv.o                    runtime/ldiv.s:12
    ldeaxysp.o                runtime/ldeaxysp.s:12
    ldeaxi.o                  runtime/ldeaxi.s:8
    laddeqsp.o                runtime/laddeqsp.s:8
    laddeq.o                  runtime/laddeq.s:12
    ladd.o                    runtime/ladd.s:9
    icmp.o                    runtime/icmp.s:9
    clock.o                   cx16/clock.s:12
    axlong.o                  runtime/axlong.s:9
    asleax4.o                 runtime/asleax4.s:8
    asleax3.o                 runtime/asleax3.s:8
    asleax1.o                 runtime/asleax1.s:8
    world.o                   world.s:10
    trade.o                   trade.s:10
    starport.o                starport.s:10
    sprite.o                  sprite.s:10
    passengers.o              passengers.s:10
    jump-map.o                jump-map.s:10
    damage.o                  damage.s:10
    burtle_jsf32.o            burtle_jsf32.s:10
staspidx (staspidx.o):
    hiring_hall.o             hiring_hall.s:963
stax0sp (staxsp.o):
    world.o                   world.s:1455
    world.o                   world.s:1455
    world.o                   world.s:1455
    trade.o                   trade.s:1077
    trade.o                   trade.s:1077
    trade.o                   trade.s:1077
    trade.o                   trade.s:1077
    shipyard.o                shipyard.s:358
    passengers.o              passengers.s:755
    jump-map.o                jump-map.s:1019
    jump-map.o                jump-map.s:1019
    jump.o                    jump.s:393
    hiring_hall.o             hiring_hall.s:963
    hiring_hall.o             hiring_hall.s:963
    common.o                  common.s:523
    main.o                    main.s:769
    main.o                    main.s:769
staxspidx (staxspi.o):
    hiring_hall.o             hiring_hall.s:963
staxysp (staxsp.o):
    world.o                   world.s:1455
    world.o                   world.s:1455
    world.o                   world.s:1455
    trade.o                   trade.s:1077
    trade.o                   trade.s:1077
    starport.o                starport.s:506
    passengers.o              passengers.s:755
    maneuver-map.o            maneuver-map.s:241
    jump-map.o                jump-map.s:1019
    jump-map.o                jump-map.s:1019
    hiring_hall.o             hiring_hall.s:963
    main.o                    main.s:769
steax0sp (steaxsp.o):
    burtle_jsf32.o            burtle_jsf32.s:248
steaxspidx (steaxspi.o):
    trade.o                   trade.s:1077
    burtle_jsf32.o            burtle_jsf32.s:248
    burtle_jsf32.o            burtle_jsf32.s:248
subeq0sp (subeqsp.o):
    trade.o                   trade.s:1077
    trade.o                   trade.s:1077
    passengers.o              passengers.s:755
    passengers.o              passengers.s:755
    jump.o                    jump.s:393
subeqysp (subeqsp.o):
    shipyard.o                shipyard.s:358
    jump-map.o                jump-map.s:1019
    jump.o                    jump.s:393
subysp (subysp.o):
    passengers.o              passengers.s:755
    maneuver-map.o            maneuver-map.s:241
    jump-map.o                jump-map.s:1019
    jump-map.o                jump-map.s:1019
    jump.o                    jump.s:393
    hiring_hall.o             hiring_hall.s:963
tmp1 (zeropage.o):
    ltoa.o                    common/ltoa.s:11
    _printf.o                 /Users/rje/git/cc65/asminc/zeropage.inc:13
    vcprintf.o                conio/vcprintf.s:10
    strncpy.o                 common/strncpy.s:9
    steaxspi.o                runtime/steaxspi.s:10
    staxspi.o                 runtime/staxspi.s:10
    staspidx.o                runtime/staspidx.s:9
    shreax4.o                 runtime/shreax4.s:8
    shreax3.o                 runtime/shreax3.s:8
    shreax1.o                 runtime/shreax1.s:8
    shrax4.o                  runtime/shrax4.s:8
    shrax3.o                  runtime/shrax3.s:8
    shrax1.o                  runtime/shrax1.s:8
    shelp.o                   runtime/shelp.s:12
    or.o                      runtime/or.s:10
    mul.o                     runtime/mul.s:10
    mod.o                     runtime/mod.s:12
    lxor.o                    runtime/lxor.s:10
    lshelp.o                  runtime/lshelp.s:12
    lor.o                     runtime/lor.s:10
    ldiv.o                    runtime/ldiv.s:12
    ladd.o                    runtime/ladd.s:9
    incaxy.o                  runtime/incaxy.s:8
    div.o                     runtime/div.s:12
    decaxy.o                  runtime/decaxy.s:8
    cputs.o                   conio/cputs.s:10
    color.o                   cx16/color.s:11
    chline.o                  cbm/chline.s:10
    cclear.o                  cbm/cclear.s:10
    c_setlfs.o                cbm/c_setlfs.s:13
    asrax4.o                  runtime/asrax4.s:9
    asrax1.o                  runtime/asrax1.s:8
    asleax4.o                 runtime/asleax4.s:8
    asleax3.o                 runtime/asleax3.s:8
    asleax1.o                 runtime/asleax1.s:8
    aslax4.o                  runtime/aslax4.s:8
    aslax3.o                  runtime/aslax3.s:8
    aslax2.o                  runtime/aslax2.s:8
    aslax1.o                  runtime/aslax1.s:8
    passengers.o              passengers.s:11
    jump-map.o                jump-map.s:11
    jump.o                    jump.s:11
tmp2 (zeropage.o):
    strncpy.o                 common/strncpy.s:9
    steaxspi.o                runtime/steaxspi.s:10
    shelp.o                   runtime/shelp.s:12
    lshelp.o                  runtime/lshelp.s:12
    lmul.o                    runtime/lmul.s:10
    ldiv.o                    runtime/ldiv.s:12
    div.o                     runtime/div.s:12
tmp3 (zeropage.o):
    strncpy.o                 common/strncpy.s:9
    steaxspi.o                runtime/steaxspi.s:10
    lumod.o                   runtime/lumod.s:10
    ludiv.o                   runtime/ludiv.s:10
    lmul.o                    runtime/lmul.s:10
tmp4 (zeropage.o):
    lumod.o                   runtime/lumod.s:10
    ludiv.o                   runtime/ludiv.s:10
    lmul.o                    runtime/lmul.s:10
tosadd0ax (ladd.o):
    trade.o                   trade.s:1077
tosaddax (add.o):
    world.o                   world.s:1455
    trade.o                   trade.s:1077
    shipyard.o                shipyard.s:358
    shipyard.o                shipyard.s:358
    ship.o                    ship.s:1157
    passengers.o              passengers.s:755
tosaddeax (ladd.o):
    sleep.o                   ../libwrk/cx16/sleep.s:54
    common.o                  common.s:523
    common.o                  common.s:523
    burtle_jsf32.o            burtle_jsf32.s:248
tosdiv0ax (ldiv.o):
    trade.o                   trade.s:1077
    trade.o                   trade.s:1077
tosdiva0 (div.o):
    world.o                   world.s:1455
    world.o                   world.s:1455
tosdivax (div.o):
    jump.o                    jump.s:393
tosgeeax (lge.o):
    sleep.o                   ../libwrk/cx16/sleep.s:54
tosgteax (lgt.o):
    trade.o                   trade.s:1077
    starport.o                starport.s:506
tosicmp (icmp.o):
    world.o                   world.s:1455
tosicmp0 (icmp.o):
    passengers.o              passengers.s:755
toslcmp (lcmp.o):
    lge.o                     runtime/lge.s:8
    llt.o                     runtime/llt.s:8
    lgt.o                     runtime/lgt.s:8
toslong (toslong.o):
    starport.o                starport.s:506
    starport.o                starport.s:506
toslteax (llt.o):
    starport.o                starport.s:506
tosmoda0 (mod.o):
    world.o                   world.s:1455
    world.o                   world.s:1455
    world.o                   world.s:1455
    passengers.o              passengers.s:755
    passengers.o              passengers.s:755
    jump-map.o                jump-map.s:1019
    jump-map.o                jump-map.s:1019
    jump.o                    jump.s:393
    damage.o                  damage.s:178
tosmodax (mod.o):
    world.o                   world.s:1455
tosmul0ax (lmul.o):
    passengers.o              passengers.s:755
tosmula0 (mul8.o):
    world.o                   world.s:1455
    world.o                   world.s:1455
    starport.o                starport.s:506
    starport.o                starport.s:506
    shipyard.o                shipyard.s:358
    shipyard.o                shipyard.s:358
    shipyard.o                shipyard.s:358
    ship.o                    ship.s:1157
    jump-map.o                jump-map.s:1019
    hiring_hall.o             hiring_hall.s:963
    hiring_hall.o             hiring_hall.s:963
    main.o                    main.s:769
tosmulax (mul.o):
    world.o                   world.s:1455
tosmuleax (lmul.o):
    trade.o                   trade.s:1077
    trade.o                   trade.s:1077
tosorax (or.o):
    jump-map.o                jump-map.s:1019
tosoreax (lor.o):
    burtle_jsf32.o            burtle_jsf32.s:248
tossuba0 (sub.o):
    starport.o                starport.s:506
tossubax (sub.o):
    jump-map.o                jump-map.s:1019
    jump-map.o                jump-map.s:1019
tossubeax (lsub.o):
    sleep.o                   ../libwrk/cx16/sleep.s:54
    burtle_jsf32.o            burtle_jsf32.s:248
tosudiva0 (udiv.o):
    passengers.o              passengers.s:755
    jump-map.o                jump-map.s:1019
tosumod0ax (lumod.o):
    trade.o                   trade.s:1077
    hiring_hall.o             hiring_hall.s:963
    common.o                  common.s:523
    common.o                  common.s:523
    common.o                  common.s:523
tosumoda0 (umod.o):
    trade.o                   trade.s:1077
    starport.o                starport.s:506
tosumul0ax (lmul.o):
    sleep.o                   ../libwrk/cx16/sleep.s:54
tosumula0 (mul8.o):
    trade.o                   trade.s:1077
    trade.o                   trade.s:1077
    starport.o                starport.s:506
    ship.o                    ship.s:1157
    ship.o                    ship.s:1157
    passengers.o              passengers.s:755
    alarm.o                   alarm.s:559
tosumulax (mul.o):
    passengers.o              passengers.s:755
tosumuleax (lmul.o):
    trade.o                   trade.s:1077
tosxoreax (lxor.o):
    burtle_jsf32.o            burtle_jsf32.s:248
udiv16 (udiv.o):
    umod.o                    runtime/umod.s:8
    shelp.o                   runtime/shelp.s:11
udiv32 (ludiv.o):
    lumod.o                   runtime/lumod.s:9
    ldiv.o                    runtime/ldiv.s:11
zerobss (zerobss.o):
    crt0.o                    cx16/crt0.s:9

