Modules list:
-------------
main.o:
    CODE              Offs=000000  Size=000364  Align=00001  Fill=0000
    RODATA            Offs=000000  Size=0000DE  Align=00001  Fill=0000
    BSS               Offs=000000  Size=0005BE  Align=00001  Fill=0000
    DATA              Offs=000000  Size=00001B  Align=00001  Fill=0000
alarm.o:
    CODE              Offs=000364  Size=0001BC  Align=00001  Fill=0000
    RODATA            Offs=0000DE  Size=0000A4  Align=00001  Fill=0000
    BSS               Offs=0005BE  Size=000014  Align=00001  Fill=0000
    DATA              Offs=00001B  Size=000079  Align=00001  Fill=0000
bankedText.o:
    CODE              Offs=000520  Size=00005E  Align=00001  Fill=0000
    RODATA            Offs=000182  Size=000005  Align=00001  Fill=0000
burtle_jsf32.o:
    CODE              Offs=00057E  Size=0001A5  Align=00001  Fill=0000
    BSS               Offs=0005D2  Size=000011  Align=00001  Fill=0000
common.o:
    CODE              Offs=000723  Size=00028A  Align=00001  Fill=0000
    RODATA            Offs=000187  Size=000052  Align=00001  Fill=0000
    DATA              Offs=000094  Size=000002  Align=00001  Fill=0000
damage.o:
    CODE              Offs=0009AD  Size=000073  Align=00001  Fill=0000
    RODATA            Offs=0001D9  Size=00000A  Align=00001  Fill=0000
    BSS               Offs=0005E3  Size=000001  Align=00001  Fill=0000
emplacement.o:
    CODE              Offs=000A20  Size=000086  Align=00001  Fill=0000
    RODATA            Offs=0001E3  Size=0000B9  Align=00001  Fill=0000
    DATA              Offs=000096  Size=000040  Align=00001  Fill=0000
hiring_hall.o:
    CODE              Offs=000AA6  Size=000758  Align=00001  Fill=0000
    RODATA            Offs=00029C  Size=00012B  Align=00001  Fill=0000
    BSS               Offs=0005E4  Size=00015E  Align=00001  Fill=0000
    DATA              Offs=0000D6  Size=000024  Align=00001  Fill=0000
insystem.o:
    CODE              Offs=0011FE  Size=000325  Align=00001  Fill=0000
    RODATA            Offs=0003C7  Size=0001A4  Align=00001  Fill=0000
    BSS               Offs=000742  Size=000031  Align=00001  Fill=0000
    DATA              Offs=0000FA  Size=000011  Align=00001  Fill=0000
jump.o:
    CODE              Offs=001523  Size=00020F  Align=00001  Fill=0000
    RODATA            Offs=00056B  Size=000044  Align=00001  Fill=0000
jump-map.o:
    CODE              Offs=001732  Size=000705  Align=00001  Fill=0000
    RODATA            Offs=0005AF  Size=000051  Align=00001  Fill=0000
    DATA              Offs=00010B  Size=000010  Align=00001  Fill=0000
maneuver-map.o:
    CODE              Offs=001E37  Size=000166  Align=00001  Fill=0000
    RODATA            Offs=000600  Size=0000B5  Align=00001  Fill=0000
menu.o:
    CODE              Offs=001F9D  Size=00015E  Align=00001  Fill=0000
    RODATA            Offs=0006B5  Size=000003  Align=00001  Fill=0000
    BSS               Offs=000773  Size=000003  Align=00001  Fill=0000
name.o:
    CODE              Offs=0020FB  Size=0000E8  Align=00001  Fill=0000
panel.o:
    CODE              Offs=0021E3  Size=000169  Align=00001  Fill=0000
passengers.o:
    CODE              Offs=00234C  Size=00056F  Align=00001  Fill=0000
    RODATA            Offs=0006B8  Size=0001AF  Align=00001  Fill=0000
ship.o:
    CODE              Offs=0028BB  Size=00048F  Align=00001  Fill=0000
    RODATA            Offs=000867  Size=00022A  Align=00001  Fill=0000
    DATA              Offs=00011B  Size=000006  Align=00001  Fill=0000
shipyard.o:
    CODE              Offs=002D4A  Size=000247  Align=00001  Fill=0000
    RODATA            Offs=000A91  Size=0000C9  Align=00001  Fill=0000
    BSS               Offs=000776  Size=000001  Align=00001  Fill=0000
sprite.o:
    CODE              Offs=002F91  Size=000330  Align=00001  Fill=0000
    BSS               Offs=000777  Size=000006  Align=00001  Fill=0000
starport.o:
    CODE              Offs=0032C1  Size=0003AA  Align=00001  Fill=0000
    RODATA            Offs=000B5A  Size=0001B7  Align=00001  Fill=0000
survey.o:
    CODE              Offs=00366B  Size=000122  Align=00001  Fill=0000
    RODATA            Offs=000D11  Size=0000CC  Align=00001  Fill=0000
trade.o:
    CODE              Offs=00378D  Size=00079D  Align=00001  Fill=0000
    RODATA            Offs=000DDD  Size=0000BA  Align=00001  Fill=0000
    DATA              Offs=000121  Size=00000E  Align=00001  Fill=0000
wilderness.o:
    CODE              Offs=003F2A  Size=000160  Align=00001  Fill=0000
    RODATA            Offs=000E97  Size=000148  Align=00001  Fill=0000
world.o:
    CODE              Offs=00408A  Size=000954  Align=00001  Fill=0000
    RODATA            Offs=000FDF  Size=000218  Align=00001  Fill=0000
    BSS               Offs=00077D  Size=000960  Align=00001  Fill=0000
    DATA              Offs=00012F  Size=000065  Align=00001  Fill=0000
/Users/rje/git/cc65/lib/cx16.lib(_cursor.o):
    BSS               Offs=0010DD  Size=000001  Align=00001  Fill=0000
/Users/rje/git/cc65/lib/cx16.lib(_heap.o):
    DATA              Offs=000194  Size=00000A  Align=00001  Fill=0000
    ONCE              Offs=000000  Size=000010  Align=00001  Fill=0000
/Users/rje/git/cc65/lib/cx16.lib(_heapmemavail.o):
    CODE              Offs=0049DE  Size=00004E  Align=00001  Fill=0000
/Users/rje/git/cc65/lib/cx16.lib(_hextab.o):
    RODATA            Offs=0011F7  Size=000010  Align=00001  Fill=0000
/Users/rje/git/cc65/lib/cx16.lib(_longminstr.o):
    RODATA            Offs=001207  Size=00000C  Align=00001  Fill=0000
/Users/rje/git/cc65/lib/cx16.lib(_oserror.o):
    BSS               Offs=0010DE  Size=000001  Align=00001  Fill=0000
/Users/rje/git/cc65/lib/cx16.lib(_printf.o):
    CODE              Offs=004A2C  Size=0003A5  Align=00001  Fill=0000
    BSS               Offs=0010DF  Size=00002B  Align=00001  Fill=0000
    DATA              Offs=00019E  Size=000003  Align=00001  Fill=0000
/Users/rje/git/cc65/lib/cx16.lib(add.o):
    CODE              Offs=004DD1  Size=000018  Align=00001  Fill=0000
/Users/rje/git/cc65/lib/cx16.lib(addeqsp.o):
    CODE              Offs=004DE9  Size=000011  Align=00001  Fill=0000
/Users/rje/git/cc65/lib/cx16.lib(addysp.o):
    CODE              Offs=004DFA  Size=00000E  Align=00001  Fill=0000
/Users/rje/git/cc65/lib/cx16.lib(aslax1.o):
    CODE              Offs=004E08  Size=000008  Align=00001  Fill=0000
/Users/rje/git/cc65/lib/cx16.lib(aslax2.o):
    CODE              Offs=004E10  Size=00000B  Align=00001  Fill=0000
/Users/rje/git/cc65/lib/cx16.lib(aslax3.o):
    CODE              Offs=004E1B  Size=00000E  Align=00001  Fill=0000
/Users/rje/git/cc65/lib/cx16.lib(aslax4.o):
    CODE              Offs=004E29  Size=000011  Align=00001  Fill=0000
/Users/rje/git/cc65/lib/cx16.lib(asleax1.o):
    CODE              Offs=004E3A  Size=00000C  Align=00001  Fill=0000
/Users/rje/git/cc65/lib/cx16.lib(asleax3.o):
    CODE              Offs=004E46  Size=00001A  Align=00001  Fill=0000
/Users/rje/git/cc65/lib/cx16.lib(asleax4.o):
    CODE              Offs=004E60  Size=000011  Align=00001  Fill=0000
/Users/rje/git/cc65/lib/cx16.lib(asrax1.o):
    CODE              Offs=004E71  Size=00000A  Align=00001  Fill=0000
/Users/rje/git/cc65/lib/cx16.lib(asrax4.o):
    CODE              Offs=004E7B  Size=000019  Align=00001  Fill=0000
/Users/rje/git/cc65/lib/cx16.lib(axlong.o):
    CODE              Offs=004E94  Size=00000D  Align=00001  Fill=0000
/Users/rje/git/cc65/lib/cx16.lib(c_bsout.o):
/Users/rje/git/cc65/lib/cx16.lib(c_load.o):
    CODE              Offs=004EA1  Size=00001D  Align=00001  Fill=0000
/Users/rje/git/cc65/lib/cx16.lib(c_setlfs.o):
    CODE              Offs=004EBE  Size=00000E  Align=00001  Fill=0000
/Users/rje/git/cc65/lib/cx16.lib(c_setnam.o):
    CODE              Offs=004ECC  Size=000013  Align=00001  Fill=0000
/Users/rje/git/cc65/lib/cx16.lib(callmain.o):
    CODE              Offs=004EDF  Size=000017  Align=00001  Fill=0000
    DATA              Offs=0001A1  Size=000004  Align=00001  Fill=0000
/Users/rje/git/cc65/lib/cx16.lib(cclear.o):
    CODE              Offs=004EF6  Size=000015  Align=00001  Fill=0000
/Users/rje/git/cc65/lib/cx16.lib(cgetc.o):
    CODE              Offs=004F0B  Size=000067  Align=00001  Fill=0000
/Users/rje/git/cc65/lib/cx16.lib(chline.o):
    CODE              Offs=004F72  Size=000015  Align=00001  Fill=0000
/Users/rje/git/cc65/lib/cx16.lib(clinechars.o):
/Users/rje/git/cc65/lib/cx16.lib(clock.o):
    CODE              Offs=004F87  Size=00000F  Align=00001  Fill=0000
/Users/rje/git/cc65/lib/cx16.lib(clrscr.o):
    CODE              Offs=004F96  Size=000011  Align=00001  Fill=0000
/Users/rje/git/cc65/lib/cx16.lib(color.o):
    CODE              Offs=004FA7  Size=00002A  Align=00001  Fill=0000
/Users/rje/git/cc65/lib/cx16.lib(condes.o):
    CODE              Offs=004FD1  Size=00000C  Align=00001  Fill=0000
    DATA              Offs=0001A5  Size=000025  Align=00001  Fill=0000
    ONCE              Offs=000010  Size=00000C  Align=00001  Fill=0000
/Users/rje/git/cc65/lib/cx16.lib(cprintf.o):
    CODE              Offs=004FDD  Size=00002A  Align=00001  Fill=0000
    BSS               Offs=00110A  Size=000001  Align=00001  Fill=0000
/Users/rje/git/cc65/lib/cx16.lib(cputc.o):
    CODE              Offs=005007  Size=000062  Align=00001  Fill=0000
    RODATA            Offs=001213  Size=000008  Align=00001  Fill=0000
/Users/rje/git/cc65/lib/cx16.lib(cputs.o):
    CODE              Offs=005069  Size=000023  Align=00001  Fill=0000
/Users/rje/git/cc65/lib/cx16.lib(crt0.o):
    STARTUP           Offs=000000  Size=000021  Align=00001  Fill=0000
    ONCE              Offs=00001C  Size=00001B  Align=00001  Fill=0000
    INIT              Offs=000000  Size=000002  Align=00001  Fill=0000
/Users/rje/git/cc65/lib/cx16.lib(ctype.o):
    RODATA            Offs=00121B  Size=00008B  Align=00001  Fill=0000
/Users/rje/git/cc65/lib/cx16.lib(ctypemask.o):
    CODE              Offs=00508C  Size=00001E  Align=00001  Fill=0000
/Users/rje/git/cc65/lib/cx16.lib(decax1.o):
    CODE              Offs=0050AA  Size=000007  Align=00001  Fill=0000
/Users/rje/git/cc65/lib/cx16.lib(decax2.o):
    CODE              Offs=0050B1  Size=000007  Align=00001  Fill=0000
/Users/rje/git/cc65/lib/cx16.lib(decax3.o):
    CODE              Offs=0050B8  Size=000007  Align=00001  Fill=0000
/Users/rje/git/cc65/lib/cx16.lib(decaxy.o):
    CODE              Offs=0050BF  Size=000009  Align=00001  Fill=0000
/Users/rje/git/cc65/lib/cx16.lib(decsp1.o):
    CODE              Offs=0050C8  Size=000009  Align=00001  Fill=0000
/Users/rje/git/cc65/lib/cx16.lib(decsp2.o):
    CODE              Offs=0050D1  Size=00000D  Align=00001  Fill=0000
/Users/rje/git/cc65/lib/cx16.lib(decsp4.o):
    CODE              Offs=0050DE  Size=00000D  Align=00001  Fill=0000
/Users/rje/git/cc65/lib/cx16.lib(decsp6.o):
    CODE              Offs=0050EB  Size=00000D  Align=00001  Fill=0000
/Users/rje/git/cc65/lib/cx16.lib(decsp8.o):
    CODE              Offs=0050F8  Size=00000D  Align=00001  Fill=0000
/Users/rje/git/cc65/lib/cx16.lib(div.o):
    CODE              Offs=005105  Size=000015  Align=00001  Fill=0000
/Users/rje/git/cc65/lib/cx16.lib(exehdr.o):
    EXEHDR            Offs=000000  Size=00000C  Align=00001  Fill=0000
/Users/rje/git/cc65/lib/cx16.lib(gotox.o):
    CODE              Offs=00511A  Size=000006  Align=00001  Fill=0000
/Users/rje/git/cc65/lib/cx16.lib(gotoxy.o):
    CODE              Offs=005120  Size=00000F  Align=00001  Fill=0000
/Users/rje/git/cc65/lib/cx16.lib(icmp.o):
    CODE              Offs=00512F  Size=00002E  Align=00001  Fill=0000
/Users/rje/git/cc65/lib/cx16.lib(incax2.o):
    CODE              Offs=00515D  Size=000007  Align=00001  Fill=0000
/Users/rje/git/cc65/lib/cx16.lib(incax3.o):
    CODE              Offs=005164  Size=000005  Align=00001  Fill=0000
/Users/rje/git/cc65/lib/cx16.lib(incax5.o):
    CODE              Offs=005169  Size=000005  Align=00001  Fill=0000
/Users/rje/git/cc65/lib/cx16.lib(incax6.o):
    CODE              Offs=00516E  Size=000005  Align=00001  Fill=0000
/Users/rje/git/cc65/lib/cx16.lib(incax7.o):
    CODE              Offs=005173  Size=000005  Align=00001  Fill=0000
/Users/rje/git/cc65/lib/cx16.lib(incaxy.o):
    CODE              Offs=005178  Size=00000B  Align=00001  Fill=0000
/Users/rje/git/cc65/lib/cx16.lib(incsp1.o):
    CODE              Offs=005183  Size=000007  Align=00001  Fill=0000
/Users/rje/git/cc65/lib/cx16.lib(incsp2.o):
    CODE              Offs=00518A  Size=000015  Align=00001  Fill=0000
/Users/rje/git/cc65/lib/cx16.lib(incsp3.o):
    CODE              Offs=00519F  Size=000005  Align=00001  Fill=0000
/Users/rje/git/cc65/lib/cx16.lib(incsp4.o):
    CODE              Offs=0051A4  Size=000005  Align=00001  Fill=0000
/Users/rje/git/cc65/lib/cx16.lib(incsp5.o):
    CODE              Offs=0051A9  Size=000005  Align=00001  Fill=0000
/Users/rje/git/cc65/lib/cx16.lib(incsp6.o):
    CODE              Offs=0051AE  Size=000005  Align=00001  Fill=0000
/Users/rje/git/cc65/lib/cx16.lib(incsp7.o):
    CODE              Offs=0051B3  Size=000005  Align=00001  Fill=0000
/Users/rje/git/cc65/lib/cx16.lib(kbhit.o):
    CODE              Offs=0051B8  Size=000005  Align=00001  Fill=0000
/Users/rje/git/cc65/lib/cx16.lib(kernal.o):
/Users/rje/git/cc65/lib/cx16.lib(ladd.o):
    CODE              Offs=0051BD  Size=000024  Align=00001  Fill=0000
/Users/rje/git/cc65/lib/cx16.lib(laddeq.o):
    CODE              Offs=0051E1  Size=00002C  Align=00001  Fill=0000
/Users/rje/git/cc65/lib/cx16.lib(laddeqsp.o):
    CODE              Offs=00520D  Size=000023  Align=00001  Fill=0000
/Users/rje/git/cc65/lib/cx16.lib(lcmp.o):
    CODE              Offs=005230  Size=00003B  Align=00001  Fill=0000
/Users/rje/git/cc65/lib/cx16.lib(ldai.o):
    CODE              Offs=00526B  Size=00000C  Align=00001  Fill=0000
/Users/rje/git/cc65/lib/cx16.lib(ldaxi.o):
    CODE              Offs=005277  Size=00000D  Align=00001  Fill=0000
/Users/rje/git/cc65/lib/cx16.lib(ldaxsp.o):
    CODE              Offs=005284  Size=000009  Align=00001  Fill=0000
/Users/rje/git/cc65/lib/cx16.lib(ldeaxi.o):
    CODE              Offs=00528D  Size=000017  Align=00001  Fill=0000
/Users/rje/git/cc65/lib/cx16.lib(ldeaxysp.o):
    CODE              Offs=0052A4  Size=000013  Align=00001  Fill=0000
/Users/rje/git/cc65/lib/cx16.lib(ldiv.o):
    CODE              Offs=0052B7  Size=00001C  Align=00001  Fill=0000
/Users/rje/git/cc65/lib/cx16.lib(leaaxsp.o):
    CODE              Offs=0052D3  Size=00000C  Align=00001  Fill=0000
/Users/rje/git/cc65/lib/cx16.lib(lge.o):
    CODE              Offs=0052DF  Size=000006  Align=00001  Fill=0000
/Users/rje/git/cc65/lib/cx16.lib(lgt.o):
    CODE              Offs=0052E5  Size=000006  Align=00001  Fill=0000
/Users/rje/git/cc65/lib/cx16.lib(linc.o):
    CODE              Offs=0052EB  Size=000011  Align=00001  Fill=0000
/Users/rje/git/cc65/lib/cx16.lib(llt.o):
    CODE              Offs=0052FC  Size=000006  Align=00001  Fill=0000
/Users/rje/git/cc65/lib/cx16.lib(lmul.o):
    CODE              Offs=005302  Size=000059  Align=00001  Fill=0000
/Users/rje/git/cc65/lib/cx16.lib(lneg.o):
    CODE              Offs=00535B  Size=00001E  Align=00001  Fill=0000
/Users/rje/git/cc65/lib/cx16.lib(loadaddr.o):
    LOADADDR          Offs=000000  Size=000002  Align=00001  Fill=0000
/Users/rje/git/cc65/lib/cx16.lib(lor.o):
    CODE              Offs=005379  Size=000021  Align=00001  Fill=0000
/Users/rje/git/cc65/lib/cx16.lib(lpush.o):
    CODE              Offs=00539A  Size=00001E  Align=00001  Fill=0000
/Users/rje/git/cc65/lib/cx16.lib(lshelp.o):
    CODE              Offs=0053B8  Size=000052  Align=00001  Fill=0000
/Users/rje/git/cc65/lib/cx16.lib(lsub.o):
    CODE              Offs=00540A  Size=000024  Align=00001  Fill=0000
/Users/rje/git/cc65/lib/cx16.lib(lsubeq.o):
    CODE              Offs=00542E  Size=000030  Align=00001  Fill=0000
/Users/rje/git/cc65/lib/cx16.lib(ltoa.o):
    CODE              Offs=00545E  Size=000093  Align=00001  Fill=0000
/Users/rje/git/cc65/lib/cx16.lib(ludiv.o):
    CODE              Offs=0054F1  Size=000077  Align=00001  Fill=0000
/Users/rje/git/cc65/lib/cx16.lib(lumod.o):
    CODE              Offs=005568  Size=000017  Align=00001  Fill=0000
/Users/rje/git/cc65/lib/cx16.lib(lxor.o):
    CODE              Offs=00557F  Size=000021  Align=00001  Fill=0000
/Users/rje/git/cc65/lib/cx16.lib(makebool.o):
    CODE              Offs=0055A0  Size=00002C  Align=00001  Fill=0000
/Users/rje/git/cc65/lib/cx16.lib(memcpy.o):
    CODE              Offs=0055CC  Size=00003C  Align=00001  Fill=0000
/Users/rje/git/cc65/lib/cx16.lib(mod.o):
    CODE              Offs=005608  Size=000011  Align=00001  Fill=0000
/Users/rje/git/cc65/lib/cx16.lib(mul.o):
    CODE              Offs=005619  Size=000045  Align=00001  Fill=0000
/Users/rje/git/cc65/lib/cx16.lib(mul8.o):
    CODE              Offs=00565E  Size=00003A  Align=00001  Fill=0000
/Users/rje/git/cc65/lib/cx16.lib(mulax10.o):
    CODE              Offs=005698  Size=000019  Align=00001  Fill=0000
/Users/rje/git/cc65/lib/cx16.lib(mulax3.o):
    CODE              Offs=0056B1  Size=000011  Align=00001  Fill=0000
/Users/rje/git/cc65/lib/cx16.lib(mulax6.o):
    CODE              Offs=0056C2  Size=000016  Align=00001  Fill=0000
/Users/rje/git/cc65/lib/cx16.lib(mulax7.o):
    CODE              Offs=0056D8  Size=000019  Align=00001  Fill=0000
/Users/rje/git/cc65/lib/cx16.lib(mulax9.o):
    CODE              Offs=0056F1  Size=000017  Align=00001  Fill=0000
/Users/rje/git/cc65/lib/cx16.lib(negabs.o):
    CODE              Offs=005708  Size=000012  Align=00001  Fill=0000
/Users/rje/git/cc65/lib/cx16.lib(or.o):
    CODE              Offs=00571A  Size=000011  Align=00001  Fill=0000
/Users/rje/git/cc65/lib/cx16.lib(popa.o):
    CODE              Offs=00572B  Size=00000A  Align=00001  Fill=0000
/Users/rje/git/cc65/lib/cx16.lib(popptr1.o):
    CODE              Offs=005735  Size=00000E  Align=00001  Fill=0000
/Users/rje/git/cc65/lib/cx16.lib(push1.o):
    CODE              Offs=005743  Size=000005  Align=00001  Fill=0000
/Users/rje/git/cc65/lib/cx16.lib(pusha.o):
    CODE              Offs=005748  Size=000016  Align=00001  Fill=0000
/Users/rje/git/cc65/lib/cx16.lib(pushax.o):
    CODE              Offs=00575E  Size=00001A  Align=00001  Fill=0000
/Users/rje/git/cc65/lib/cx16.lib(pushw.o):
    CODE              Offs=005778  Size=00000F  Align=00001  Fill=0000
/Users/rje/git/cc65/lib/cx16.lib(pushwsp.o):
    CODE              Offs=005787  Size=00001C  Align=00001  Fill=0000
/Users/rje/git/cc65/lib/cx16.lib(rand.o):
    CODE              Offs=0057A3  Size=000034  Align=00001  Fill=0000
    DATA              Offs=0001CA  Size=000004  Align=00001  Fill=0000
/Users/rje/git/cc65/lib/cx16.lib(randomize.o):
    CODE              Offs=0057D7  Size=000006  Align=00001  Fill=0000
/Users/rje/git/cc65/lib/cx16.lib(revers.o):
    CODE              Offs=0057DD  Size=000013  Align=00001  Fill=0000
/Users/rje/git/cc65/lib/cx16.lib(shelp.o):
    CODE              Offs=0057F0  Size=000020  Align=00001  Fill=0000
/Users/rje/git/cc65/lib/cx16.lib(shrax1.o):
    CODE              Offs=005810  Size=000008  Align=00001  Fill=0000
/Users/rje/git/cc65/lib/cx16.lib(shrax3.o):
    CODE              Offs=005818  Size=00000E  Align=00001  Fill=0000
/Users/rje/git/cc65/lib/cx16.lib(shrax4.o):
    CODE              Offs=005826  Size=000011  Align=00001  Fill=0000
/Users/rje/git/cc65/lib/cx16.lib(shreax1.o):
    CODE              Offs=005837  Size=00000C  Align=00001  Fill=0000
/Users/rje/git/cc65/lib/cx16.lib(shreax3.o):
    CODE              Offs=005843  Size=00001A  Align=00001  Fill=0000
/Users/rje/git/cc65/lib/cx16.lib(shreax4.o):
    CODE              Offs=00585D  Size=000011  Align=00001  Fill=0000
/Users/rje/git/cc65/lib/cx16.lib(sleep.o):
    CODE              Offs=00586E  Size=000043  Align=00001  Fill=0000
/Users/rje/git/cc65/lib/cx16.lib(sprites_enable.o):
    CODE              Offs=0058B1  Size=00001F  Align=00001  Fill=0000
/Users/rje/git/cc65/lib/cx16.lib(staspidx.o):
    CODE              Offs=0058D0  Size=000016  Align=00001  Fill=0000
/Users/rje/git/cc65/lib/cx16.lib(staxsp.o):
    CODE              Offs=0058E6  Size=00000B  Align=00001  Fill=0000
/Users/rje/git/cc65/lib/cx16.lib(steaxsp.o):
    CODE              Offs=0058F1  Size=000015  Align=00001  Fill=0000
/Users/rje/git/cc65/lib/cx16.lib(steaxspi.o):
    CODE              Offs=005906  Size=000022  Align=00001  Fill=0000
/Users/rje/git/cc65/lib/cx16.lib(strcpy.o):
    CODE              Offs=005928  Size=00001F  Align=00001  Fill=0000
/Users/rje/git/cc65/lib/cx16.lib(strlen.o):
    CODE              Offs=005947  Size=000016  Align=00001  Fill=0000
/Users/rje/git/cc65/lib/cx16.lib(strlower.o):
    CODE              Offs=00595D  Size=000027  Align=00001  Fill=0000
/Users/rje/git/cc65/lib/cx16.lib(strncpy.o):
    CODE              Offs=005984  Size=000042  Align=00001  Fill=0000
/Users/rje/git/cc65/lib/cx16.lib(sub.o):
    CODE              Offs=0059C6  Size=000014  Align=00001  Fill=0000
/Users/rje/git/cc65/lib/cx16.lib(subeqsp.o):
    CODE              Offs=0059DA  Size=000015  Align=00001  Fill=0000
/Users/rje/git/cc65/lib/cx16.lib(subysp.o):
    CODE              Offs=0059EF  Size=00000D  Align=00001  Fill=0000
/Users/rje/git/cc65/lib/cx16.lib(toslong.o):
    CODE              Offs=0059FC  Size=000032  Align=00001  Fill=0000
/Users/rje/git/cc65/lib/cx16.lib(udiv.o):
    CODE              Offs=005A2E  Size=00004F  Align=00001  Fill=0000
/Users/rje/git/cc65/lib/cx16.lib(umod.o):
    CODE              Offs=005A7D  Size=000011  Align=00001  Fill=0000
/Users/rje/git/cc65/lib/cx16.lib(vcprintf.o):
    CODE              Offs=005A8E  Size=000078  Align=00001  Fill=0000
    DATA              Offs=0001CE  Size=000008  Align=00001  Fill=0000
/Users/rje/git/cc65/lib/cx16.lib(zerobss.o):
    CODE              Offs=005B06  Size=000023  Align=00001  Fill=0000
/Users/rje/git/cc65/lib/cx16.lib(zeropage.o):
    ZEROPAGE          Offs=000000  Size=00001A  Align=00001  Fill=0000


Segment list:
-------------
Name                   Start     End    Size  Align
----------------------------------------------------
ZEROPAGE              000022  00003B  00001A  00001
LOADADDR              0007FF  000800  000002  00001
EXEHDR                000801  00080C  00000C  00001
STARTUP               00080D  00082D  000021  00001
CODE                  00082E  006356  005B29  00001
RODATA                006357  0075FC  0012A6  00001
DATA                  0075FD  0077D2  0001D6  00001
INIT                  0077D3  0077D4  000002  00001
BSS                   0077D5  0088DF  00110B  00001
ONCE                  0077D5  00780F  00003B  00001


Exports list by name:
---------------------
BSOUT                     00FFD2 RLA    CHROUT                    00FFD2 RLA    
ENTROPY_GET               00FECF RLA    GETIN                     00FFE4 RLA    
KBDBUF_PEEK               00FEBD RLA    LOAD                      00FFD5 RLA    
PLOT                      00FFF0 RLA    RDTIM                     00FFDE RLA    
SETLFS                    00FFBA RLA    SETNAM                    00FFBD RLA    
SETTIM                    00FFDB RLA    __BSS_RUN__               0077D5 RLA    
__BSS_SIZE__              00110B REA    __CONSTRUCTOR_COUNT__     000002 REA    
__CONSTRUCTOR_TABLE__     00780C RLA    __DESTRUCTOR_COUNT__      000000 REA    
__DESTRUCTOR_TABLE__      0075FD RLA    __EXEHDR__                000001 REA    
__HEADER_LAST__           00080D RLA    __HIMEM__                 009F00 REA    
__LOADADDR__              000001 REA    __MAIN_SIZE__             0096F3 REA    
__MAIN_START__            00080D RLA    __ONCE_RUN__              0077D5 RLA    
__STACKSIZE__             000800 REA    __STARTUP__               000001 REA    
__ctype                   007572 RLA    __ctypeidx                00757D RLA    
__heapend                 007795 RLA    __heapfirst               007797 RLA    
__heapmemavail            00520C RLA    __heapptr                 007793 RLA    
__hextab                  00754E RLA    __longminstr              00755E RLA    
__oserror                 0088B3 RLA    __printf                  00534D RLA    
__randomize               006005 RLA    _abs                      005F36 RLA    
_admin                    007607 RLA    _astrogator               007608 RLA    
_bookPassengersAndPayCrew 002B7A RLA    _burtle32                 000F3F RLA    
_cargo                    007832 RLA    _cbm_k_bsout              00FFD2 RLA    
_cbm_k_load               0056CF RLA    _cbm_k_setlfs             0056EC RLA    
_cbm_k_setnam             0056FA RLA    _cclear                   005729 RLA    
_cclearxy                 005724 RLA    _cgetc                    005739 RLA    
_chline                   0057A5 RLA    _chlinexy                 0057A0 RLA    
_clearComponentState      000BA0 RLA    _clock                    0057BC RLA    
_clrscr                   0057C4 RLA    _common_loadCharacterSet  000F51 RLA    
_cost                     007D93 RLA    _cprintf                  00580B RLA    
_cputc                    00583A RLA    _cputcxy                  005835 RLA    
_cputs                    0058A1 RLA    _cputsxy                  005897 RLA    
_current                  007878 RLA    _damage_ship              0011DB RLA    
_destination              0078BE RLA    _diceRoll                 0011A9 RLA    
_diceRoll2d               001146 RLA    _diceRoll3d               00116E RLA    
_drawPanel                002A11 RLA    _drawWorld                004AE2 RLA    
_engineer                 007609 RLA    _findHighestSkillFor      0012E6 RLA    
_getEmplacementName       00124E RLA    _getHoldFree              003FBB RLA    
_getStatusLabel           000C27 RLA    _getWeaponName            0012C2 RLA    
_getWorld                 004C2B RLA    _gotox                    005948 RLA    
_gotoxy                   005951 RLA    _greenline                00106A RLA    
_gunner                   00760A RLA    _hcr                      0075FF RLA    
_hire                     0012D4 RLA    _insystem_headForJumpPoint 001B3F RLA    
_jamison                  007D84 RLA    _jump                     001D51 RLA    
_jumpmapSetDestination    002003 RLA    _jumpmapShow              001F60 RLA    
_kbhit                    0059E6 RLA    _landAtShipyard           003578 RLA    
_landAtStarport           003AEF RLA    _liaison                  00760B RLA    
_ltoa                     005CA4 RLA    _main                     000ACD RLA    
_maneuver                 0026D1 RLA    _medic                    00760C RLA    
_memcpy                   005DFA RLA    _menu_run                 0027CB RLA    
_name_generate            002929 RLA    _parsecDistance           000FB9 RLA    
_pay_period               007831 RLA    _pilot                    00760D RLA    
_playerAchievementLevel   0075FD RLA    _playerDifficultyLevel    0075FE RLA    
_pressReturnAndClear      00111E RLA    _printAlarmBar            000BB6 RLA    
_printBankedText          000D4E RLA    _rand                     005FDD RLA    
_readShip                 003534 RLA    _redline                  001060 RLA    
_revers                   00600B RLA    _setBank                  000F78 RLA    
_setWorldSurveyed         004E2E RLA    _ship                     0077D5 RLA    
_shipDamage               00781B RLA    _shipState                007805 RLA    
_ship_combatStrength      0034C2 RLA    _ship_describe            00320F RLA    
_ship_init                0031FA RLA    _ship_loadImageFromIndex  003350 RLA    
_showCurrentLocation      002665 RLA    _showShipSummary          0030E9 RLA    
_sleep                    00609C RLA    _sprite_define            0037E8 RLA    
_sprite_loadToVERA        0037BF RLA    _srand                    005FD1 RLA    
_starport                 007905 RLA    _statusLine               001088 RLA    
_steward                  00760E RLA    _strcpy                   006156 RLA    
_streetwise               00760F RLA    _strlen                   006175 RLA    
_strlower                 00618B RLA    _strncpy                  0061B2 RLA    
_survey                   003E99 RLA    _textcolor                0057D5 RLA    
_titleLine                001074 RLA    _toDefaultColor           0010E4 RLA    
_trade_calculateMarketPrices 004011 RLA    _trade_speculate          0041CC RLA    
_trade_stealAllCargo      004244 RLA    _ultoa                    005CE3 RLA    
_vcprintf                 006304 RLA    _vera_sprites_enable      0060DF RLA    
_wilderness_refuel        004758 RLA    _world_describe           004CFA RLA    
_world_drawPlanetoid      004ECA RLA    _world_setGasGiantPalette 004AA2 RLA    
_world_setRockballPalette 004AAD RLA    addeq0sp                  005617 RLA    
addeqysp                  005619 RLA    addysp                    005629 RLA    
addysp1                   005628 RLA    aslax1                    005636 RLA    
aslax2                    00563E RLA    aslax3                    005649 RLA    
aslax4                    005657 RLA    asrax1                    00569F RLA    
asrax4                    0056A9 RLA    axlong                    0056C2 RLA    
axulong                   0056C8 RLA    booleq                    005DD4 RLA    
boolge                    005DE5 RLA    boolgt                    005DE3 RLA    
boollt                    005DDD RLA    boolule                   005DEB RLA    
callmain                  00570D RLA    chlinechar                000040 REZ    
cputdirect                00584D RLA    ctypemaskdirect           0058BE RLA    
cursor                    0088B2 RLA    decax1                    0058D8 RLA    
decax2                    0058DF RLA    decax3                    0058E6 RLA    
decaxy                    0058ED RLA    decsp1                    0058F6 RLA    
decsp2                    0058FF RLA    decsp4                    00590C RLA    
decsp6                    005919 RLA    decsp8                    005926 RLA    
donelib                   0057FF RLA    getlop                    005D2E RLA    
gotoxy                    00594E RLA    incax2                    00598B RLA    
incax3                    005992 RLA    incax4                    0059A6 RLA    
incax5                    005997 RLA    incax6                    00599C RLA    
incax7                    0059A1 RLA    incaxy                    0059A8 RLA    
inceaxy                   005B19 RLA    incsp1                    0059B1 RLA    
incsp2                    0059BF RLA    incsp3                    0059CD RLA    
incsp4                    0059D2 RLA    incsp5                    0059D7 RLA    
incsp6                    0059DC RLA    incsp7                    0059E1 RLA    
initclock                 0057B5  LAI   initheap                  0077D5  LAI   
initlib                   0077E5 RLA    laddeq                    005A17 RLA    
laddeq0sp                 005A3B RLA    ldaidx                    005A99 RLA    
ldax0sp                   005AB2 RLA    ldaxi                     005AA5 RLA    
ldaxidx                   005AA7 RLA    ldaxysp                   005AB4 RLA    
ldeax0sp                  005AD2 RLA    ldeaxi                    005ABB RLA    
ldeaxidx                  005ABD RLA    ldeaxysp                  005AD4 RLA    
leaa0sp                   005B01 RLA    leaaxsp                   005B03 RLA    
lsubeq                    005C64 RLA    mul8x16                   005E8E RLA    
mul8x16a                  005E98 RLA    mulax10                   005EC6 RLA    
mulax3                    005EDF RLA    mulax6                    005EF0 RLA    
mulax7                    005F06 RLA    mulax9                    005F1F RLA    
negax                     005F3A RLA    negeax                    005B89 RLA    
plot                      005866 RLA    popa                      005F59 RLA    
popax                     0059B8 RLA    poplsargs                 005BE6 RLA    
popptr1                   005F63 RLA    popsargsudiv16            00601E RLA    
ptr1                      00002A RLZ    ptr2                      00002C RLZ    
ptr3                      00002E RLZ    ptr4                      000030 RLZ    
push0                     005F8C RLA    push1                     005F71 RLA    
pusha                     005F7A RLA    pusha0                    005F8E RLA    
pushax                    005F90 RLA    pusheax                   005BCF RLA    
pushl0                    005BC8 RLA    pushw                     005FA6 RLA    
pushw0sp                  005FB5 RLA    pushwysp                  005FB7 RLA    
regbank                   000036 RLZ    shlax1                    005636 RLA    
shlax2                    00563E RLA    shlax4                    005657 RLA    
shleax1                   005668 RLA    shleax3                   005674 RLA    
shleax4                   00568E RLA    shrax1                    00603E RLA    
shrax3                    006046 RLA    shrax4                    006054 RLA    
shreax1                   006065 RLA    shreax3                   006071 RLA    
shreax4                   00608B RLA    sp                        000022 RLZ    
sreg                      000024 RLZ    staspidx                  0060FE RLA    
stax0sp                   006114 RLA    staxysp                   006116 RLA    
steax0sp                  00611F RLA    steaxspidx                006134 RLA    
steaxysp                  006121 RLA    subeq0sp                  006208 RLA    
subeqysp                  00620A RLA    subysp                    00621D RLA    
tmp1                      000032 RLZ    tmp2                      000033 RLZ    
tmp3                      000034 RLZ    tmp4                      000035 RLZ    
tosadd0ax                 0059EB RLA    tosaddax                  005601 RLA    
tosaddeax                 0059F1 RLA    tosdiv0ax                 005AE5 RLA    
tosdiva0                  005933 RLA    tosdivax                  005935 RLA    
tosgeeax                  005B0D RLA    tosgteax                  005B13 RLA    
tosicmp                   00595F RLA    tosicmp0                  00595D RLA    
toslcmp                   005A5E RLA    toslteax                  005B2A RLA    
tosmoda0                  005E36 RLA    tosmodax                  005E38 RLA    
tosmul0ax                 005B30 RLA    tosmula0                  005E8C RLA    
tosmulax                  005E47 RLA    tosmuleax                 005B34 RLA    
tosorax                   005F4A RLA    tosoreax                  005BAB RLA    
tossuba0                  0061F4 RLA    tossubax                  0061F6 RLA    
tossubeax                 005C3C RLA    tosudiva0                 00625C RLA    
tosulong                  00622A RLA    tosumod0ax                005D96 RLA    
tosumoda0                 0062AB RLA    tosumul0ax                005B30 RLA    
tosumula0                 005E8C RLA    tosumulax                 005E47 RLA    
tosumuleax                005B34 RLA    tosxoreax                 005DB1 RLA    
udiv16                    00626D RLA    udiv32                    005D51 RLA    
zerobss                   006334 RLA    


Exports list by value:
----------------------
__DESTRUCTOR_COUNT__      000000 REA    __EXEHDR__                000001 REA    
__STARTUP__               000001 REA    __LOADADDR__              000001 REA    
__CONSTRUCTOR_COUNT__     000002 REA    sp                        000022 RLZ    
sreg                      000024 RLZ    ptr1                      00002A RLZ    
ptr2                      00002C RLZ    ptr3                      00002E RLZ    
ptr4                      000030 RLZ    tmp1                      000032 RLZ    
tmp2                      000033 RLZ    tmp3                      000034 RLZ    
tmp4                      000035 RLZ    regbank                   000036 RLZ    
chlinechar                000040 REZ    __STACKSIZE__             000800 REA    
__MAIN_START__            00080D RLA    __HEADER_LAST__           00080D RLA    
_main                     000ACD RLA    _clearComponentState      000BA0 RLA    
_printAlarmBar            000BB6 RLA    _getStatusLabel           000C27 RLA    
_printBankedText          000D4E RLA    _burtle32                 000F3F RLA    
_common_loadCharacterSet  000F51 RLA    _setBank                  000F78 RLA    
_parsecDistance           000FB9 RLA    _redline                  001060 RLA    
_greenline                00106A RLA    _titleLine                001074 RLA    
_statusLine               001088 RLA    _toDefaultColor           0010E4 RLA    
__BSS_SIZE__              00110B REA    _pressReturnAndClear      00111E RLA    
_diceRoll2d               001146 RLA    _diceRoll3d               00116E RLA    
_diceRoll                 0011A9 RLA    _damage_ship              0011DB RLA    
_getEmplacementName       00124E RLA    _getWeaponName            0012C2 RLA    
_hire                     0012D4 RLA    _findHighestSkillFor      0012E6 RLA    
_insystem_headForJumpPoint 001B3F RLA    _jump                     001D51 RLA    
_jumpmapShow              001F60 RLA    _jumpmapSetDestination    002003 RLA    
_showCurrentLocation      002665 RLA    _maneuver                 0026D1 RLA    
_menu_run                 0027CB RLA    _name_generate            002929 RLA    
_drawPanel                002A11 RLA    _bookPassengersAndPayCrew 002B7A RLA    
_showShipSummary          0030E9 RLA    _ship_init                0031FA RLA    
_ship_describe            00320F RLA    _ship_loadImageFromIndex  003350 RLA    
_ship_combatStrength      0034C2 RLA    _readShip                 003534 RLA    
_landAtShipyard           003578 RLA    _sprite_loadToVERA        0037BF RLA    
_sprite_define            0037E8 RLA    _landAtStarport           003AEF RLA    
_survey                   003E99 RLA    _getHoldFree              003FBB RLA    
_trade_calculateMarketPrices 004011 RLA    _trade_speculate          0041CC RLA    
_trade_stealAllCargo      004244 RLA    _wilderness_refuel        004758 RLA    
_world_setGasGiantPalette 004AA2 RLA    _world_setRockballPalette 004AAD RLA    
_drawWorld                004AE2 RLA    _getWorld                 004C2B RLA    
_world_describe           004CFA RLA    _setWorldSurveyed         004E2E RLA    
_world_drawPlanetoid      004ECA RLA    __heapmemavail            00520C RLA    
__printf                  00534D RLA    tosaddax                  005601 RLA    
addeq0sp                  005617 RLA    addeqysp                  005619 RLA    
addysp1                   005628 RLA    addysp                    005629 RLA    
aslax1                    005636 RLA    shlax1                    005636 RLA    
aslax2                    00563E RLA    shlax2                    00563E RLA    
aslax3                    005649 RLA    aslax4                    005657 RLA    
shlax4                    005657 RLA    shleax1                   005668 RLA    
shleax3                   005674 RLA    shleax4                   00568E RLA    
asrax1                    00569F RLA    asrax4                    0056A9 RLA    
axlong                    0056C2 RLA    axulong                   0056C8 RLA    
_cbm_k_load               0056CF RLA    _cbm_k_setlfs             0056EC RLA    
_cbm_k_setnam             0056FA RLA    callmain                  00570D RLA    
_cclearxy                 005724 RLA    _cclear                   005729 RLA    
_cgetc                    005739 RLA    _chlinexy                 0057A0 RLA    
_chline                   0057A5 RLA    initclock                 0057B5  LAI   
_clock                    0057BC RLA    _clrscr                   0057C4 RLA    
_textcolor                0057D5 RLA    donelib                   0057FF RLA    
_cprintf                  00580B RLA    _cputcxy                  005835 RLA    
_cputc                    00583A RLA    cputdirect                00584D RLA    
plot                      005866 RLA    _cputsxy                  005897 RLA    
_cputs                    0058A1 RLA    ctypemaskdirect           0058BE RLA    
decax1                    0058D8 RLA    decax2                    0058DF RLA    
decax3                    0058E6 RLA    decaxy                    0058ED RLA    
decsp1                    0058F6 RLA    decsp2                    0058FF RLA    
decsp4                    00590C RLA    decsp6                    005919 RLA    
decsp8                    005926 RLA    tosdiva0                  005933 RLA    
tosdivax                  005935 RLA    _gotox                    005948 RLA    
gotoxy                    00594E RLA    _gotoxy                   005951 RLA    
tosicmp0                  00595D RLA    tosicmp                   00595F RLA    
incax2                    00598B RLA    incax3                    005992 RLA    
incax5                    005997 RLA    incax6                    00599C RLA    
incax7                    0059A1 RLA    incax4                    0059A6 RLA    
incaxy                    0059A8 RLA    incsp1                    0059B1 RLA    
popax                     0059B8 RLA    incsp2                    0059BF RLA    
incsp3                    0059CD RLA    incsp4                    0059D2 RLA    
incsp5                    0059D7 RLA    incsp6                    0059DC RLA    
incsp7                    0059E1 RLA    _kbhit                    0059E6 RLA    
tosadd0ax                 0059EB RLA    tosaddeax                 0059F1 RLA    
laddeq                    005A17 RLA    laddeq0sp                 005A3B RLA    
toslcmp                   005A5E RLA    ldaidx                    005A99 RLA    
ldaxi                     005AA5 RLA    ldaxidx                   005AA7 RLA    
ldax0sp                   005AB2 RLA    ldaxysp                   005AB4 RLA    
ldeaxi                    005ABB RLA    ldeaxidx                  005ABD RLA    
ldeax0sp                  005AD2 RLA    ldeaxysp                  005AD4 RLA    
tosdiv0ax                 005AE5 RLA    leaa0sp                   005B01 RLA    
leaaxsp                   005B03 RLA    tosgeeax                  005B0D RLA    
tosgteax                  005B13 RLA    inceaxy                   005B19 RLA    
toslteax                  005B2A RLA    tosmul0ax                 005B30 RLA    
tosumul0ax                005B30 RLA    tosmuleax                 005B34 RLA    
tosumuleax                005B34 RLA    negeax                    005B89 RLA    
tosoreax                  005BAB RLA    pushl0                    005BC8 RLA    
pusheax                   005BCF RLA    poplsargs                 005BE6 RLA    
tossubeax                 005C3C RLA    lsubeq                    005C64 RLA    
_ltoa                     005CA4 RLA    _ultoa                    005CE3 RLA    
getlop                    005D2E RLA    udiv32                    005D51 RLA    
tosumod0ax                005D96 RLA    tosxoreax                 005DB1 RLA    
booleq                    005DD4 RLA    boollt                    005DDD RLA    
boolgt                    005DE3 RLA    boolge                    005DE5 RLA    
boolule                   005DEB RLA    _memcpy                   005DFA RLA    
tosmoda0                  005E36 RLA    tosmodax                  005E38 RLA    
tosumulax                 005E47 RLA    tosmulax                  005E47 RLA    
tosmula0                  005E8C RLA    tosumula0                 005E8C RLA    
mul8x16                   005E8E RLA    mul8x16a                  005E98 RLA    
mulax10                   005EC6 RLA    mulax3                    005EDF RLA    
mulax6                    005EF0 RLA    mulax7                    005F06 RLA    
mulax9                    005F1F RLA    _abs                      005F36 RLA    
negax                     005F3A RLA    tosorax                   005F4A RLA    
popa                      005F59 RLA    popptr1                   005F63 RLA    
push1                     005F71 RLA    pusha                     005F7A RLA    
push0                     005F8C RLA    pusha0                    005F8E RLA    
pushax                    005F90 RLA    pushw                     005FA6 RLA    
pushw0sp                  005FB5 RLA    pushwysp                  005FB7 RLA    
_srand                    005FD1 RLA    _rand                     005FDD RLA    
__randomize               006005 RLA    _revers                   00600B RLA    
popsargsudiv16            00601E RLA    shrax1                    00603E RLA    
shrax3                    006046 RLA    shrax4                    006054 RLA    
shreax1                   006065 RLA    shreax3                   006071 RLA    
shreax4                   00608B RLA    _sleep                    00609C RLA    
_vera_sprites_enable      0060DF RLA    staspidx                  0060FE RLA    
stax0sp                   006114 RLA    staxysp                   006116 RLA    
steax0sp                  00611F RLA    steaxysp                  006121 RLA    
steaxspidx                006134 RLA    _strcpy                   006156 RLA    
_strlen                   006175 RLA    _strlower                 00618B RLA    
_strncpy                  0061B2 RLA    tossuba0                  0061F4 RLA    
tossubax                  0061F6 RLA    subeq0sp                  006208 RLA    
subeqysp                  00620A RLA    subysp                    00621D RLA    
tosulong                  00622A RLA    tosudiva0                 00625C RLA    
udiv16                    00626D RLA    tosumoda0                 0062AB RLA    
_vcprintf                 006304 RLA    zerobss                   006334 RLA    
__hextab                  00754E RLA    __longminstr              00755E RLA    
__ctype                   007572 RLA    __ctypeidx                00757D RLA    
_playerAchievementLevel   0075FD RLA    __DESTRUCTOR_TABLE__      0075FD RLA    
_playerDifficultyLevel    0075FE RLA    _hcr                      0075FF RLA    
_admin                    007607 RLA    _astrogator               007608 RLA    
_engineer                 007609 RLA    _gunner                   00760A RLA    
_liaison                  00760B RLA    _medic                    00760C RLA    
_pilot                    00760D RLA    _steward                  00760E RLA    
_streetwise               00760F RLA    __heapptr                 007793 RLA    
__heapend                 007795 RLA    __heapfirst               007797 RLA    
__BSS_RUN__               0077D5 RLA    __ONCE_RUN__              0077D5 RLA    
_ship                     0077D5 RLA    initheap                  0077D5  LAI   
initlib                   0077E5 RLA    _shipState                007805 RLA    
__CONSTRUCTOR_TABLE__     00780C RLA    _shipDamage               00781B RLA    
_pay_period               007831 RLA    _cargo                    007832 RLA    
_current                  007878 RLA    _destination              0078BE RLA    
_starport                 007905 RLA    _jamison                  007D84 RLA    
_cost                     007D93 RLA    cursor                    0088B2 RLA    
__oserror                 0088B3 RLA    __MAIN_SIZE__             0096F3 REA    
__HIMEM__                 009F00 REA    KBDBUF_PEEK               00FEBD RLA    
ENTROPY_GET               00FECF RLA    SETLFS                    00FFBA RLA    
SETNAM                    00FFBD RLA    CHROUT                    00FFD2 RLA    
BSOUT                     00FFD2 RLA    _cbm_k_bsout              00FFD2 RLA    
LOAD                      00FFD5 RLA    SETTIM                    00FFDB RLA    
RDTIM                     00FFDE RLA    GETIN                     00FFE4 RLA    
PLOT                      00FFF0 RLA    


Imports list:
-------------
BSOUT (kernal.o):
    c_bsout.o                 cbm/cbm.inc:49
CHROUT (kernal.o):
    crt0.o                    cx16/crt0.s:10
    clrscr.o                  cx16/clrscr.s:10
    c_bsout.o                 cbm/cbm.inc:50
ENTROPY_GET (kernal.o):
    randomize.o               cx16/randomize.s:10
GETIN (kernal.o):
    cgetc.o                   cx16/cgetc.s:10
KBDBUF_PEEK (kernal.o):
    kbhit.o                   cx16/kbhit.s:10
LOAD (kernal.o):
    c_load.o                  cbm/cbm.inc:37
PLOT (kernal.o):
    cputc.o                   cx16/cputc.s:11
RDTIM (kernal.o):
    clock.o                   cx16/clock.s:11
SETLFS (kernal.o):
    c_setlfs.o                cbm/cbm.inc:33
SETNAM (kernal.o):
    c_setnam.o                cbm/cbm.inc:34
SETTIM (kernal.o):
    clock.o                   cx16/clock.s:11
__BSS_RUN__ ([linker generated]):
    _heap.o                   common/_heap.s:8
    zerobss.o                 common/zerobss.s:8
__BSS_SIZE__ ([linker generated]):
    _heap.o                   common/_heap.s:8
    zerobss.o                 common/zerobss.s:8
__CONSTRUCTOR_COUNT__ ([linker generated]):
    condes.o                  runtime/condes.s:18
__CONSTRUCTOR_TABLE__ ([linker generated]):
    condes.o                  runtime/condes.s:18
__DESTRUCTOR_COUNT__ ([linker generated]):
    condes.o                  runtime/condes.s:19
__DESTRUCTOR_TABLE__ ([linker generated]):
    condes.o                  runtime/condes.s:19
__EXEHDR__ (exehdr.o):
    [linker generated]        /Users/rje/git/cc65/cfg/cx16.cfg:6
__HEADER_LAST__ ([linker generated]):
    [linker generated]        /Users/rje/git/cc65/cfg/cx16.cfg:14
    [linker generated]        /Users/rje/git/cc65/cfg/cx16.cfg:14
__HIMEM__ ([linker generated]):
    [linker generated]        /Users/rje/git/cc65/cfg/cx16.cfg:15
    [linker generated]        /Users/rje/git/cc65/cfg/cx16.cfg:14
__LOADADDR__ (loadaddr.o):
    [linker generated]        /Users/rje/git/cc65/cfg/cx16.cfg:5
__MAIN_SIZE__ ([linker generated]):
    crt0.o                    cx16/crt0.s:11
__MAIN_START__ ([linker generated]):
    crt0.o                    cx16/crt0.s:11
__ONCE_RUN__ ([linker generated]):
    [linker generated]        /Users/rje/git/cc65/cfg/cx16.cfg:15
    [linker generated]        /Users/rje/git/cc65/cfg/cx16.cfg:15
__STACKSIZE__ ([linker generated]):
    _heap.o                   common/_heap.s:8
    [linker generated]        /Users/rje/git/cc65/cfg/cx16.cfg:15
__STARTUP__ (crt0.o):
    main.o                    main.s:13
__ctype (ctype.o):
    ctypemask.o               common/ctypemask.s:23
__ctypeidx (ctype.o):
    ctypemask.o               common/ctypemask.s:24
__heapend (_heap.o):
    _heapmemavail.o           /Users/rje/git/cc65/asminc/_heap.inc:33
__heapfirst (_heap.o):
    _heapmemavail.o           /Users/rje/git/cc65/asminc/_heap.inc:34
__heapmemavail (_heapmemavail.o):
    common.o                  common.s:13
__heapptr (_heap.o):
    _heapmemavail.o           /Users/rje/git/cc65/asminc/_heap.inc:32
__hextab (_hextab.o):
    ltoa.o                    common/ltoa.s:10
__longminstr (_longminstr.o):
    ltoa.o                    common/ltoa.s:10
__oserror (_oserror.o):
    c_load.o                  cbm/c_load.s:10
__printf (_printf.o):
    vcprintf.o                conio/vcprintf.s:9
__randomize (randomize.o):
    hiring_hall.o             hiring_hall.s:22
_abs (negabs.o):
    passengers.o              passengers.s:20
    common.o                  common.s:14
_admin (main.o):
    passengers.o              passengers.s:33
_astrogator (main.o):
    passengers.o              passengers.s:34
    jump.o                    jump.s:31
_bookPassengersAndPayCrew (passengers.o):
    jump.o                    jump.s:28
_burtle32 (burtle_jsf32.o):
    trade.o                   trade.s:30
    common.o                  common.s:41
_cargo (main.o):
    trade.o                   trade.s:33
_cbm_k_bsout (c_bsout.o):
    jump.o                    jump.s:13
    bankedText.o              bankedText.s:13
    alarm.o                   alarm.s:13
    main.o                    main.s:15
_cbm_k_load (c_load.o):
    sprite.o                  sprite.s:13
    common.o                  common.s:15
_cbm_k_setlfs (c_setlfs.o):
    sprite.o                  sprite.s:14
    common.o                  common.s:16
_cbm_k_setnam (c_setnam.o):
    sprite.o                  sprite.s:15
    common.o                  common.s:17
_cclear (cclear.o):
    trade.o                   trade.s:21
_cclearxy (cclear.o):
    starport.o                starport.s:20
    jump-map.o                jump-map.s:20
_cgetc (cgetc.o):
    wilderness.o              wilderness.s:19
    trade.o                   trade.s:18
    survey.o                  survey.s:18
    starport.o                starport.s:17
    shipyard.o                shipyard.s:17
    menu.o                    menu.s:17
    jump-map.o                jump-map.s:17
    insystem.o                insystem.s:17
    hiring_hall.o             hiring_hall.s:17
    common.o                  common.s:23
_chline (chline.o):
    jump-map.o                jump-map.s:19
    common.o                  common.s:25
_chlinexy (chline.o):
    hiring_hall.o             hiring_hall.s:19
    common.o                  common.s:26
_clearComponentState (alarm.o):
    starport.o                starport.s:27
_clock (clock.o):
    sleep.o                   ../libwrk/cx16/sleep.s:13
    burtle_jsf32.o            burtle_jsf32.s:13
_clrscr (clrscr.o):
    wilderness.o              wilderness.s:13
    trade.o                   trade.s:13
    survey.o                  survey.s:13
    starport.o                starport.s:13
    shipyard.o                shipyard.s:13
    passengers.o              passengers.s:13
    maneuver-map.o            maneuver-map.s:13
    jump.o                    jump.s:14
    insystem.o                insystem.s:14
    hiring_hall.o             hiring_hall.s:13
    common.o                  common.s:18
    main.o                    main.s:16
_common_loadCharacterSet (common.o):
    main.o                    main.s:20
_cost (alarm.o):
    starport.o                starport.s:38
_cprintf (cprintf.o):
    world.o                   world.s:17
    trade.o                   trade.s:17
    survey.o                  survey.s:17
    starport.o                starport.s:16
    ship.o                    ship.s:14
    passengers.o              passengers.s:17
    jump-map.o                jump-map.s:16
    jump.o                    jump.s:18
    hiring_hall.o             hiring_hall.s:16
    common.o                  common.s:22
    alarm.o                   alarm.s:16
_cputc (cputc.o):
    vcprintf.o                conio/vcprintf.s:9
    cputs.o                   conio/cputs.s:9
    world.o                   world.s:14
    wilderness.o              wilderness.s:15
    menu.o                    menu.s:14
    bankedText.o              bankedText.s:14
_cputcxy (cputc.o):
    world.o                   world.s:15
    wilderness.o              wilderness.s:16
    panel.o                   panel.s:13
    menu.o                    menu.s:15
    jump-map.o                jump-map.s:14
    jump.o                    jump.s:16
_cputs (cputs.o):
    world.o                   world.s:16
    wilderness.o              wilderness.s:17
    trade.o                   trade.s:15
    shipyard.o                shipyard.s:15
    ship.o                    ship.s:13
    passengers.o              passengers.s:16
    menu.o                    menu.s:16
    maneuver-map.o            maneuver-map.s:15
    hiring_hall.o             hiring_hall.s:14
    damage.o                  damage.s:14
    bankedText.o              bankedText.s:15
_cputsxy (cputs.o):
    wilderness.o              wilderness.s:18
    trade.o                   trade.s:16
    survey.o                  survey.s:16
    starport.o                starport.s:15
    shipyard.o                shipyard.s:16
    panel.o                   panel.s:14
    maneuver-map.o            maneuver-map.s:16
    jump-map.o                jump-map.s:15
    jump.o                    jump.s:17
    insystem.o                insystem.s:16
    hiring_hall.o             hiring_hall.s:15
    common.o                  common.s:21
    alarm.o                   alarm.s:15
    main.o                    main.s:18
_current (main.o):
    wilderness.o              wilderness.s:30
    trade.o                   trade.s:32
    survey.o                  survey.s:26
    shipyard.o                shipyard.s:28
    passengers.o              passengers.s:29
    maneuver-map.o            maneuver-map.s:24
    jump-map.o                jump-map.s:35
    jump.o                    jump.s:32
    insystem.o                insystem.s:29
_damage_ship (damage.o):
    insystem.o                insystem.s:27
_destination (main.o):
    passengers.o              passengers.s:30
    maneuver-map.o            maneuver-map.s:25
    jump-map.o                jump-map.s:36
    jump.o                    jump.s:33
_diceRoll (common.o):
    trade.o                   trade.s:25
_diceRoll2d (common.o):
    survey.o                  survey.s:21
    hiring_hall.o             hiring_hall.s:26
_diceRoll3d (common.o):
    survey.o                  survey.s:22
    hiring_hall.o             hiring_hall.s:27
_drawPanel (panel.o):
    starport.o                starport.s:32
    maneuver-map.o            maneuver-map.s:23
    main.o                    main.s:41
_drawWorld (world.o):
    wilderness.o              wilderness.s:25
_engineer (main.o):
    passengers.o              passengers.s:35
_findHighestSkillFor (hiring_hall.o):
    main.o                    main.s:32
_getEmplacementName (emplacement.o):
    starport.o                starport.s:30
_getHoldFree (trade.o):
    passengers.o              passengers.s:26
_getStatusLabel (alarm.o):
    starport.o                starport.s:29
_getWeaponName (emplacement.o):
    starport.o                starport.s:31
_getWorld (world.o):
    jump-map.o                jump-map.s:32
    jump.o                    jump.s:27
    main.o                    main.s:28
_gotox (gotox.o):
    trade.o                   trade.s:14
    survey.o                  survey.s:14
    passengers.o              passengers.s:14
    common.o                  common.s:19
_gotoxy (gotoxy.o):
    world.o                   world.s:13
    wilderness.o              wilderness.s:14
    survey.o                  survey.s:15
    starport.o                starport.s:14
    shipyard.o                shipyard.s:14
    passengers.o              passengers.s:15
    menu.o                    menu.s:13
    maneuver-map.o            maneuver-map.s:14
    jump-map.o                jump-map.s:13
    jump.o                    jump.s:15
    insystem.o                insystem.s:15
    common.o                  common.s:20
    alarm.o                   alarm.s:14
    main.o                    main.s:17
_greenline (common.o):
    passengers.o              passengers.s:21
_gunner (main.o):
    passengers.o              passengers.s:36
_hcr (main.o):
    trade.o                   trade.s:35
    survey.o                  survey.s:28
    starport.o                starport.s:35
    passengers.o              passengers.s:32
_hire (hiring_hall.o):
    main.o                    main.s:31
_insystem_headForJumpPoint (insystem.o):
    jump.o                    jump.s:29
_jamison (main.o):
    jump-map.o                jump-map.s:37
_jump (jump.o):
    main.o                    main.s:26
_jumpmapSetDestination (jump-map.o):
    main.o                    main.s:34
_jumpmapShow (jump-map.o):
    main.o                    main.s:33
_kbhit (kbhit.o):
    cgetc.o                   cx16/cgetc.s:10
_landAtShipyard (shipyard.o):
    main.o                    main.s:29
_landAtStarport (starport.o):
    main.o                    main.s:30
_liaison (main.o):
    passengers.o              passengers.s:37
_ltoa (ltoa.o):
    _printf.o                 common/_printf.s:12
_main (main.o):
    callmain.o                runtime/callmain.s:11
_maneuver (maneuver-map.o):
    main.o                    main.s:38
_medic (main.o):
    passengers.o              passengers.s:38
_memcpy (memcpy.o):
    world.o                   world.s:1526
    trade.o                   trade.s:1144
    ship.o                    ship.s:751
    hiring_hall.o             hiring_hall.s:21
_menu_run (menu.o):
    maneuver-map.o            maneuver-map.s:22
    main.o                    main.s:40
_name_generate (name.o):
    hiring_hall.o             hiring_hall.s:30
_parsecDistance (common.o):
    jump-map.o                jump-map.s:25
    jump.o                    jump.s:24
_pay_period (main.o):
    wilderness.o              wilderness.s:31
    survey.o                  survey.s:27
    passengers.o              passengers.s:31
    jump.o                    jump.s:37
    hiring_hall.o             hiring_hall.s:31
_pilot (main.o):
    passengers.o              passengers.s:39
_playerAchievementLevel (main.o):
    world.o                   world.s:31
    wilderness.o              wilderness.s:32
    maneuver-map.o            maneuver-map.s:26
    jump-map.o                jump-map.s:38
    jump.o                    jump.s:35
    insystem.o                insystem.s:31
    common.o                  common.s:43
    alarm.o                   alarm.s:26
_playerDifficultyLevel (main.o):
    jump.o                    jump.s:36
_pressReturnAndClear (common.o):
    starport.o                starport.s:24
    passengers.o              passengers.s:24
_printAlarmBar (alarm.o):
    wilderness.o              wilderness.s:27
    survey.o                  survey.s:23
    maneuver-map.o            maneuver-map.s:21
    jump-map.o                jump-map.s:29
_printBankedText (bankedText.o):
    starport.o                starport.s:33
    jump-map.o                jump-map.s:33
    jump.o                    jump.s:30
    damage.o                  damage.s:17
    main.o                    main.s:43
_rand (rand.o):
    world.o                   world.s:20
    passengers.o              passengers.s:19
    name.o                    name.s:13
    jump.o                    jump.s:20
    insystem.o                insystem.s:13
    damage.o                  damage.s:13
_readShip (ship.o):
    shipyard.o                shipyard.s:26
    insystem.o                insystem.s:26
_redline (common.o):
    trade.o                   trade.s:23
    hiring_hall.o             hiring_hall.s:23
_revers (revers.o):
    world.o                   world.s:18
    trade.o                   trade.s:19
    starport.o                starport.s:18
_setBank (common.o):
    world.o                   world.s:21
    trade.o                   trade.s:22
    starport.o                starport.s:22
    shipyard.o                shipyard.s:20
    ship.o                    ship.s:15
    name.o                    name.s:14
    jump-map.o                jump-map.s:24
    jump.o                    jump.s:23
    damage.o                  damage.s:15
    main.o                    main.s:21
_setWorldSurveyed (world.o):
    survey.o                  survey.s:25
_ship (main.o):
    wilderness.o              wilderness.s:28
    trade.o                   trade.s:31
    survey.o                  survey.s:29
    starport.o                starport.s:34
    shipyard.o                shipyard.s:27
    passengers.o              passengers.s:27
    jump-map.o                jump-map.s:34
    insystem.o                insystem.s:30
    alarm.o                   alarm.s:23
_shipDamage (main.o):
    starport.o                starport.s:37
    insystem.o                insystem.s:32
    alarm.o                   alarm.s:25
_shipState (main.o):
    wilderness.o              wilderness.s:29
    starport.o                starport.s:36
    passengers.o              passengers.s:28
    jump.o                    jump.s:34
    alarm.o                   alarm.s:24
_ship_combatStrength (ship.o):
    insystem.o                insystem.s:25
_ship_describe (ship.o):
    starport.o                starport.s:26
    shipyard.o                shipyard.s:24
_ship_init (ship.o):
    main.o                    main.s:27
_ship_loadImageFromIndex (ship.o):
    shipyard.o                shipyard.s:25
_showCurrentLocation (maneuver-map.o):
    main.o                    main.s:37
_showShipSummary (ship.o):
    starport.o                starport.s:25
    shipyard.o                shipyard.s:23
    insystem.o                insystem.s:24
_sleep (sleep.o):
    jump.o                    jump.s:21
_sprite_define (sprite.o):
    jump-map.o                jump-map.s:31
    main.o                    main.s:36
_sprite_loadToVERA (sprite.o):
    ship.o                    ship.s:24
    jump-map.o                jump-map.s:30
    main.o                    main.s:35
_srand (rand.o):
    randomize.o               cx16/randomize.s:10
_starport (main.o):
    trade.o                   trade.s:34
_statusLine (common.o):
    wilderness.o              wilderness.s:22
    survey.o                  survey.s:20
    shipyard.o                shipyard.s:22
    passengers.o              passengers.s:23
    jump.o                    jump.s:26
    hiring_hall.o             hiring_hall.s:25
    main.o                    main.s:23
_steward (main.o):
    passengers.o              passengers.s:40
_strcpy (strcpy.o):
    hiring_hall.o             hiring_hall.s:20
_streetwise (main.o):
    passengers.o              passengers.s:41
_strlen (strlen.o):
    _printf.o                 common/_printf.s:13
    alarm.o                   alarm.s:17
_strlower (strlower.o):
    _printf.o                 common/_printf.s:13
_strncpy (strncpy.o):
    jump-map.o                jump-map.s:22
_survey (survey.o):
    main.o                    main.s:42
_textcolor (color.o):
    world.o                   world.s:19
    wilderness.o              wilderness.s:20
    trade.o                   trade.s:20
    survey.o                  survey.s:19
    starport.o                starport.s:19
    shipyard.o                shipyard.s:18
    passengers.o              passengers.s:18
    menu.o                    menu.s:18
    maneuver-map.o            maneuver-map.s:17
    jump-map.o                jump-map.s:18
    jump.o                    jump.s:19
    insystem.o                insystem.s:18
    hiring_hall.o             hiring_hall.s:18
    common.o                  common.s:24
    main.o                    main.s:19
_titleLine (common.o):
    starport.o                starport.s:23
    shipyard.o                shipyard.s:21
    passengers.o              passengers.s:22
    jump-map.o                jump-map.s:26
    jump.o                    jump.s:25
    insystem.o                insystem.s:19
    hiring_hall.o             hiring_hall.s:24
    alarm.o                   alarm.s:18
    main.o                    main.s:22
_toDefaultColor (common.o):
    trade.o                   trade.s:24
_trade_calculateMarketPrices (trade.o):
    main.o                    main.s:24
_trade_speculate (trade.o):
    main.o                    main.s:25
_trade_stealAllCargo (trade.o):
    insystem.o                insystem.s:28
_ultoa (ltoa.o):
    _printf.o                 common/_printf.s:12
_vcprintf (vcprintf.o):
    cprintf.o                 conio/cprintf.s:8
_vera_sprites_enable (sprites_enable.o):
    main.o                    main.s:14
_wilderness_refuel (wilderness.o):
    main.o                    main.s:39
_world_describe (world.o):
    maneuver-map.o            maneuver-map.s:20
_world_drawPlanetoid (world.o):
    wilderness.o              wilderness.s:26
_world_setGasGiantPalette (world.o):
    wilderness.o              wilderness.s:23
_world_setRockballPalette (world.o):
    wilderness.o              wilderness.s:24
addeq0sp (addeqsp.o):
    world.o                   world.s:1526
    world.o                   world.s:1526
    trade.o                   trade.s:1144
    sprite.o                  sprite.s:503
    passengers.o              passengers.s:801
    passengers.o              passengers.s:801
    passengers.o              passengers.s:801
    panel.o                   panel.s:210
    jump-map.o                jump-map.s:981
    hiring_hall.o             hiring_hall.s:1118
    hiring_hall.o             hiring_hall.s:1118
    bankedText.o              bankedText.s:77
    main.o                    main.s:639
addeqysp (addeqsp.o):
    world.o                   world.s:1526
    world.o                   world.s:1526
    trade.o                   trade.s:1144
    trade.o                   trade.s:1144
    trade.o                   trade.s:1144
    shipyard.o                shipyard.s:376
    passengers.o              passengers.s:801
    name.o                    name.s:140
    jump-map.o                jump-map.s:981
    jump-map.o                jump-map.s:981
    insystem.o                insystem.s:518
    hiring_hall.o             hiring_hall.s:1118
addysp (addysp.o):
    incsp7.o                  runtime/incsp7.s:8
    incsp6.o                  runtime/incsp6.s:8
    incsp5.o                  runtime/incsp5.s:8
    incsp4.o                  runtime/incsp4.s:8
    incsp3.o                  runtime/incsp3.s:8
    cprintf.o                 conio/cprintf.s:8
    world.o                   world.s:1526
    world.o                   world.s:1526
    world.o                   world.s:1526
    passengers.o              passengers.s:801
    panel.o                   panel.s:210
    name.o                    name.s:140
    maneuver-map.o            maneuver-map.s:253
    jump-map.o                jump-map.s:981
    jump-map.o                jump-map.s:981
    jump.o                    jump.s:327
    hiring_hall.o             hiring_hall.s:1118
    common.o                  common.s:537
    burtle_jsf32.o            burtle_jsf32.s:248
    alarm.o                   alarm.s:499
addysp1 (addysp.o):
    sub.o                     runtime/sub.s:8
    or.o                      runtime/or.s:9
    lxor.o                    runtime/lxor.s:9
    ludiv.o                   runtime/ludiv.s:9
    lsub.o                    runtime/lsub.s:11
    lor.o                     runtime/lor.s:9
    lmul.o                    runtime/lmul.s:9
    ladd.o                    runtime/ladd.s:8
aslax1 (aslax1.o):
    world.o                   world.s:1526
    maneuver-map.o            maneuver-map.s:253
    jump-map.o                jump-map.s:981
    hiring_hall.o             hiring_hall.s:1118
    main.o                    main.s:639
aslax2 (aslax2.o):
    world.o                   world.s:1526
    world.o                   world.s:1526
    jump-map.o                jump-map.s:981
    jump-map.o                jump-map.s:981
aslax3 (aslax3.o):
    sprite.o                  sprite.s:503
    sprite.o                  sprite.s:503
    sprite.o                  sprite.s:503
    sprite.o                  sprite.s:503
    sprite.o                  sprite.s:503
    jump-map.o                jump-map.s:981
aslax4 (aslax4.o):
    world.o                   world.s:1526
    world.o                   world.s:1526
    jump-map.o                jump-map.s:981
    jump-map.o                jump-map.s:981
    main.o                    main.s:639
asrax1 (asrax1.o):
    sprite.o                  sprite.s:503
    sprite.o                  sprite.s:503
asrax4 (asrax4.o):
    sprite.o                  sprite.s:503
    sprite.o                  sprite.s:503
axlong (axlong.o):
    _printf.o                 common/_printf.s:11
    passengers.o              passengers.s:801
axulong (axlong.o):
    _printf.o                 common/_printf.s:11
    sleep.o                   ../libwrk/cx16/sleep.s:54
    trade.o                   trade.s:1144
    trade.o                   trade.s:1144
    trade.o                   trade.s:1144
    survey.o                  survey.s:186
    starport.o                starport.s:552
    passengers.o              passengers.s:801
booleq (makebool.o):
    shipyard.o                shipyard.s:376
boolge (makebool.o):
    lge.o                     runtime/lge.s:8
boolgt (makebool.o):
    lgt.o                     runtime/lgt.s:8
boollt (makebool.o):
    llt.o                     runtime/llt.s:8
boolule (makebool.o):
    jump-map.o                jump-map.s:981
callmain (callmain.o):
    crt0.o                    cx16/crt0.s:9
chlinechar (clinechars.o):
    chline.o                  cbm/chline.s:10
cputdirect (cputc.o):
    chline.o                  cbm/chline.s:9
    cclear.o                  cbm/cclear.s:9
ctypemaskdirect (ctypemask.o):
    strlower.o                common/strlower.s:14
cursor (_cursor.o):
    cgetc.o                   cx16/cgetc.s:10
decax1 (decax1.o):
    world.o                   world.s:1526
    maneuver-map.o            maneuver-map.s:253
decax2 (decax2.o):
    trade.o                   trade.s:1144
decax3 (decax3.o):
    hiring_hall.o             hiring_hall.s:1118
decaxy (decaxy.o):
    world.o                   world.s:1526
    ship.o                    ship.s:751
    menu.o                    menu.s:211
decsp1 (decsp1.o):
    hiring_hall.o             hiring_hall.s:1118
    common.o                  common.s:537
    alarm.o                   alarm.s:499
decsp2 (decsp2.o):
    toslong.o                 runtime/toslong.s:8
    trade.o                   trade.s:1144
    trade.o                   trade.s:1144
    trade.o                   trade.s:1144
    trade.o                   trade.s:1144
    starport.o                starport.s:552
    panel.o                   panel.s:210
    jump-map.o                jump-map.s:981
    jump.o                    jump.s:327
    insystem.o                insystem.s:518
    hiring_hall.o             hiring_hall.s:1118
    hiring_hall.o             hiring_hall.s:1118
    hiring_hall.o             hiring_hall.s:1118
    main.o                    main.s:639
decsp4 (decsp4.o):
    lpush.o                   runtime/lpush.s:12
    world.o                   world.s:1526
    world.o                   world.s:1526
    world.o                   world.s:1526
    trade.o                   trade.s:1144
    name.o                    name.s:140
    burtle_jsf32.o            burtle_jsf32.s:248
    main.o                    main.s:639
decsp6 (decsp6.o):
    _printf.o                 common/_printf.s:11
decsp8 (decsp8.o):
    world.o                   world.s:1526
donelib (condes.o):
    crt0.o                    cx16/crt0.s:8
getlop (ludiv.o):
    lumod.o                   runtime/lumod.s:9
    lshelp.o                  runtime/lshelp.s:11
gotoxy (gotoxy.o):
    cputs.o                   conio/cputs.s:9
    cputc.o                   cx16/cputc.s:11
    chline.o                  cbm/chline.s:9
    cclear.o                  cbm/cclear.s:9
incax2 (incax2.o):
    sprite.o                  sprite.s:503
    passengers.o              passengers.s:801
    name.o                    name.s:140
    menu.o                    menu.s:211
    hiring_hall.o             hiring_hall.s:1118
incax3 (incax3.o):
    jump-map.o                jump-map.s:981
    hiring_hall.o             hiring_hall.s:1118
incax4 (incaxy.o):
    ship.o                    ship.s:751
    maneuver-map.o            maneuver-map.s:253
    jump-map.o                jump-map.s:981
    jump.o                    jump.s:327
    hiring_hall.o             hiring_hall.s:1118
incax5 (incax5.o):
    world.o                   world.s:1526
    hiring_hall.o             hiring_hall.s:1118
incax6 (incax6.o):
    sprite.o                  sprite.s:503
    sprite.o                  sprite.s:503
    ship.o                    ship.s:751
incax7 (incax7.o):
    ship.o                    ship.s:751
incaxy (incaxy.o):
    incax7.o                  runtime/incax7.s:8
    incax6.o                  runtime/incax6.s:8
    incax5.o                  runtime/incax5.s:8
    incax3.o                  runtime/incax3.s:8
    world.o                   world.s:1526
    world.o                   world.s:1526
    world.o                   world.s:1526
    world.o                   world.s:1526
    world.o                   world.s:1526
    starport.o                starport.s:552
    ship.o                    ship.s:751
    ship.o                    ship.s:751
    ship.o                    ship.s:751
    passengers.o              passengers.s:801
    menu.o                    menu.s:211
    jump-map.o                jump-map.s:981
    jump-map.o                jump-map.s:981
    jump.o                    jump.s:327
    insystem.o                insystem.s:518
    hiring_hall.o             hiring_hall.s:1118
    hiring_hall.o             hiring_hall.s:1118
    hiring_hall.o             hiring_hall.s:1118
    hiring_hall.o             hiring_hall.s:1118
    damage.o                  damage.s:94
inceaxy (linc.o):
    common.o                  common.s:537
    common.o                  common.s:537
    common.o                  common.s:537
incsp1 (incsp1.o):
    world.o                   world.s:1526
    world.o                   world.s:1526
    world.o                   world.s:1526
    trade.o                   trade.s:1144
    survey.o                  survey.s:186
    starport.o                starport.s:552
    sprite.o                  sprite.s:503
    shipyard.o                shipyard.s:376
    ship.o                    ship.s:751
    ship.o                    ship.s:751
    jump-map.o                jump-map.s:981
    hiring_hall.o             hiring_hall.s:1118
    hiring_hall.o             hiring_hall.s:1118
    emplacement.o             emplacement.s:188
    emplacement.o             emplacement.s:188
    common.o                  common.s:537
    alarm.o                   alarm.s:499
    alarm.o                   alarm.s:499
    alarm.o                   alarm.s:499
    alarm.o                   alarm.s:499
incsp2 (incsp2.o):
    staspidx.o                runtime/staspidx.s:8
    popptr1.o                 runtime/popptr1.s:8
    world.o                   world.s:1526
    world.o                   world.s:1526
    world.o                   world.s:1526
    world.o                   world.s:1526
    world.o                   world.s:1526
    trade.o                   trade.s:1144
    trade.o                   trade.s:1144
    trade.o                   trade.s:1144
    trade.o                   trade.s:1144
    trade.o                   trade.s:1144
    trade.o                   trade.s:1144
    survey.o                  survey.s:186
    sprite.o                  sprite.s:503
    shipyard.o                shipyard.s:376
    shipyard.o                shipyard.s:376
    ship.o                    ship.s:751
    ship.o                    ship.s:751
    ship.o                    ship.s:751
    passengers.o              passengers.s:801
    jump-map.o                jump-map.s:981
    jump.o                    jump.s:327
    insystem.o                insystem.s:518
    hiring_hall.o             hiring_hall.s:1118
    common.o                  common.s:537
    common.o                  common.s:537
    common.o                  common.s:537
    main.o                    main.s:639
incsp3 (incsp3.o):
    starport.o                starport.s:552
    starport.o                starport.s:552
    sprite.o                  sprite.s:503
    sprite.o                  sprite.s:503
    sprite.o                  sprite.s:503
    sprite.o                  sprite.s:503
    ship.o                    ship.s:751
    ship.o                    ship.s:751
    hiring_hall.o             hiring_hall.s:1118
    hiring_hall.o             hiring_hall.s:1118
incsp4 (incsp4.o):
    lcmp.o                    runtime/lcmp.s:9
    world.o                   world.s:1526
    trade.o                   trade.s:1144
    trade.o                   trade.s:1144
    sprite.o                  sprite.s:503
    shipyard.o                shipyard.s:376
    shipyard.o                shipyard.s:376
    jump-map.o                jump-map.s:981
    hiring_hall.o             hiring_hall.s:1118
    hiring_hall.o             hiring_hall.s:1118
    damage.o                  damage.s:94
    burtle_jsf32.o            burtle_jsf32.s:248
    main.o                    main.s:639
incsp5 (incsp5.o):
    starport.o                starport.s:552
    ship.o                    ship.s:751
    ship.o                    ship.s:751
    common.o                  common.s:537
    bankedText.o              bankedText.s:77
incsp6 (incsp6.o):
[...]
    main.o                    main.s:639
    main.o                    main.s:639
    main.o                    main.s:639
pusheax (lpush.o):
    _printf.o                 common/_printf.s:11
    sleep.o                   ../libwrk/cx16/sleep.s:54
    trade.o                   trade.s:1144
    trade.o                   trade.s:1144
    trade.o                   trade.s:1144
    trade.o                   trade.s:1144
    survey.o                  survey.s:186
    passengers.o              passengers.s:801
    passengers.o              passengers.s:801
    common.o                  common.s:537
    common.o                  common.s:537
    common.o                  common.s:537
    burtle_jsf32.o            burtle_jsf32.s:248
    burtle_jsf32.o            burtle_jsf32.s:248
    burtle_jsf32.o            burtle_jsf32.s:248
pushl0 (lpush.o):
    trade.o                   trade.s:1144
pushw (pushw.o):
    trade.o                   trade.s:1144
    hiring_hall.o             hiring_hall.s:1118
    alarm.o                   alarm.s:499
pushw0sp (pushwsp.o):
    world.o                   world.s:1526
    world.o                   world.s:1526
    world.o                   world.s:1526
    shipyard.o                shipyard.s:376
    shipyard.o                shipyard.s:376
    shipyard.o                shipyard.s:376
    ship.o                    ship.s:751
    passengers.o              passengers.s:801
    panel.o                   panel.s:210
    insystem.o                insystem.s:518
    hiring_hall.o             hiring_hall.s:1118
pushwysp (pushwsp.o):
    world.o                   world.s:1526
    world.o                   world.s:1526
    world.o                   world.s:1526
    world.o                   world.s:1526
    starport.o                starport.s:552
    starport.o                starport.s:552
    shipyard.o                shipyard.s:376
    shipyard.o                shipyard.s:376
    ship.o                    ship.s:751
    passengers.o              passengers.s:801
    jump-map.o                jump-map.s:981
    jump-map.o                jump-map.s:981
    jump-map.o                jump-map.s:981
    hiring_hall.o             hiring_hall.s:1118
    hiring_hall.o             hiring_hall.s:1118
    burtle_jsf32.o            burtle_jsf32.s:248
    burtle_jsf32.o            burtle_jsf32.s:248
    bankedText.o              bankedText.s:77
    main.o                    main.s:639
regbank (zeropage.o):
    _printf.o                 /Users/rje/git/cc65/asminc/zeropage.inc:14
shlax1 (aslax1.o):
    jump.o                    jump.s:327
shlax2 (aslax2.o):
    world.o                   world.s:1526
    world.o                   world.s:1526
    jump-map.o                jump-map.s:981
    jump.o                    jump.s:327
shlax4 (aslax4.o):
    world.o                   world.s:1526
    world.o                   world.s:1526
    starport.o                starport.s:552
    jump-map.o                jump-map.s:981
    jump.o                    jump.s:327
shleax1 (asleax1.o):
    trade.o                   trade.s:1144
    burtle_jsf32.o            burtle_jsf32.s:248
shleax3 (asleax3.o):
    burtle_jsf32.o            burtle_jsf32.s:248
shleax4 (asleax4.o):
    trade.o                   trade.s:1144
shrax1 (shrax1.o):
    sprite.o                  sprite.s:503
    sprite.o                  sprite.s:503
shrax3 (shrax3.o):
    jump-map.o                jump-map.s:981
shrax4 (shrax4.o):
    sprite.o                  sprite.s:503
    sprite.o                  sprite.s:503
    jump-map.o                jump-map.s:981
shreax1 (shreax1.o):
    burtle_jsf32.o            burtle_jsf32.s:248
shreax3 (shreax3.o):
    burtle_jsf32.o            burtle_jsf32.s:248
shreax4 (shreax4.o):
    burtle_jsf32.o            burtle_jsf32.s:248
sp (zeropage.o):
    lcmp.o                    runtime/lcmp.s:10
    decsp6.o                  runtime/decsp6.s:8
    _printf.o                 /Users/rje/git/cc65/asminc/zeropage.inc:11
    _heap.o                   common/_heap.s:9
    vcprintf.o                conio/vcprintf.s:10
    toslong.o                 runtime/toslong.s:9
    subysp.o                  runtime/subysp.s:9
    subeqsp.o                 runtime/subeqsp.s:8
    sub.o                     runtime/sub.s:9
    steaxsp.o                 runtime/steaxsp.s:8
    staxsp.o                  runtime/staxsp.s:8
    staspidx.o                runtime/staspidx.s:9
    pushwsp.o                 runtime/pushwsp.s:8
    pushax.o                  runtime/pushax.s:8
    pusha.o                   runtime/pusha.s:8
    popptr1.o                 runtime/popptr1.s:9
    popa.o                    runtime/popa.s:8
    or.o                      runtime/or.s:10
    memcpy.o                  common/memcpy.s:15
    lxor.o                    runtime/lxor.s:10
    ludiv.o                   runtime/ludiv.s:10
    lsub.o                    runtime/lsub.s:12
    lpush.o                   runtime/lpush.s:13
    lor.o                     runtime/lor.s:10
    lmul.o                    runtime/lmul.s:10
    leaaxsp.o                 runtime/leaaxsp.s:8
    ldeaxysp.o                runtime/ldeaxysp.s:12
    ldaxsp.o                  runtime/ldaxsp.s:8
    laddeqsp.o                runtime/laddeqsp.s:8
    ladd.o                    runtime/ladd.s:9
    incsp2.o                  runtime/incsp2.s:8
    incsp1.o                  runtime/incsp1.s:8
    icmp.o                    runtime/icmp.s:9
    decsp8.o                  runtime/decsp8.s:8
    decsp4.o                  runtime/decsp4.s:8
    decsp2.o                  runtime/decsp2.s:8
    decsp1.o                  runtime/decsp1.s:8
    crt0.o                    /Users/rje/git/cc65/asminc/zeropage.inc:11
    cprintf.o                 conio/cprintf.s:9
    addysp.o                  runtime/addysp.s:8
    addeqsp.o                 runtime/addeqsp.s:8
    add.o                     runtime/add.s:12
    world.o                   world.s:10
    trade.o                   trade.s:10
    survey.o                  survey.s:10
    starport.o                starport.s:10
    sprite.o                  sprite.s:10
    shipyard.o                shipyard.s:10
    ship.o                    ship.s:10
    passengers.o              passengers.s:10
    panel.o                   panel.s:10
    name.o                    name.s:10
    menu.o                    menu.s:10
    maneuver-map.o            maneuver-map.s:10
    jump-map.o                jump-map.s:10
    jump.o                    jump.s:10
    insystem.o                insystem.s:10
    hiring_hall.o             hiring_hall.s:10
    emplacement.o             emplacement.s:10
    common.o                  common.s:10
    bankedText.o              bankedText.s:10
    alarm.o                   alarm.s:10
    main.o                    main.s:10
sreg (zeropage.o):
    ltoa.o                    common/ltoa.s:11
    lcmp.o                    runtime/lcmp.s:10
    _printf.o                 /Users/rje/git/cc65/asminc/zeropage.inc:11
    umod.o                    runtime/umod.s:9
    udiv.o                    runtime/udiv.s:10
    steaxspi.o                runtime/steaxspi.s:10
    steaxsp.o                 runtime/steaxsp.s:8
    sleep.o                   ../libwrk/cx16/sleep.s:10
    shreax4.o                 runtime/shreax4.s:8
    shreax3.o                 runtime/shreax3.s:8
    shreax1.o                 runtime/shreax1.s:8
    mod.o                     runtime/mod.s:12
    lxor.o                    runtime/lxor.s:10
    lumod.o                   runtime/lumod.s:10
    ludiv.o                   runtime/ludiv.s:10
    lsubeq.o                  runtime/lsubeq.s:12
    lsub.o                    runtime/lsub.s:12
    lshelp.o                  runtime/lshelp.s:12
    lpush.o                   runtime/lpush.s:13
    lor.o                     runtime/lor.s:10
    lneg.o                    runtime/lneg.s:11
    lmul.o                    runtime/lmul.s:10
    linc.o                    runtime/linc.s:8
    ldiv.o                    runtime/ldiv.s:12
    ldeaxysp.o                runtime/ldeaxysp.s:12
    ldeaxi.o                  runtime/ldeaxi.s:8
    laddeqsp.o                runtime/laddeqsp.s:8
    laddeq.o                  runtime/laddeq.s:12
    ladd.o                    runtime/ladd.s:9
    icmp.o                    runtime/icmp.s:9
    clock.o                   cx16/clock.s:12
    axlong.o                  runtime/axlong.s:9
    asleax4.o                 runtime/asleax4.s:8
    asleax3.o                 runtime/asleax3.s:8
    asleax1.o                 runtime/asleax1.s:8
    world.o                   world.s:10
    trade.o                   trade.s:10
    survey.o                  survey.s:10
    starport.o                starport.s:10
    sprite.o                  sprite.s:10
    passengers.o              passengers.s:10
    name.o                    name.s:10
    jump-map.o                jump-map.s:10
    hiring_hall.o             hiring_hall.s:10
    damage.o                  damage.s:10
    burtle_jsf32.o            burtle_jsf32.s:10
staspidx (staspidx.o):
    hiring_hall.o             hiring_hall.s:1118
stax0sp (staxsp.o):
    world.o                   world.s:1526
    world.o                   world.s:1526
    world.o                   world.s:1526
    world.o                   world.s:1526
    trade.o                   trade.s:1144
    trade.o                   trade.s:1144
    trade.o                   trade.s:1144
    trade.o                   trade.s:1144
    shipyard.o                shipyard.s:376
    passengers.o              passengers.s:801
    panel.o                   panel.s:210
    maneuver-map.o            maneuver-map.s:253
    jump-map.o                jump-map.s:981
    jump.o                    jump.s:327
    insystem.o                insystem.s:518
    hiring_hall.o             hiring_hall.s:1118
    hiring_hall.o             hiring_hall.s:1118
    common.o                  common.s:537
    main.o                    main.s:639
    main.o                    main.s:639
staxysp (staxsp.o):
    world.o                   world.s:1526
    world.o                   world.s:1526
    world.o                   world.s:1526
    world.o                   world.s:1526
    trade.o                   trade.s:1144
    trade.o                   trade.s:1144
    trade.o                   trade.s:1144
    starport.o                starport.s:552
    passengers.o              passengers.s:801
    name.o                    name.s:140
    maneuver-map.o            maneuver-map.s:253
    jump-map.o                jump-map.s:981
    jump-map.o                jump-map.s:981
    insystem.o                insystem.s:518
    hiring_hall.o             hiring_hall.s:1118
    main.o                    main.s:639
steax0sp (steaxsp.o):
    burtle_jsf32.o            burtle_jsf32.s:248
steaxspidx (steaxspi.o):
    trade.o                   trade.s:1144
    burtle_jsf32.o            burtle_jsf32.s:248
    burtle_jsf32.o            burtle_jsf32.s:248
steaxysp (steaxsp.o):
    passengers.o              passengers.s:801
subeq0sp (subeqsp.o):
    trade.o                   trade.s:1144
    trade.o                   trade.s:1144
    passengers.o              passengers.s:801
    passengers.o              passengers.s:801
    name.o                    name.s:140
    jump.o                    jump.s:327
subeqysp (subeqsp.o):
    shipyard.o                shipyard.s:376
    ship.o                    ship.s:751
    panel.o                   panel.s:210
    jump-map.o                jump-map.s:981
    jump.o                    jump.s:327
    insystem.o                insystem.s:518
subysp (subysp.o):
    passengers.o              passengers.s:801
    maneuver-map.o            maneuver-map.s:253
    jump-map.o                jump-map.s:981
    jump-map.o                jump-map.s:981
    jump.o                    jump.s:327
    hiring_hall.o             hiring_hall.s:1118
tmp1 (zeropage.o):
    ltoa.o                    common/ltoa.s:11
    _printf.o                 /Users/rje/git/cc65/asminc/zeropage.inc:13
    vcprintf.o                conio/vcprintf.s:10
    strncpy.o                 common/strncpy.s:9
    steaxspi.o                runtime/steaxspi.s:10
    staspidx.o                runtime/staspidx.s:9
    shreax4.o                 runtime/shreax4.s:8
    shreax3.o                 runtime/shreax3.s:8
    shreax1.o                 runtime/shreax1.s:8
    shrax4.o                  runtime/shrax4.s:8
    shrax3.o                  runtime/shrax3.s:8
    shrax1.o                  runtime/shrax1.s:8
    shelp.o                   runtime/shelp.s:12
    or.o                      runtime/or.s:10
    mul.o                     runtime/mul.s:10
    mod.o                     runtime/mod.s:12
    lxor.o                    runtime/lxor.s:10
    lshelp.o                  runtime/lshelp.s:12
    lor.o                     runtime/lor.s:10
    ldiv.o                    runtime/ldiv.s:12
    ladd.o                    runtime/ladd.s:9
    incaxy.o                  runtime/incaxy.s:8
    div.o                     runtime/div.s:12
    decaxy.o                  runtime/decaxy.s:8
    cputs.o                   conio/cputs.s:10
    color.o                   cx16/color.s:11
    chline.o                  cbm/chline.s:10
    cclear.o                  cbm/cclear.s:10
    c_setlfs.o                cbm/c_setlfs.s:13
    asrax4.o                  runtime/asrax4.s:9
    asrax1.o                  runtime/asrax1.s:8
    asleax4.o                 runtime/asleax4.s:8
    asleax3.o                 runtime/asleax3.s:8
    asleax1.o                 runtime/asleax1.s:8
    aslax4.o                  runtime/aslax4.s:8
    aslax3.o                  runtime/aslax3.s:8
    aslax2.o                  runtime/aslax2.s:8
    aslax1.o                  runtime/aslax1.s:8
    ship.o                    ship.s:11
    passengers.o              passengers.s:11
    panel.o                   panel.s:11
    name.o                    name.s:11
    jump-map.o                jump-map.s:11
    jump.o                    jump.s:11
tmp2 (zeropage.o):
    strncpy.o                 common/strncpy.s:9
    steaxspi.o                runtime/steaxspi.s:10
    shelp.o                   runtime/shelp.s:12
    lshelp.o                  runtime/lshelp.s:12
    lmul.o                    runtime/lmul.s:10
    ldiv.o                    runtime/ldiv.s:12
    div.o                     runtime/div.s:12
tmp3 (zeropage.o):
    strncpy.o                 common/strncpy.s:9
    steaxspi.o                runtime/steaxspi.s:10
    lumod.o                   runtime/lumod.s:10
    ludiv.o                   runtime/ludiv.s:10
    lmul.o                    runtime/lmul.s:10
tmp4 (zeropage.o):
    lumod.o                   runtime/lumod.s:10
    ludiv.o                   runtime/ludiv.s:10
    lmul.o                    runtime/lmul.s:10
tosadd0ax (ladd.o):
    trade.o                   trade.s:1144
    survey.o                  survey.s:186
tosaddax (add.o):
    world.o                   world.s:1526
    trade.o                   trade.s:1144
    shipyard.o                shipyard.s:376
    shipyard.o                shipyard.s:376
    ship.o                    ship.s:751
    passengers.o              passengers.s:801
tosaddeax (ladd.o):
    sleep.o                   ../libwrk/cx16/sleep.s:54
    common.o                  common.s:537
    common.o                  common.s:537
    burtle_jsf32.o            burtle_jsf32.s:248
tosdiv0ax (ldiv.o):
    trade.o                   trade.s:1144
    trade.o                   trade.s:1144
tosdiva0 (div.o):
    world.o                   world.s:1526
    world.o                   world.s:1526
    world.o                   world.s:1526
tosdivax (div.o):
    jump.o                    jump.s:327
tosgeeax (lge.o):
    sleep.o                   ../libwrk/cx16/sleep.s:54
tosgteax (lgt.o):
    trade.o                   trade.s:1144
    starport.o                starport.s:552
tosicmp (icmp.o):
    world.o                   world.s:1526
    panel.o                   panel.s:210
    menu.o                    menu.s:211
    insystem.o                insystem.s:518
tosicmp0 (icmp.o):
    passengers.o              passengers.s:801
toslcmp (lcmp.o):
    lge.o                     runtime/lge.s:8
    llt.o                     runtime/llt.s:8
    lgt.o                     runtime/lgt.s:8
toslteax (llt.o):
    starport.o                starport.s:552
tosmoda0 (mod.o):
    world.o                   world.s:1526
    world.o                   world.s:1526
    world.o                   world.s:1526
    world.o                   world.s:1526
    passengers.o              passengers.s:801
    passengers.o              passengers.s:801
    name.o                    name.s:140
    jump-map.o                jump-map.s:981
    jump-map.o                jump-map.s:981
    jump.o                    jump.s:327
    insystem.o                insystem.s:518
    insystem.o                insystem.s:518
    damage.o                  damage.s:94
tosmodax (mod.o):
    world.o                   world.s:1526
tosmul0ax (lmul.o):
    passengers.o              passengers.s:801
tosmula0 (mul8.o):
    world.o                   world.s:1526
    world.o                   world.s:1526
    starport.o                starport.s:552
    starport.o                starport.s:552
    shipyard.o                shipyard.s:376
    shipyard.o                shipyard.s:376
    shipyard.o                shipyard.s:376
    ship.o                    ship.s:751
    ship.o                    ship.s:751
    jump-map.o                jump-map.s:981
    hiring_hall.o             hiring_hall.s:1118
    hiring_hall.o             hiring_hall.s:1118
    hiring_hall.o             hiring_hall.s:1118
    hiring_hall.o             hiring_hall.s:1118
    main.o                    main.s:639
tosmulax (mul.o):
    world.o                   world.s:1526
    jump.o                    jump.s:327
tosmuleax (lmul.o):
    trade.o                   trade.s:1144
    trade.o                   trade.s:1144
tosorax (or.o):
    jump-map.o                jump-map.s:981
tosoreax (lor.o):
    burtle_jsf32.o            burtle_jsf32.s:248
tossuba0 (sub.o):
    starport.o                starport.s:552
tossubax (sub.o):
    jump-map.o                jump-map.s:981
    jump-map.o                jump-map.s:981
tossubeax (lsub.o):
    sleep.o                   ../libwrk/cx16/sleep.s:54
    burtle_jsf32.o            burtle_jsf32.s:248
tosudiva0 (udiv.o):
    passengers.o              passengers.s:801
    jump-map.o                jump-map.s:981
tosulong (toslong.o):
    starport.o                starport.s:552
    starport.o                starport.s:552
tosumod0ax (lumod.o):
    trade.o                   trade.s:1144
    common.o                  common.s:537
    common.o                  common.s:537
    common.o                  common.s:537
tosumoda0 (umod.o):
    trade.o                   trade.s:1144
    trade.o                   trade.s:1144
    starport.o                starport.s:552
tosumul0ax (lmul.o):
    sleep.o                   ../libwrk/cx16/sleep.s:54
tosumula0 (mul8.o):
    trade.o                   trade.s:1144
    trade.o                   trade.s:1144
    survey.o                  survey.s:186
    starport.o                starport.s:552
    ship.o                    ship.s:751
    ship.o                    ship.s:751
    passengers.o              passengers.s:801
    damage.o                  damage.s:94
    alarm.o                   alarm.s:499
tosumulax (mul.o):
    passengers.o              passengers.s:801
tosumuleax (lmul.o):
    trade.o                   trade.s:1144
tosxoreax (lxor.o):
    burtle_jsf32.o            burtle_jsf32.s:248
udiv16 (udiv.o):
    umod.o                    runtime/umod.s:8
    shelp.o                   runtime/shelp.s:11
udiv32 (ludiv.o):
    lumod.o                   runtime/lumod.s:9
    ldiv.o                    runtime/ldiv.s:11
zerobss (zerobss.o):
    crt0.o                    cx16/crt0.s:9

