Modules list:
-------------
panels.o:
    CODE              Offs=000000  Size=00059E  Align=00001  Fill=0000
    RODATA            Offs=000000  Size=000460  Align=00001  Fill=0000
/Users/rje/git/cc65/lib/cx16.lib(_oserror.o):
    BSS               Offs=000000  Size=000001  Align=00001  Fill=0000
/Users/rje/git/cc65/lib/cx16.lib(addeqsp.o):
    CODE              Offs=00059E  Size=000011  Align=00001  Fill=0000
/Users/rje/git/cc65/lib/cx16.lib(addysp.o):
    CODE              Offs=0005AF  Size=00000E  Align=00001  Fill=0000
/Users/rje/git/cc65/lib/cx16.lib(c_bsout.o):
/Users/rje/git/cc65/lib/cx16.lib(c_load.o):
    CODE              Offs=0005BD  Size=00001D  Align=00001  Fill=0000
/Users/rje/git/cc65/lib/cx16.lib(c_setlfs.o):
    CODE              Offs=0005DA  Size=00000E  Align=00001  Fill=0000
/Users/rje/git/cc65/lib/cx16.lib(c_setnam.o):
    CODE              Offs=0005E8  Size=000013  Align=00001  Fill=0000
/Users/rje/git/cc65/lib/cx16.lib(callmain.o):
    CODE              Offs=0005FB  Size=000017  Align=00001  Fill=0000
    DATA              Offs=000000  Size=000004  Align=00001  Fill=0000
/Users/rje/git/cc65/lib/cx16.lib(clrscr.o):
    CODE              Offs=000612  Size=000011  Align=00001  Fill=0000
/Users/rje/git/cc65/lib/cx16.lib(color.o):
    CODE              Offs=000623  Size=00002A  Align=00001  Fill=0000
/Users/rje/git/cc65/lib/cx16.lib(condes.o):
    CODE              Offs=00064D  Size=00000C  Align=00001  Fill=0000
    DATA              Offs=000004  Size=000025  Align=00001  Fill=0000
    ONCE              Offs=000000  Size=00000C  Align=00001  Fill=0000
/Users/rje/git/cc65/lib/cx16.lib(cputc.o):
    CODE              Offs=000659  Size=000062  Align=00001  Fill=0000
    RODATA            Offs=000460  Size=000008  Align=00001  Fill=0000
/Users/rje/git/cc65/lib/cx16.lib(cputs.o):
    CODE              Offs=0006BB  Size=000023  Align=00001  Fill=0000
/Users/rje/git/cc65/lib/cx16.lib(crt0.o):
    STARTUP           Offs=000000  Size=000021  Align=00001  Fill=0000
    ONCE              Offs=00000C  Size=00001B  Align=00001  Fill=0000
    INIT              Offs=000000  Size=000002  Align=00001  Fill=0000
/Users/rje/git/cc65/lib/cx16.lib(decsp2.o):
    CODE              Offs=0006DE  Size=00000D  Align=00001  Fill=0000
/Users/rje/git/cc65/lib/cx16.lib(exehdr.o):
    EXEHDR            Offs=000000  Size=00000C  Align=00001  Fill=0000
/Users/rje/git/cc65/lib/cx16.lib(gotoxy.o):
    CODE              Offs=0006EB  Size=00000F  Align=00001  Fill=0000
/Users/rje/git/cc65/lib/cx16.lib(icmp.o):
    CODE              Offs=0006FA  Size=00002E  Align=00001  Fill=0000
/Users/rje/git/cc65/lib/cx16.lib(incsp7.o):
    CODE              Offs=000728  Size=000005  Align=00001  Fill=0000
/Users/rje/git/cc65/lib/cx16.lib(kernal.o):
/Users/rje/git/cc65/lib/cx16.lib(ldaxsp.o):
    CODE              Offs=00072D  Size=000009  Align=00001  Fill=0000
/Users/rje/git/cc65/lib/cx16.lib(loadaddr.o):
    LOADADDR          Offs=000000  Size=000002  Align=00001  Fill=0000
/Users/rje/git/cc65/lib/cx16.lib(popa.o):
    CODE              Offs=000736  Size=00000A  Align=00001  Fill=0000
/Users/rje/git/cc65/lib/cx16.lib(pusha.o):
    CODE              Offs=000740  Size=000016  Align=00001  Fill=0000
/Users/rje/git/cc65/lib/cx16.lib(pushax.o):
    CODE              Offs=000756  Size=00001A  Align=00001  Fill=0000
/Users/rje/git/cc65/lib/cx16.lib(pushwsp.o):
    CODE              Offs=000770  Size=00001C  Align=00001  Fill=0000
/Users/rje/git/cc65/lib/cx16.lib(staxsp.o):
    CODE              Offs=00078C  Size=00000B  Align=00001  Fill=0000
/Users/rje/git/cc65/lib/cx16.lib(subeqsp.o):
    CODE              Offs=000797  Size=000015  Align=00001  Fill=0000
/Users/rje/git/cc65/lib/cx16.lib(zerobss.o):
    CODE              Offs=0007AC  Size=000023  Align=00001  Fill=0000
/Users/rje/git/cc65/lib/cx16.lib(zeropage.o):
    ZEROPAGE          Offs=000000  Size=00001A  Align=00001  Fill=0000


Segment list:
-------------
Name                   Start     End    Size  Align
----------------------------------------------------
ZEROPAGE              000022  00003B  00001A  00001
LOADADDR              0007FF  000800  000002  00001
EXEHDR                000801  00080C  00000C  00001
STARTUP               00080D  00082D  000021  00001
CODE                  00082E  000FFC  0007CF  00001
RODATA                000FFD  001464  000468  00001
DATA                  001465  00148D  000029  00001
INIT                  00148E  00148F  000002  00001
BSS                   001490  001490  000001  00001
ONCE                  001490  0014B6  000027  00001


Exports list by name:
---------------------
BSOUT                     00FFD2 RLA    CHROUT                    00FFD2 RLA    
LOAD                      00FFD5 RLA    PLOT                      00FFF0 RLA    
SETLFS                    00FFBA RLA    SETNAM                    00FFBD RLA    
__BSS_RUN__               001490 RLA    __BSS_SIZE__              000001 REA    
__CONSTRUCTOR_COUNT__     000000 REA    __CONSTRUCTOR_TABLE__     0014B7 RLA    
__DESTRUCTOR_COUNT__      000000 REA    __DESTRUCTOR_TABLE__      001465 RLA    
__EXEHDR__                000001 REA    __HEADER_LAST__           00080D RLA    
__HIMEM__                 009F00 REA    __LOADADDR__              000001 REA    
__MAIN_SIZE__             0096F3 REA    __MAIN_START__            00080D RLA    
__ONCE_RUN__              001490 RLA    __STACKSIZE__             000800 REA    
__STARTUP__               000001 REA    __oserror                 001490 RLA    
_bgcolor                  000E64 RLA    _cbm_k_bsout              00FFD2 RLA    
_cbm_k_load               000DEB RLA    _cbm_k_setlfs             000E08 RLA    
_cbm_k_setnam             000E16 RLA    _clrscr                   000E40 RLA    
_cputc                    000E8C RLA    _cputcxy                  000E87 RLA    
_cputs                    000EF3 RLA    _cputsxy                  000EE9 RLA    
_gotoxy                   000F1C RLA    _main                     000D78 RLA    
_textcolor                000E51 RLA    addeq0sp                  000DCC RLA    
addysp                    000DDE RLA    callmain                  000E29 RLA    
decsp2                    000F0C RLA    donelib                   000E7B RLA    
gotoxy                    000F19 RLA    incsp7                    000F56 RLA    
initlib                   001490 RLA    ldax0sp                   000F5B RLA    
ldaxysp                   000F5D RLA    plot                      000EB8 RLA    
popa                      000F64 RLA    ptr1                      00002A RLZ    
push0                     000F84 RLA    pusha                     000F72 RLA    
pusha0                    000F86 RLA    pushax                    000F88 RLA    
pushw0sp                  000F9E RLA    sp                        000022 RLZ    
sreg                      000024 RLZ    stax0sp                   000FBA RLA    
subeqysp                  000FC7 RLA    tmp1                      000032 RLZ    
tosicmp                   000F2A RLA    zerobss                   000FDA RLA    



Exports list by value:
----------------------
__CONSTRUCTOR_COUNT__     000000 REA    __DESTRUCTOR_COUNT__      000000 REA    
__EXEHDR__                000001 REA    __STARTUP__               000001 REA    
__LOADADDR__              000001 REA    __BSS_SIZE__              000001 REA    
sp                        000022 RLZ    sreg                      000024 RLZ    
ptr1                      00002A RLZ    tmp1                      000032 RLZ    
__STACKSIZE__             000800 REA    __MAIN_START__            00080D RLA    
__HEADER_LAST__           00080D RLA    _main                     000D78 RLA    
addeq0sp                  000DCC RLA    addysp                    000DDE RLA    
_cbm_k_load               000DEB RLA    _cbm_k_setlfs             000E08 RLA    
_cbm_k_setnam             000E16 RLA    callmain                  000E29 RLA    
_clrscr                   000E40 RLA    _textcolor                000E51 RLA    
_bgcolor                  000E64 RLA    donelib                   000E7B RLA    
_cputcxy                  000E87 RLA    _cputc                    000E8C RLA    
plot                      000EB8 RLA    _cputsxy                  000EE9 RLA    
_cputs                    000EF3 RLA    decsp2                    000F0C RLA    
gotoxy                    000F19 RLA    _gotoxy                   000F1C RLA    
tosicmp                   000F2A RLA    incsp7                    000F56 RLA    
ldax0sp                   000F5B RLA    ldaxysp                   000F5D RLA    
popa                      000F64 RLA    pusha                     000F72 RLA    
push0                     000F84 RLA    pusha0                    000F86 RLA    
pushax                    000F88 RLA    pushw0sp                  000F9E RLA    
stax0sp                   000FBA RLA    subeqysp                  000FC7 RLA    
zerobss                   000FDA RLA    __DESTRUCTOR_TABLE__      001465 RLA    
__BSS_RUN__               001490 RLA    initlib                   001490 RLA    
__oserror                 001490 RLA    __ONCE_RUN__              001490 RLA    
__CONSTRUCTOR_TABLE__     0014B7 RLA    __MAIN_SIZE__             0096F3 REA    
__HIMEM__                 009F00 REA    SETLFS                    00FFBA RLA    
SETNAM                    00FFBD RLA    _cbm_k_bsout              00FFD2 RLA    
BSOUT                     00FFD2 RLA    CHROUT                    00FFD2 RLA    
LOAD                      00FFD5 RLA    PLOT                      00FFF0 RLA    



Imports list:
-------------
BSOUT (kernal.o):
    c_bsout.o                 cbm/cbm.inc:49
CHROUT (kernal.o):
    crt0.o                    cx16/crt0.s:10
    clrscr.o                  cx16/clrscr.s:10
    c_bsout.o                 cbm/cbm.inc:50
LOAD (kernal.o):
    c_load.o                  cbm/cbm.inc:37
PLOT (kernal.o):
    cputc.o                   cx16/cputc.s:11
SETLFS (kernal.o):
    c_setlfs.o                cbm/cbm.inc:33
SETNAM (kernal.o):
    c_setnam.o                cbm/cbm.inc:34
__BSS_RUN__ ([linker generated]):
    zerobss.o                 common/zerobss.s:8
__BSS_SIZE__ ([linker generated]):
    zerobss.o                 common/zerobss.s:8
__CONSTRUCTOR_COUNT__ ([linker generated]):
    condes.o                  runtime/condes.s:18
__CONSTRUCTOR_TABLE__ ([linker generated]):
    condes.o                  runtime/condes.s:18
__DESTRUCTOR_COUNT__ ([linker generated]):
    condes.o                  runtime/condes.s:19
__DESTRUCTOR_TABLE__ ([linker generated]):
    condes.o                  runtime/condes.s:19
__EXEHDR__ (exehdr.o):
    [linker generated]        /Users/rje/git/cc65/cfg/cx16.cfg:6
__HEADER_LAST__ ([linker generated]):
    [linker generated]        /Users/rje/git/cc65/cfg/cx16.cfg:14
    [linker generated]        /Users/rje/git/cc65/cfg/cx16.cfg:14
__HIMEM__ ([linker generated]):
    [linker generated]        /Users/rje/git/cc65/cfg/cx16.cfg:15
    [linker generated]        /Users/rje/git/cc65/cfg/cx16.cfg:14
__LOADADDR__ (loadaddr.o):
    [linker generated]        /Users/rje/git/cc65/cfg/cx16.cfg:5
__MAIN_SIZE__ ([linker generated]):
    crt0.o                    cx16/crt0.s:11
__MAIN_START__ ([linker generated]):
    crt0.o                    cx16/crt0.s:11
__ONCE_RUN__ ([linker generated]):
    [linker generated]        /Users/rje/git/cc65/cfg/cx16.cfg:15
    [linker generated]        /Users/rje/git/cc65/cfg/cx16.cfg:15
__STACKSIZE__ ([linker generated]):
    [linker generated]        /Users/rje/git/cc65/cfg/cx16.cfg:15
__STARTUP__ (crt0.o):
    panels.o                  panels.s:13
__oserror (_oserror.o):
    c_load.o                  cbm/c_load.s:10
_bgcolor (color.o):
    panels.o                  panels.s:25
_cbm_k_bsout (c_bsout.o):
    panels.o                  panels.s:14
_cbm_k_load (c_load.o):
    panels.o                  panels.s:15
_cbm_k_setlfs (c_setlfs.o):
    panels.o                  panels.s:16
_cbm_k_setnam (c_setnam.o):
    panels.o                  panels.s:17
_clrscr (clrscr.o):
    panels.o                  panels.s:18
_cputc (cputc.o):
    cputs.o                   conio/cputs.s:9
    panels.o                  panels.s:20
_cputcxy (cputc.o):
    panels.o                  panels.s:21
_cputs (cputs.o):
    panels.o                  panels.s:22
_cputsxy (cputs.o):
    panels.o                  panels.s:23
_gotoxy (gotoxy.o):
    panels.o                  panels.s:19
_main (panels.o):
    callmain.o                runtime/callmain.s:11
_textcolor (color.o):
    panels.o                  panels.s:24
addeq0sp (addeqsp.o):
    panels.o                  panels.s:891
addysp (addysp.o):
    incsp7.o                  runtime/incsp7.s:8
    panels.o                  panels.s:891
callmain (callmain.o):
    crt0.o                    cx16/crt0.s:9
decsp2 (decsp2.o):
    panels.o                  panels.s:891
donelib (condes.o):
    crt0.o                    cx16/crt0.s:8
gotoxy (gotoxy.o):
    cputs.o                   conio/cputs.s:9
    cputc.o                   cx16/cputc.s:11
incsp7 (incsp7.o):
    panels.o                  panels.s:891
initlib (condes.o):
    crt0.o                    cx16/crt0.s:8
ldax0sp (ldaxsp.o):
    panels.o                  panels.s:891
ldaxysp (ldaxsp.o):
    panels.o                  panels.s:891
plot (cputc.o):
    gotoxy.o                  cx16/gotoxy.s:9
popa (popa.o):
    gotoxy.o                  cx16/gotoxy.s:9
    c_setlfs.o                cbm/c_setlfs.s:12
    c_load.o                  cbm/c_load.s:11
ptr1 (zeropage.o):
    zerobss.o                 common/zerobss.s:9
    cputs.o                   conio/cputs.s:10
    c_setnam.o                cbm/c_setnam.s:10
    c_load.o                  cbm/c_load.s:12
push0 (pushax.o):
    panels.o                  panels.s:891
    panels.o                  panels.s:891
    panels.o                  panels.s:891
    panels.o                  panels.s:891
pusha (pusha.o):
    panels.o                  panels.s:891
    panels.o                  panels.s:891
    panels.o                  panels.s:891
    panels.o                  panels.s:891
    panels.o                  panels.s:891
    panels.o                  panels.s:891
    panels.o                  panels.s:891
    panels.o                  panels.s:891
pusha0 (pushax.o):
    panels.o                  panels.s:891
    panels.o                  panels.s:891
    panels.o                  panels.s:891
    panels.o                  panels.s:891
    panels.o                  panels.s:891
pushax (pushax.o):
    callmain.o                runtime/callmain.s:11
    panels.o                  panels.s:891
    panels.o                  panels.s:891
pushw0sp (pushwsp.o):
    panels.o                  panels.s:891
sp (zeropage.o):
    subeqsp.o                 runtime/subeqsp.s:8
    staxsp.o                  runtime/staxsp.s:8
    pushwsp.o                 runtime/pushwsp.s:8
    pushax.o                  runtime/pushax.s:8
    pusha.o                   runtime/pusha.s:8
    popa.o                    runtime/popa.s:8
    ldaxsp.o                  runtime/ldaxsp.s:8
    icmp.o                    runtime/icmp.s:9
    decsp2.o                  runtime/decsp2.s:8
    crt0.o                    /Users/rje/git/cc65/asminc/zeropage.inc:11
    addysp.o                  runtime/addysp.s:8
    addeqsp.o                 runtime/addeqsp.s:8
    panels.o                  panels.s:10
sreg (zeropage.o):
    icmp.o                    runtime/icmp.s:9
stax0sp (staxsp.o):
    panels.o                  panels.s:891
subeqysp (subeqsp.o):
    panels.o                  panels.s:891
tmp1 (zeropage.o):
    cputs.o                   conio/cputs.s:10
    color.o                   cx16/color.s:11
    c_setlfs.o                cbm/c_setlfs.s:13
    panels.o                  panels.s:11
tosicmp (icmp.o):
    panels.o                  panels.s:891
zerobss (zerobss.o):
    crt0.o                    cx16/crt0.s:9

